Ã¯Â»Â¿2024-11-25T02:32:46.2518047Z Current runner version: '2.320.0'
2024-11-25T02:32:46.2540492Z ##[group]Operating System
2024-11-25T02:32:46.2541151Z Ubuntu
2024-11-25T02:32:46.2541606Z 22.04.5
2024-11-25T02:32:46.2541910Z LTS
2024-11-25T02:32:46.2542263Z ##[endgroup]
2024-11-25T02:32:46.2542707Z ##[group]Runner Image
2024-11-25T02:32:46.2543097Z Image: ubuntu-22.04
2024-11-25T02:32:46.2543506Z Version: 20241117.1.0
2024-11-25T02:32:46.2544558Z Included Software: https://github.com/actions/runner-images/blob/ubuntu22/20241117.1/images/ubuntu/Ubuntu2204-Readme.md
2024-11-25T02:32:46.2545953Z Image Release: https://github.com/actions/runner-images/releases/tag/ubuntu22%2F20241117.1
2024-11-25T02:32:46.2546843Z ##[endgroup]
2024-11-25T02:32:46.2547305Z ##[group]Runner Image Provisioner
2024-11-25T02:32:46.2547766Z 2.0.385.1
2024-11-25T02:32:46.2548105Z ##[endgroup]
2024-11-25T02:32:46.2562361Z ##[group]GITHUB_TOKEN Permissions
2024-11-25T02:32:46.2564029Z Contents: read
2024-11-25T02:32:46.2564486Z Metadata: read
2024-11-25T02:32:46.2565011Z ##[endgroup]
2024-11-25T02:32:46.2568332Z Secret source: Actions
2024-11-25T02:32:46.2568915Z Prepare workflow directory
2024-11-25T02:32:46.3183730Z Prepare all required actions
2024-11-25T02:32:46.3339410Z Getting action download info
2024-11-25T02:32:46.4901707Z Download action repository 'actions/checkout@v3' (SHA:f43a0e5ff2bd294095638e18286ca9a3d1956744)
2024-11-25T02:32:46.6008725Z Download action repository 'actions/setup-node@v3' (SHA:1a4442cacd436585916779262731d5b162bc6ec7)
2024-11-25T02:32:46.8071903Z Complete job name: build (20.x)
2024-11-25T02:32:46.9257148Z ##[group]Run actions/checkout@v3
2024-11-25T02:32:46.9257747Z with:
2024-11-25T02:32:46.9258111Z   persist-credentials: false
2024-11-25T02:32:46.9258849Z   repository: AlphaSteam/axios-microprint-example
2024-11-25T02:32:46.9259660Z   token: ***
2024-11-25T02:32:46.9260069Z   ssh-strict: true
2024-11-25T02:32:46.9260504Z   clean: true
2024-11-25T02:32:46.9260924Z   sparse-checkout-cone-mode: true
2024-11-25T02:32:46.9261419Z   fetch-depth: 1
2024-11-25T02:32:46.9261859Z   fetch-tags: false
2024-11-25T02:32:46.9262260Z   lfs: false
2024-11-25T02:32:46.9262579Z   submodules: false
2024-11-25T02:32:46.9263042Z   set-safe-directory: true
2024-11-25T02:32:46.9263495Z ##[endgroup]
2024-11-25T02:32:47.1105328Z Syncing repository: AlphaSteam/axios-microprint-example
2024-11-25T02:32:47.1107809Z ##[group]Getting Git version info
2024-11-25T02:32:47.1109259Z Working directory is '/home/runner/work/axios-microprint-example/axios-microprint-example'
2024-11-25T02:32:47.1111353Z [command]/usr/bin/git version
2024-11-25T02:32:47.1113561Z git version 2.47.0
2024-11-25T02:32:47.1138520Z ##[endgroup]
2024-11-25T02:32:47.1157303Z Temporarily overriding HOME='/home/runner/work/_temp/25de5098-a856-462f-a064-9f0126bd33e1' before making global git config changes
2024-11-25T02:32:47.1158994Z Adding repository directory to the temporary git global config as a safe directory
2024-11-25T02:32:47.1160973Z [command]/usr/bin/git config --global --add safe.directory /home/runner/work/axios-microprint-example/axios-microprint-example
2024-11-25T02:32:47.1193024Z Deleting the contents of '/home/runner/work/axios-microprint-example/axios-microprint-example'
2024-11-25T02:32:47.1195947Z ##[group]Initializing the repository
2024-11-25T02:32:47.1199099Z [command]/usr/bin/git init /home/runner/work/axios-microprint-example/axios-microprint-example
2024-11-25T02:32:47.1287159Z hint: Using 'master' as the name for the initial branch. This default branch name
2024-11-25T02:32:47.1288958Z hint: is subject to change. To configure the initial branch name to use in all
2024-11-25T02:32:47.1290544Z hint: of your new repositories, which will suppress this warning, call:
2024-11-25T02:32:47.1292052Z hint:
2024-11-25T02:32:47.1293208Z hint: 	git config --global init.defaultBranch <name>
2024-11-25T02:32:47.1294424Z hint:
2024-11-25T02:32:47.1295432Z hint: Names commonly chosen instead of 'master' are 'main', 'trunk' and
2024-11-25T02:32:47.1296706Z hint: 'development'. The just-created branch can be renamed via this command:
2024-11-25T02:32:47.1297836Z hint:
2024-11-25T02:32:47.1298269Z hint: 	git branch -m <name>
2024-11-25T02:32:47.1300004Z Initialized empty Git repository in /home/runner/work/axios-microprint-example/axios-microprint-example/.git/
2024-11-25T02:32:47.1303022Z [command]/usr/bin/git remote add origin https://github.com/AlphaSteam/axios-microprint-example
2024-11-25T02:32:47.1338104Z ##[endgroup]
2024-11-25T02:32:47.1339065Z ##[group]Disabling automatic garbage collection
2024-11-25T02:32:47.1340503Z [command]/usr/bin/git config --local gc.auto 0
2024-11-25T02:32:47.1367721Z ##[endgroup]
2024-11-25T02:32:47.1368462Z ##[group]Setting up auth
2024-11-25T02:32:47.1372617Z [command]/usr/bin/git config --local --name-only --get-regexp core\.sshCommand
2024-11-25T02:32:47.1399859Z [command]/usr/bin/git submodule foreach --recursive sh -c "git config --local --name-only --get-regexp 'core\.sshCommand' && git config --local --unset-all 'core.sshCommand' || :"
2024-11-25T02:32:47.1723031Z [command]/usr/bin/git config --local --name-only --get-regexp http\.https\:\/\/github\.com\/\.extraheader
2024-11-25T02:32:47.1753311Z [command]/usr/bin/git submodule foreach --recursive sh -c "git config --local --name-only --get-regexp 'http\.https\:\/\/github\.com\/\.extraheader' && git config --local --unset-all 'http.https://github.com/.extraheader' || :"
2024-11-25T02:32:47.1995512Z [command]/usr/bin/git config --local http.https://github.com/.extraheader AUTHORIZATION: basic ***
2024-11-25T02:32:47.2035275Z ##[endgroup]
2024-11-25T02:32:47.2037190Z ##[group]Fetching the repository
2024-11-25T02:32:47.2049374Z [command]/usr/bin/git -c protocol.version=2 fetch --no-tags --prune --progress --no-recurse-submodules --depth=1 origin +ea4a4e850d591d76718e30a9cd5aba14d86cc474:refs/remotes/origin/microprint_test
2024-11-25T02:32:47.4142901Z remote: Enumerating objects: 278, done.        
2024-11-25T02:32:47.4143847Z remote: Counting objects:   0% (1/278)        
2024-11-25T02:32:47.4144656Z remote: Counting objects:   1% (3/278)        
2024-11-25T02:32:47.4145551Z remote: Counting objects:   2% (6/278)        
2024-11-25T02:32:47.4146302Z remote: Counting objects:   3% (9/278)        
2024-11-25T02:32:47.4147050Z remote: Counting objects:   4% (12/278)        
2024-11-25T02:32:47.4147893Z remote: Counting objects:   5% (14/278)        
2024-11-25T02:32:47.4148667Z remote: Counting objects:   6% (17/278)        
2024-11-25T02:32:47.4149794Z remote: Counting objects:   7% (20/278)        
2024-11-25T02:32:47.4150603Z remote: Counting objects:   8% (23/278)        
2024-11-25T02:32:47.4151285Z remote: Counting objects:   9% (26/278)        
2024-11-25T02:32:47.4151911Z remote: Counting objects:  10% (28/278)        
2024-11-25T02:32:47.4152641Z remote: Counting objects:  11% (31/278)        
2024-11-25T02:32:47.4153315Z remote: Counting objects:  12% (34/278)        
2024-11-25T02:32:47.4153919Z remote: Counting objects:  13% (37/278)        
2024-11-25T02:32:47.4154638Z remote: Counting objects:  14% (39/278)        
2024-11-25T02:32:47.4155310Z remote: Counting objects:  15% (42/278)        
2024-11-25T02:32:47.4155938Z remote: Counting objects:  16% (45/278)        
2024-11-25T02:32:47.4156660Z remote: Counting objects:  17% (48/278)        
2024-11-25T02:32:47.4157315Z remote: Counting objects:  18% (51/278)        
2024-11-25T02:32:47.4157912Z remote: Counting objects:  19% (53/278)        
2024-11-25T02:32:47.4158625Z remote: Counting objects:  20% (56/278)        
2024-11-25T02:32:47.4159286Z remote: Counting objects:  21% (59/278)        
2024-11-25T02:32:47.4159929Z remote: Counting objects:  22% (62/278)        
2024-11-25T02:32:47.4160634Z remote: Counting objects:  23% (64/278)        
2024-11-25T02:32:47.4161290Z remote: Counting objects:  24% (67/278)        
2024-11-25T02:32:47.4161924Z remote: Counting objects:  25% (70/278)        
2024-11-25T02:32:47.4162609Z remote: Counting objects:  26% (73/278)        
2024-11-25T02:32:47.4163262Z remote: Counting objects:  27% (76/278)        
2024-11-25T02:32:47.4164228Z remote: Counting objects:  28% (78/278)        
2024-11-25T02:32:47.4164948Z remote: Counting objects:  29% (81/278)        
2024-11-25T02:32:47.4165600Z remote: Counting objects:  30% (84/278)        
2024-11-25T02:32:47.4166252Z remote: Counting objects:  31% (87/278)        
2024-11-25T02:32:47.4166932Z remote: Counting objects:  32% (89/278)        
2024-11-25T02:32:47.4167573Z remote: Counting objects:  33% (92/278)        
2024-11-25T02:32:47.4168219Z remote: Counting objects:  34% (95/278)        
2024-11-25T02:32:47.4168911Z remote: Counting objects:  35% (98/278)        
2024-11-25T02:32:47.4169562Z remote: Counting objects:  36% (101/278)        
2024-11-25T02:32:47.4170246Z remote: Counting objects:  37% (103/278)        
2024-11-25T02:32:47.4170944Z remote: Counting objects:  38% (106/278)        
2024-11-25T02:32:47.4171627Z remote: Counting objects:  39% (109/278)        
2024-11-25T02:32:47.4172303Z remote: Counting objects:  40% (112/278)        
2024-11-25T02:32:47.4173003Z remote: Counting objects:  41% (114/278)        
2024-11-25T02:32:47.4173718Z remote: Counting objects:  42% (117/278)        
2024-11-25T02:32:47.4174384Z remote: Counting objects:  43% (120/278)        
2024-11-25T02:32:47.4175066Z remote: Counting objects:  44% (123/278)        
2024-11-25T02:32:47.4175716Z remote: Counting objects:  45% (126/278)        
2024-11-25T02:32:47.4176383Z remote: Counting objects:  46% (128/278)        
2024-11-25T02:32:47.4177079Z remote: Counting objects:  47% (131/278)        
2024-11-25T02:32:47.4177921Z remote: Counting objects:  48% (134/278)        
2024-11-25T02:32:47.4178603Z remote: Counting objects:  49% (137/278)        
2024-11-25T02:32:47.4179346Z remote: Counting objects:  50% (139/278)        
2024-11-25T02:32:47.4179978Z remote: Counting objects:  51% (142/278)        
2024-11-25T02:32:47.4180623Z remote: Counting objects:  52% (145/278)        
2024-11-25T02:32:47.4181363Z remote: Counting objects:  53% (148/278)        
2024-11-25T02:32:47.4181975Z remote: Counting objects:  54% (151/278)        
2024-11-25T02:32:47.4182624Z remote: Counting objects:  55% (153/278)        
2024-11-25T02:32:47.4183356Z remote: Counting objects:  56% (156/278)        
2024-11-25T02:32:47.4183963Z remote: Counting objects:  57% (159/278)        
2024-11-25T02:32:47.4184605Z remote: Counting objects:  58% (162/278)        
2024-11-25T02:32:47.4185336Z remote: Counting objects:  59% (165/278)        
2024-11-25T02:32:47.4185946Z remote: Counting objects:  60% (167/278)        
2024-11-25T02:32:47.4186699Z remote: Counting objects:  61% (170/278)        
2024-11-25T02:32:47.4187694Z remote: Counting objects:  62% (173/278)        
2024-11-25T02:32:47.4189111Z remote: Counting objects:  63% (176/278)        
2024-11-25T02:32:47.4189936Z remote: Counting objects:  64% (178/278)        
2024-11-25T02:32:47.4190776Z remote: Counting objects:  65% (181/278)        
2024-11-25T02:32:47.4191442Z remote: Counting objects:  66% (184/278)        
2024-11-25T02:32:47.4192075Z remote: Counting objects:  67% (187/278)        
2024-11-25T02:32:47.4193451Z remote: Counting objects:  68% (190/278)        
2024-11-25T02:32:47.4195034Z remote: Counting objects:  69% (192/278)        
2024-11-25T02:32:47.4196298Z remote: Counting objects:  70% (195/278)        
2024-11-25T02:32:47.4197193Z remote: Counting objects:  71% (198/278)        
2024-11-25T02:32:47.4198169Z remote: Counting objects:  72% (201/278)        
2024-11-25T02:32:47.4199310Z remote: Counting objects:  73% (203/278)        
2024-11-25T02:32:47.4201046Z remote: Counting objects:  74% (206/278)        
2024-11-25T02:32:47.4202533Z remote: Counting objects:  75% (209/278)        
2024-11-25T02:32:47.4203522Z remote: Counting objects:  76% (212/278)        
2024-11-25T02:32:47.4204199Z remote: Counting objects:  77% (215/278)        
2024-11-25T02:32:47.4204856Z remote: Counting objects:  78% (217/278)        
2024-11-25T02:32:47.4205600Z remote: Counting objects:  79% (220/278)        
2024-11-25T02:32:47.4206225Z remote: Counting objects:  80% (223/278)        
2024-11-25T02:32:47.4207126Z remote: Counting objects:  81% (226/278)        
2024-11-25T02:32:47.4207864Z remote: Counting objects:  82% (228/278)        
2024-11-25T02:32:47.4208503Z remote: Counting objects:  83% (231/278)        
2024-11-25T02:32:47.4209178Z remote: Counting objects:  84% (234/278)        
2024-11-25T02:32:47.4209923Z remote: Counting objects:  85% (237/278)        
2024-11-25T02:32:47.4210545Z remote: Counting objects:  86% (240/278)        
2024-11-25T02:32:47.4211218Z remote: Counting objects:  87% (242/278)        
2024-11-25T02:32:47.4211932Z remote: Counting objects:  88% (245/278)        
2024-11-25T02:32:47.4212546Z remote: Counting objects:  89% (248/278)        
2024-11-25T02:32:47.4213209Z remote: Counting objects:  90% (251/278)        
2024-11-25T02:32:47.4213921Z remote: Counting objects:  91% (253/278)        
2024-11-25T02:32:47.4214561Z remote: Counting objects:  92% (256/278)        
2024-11-25T02:32:47.4215210Z remote: Counting objects:  93% (259/278)        
2024-11-25T02:32:47.4215931Z remote: Counting objects:  94% (262/278)        
2024-11-25T02:32:47.4216560Z remote: Counting objects:  95% (265/278)        
2024-11-25T02:32:47.4217213Z remote: Counting objects:  96% (267/278)        
2024-11-25T02:32:47.4217952Z remote: Counting objects:  97% (270/278)        
2024-11-25T02:32:47.4218586Z remote: Counting objects:  98% (273/278)        
2024-11-25T02:32:47.4220067Z remote: Counting objects:  99% (276/278)        
2024-11-25T02:32:47.4221008Z remote: Counting objects: 100% (278/278)        
2024-11-25T02:32:47.4221963Z remote: Counting objects: 100% (278/278), done.        
2024-11-25T02:32:47.4222729Z remote: Compressing objects:   0% (1/253)        
2024-11-25T02:32:47.4223547Z remote: Compressing objects:   1% (3/253)        
2024-11-25T02:32:47.4224246Z remote: Compressing objects:   2% (6/253)        
2024-11-25T02:32:47.4224884Z remote: Compressing objects:   3% (8/253)        
2024-11-25T02:32:47.4225668Z remote: Compressing objects:   4% (11/253)        
2024-11-25T02:32:47.4226390Z remote: Compressing objects:   5% (13/253)        
2024-11-25T02:32:47.4227080Z remote: Compressing objects:   6% (16/253)        
2024-11-25T02:32:47.4227881Z remote: Compressing objects:   7% (18/253)        
2024-11-25T02:32:47.4228579Z remote: Compressing objects:   8% (21/253)        
2024-11-25T02:32:47.4229983Z remote: Compressing objects:   9% (23/253)        
2024-11-25T02:32:47.4231854Z remote: Compressing objects:  10% (26/253)        
2024-11-25T02:32:47.4232707Z remote: Compressing objects:  11% (28/253)        
2024-11-25T02:32:47.4233452Z remote: Compressing objects:  12% (31/253)        
2024-11-25T02:32:47.4234217Z remote: Compressing objects:  13% (33/253)        
2024-11-25T02:32:47.4235119Z remote: Compressing objects:  14% (36/253)        
2024-11-25T02:32:47.4236199Z remote: Compressing objects:  15% (38/253)        
2024-11-25T02:32:47.4237188Z remote: Compressing objects:  16% (41/253)        
2024-11-25T02:32:47.4237933Z remote: Compressing objects:  17% (44/253)        
2024-11-25T02:32:47.4238728Z remote: Compressing objects:  18% (46/253)        
2024-11-25T02:32:47.4239654Z remote: Compressing objects:  19% (49/253)        
2024-11-25T02:32:47.4240752Z remote: Compressing objects:  20% (51/253)        
2024-11-25T02:32:47.4242277Z remote: Compressing objects:  21% (54/253)        
2024-11-25T02:32:47.4243974Z remote: Compressing objects:  22% (56/253)        
2024-11-25T02:32:47.4245219Z remote: Compressing objects:  23% (59/253)        
2024-11-25T02:32:47.4246015Z remote: Compressing objects:  24% (61/253)        
2024-11-25T02:32:47.4246814Z remote: Compressing objects:  25% (64/253)        
2024-11-25T02:32:47.4247565Z remote: Compressing objects:  26% (66/253)        
2024-11-25T02:32:47.4248273Z remote: Compressing objects:  27% (69/253)        
2024-11-25T02:32:47.4249046Z remote: Compressing objects:  28% (71/253)        
2024-11-25T02:32:47.4257181Z remote: Compressing objects:  29% (74/253)        
2024-11-25T02:32:47.4258579Z remote: Compressing objects:  30% (76/253)        
2024-11-25T02:32:47.4259951Z remote: Compressing objects:  31% (79/253)        
2024-11-25T02:32:47.4261004Z remote: Compressing objects:  32% (81/253)        
2024-11-25T02:32:47.4262251Z remote: Compressing objects:  33% (84/253)        
2024-11-25T02:32:47.4263460Z remote: Compressing objects:  34% (87/253)        
2024-11-25T02:32:47.4264473Z remote: Compressing objects:  35% (89/253)        
2024-11-25T02:32:47.4265223Z remote: Compressing objects:  36% (92/253)        
2024-11-25T02:32:47.4266039Z remote: Compressing objects:  37% (94/253)        
2024-11-25T02:32:47.4268746Z remote: Compressing objects:  38% (97/253)        
2024-11-25T02:32:47.4269828Z remote: Compressing objects:  39% (99/253)        
2024-11-25T02:32:47.4270833Z remote: Compressing objects:  40% (102/253)        
2024-11-25T02:32:47.4272069Z remote: Compressing objects:  41% (104/253)        
2024-11-25T02:32:47.4272797Z remote: Compressing objects:  42% (107/253)        
2024-11-25T02:32:47.4273639Z remote: Compressing objects:  43% (109/253)        
2024-11-25T02:32:47.4275616Z remote: Compressing objects:  44% (112/253)        
2024-11-25T02:32:47.4278405Z remote: Compressing objects:  45% (114/253)        
2024-11-25T02:32:47.4281945Z remote: Compressing objects:  46% (117/253)        
2024-11-25T02:32:47.4284732Z remote: Compressing objects:  47% (119/253)        
2024-11-25T02:32:47.4287492Z remote: Compressing objects:  48% (122/253)        
2024-11-25T02:32:47.4289434Z remote: Compressing objects:  49% (124/253)        
2024-11-25T02:32:47.4292849Z remote: Compressing objects:  50% (127/253)        
2024-11-25T02:32:47.4295571Z remote: Compressing objects:  51% (130/253)        
2024-11-25T02:32:47.4299457Z remote: Compressing objects:  52% (132/253)        
2024-11-25T02:32:47.4301277Z remote: Compressing objects:  53% (135/253)        
2024-11-25T02:32:47.4304774Z remote: Compressing objects:  54% (137/253)        
2024-11-25T02:32:47.4306042Z remote: Compressing objects:  55% (140/253)        
2024-11-25T02:32:47.4307935Z remote: Compressing objects:  56% (142/253)        
2024-11-25T02:32:47.4309952Z remote: Compressing objects:  57% (145/253)        
2024-11-25T02:32:47.4311193Z remote: Compressing objects:  58% (147/253)        
2024-11-25T02:32:47.4312338Z remote: Compressing objects:  59% (150/253)        
2024-11-25T02:32:47.4313230Z remote: Compressing objects:  60% (152/253)        
2024-11-25T02:32:47.4314249Z remote: Compressing objects:  61% (155/253)        
2024-11-25T02:32:47.4315671Z remote: Compressing objects:  62% (157/253)        
2024-11-25T02:32:47.4317255Z remote: Compressing objects:  63% (160/253)        
2024-11-25T02:32:47.4318729Z remote: Compressing objects:  64% (162/253)        
2024-11-25T02:32:47.4319841Z remote: Compressing objects:  65% (165/253)        
2024-11-25T02:32:47.4431071Z remote: Compressing objects:  66% (167/253)        
2024-11-25T02:32:47.4524431Z remote: Compressing objects:  67% (170/253)        
2024-11-25T02:32:47.4526156Z remote: Compressing objects:  68% (173/253)        
2024-11-25T02:32:47.4527881Z remote: Compressing objects:  69% (175/253)        
2024-11-25T02:32:47.4529267Z remote: Compressing objects:  70% (178/253)        
2024-11-25T02:32:47.4530642Z remote: Compressing objects:  71% (180/253)        
2024-11-25T02:32:47.4531668Z remote: Compressing objects:  72% (183/253)        
2024-11-25T02:32:47.4532509Z remote: Compressing objects:  73% (185/253)        
2024-11-25T02:32:47.4533343Z remote: Compressing objects:  74% (188/253)        
2024-11-25T02:32:47.4585640Z remote: Compressing objects:  75% (190/253)        
2024-11-25T02:32:47.4587700Z remote: Compressing objects:  76% (193/253)        
2024-11-25T02:32:47.4590275Z remote: Compressing objects:  77% (195/253)        
2024-11-25T02:32:47.4591317Z remote: Compressing objects:  78% (198/253)        
2024-11-25T02:32:47.4594793Z remote: Compressing objects:  79% (200/253)        
2024-11-25T02:32:47.4596226Z remote: Compressing objects:  80% (203/253)        
2024-11-25T02:32:47.4597479Z remote: Compressing objects:  81% (205/253)        
2024-11-25T02:32:47.4598559Z remote: Compressing objects:  82% (208/253)        
2024-11-25T02:32:47.4599454Z remote: Compressing objects:  83% (210/253)        
2024-11-25T02:32:47.4600204Z remote: Compressing objects:  84% (213/253)        
2024-11-25T02:32:47.4600922Z remote: Compressing objects:  85% (216/253)        
2024-11-25T02:32:47.4601704Z remote: Compressing objects:  86% (218/253)        
2024-11-25T02:32:47.4602499Z remote: Compressing objects:  87% (221/253)        
2024-11-25T02:32:47.4603879Z remote: Compressing objects:  88% (223/253)        
2024-11-25T02:32:47.4604871Z remote: Compressing objects:  89% (226/253)        
2024-11-25T02:32:47.4605563Z remote: Compressing objects:  90% (228/253)        
2024-11-25T02:32:47.4606282Z remote: Compressing objects:  91% (231/253)        
2024-11-25T02:32:47.4607117Z remote: Compressing objects:  92% (233/253)        
2024-11-25T02:32:47.4608134Z remote: Compressing objects:  93% (236/253)        
2024-11-25T02:32:47.4608920Z remote: Compressing objects:  94% (238/253)        
2024-11-25T02:32:47.4609722Z remote: Compressing objects:  95% (241/253)        
2024-11-25T02:32:47.4610382Z remote: Compressing objects:  96% (243/253)        
2024-11-25T02:32:47.4611094Z remote: Compressing objects:  97% (246/253)        
2024-11-25T02:32:47.4611859Z remote: Compressing objects:  98% (248/253)        
2024-11-25T02:32:47.4612948Z remote: Compressing objects:  99% (251/253)        
2024-11-25T02:32:47.4614360Z remote: Compressing objects: 100% (253/253)        
2024-11-25T02:32:47.4615460Z remote: Compressing objects: 100% (253/253), done.        
2024-11-25T02:32:47.4632864Z Receiving objects:   0% (1/278)
2024-11-25T02:32:47.4634621Z Receiving objects:   1% (3/278)
2024-11-25T02:32:47.4637349Z Receiving objects:   2% (6/278)
2024-11-25T02:32:47.4638301Z Receiving objects:   3% (9/278)
2024-11-25T02:32:47.4639430Z Receiving objects:   4% (12/278)
2024-11-25T02:32:47.4640477Z Receiving objects:   5% (14/278)
2024-11-25T02:32:47.4641128Z Receiving objects:   6% (17/278)
2024-11-25T02:32:47.4643502Z Receiving objects:   7% (20/278)
2024-11-25T02:32:47.4644820Z Receiving objects:   8% (23/278)
2024-11-25T02:32:47.4649431Z Receiving objects:   9% (26/278)
2024-11-25T02:32:47.4659691Z Receiving objects:  10% (28/278)
2024-11-25T02:32:47.4661227Z Receiving objects:  11% (31/278)
2024-11-25T02:32:47.4662128Z Receiving objects:  12% (34/278)
2024-11-25T02:32:47.4663096Z Receiving objects:  13% (37/278)
2024-11-25T02:32:47.4663619Z Receiving objects:  14% (39/278)
2024-11-25T02:32:47.4813385Z Receiving objects:  15% (42/278)
2024-11-25T02:32:47.4886621Z Receiving objects:  16% (45/278)
2024-11-25T02:32:47.4938694Z Receiving objects:  17% (48/278)
2024-11-25T02:32:47.4958044Z Receiving objects:  18% (51/278)
2024-11-25T02:32:47.5011981Z Receiving objects:  19% (53/278)
2024-11-25T02:32:47.5015229Z Receiving objects:  20% (56/278)
2024-11-25T02:32:47.5016406Z Receiving objects:  21% (59/278)
2024-11-25T02:32:47.5017093Z Receiving objects:  22% (62/278)
2024-11-25T02:32:47.5017674Z Receiving objects:  23% (64/278)
2024-11-25T02:32:47.5018376Z Receiving objects:  24% (67/278)
2024-11-25T02:32:47.5024248Z Receiving objects:  25% (70/278)
2024-11-25T02:32:47.5024822Z Receiving objects:  26% (73/278)
2024-11-25T02:32:47.5025495Z Receiving objects:  27% (76/278)
2024-11-25T02:32:47.5030694Z Receiving objects:  28% (78/278)
2024-11-25T02:32:47.5031686Z Receiving objects:  29% (81/278)
2024-11-25T02:32:47.5032717Z Receiving objects:  30% (84/278)
2024-11-25T02:32:47.5035442Z Receiving objects:  31% (87/278)
2024-11-25T02:32:47.5065384Z Receiving objects:  32% (89/278)
2024-11-25T02:32:47.5066608Z Receiving objects:  33% (92/278)
2024-11-25T02:32:47.5067970Z Receiving objects:  34% (95/278)
2024-11-25T02:32:47.5069534Z Receiving objects:  35% (98/278)
2024-11-25T02:32:47.5070977Z Receiving objects:  36% (101/278)
2024-11-25T02:32:47.5072100Z Receiving objects:  37% (103/278)
2024-11-25T02:32:47.5073133Z Receiving objects:  38% (106/278)
2024-11-25T02:32:47.5074613Z Receiving objects:  39% (109/278)
2024-11-25T02:32:47.5075665Z Receiving objects:  40% (112/278)
2024-11-25T02:32:47.5076758Z Receiving objects:  41% (114/278)
2024-11-25T02:32:47.5077902Z Receiving objects:  42% (117/278)
2024-11-25T02:32:47.5078821Z Receiving objects:  43% (120/278)
2024-11-25T02:32:47.5080018Z Receiving objects:  44% (123/278)
2024-11-25T02:32:47.5081046Z Receiving objects:  45% (126/278)
2024-11-25T02:32:47.5082007Z Receiving objects:  46% (128/278)
2024-11-25T02:32:47.5083161Z Receiving objects:  47% (131/278)
2024-11-25T02:32:47.5084094Z Receiving objects:  48% (134/278)
2024-11-25T02:32:47.5084867Z Receiving objects:  49% (137/278)
2024-11-25T02:32:47.5085656Z Receiving objects:  50% (139/278)
2024-11-25T02:32:47.5086343Z Receiving objects:  51% (142/278)
2024-11-25T02:32:47.5087060Z Receiving objects:  52% (145/278)
2024-11-25T02:32:47.5087888Z Receiving objects:  53% (148/278)
2024-11-25T02:32:47.5088428Z Receiving objects:  54% (151/278)
2024-11-25T02:32:47.5088938Z Receiving objects:  55% (153/278)
2024-11-25T02:32:47.5572382Z Receiving objects:  56% (156/278)
2024-11-25T02:32:47.5855405Z Receiving objects:  57% (159/278)
2024-11-25T02:32:47.5856359Z Receiving objects:  58% (162/278)
2024-11-25T02:32:47.5857511Z Receiving objects:  59% (165/278)
2024-11-25T02:32:47.5858424Z Receiving objects:  60% (167/278)
2024-11-25T02:32:47.5859308Z Receiving objects:  61% (170/278)
2024-11-25T02:32:47.5860374Z Receiving objects:  62% (173/278)
2024-11-25T02:32:47.5861555Z Receiving objects:  63% (176/278)
2024-11-25T02:32:47.5862448Z Receiving objects:  64% (178/278)
2024-11-25T02:32:47.5863489Z Receiving objects:  65% (181/278)
2024-11-25T02:32:47.5864390Z Receiving objects:  66% (184/278)
2024-11-25T02:32:47.5865330Z Receiving objects:  67% (187/278)
2024-11-25T02:32:47.5866370Z Receiving objects:  68% (190/278)
2024-11-25T02:32:47.5867294Z Receiving objects:  69% (192/278)
2024-11-25T02:32:47.5868167Z Receiving objects:  70% (195/278)
2024-11-25T02:32:47.5869515Z Receiving objects:  71% (198/278)
2024-11-25T02:32:47.5870424Z Receiving objects:  72% (201/278)
2024-11-25T02:32:47.5871331Z Receiving objects:  73% (203/278)
2024-11-25T02:32:47.5872285Z Receiving objects:  74% (206/278)
2024-11-25T02:32:47.5873242Z Receiving objects:  75% (209/278)
2024-11-25T02:32:47.5874162Z Receiving objects:  76% (212/278)
2024-11-25T02:32:47.5875111Z Receiving objects:  77% (215/278)
2024-11-25T02:32:47.5875914Z Receiving objects:  78% (217/278)
2024-11-25T02:32:47.5876436Z Receiving objects:  79% (220/278)
2024-11-25T02:32:47.5877026Z Receiving objects:  80% (223/278)
2024-11-25T02:32:47.5877588Z Receiving objects:  81% (226/278)
2024-11-25T02:32:47.5878095Z Receiving objects:  82% (228/278)
2024-11-25T02:32:47.5878644Z Receiving objects:  83% (231/278)
2024-11-25T02:32:47.5896108Z Receiving objects:  84% (234/278)
2024-11-25T02:32:47.5897426Z Receiving objects:  85% (237/278)
2024-11-25T02:32:47.5899776Z remote: Total 278 (delta 26), reused 163 (delta 11), pack-reused 0 (from 0)        
2024-11-25T02:32:47.5901851Z Receiving objects:  86% (240/278)
2024-11-25T02:32:47.5902915Z Receiving objects:  87% (242/278)
2024-11-25T02:32:47.5903945Z Receiving objects:  88% (245/278)
2024-11-25T02:32:47.5904605Z Receiving objects:  89% (248/278)
2024-11-25T02:32:47.5905170Z Receiving objects:  90% (251/278)
2024-11-25T02:32:47.5905772Z Receiving objects:  91% (253/278)
2024-11-25T02:32:47.5906309Z Receiving objects:  92% (256/278)
2024-11-25T02:32:47.5908670Z Receiving objects:  93% (259/278)
2024-11-25T02:32:47.5910778Z Receiving objects:  94% (262/278)
2024-11-25T02:32:47.5911803Z Receiving objects:  95% (265/278)
2024-11-25T02:32:47.5912854Z Receiving objects:  96% (267/278)
2024-11-25T02:32:47.5913985Z Receiving objects:  97% (270/278)
2024-11-25T02:32:47.5914628Z Receiving objects:  98% (273/278)
2024-11-25T02:32:47.5915597Z Receiving objects:  99% (276/278)
2024-11-25T02:32:47.5916672Z Receiving objects: 100% (278/278)
2024-11-25T02:32:47.5917875Z Receiving objects: 100% (278/278), 857.70 KiB | 6.55 MiB/s, done.
2024-11-25T02:32:47.5926188Z Resolving deltas:   0% (0/26)
2024-11-25T02:32:47.5926979Z Resolving deltas:   3% (1/26)
2024-11-25T02:32:47.5927849Z Resolving deltas:   7% (2/26)
2024-11-25T02:32:47.5937899Z Resolving deltas:  11% (3/26)
2024-11-25T02:32:47.5941235Z Resolving deltas:  19% (5/26)
2024-11-25T02:32:47.5951488Z Resolving deltas:  23% (6/26)
2024-11-25T02:32:47.5952547Z Resolving deltas:  26% (7/26)
2024-11-25T02:32:47.5953123Z Resolving deltas:  30% (8/26)
2024-11-25T02:32:47.5953656Z Resolving deltas:  34% (9/26)
2024-11-25T02:32:47.5954263Z Resolving deltas:  38% (10/26)
2024-11-25T02:32:47.5954801Z Resolving deltas:  42% (11/26)
2024-11-25T02:32:47.5955793Z Resolving deltas:  46% (12/26)
2024-11-25T02:32:47.5957593Z Resolving deltas:  50% (13/26)
2024-11-25T02:32:47.5958513Z Resolving deltas:  53% (14/26)
2024-11-25T02:32:47.5959445Z Resolving deltas:  57% (15/26)
2024-11-25T02:32:47.5960492Z Resolving deltas:  61% (16/26)
2024-11-25T02:32:47.5961387Z Resolving deltas:  65% (17/26)
2024-11-25T02:32:47.5962220Z Resolving deltas:  69% (18/26)
2024-11-25T02:32:47.5963260Z Resolving deltas:  73% (19/26)
2024-11-25T02:32:47.5964163Z Resolving deltas:  76% (20/26)
2024-11-25T02:32:47.5964939Z Resolving deltas:  80% (21/26)
2024-11-25T02:32:47.5965573Z Resolving deltas:  84% (22/26)
2024-11-25T02:32:47.5966088Z Resolving deltas:  88% (23/26)
2024-11-25T02:32:47.5966549Z Resolving deltas:  92% (24/26)
2024-11-25T02:32:47.5972387Z Resolving deltas:  96% (25/26)
2024-11-25T02:32:47.5974342Z Resolving deltas: 100% (26/26)
2024-11-25T02:32:47.5975261Z Resolving deltas: 100% (26/26), done.
2024-11-25T02:32:47.6071888Z From https://github.com/AlphaSteam/axios-microprint-example
2024-11-25T02:32:47.6073327Z  * [new ref]         ea4a4e850d591d76718e30a9cd5aba14d86cc474 -> origin/microprint_test
2024-11-25T02:32:47.6101399Z ##[endgroup]
2024-11-25T02:32:47.6102836Z ##[group]Determining the checkout info
2024-11-25T02:32:47.6104536Z ##[endgroup]
2024-11-25T02:32:47.6105772Z ##[group]Checking out the ref
2024-11-25T02:32:47.6110053Z [command]/usr/bin/git checkout --progress --force -B microprint_test refs/remotes/origin/microprint_test
2024-11-25T02:32:47.6406737Z Switched to a new branch 'microprint_test'
2024-11-25T02:32:47.6410371Z branch 'microprint_test' set up to track 'origin/microprint_test'.
2024-11-25T02:32:47.6418150Z ##[endgroup]
2024-11-25T02:32:47.6452444Z [command]/usr/bin/git log -1 --format='%H'
2024-11-25T02:32:47.6475552Z 'ea4a4e850d591d76718e30a9cd5aba14d86cc474'
2024-11-25T02:32:47.6486192Z ##[group]Removing auth
2024-11-25T02:32:47.6489428Z [command]/usr/bin/git config --local --name-only --get-regexp core\.sshCommand
2024-11-25T02:32:47.6518000Z [command]/usr/bin/git submodule foreach --recursive sh -c "git config --local --name-only --get-regexp 'core\.sshCommand' && git config --local --unset-all 'core.sshCommand' || :"
2024-11-25T02:32:47.6750649Z [command]/usr/bin/git config --local --name-only --get-regexp http\.https\:\/\/github\.com\/\.extraheader
2024-11-25T02:32:47.6770052Z http.https://github.com/.extraheader
2024-11-25T02:32:47.6780495Z [command]/usr/bin/git config --local --unset-all http.https://github.com/.extraheader
2024-11-25T02:32:47.6810930Z [command]/usr/bin/git submodule foreach --recursive sh -c "git config --local --name-only --get-regexp 'http\.https\:\/\/github\.com\/\.extraheader' && git config --local --unset-all 'http.https://github.com/.extraheader' || :"
2024-11-25T02:32:47.7038678Z ##[endgroup]
2024-11-25T02:32:47.7356456Z ##[group]Run actions/setup-node@v3
2024-11-25T02:32:47.7357254Z with:
2024-11-25T02:32:47.7357622Z   node-version: 20.x
2024-11-25T02:32:47.7358070Z   cache: npm
2024-11-25T02:32:47.7358552Z   always-auth: false
2024-11-25T02:32:47.7358977Z   check-latest: false
2024-11-25T02:32:47.7359636Z   token: ***
2024-11-25T02:32:47.7360119Z ##[endgroup]
2024-11-25T02:32:47.9138509Z Found in cache @ /opt/hostedtoolcache/node/20.18.0/x64
2024-11-25T02:32:47.9140048Z ##[group]Environment details
2024-11-25T02:32:48.3100379Z node: v20.18.0
2024-11-25T02:32:48.3101804Z npm: 10.8.2
2024-11-25T02:32:48.3102394Z yarn: 1.22.22
2024-11-25T02:32:48.3104167Z ##[endgroup]
2024-11-25T02:32:48.3115322Z [command]/opt/hostedtoolcache/node/20.18.0/x64/bin/npm config get cache
2024-11-25T02:32:48.4409731Z /home/runner/.npm
2024-11-25T02:32:48.5659837Z npm cache is not found
2024-11-25T02:32:48.5800790Z ##[group]Run npm ci
2024-11-25T02:32:48.5801250Z [36;1mnpm ci[0m
2024-11-25T02:32:48.5906168Z shell: /usr/bin/bash -e {0}
2024-11-25T02:32:48.5906649Z ##[endgroup]
2024-11-25T02:32:53.7205095Z npm warn deprecated urix@0.1.0: Please see https://github.com/lydell/urix#deprecated
2024-11-25T02:32:54.0845229Z npm warn deprecated source-map-url@0.4.1: See https://github.com/lydell/source-map-url#deprecated
2024-11-25T02:32:54.1276567Z npm warn deprecated source-map-resolve@0.5.3: See https://github.com/lydell/source-map-resolve#deprecated
2024-11-25T02:32:54.1395201Z npm warn deprecated uuid@3.4.0: Please upgrade  to version 7 or higher.  Older versions may use Math.random() in certain circumstances, which is known to be problematic.  See https://v8.dev/blog/math-random for details.
2024-11-25T02:32:54.3666751Z npm warn deprecated samsam@1.3.0: This package has been deprecated in favour of @sinonjs/samsam
2024-11-25T02:32:54.3675650Z npm warn deprecated resolve-url@0.2.1: https://github.com/lydell/resolve-url#deprecated
2024-11-25T02:32:54.7288223Z npm warn deprecated querystring@0.2.0: The querystring API is considered Legacy. new code should use the URLSearchParams API instead.
2024-11-25T02:32:54.9791742Z npm warn deprecated request@2.88.2: request has been deprecated, see https://github.com/request/request/issues/3142
2024-11-25T02:32:55.8600596Z npm warn deprecated har-validator@5.1.5: this library is no longer supported
2024-11-25T02:32:57.2745913Z npm warn deprecated tar@2.2.2: This version of tar is no longer supported, and will not receive security updates. Please upgrade asap.
2024-11-25T02:32:58.5846166Z npm warn deprecated chokidar@2.1.8: Chokidar 2 does not receive security updates since 2019. Upgrade to chokidar 3 with 15x fewer dependencies
2024-11-25T02:32:59.6143027Z npm warn deprecated chokidar@2.1.8: Chokidar 2 does not receive security updates since 2019. Upgrade to chokidar 3 with 15x fewer dependencies
2024-11-25T02:33:01.7447107Z npm warn deprecated core-js@2.6.12: core-js@<3.4 is no longer maintained and not recommended for usage due to the number of issues. Because of the V8 engine whims, feature detection in old core-js versions could cause a slowdown up to 100x even if nothing is polyfilled. Please, upgrade your dependencies to the actual version of core-js.
2024-11-25T02:33:06.2457718Z 
2024-11-25T02:33:06.2458735Z > axios@1.6.0 prepare
2024-11-25T02:33:06.2459998Z > husky install && npm run prepare:hooks
2024-11-25T02:33:06.2460551Z 
2024-11-25T02:33:06.2857734Z husky - Git hooks installed
2024-11-25T02:33:06.3960345Z 
2024-11-25T02:33:06.3960981Z > axios@1.6.0 prepare:hooks
2024-11-25T02:33:06.3962253Z > npx husky set .husky/commit-msg "npx commitlint --edit $1"
2024-11-25T02:33:06.3962747Z 
2024-11-25T02:33:06.7191495Z husky - created .husky/commit-msg
2024-11-25T02:33:06.7611353Z 
2024-11-25T02:33:06.7612320Z added 2053 packages, and audited 2054 packages in 18s
2024-11-25T02:33:06.7613040Z 
2024-11-25T02:33:06.7613563Z 197 packages are looking for funding
2024-11-25T02:33:06.7614373Z   run `npm fund` for details
2024-11-25T02:33:06.8089746Z 
2024-11-25T02:33:06.8091099Z 71 vulnerabilities (5 low, 20 moderate, 40 high, 6 critical)
2024-11-25T02:33:06.8091939Z 
2024-11-25T02:33:06.8092703Z To address issues that do not require attention, run:
2024-11-25T02:33:06.8093819Z   npm audit fix
2024-11-25T02:33:06.8094265Z 
2024-11-25T02:33:06.8095012Z To address all issues possible (including breaking changes), run:
2024-11-25T02:33:06.8096566Z   npm audit fix --force
2024-11-25T02:33:06.8099843Z 
2024-11-25T02:33:06.8103010Z Some issues need review, and may require choosing
2024-11-25T02:33:06.8104289Z a different dependency.
2024-11-25T02:33:06.8105082Z 
2024-11-25T02:33:06.8105505Z Run `npm audit` for details.
2024-11-25T02:33:06.8461195Z ##[group]Run npm test
2024-11-25T02:33:06.8461656Z [36;1mnpm test[0m
2024-11-25T02:33:06.8522361Z shell: /usr/bin/bash -e {0}
2024-11-25T02:33:06.8522841Z ##[endgroup]
2024-11-25T02:33:06.9604788Z 
2024-11-25T02:33:06.9605611Z > axios@1.6.0 test
2024-11-25T02:33:06.9607114Z > npm run test:eslint && npm run test:mocha && npm run test:karma && npm run test:dtslint && npm run test:exports
2024-11-25T02:33:06.9607943Z 
2024-11-25T02:33:07.0653077Z 
2024-11-25T02:33:07.0654020Z > axios@1.6.0 test:eslint
2024-11-25T02:33:07.0655227Z > node bin/ssl_hotfix.js eslint lib/**/*.js
2024-11-25T02:33:07.0655793Z 
2024-11-25T02:33:07.1044159Z Running eslint lib/adapters/adapters.js lib/adapters/http.js lib/adapters/xhr.js lib/cancel/CancelToken.js lib/cancel/CanceledError.js lib/cancel/isCancel.js lib/core/Axios.js lib/core/AxiosError.js lib/core/AxiosHeaders.js lib/core/InterceptorManager.js lib/core/buildFullPath.js lib/core/dispatchRequest.js lib/core/mergeConfig.js lib/core/settle.js lib/core/transformData.js lib/defaults/index.js lib/defaults/transitional.js lib/env/data.js lib/helpers/AxiosTransformStream.js lib/helpers/AxiosURLSearchParams.js lib/helpers/HttpStatusCode.js lib/helpers/ZlibHeaderTransformStream.js lib/helpers/bind.js lib/helpers/buildURL.js lib/helpers/callbackify.js lib/helpers/combineURLs.js lib/helpers/cookies.js lib/helpers/deprecatedMethod.js lib/helpers/formDataToJSON.js lib/helpers/formDataToStream.js lib/helpers/fromDataURI.js lib/helpers/isAbsoluteURL.js lib/helpers/isAxiosError.js lib/helpers/isURLSameOrigin.js lib/helpers/null.js lib/helpers/parseHeaders.js lib/helpers/parseProtocol.js lib/helpers/readBlob.js lib/helpers/speedometer.js lib/helpers/spread.js lib/helpers/throttle.js lib/helpers/toFormData.js lib/helpers/toURLEncodedForm.js lib/helpers/validator.js lib/platform/index.js on v20.18.0
2024-11-25T02:33:07.1051594Z Setting --openssl-legacy-provider as ssl hotfix
2024-11-25T02:33:07.1052038Z 
2024-11-25T02:33:07.8869991Z 
2024-11-25T02:33:07.8870879Z > axios@1.6.0 test:mocha
2024-11-25T02:33:07.8872203Z > node bin/ssl_hotfix.js mocha test/unit/**/*.js --timeout 30000 --exit
2024-11-25T02:33:07.8872766Z 
2024-11-25T02:33:07.9198462Z Running mocha test/unit/adapters/adapters.js test/unit/adapters/http.js test/unit/core/AxiosHeaders.js test/unit/defaults/transformReponse.js test/unit/helpers/fromDataURI.js test/unit/helpers/parseProtocol.js test/unit/regression/SNYK-JS-AXIOS-1038255.js test/unit/regression/bugs.js test/unit/utils/utils.js --timeout 30000 --exit on v20.18.0
2024-11-25T02:33:07.9202411Z 
2024-11-25T02:33:07.9202910Z Setting --openssl-legacy-provider as ssl hotfix
2024-11-25T02:33:08.2511164Z 
2024-11-25T02:33:08.2515761Z 
2024-11-25T02:33:08.2520289Z   adapters
2024-11-25T02:33:08.2530925Z     Ã¢ÂœÂ” should support loading by fn handle
2024-11-25T02:33:08.2533739Z     Ã¢ÂœÂ” should support loading by name
2024-11-25T02:33:08.2540843Z     Ã¢ÂœÂ” should detect adapter unavailable status
2024-11-25T02:33:08.2544094Z     Ã¢ÂœÂ” should detect adapter unsupported status
2024-11-25T02:33:08.2546728Z     Ã¢ÂœÂ” should pick suitable adapter from the list
2024-11-25T02:33:08.2549230Z 
2024-11-25T02:33:08.2552995Z   supports http with nodejs
2024-11-25T02:33:08.5678650Z     Ã¢ÂœÂ” should throw an error if the timeout property is not parsable as a number (312ms)
2024-11-25T02:33:08.8715298Z     Ã¢ÂœÂ” should parse the timeout property (302ms)
2024-11-25T02:33:09.1739519Z     Ã¢ÂœÂ” should respect the timeout property (302ms)
2024-11-25T02:33:09.4754939Z     Ã¢ÂœÂ” should respect the timeoutErrorMessage property (301ms)
2024-11-25T02:33:09.4810286Z     Ã¢ÂœÂ” should allow passing JSON
2024-11-25T02:33:09.4834400Z     Ã¢ÂœÂ” should allow passing JSON with BOM
2024-11-25T02:33:09.4878084Z     Ã¢ÂœÂ” should redirect
2024-11-25T02:33:09.4901070Z     Ã¢ÂœÂ” should not redirect
2024-11-25T02:33:09.4960107Z     Ã¢ÂœÂ” should support max redirects
2024-11-25T02:33:09.4981777Z     Ã¢ÂœÂ” should support beforeRedirect
2024-11-25T02:33:09.5144764Z     Ã¢ÂœÂ” should support beforeRedirect and proxy with redirect
2024-11-25T02:33:09.5174028Z     Ã¢ÂœÂ” should preserve the HTTP verb on redirect
2024-11-25T02:33:09.5222549Z     Ã¢ÂœÂ” should support UTF8
2024-11-25T02:33:09.5245388Z     Ã¢ÂœÂ” should support basic auth
2024-11-25T02:33:09.5264734Z     Ã¢ÂœÂ” should support basic auth with a header
2024-11-25T02:33:09.5287946Z     Ã¢ÂœÂ” should provides a default User-Agent header
2024-11-25T02:33:09.5306227Z     Ã¢ÂœÂ” should allow the User-Agent header to be overridden
2024-11-25T02:33:09.5328374Z     Ã¢ÂœÂ” should allow the Content-Length header to be overridden
2024-11-25T02:33:09.5349961Z     Ã¢ÂœÂ” should support max content length
2024-11-25T02:33:09.6364921Z     Ã¢ÂœÂ” should support max content length for redirected (101ms)
2024-11-25T02:33:09.7398813Z     Ã¢ÂœÂ” should support max body length (103ms)
2024-11-25T02:33:10.0808905Z     Ã¢ÂœÂ” should properly support default max body length (follow-redirects as well) (341ms)
2024-11-25T02:33:10.0825177Z     Ã¢ÂœÂ” should display error while parsing params
2024-11-25T02:33:10.0844952Z     Ã¢ÂœÂ” should support sockets
2024-11-25T02:33:10.0866832Z     Ã¢ÂœÂ” should support buffers
2024-11-25T02:33:10.0893392Z     Ã¢ÂœÂ” should support HTTP proxies
2024-11-25T02:33:10.1226386Z     Ã¢ÂœÂ” should support HTTPS proxies
2024-11-25T02:33:10.1246228Z     Ã¢ÂœÂ” should not pass through disabled proxy
2024-11-25T02:33:10.1270302Z     Ã¢ÂœÂ” should support proxy set via env var
2024-11-25T02:33:10.1369502Z     Ã¢ÂœÂ” should support HTTPS proxy set via env var
2024-11-25T02:33:10.1397415Z     Ã¢ÂœÂ” should re-evaluate proxy on redirect when proxy set via env var
2024-11-25T02:33:10.1413658Z     Ã¢ÂœÂ” should not use proxy for domains in no_proxy
2024-11-25T02:33:10.1436419Z     Ã¢ÂœÂ” should use proxy for domains not in no_proxy
2024-11-25T02:33:10.1459037Z     Ã¢ÂœÂ” should support HTTP proxy auth
2024-11-25T02:33:10.1482562Z     Ã¢ÂœÂ” should support proxy auth from env
2024-11-25T02:33:10.1505626Z     Ã¢ÂœÂ” should support proxy auth with header
2024-11-25T02:33:10.1522075Z     Ã¢ÂœÂ” should support cancel
2024-11-25T02:33:10.1542063Z     Ã¢ÂœÂ” should combine baseURL and url
2024-11-25T02:33:11.1565479Z     Ã¢ÂœÂ” should support HTTP protocol (1002ms)
2024-11-25T02:33:11.2393254Z     Ã¢ÂœÂ” should support HTTPS protocol (83ms)
2024-11-25T02:33:11.5396225Z     Ã¢ÂœÂ” should return malformed URL (300ms)
2024-11-25T02:33:11.8413589Z     Ã¢ÂœÂ” should return unsupported protocol (301ms)
2024-11-25T02:33:11.8432961Z     Ã¢ÂœÂ” should supply a user-agent if one is not specified
2024-11-25T02:33:11.8447582Z     Ã¢ÂœÂ” should omit a user-agent if one is explicitly disclaimed
2024-11-25T02:33:12.0465142Z     Ã¢ÂœÂ” should throw an error if http server that aborts a chunked request (202ms)
2024-11-25T02:33:12.0484733Z     Ã¢ÂœÂ” should able to cancel multiple requests with CancelToken
2024-11-25T02:33:12.0534291Z     Ã¢ÂœÂ” should respect formSerializer config
2024-11-25T02:33:12.0540543Z     Ã¢ÂœÂ” should properly handle synchronous errors inside the adapter
2024-11-25T02:33:12.0554675Z     Ã¢ÂœÂ” should support function as paramsSerializer value
2024-11-25T02:33:12.0557644Z     compression
2024-11-25T02:33:12.0577761Z       Ã¢ÂœÂ” should support transparent gunzip
2024-11-25T02:33:12.0598345Z       Ã¢ÂœÂ” should support gunzip error handling
2024-11-25T02:33:12.0616157Z       Ã¢ÂœÂ” should support disabling automatic decompression of response data
2024-11-25T02:33:12.0618703Z       algorithms
2024-11-25T02:33:12.0619295Z         gzip decompression
2024-11-25T02:33:12.0637200Z           Ã¢ÂœÂ” should support decompression
2024-11-25T02:33:12.0653568Z           Ã¢ÂœÂ” should not fail if response content-length header is missing (gzip)
2024-11-25T02:33:12.0670176Z           Ã¢ÂœÂ” should not fail with chunked responses (without Content-Length header)
2024-11-25T02:33:12.0684785Z           Ã¢ÂœÂ” should not fail with an empty response without content-length header (Z_BUF_ERROR)
2024-11-25T02:33:12.0699091Z           Ã¢ÂœÂ” should not fail with an empty response with content-length header (Z_BUF_ERROR)
2024-11-25T02:33:12.0700978Z         GZIP decompression
2024-11-25T02:33:12.0715389Z           Ã¢ÂœÂ” should support decompression
2024-11-25T02:33:12.0731653Z           Ã¢ÂœÂ” should not fail if response content-length header is missing (GZIP)
2024-11-25T02:33:12.0746415Z           Ã¢ÂœÂ” should not fail with chunked responses (without Content-Length header)
2024-11-25T02:33:12.0760979Z           Ã¢ÂœÂ” should not fail with an empty response without content-length header (Z_BUF_ERROR)
2024-11-25T02:33:12.0774102Z           Ã¢ÂœÂ” should not fail with an empty response with content-length header (Z_BUF_ERROR)
2024-11-25T02:33:12.0776047Z         compress decompression
2024-11-25T02:33:12.0789713Z           Ã¢ÂœÂ” should support decompression
2024-11-25T02:33:12.0804491Z           Ã¢ÂœÂ” should not fail if response content-length header is missing (compress)
2024-11-25T02:33:12.0819371Z           Ã¢ÂœÂ” should not fail with chunked responses (without Content-Length header)
2024-11-25T02:33:12.0832347Z           Ã¢ÂœÂ” should not fail with an empty response without content-length header (Z_BUF_ERROR)
2024-11-25T02:33:12.0845856Z           Ã¢ÂœÂ” should not fail with an empty response with content-length header (Z_BUF_ERROR)
2024-11-25T02:33:12.0847835Z         deflate decompression
2024-11-25T02:33:12.0865258Z           Ã¢ÂœÂ” should support decompression
2024-11-25T02:33:12.0880904Z           Ã¢ÂœÂ” should not fail if response content-length header is missing (deflate)
2024-11-25T02:33:12.0895495Z           Ã¢ÂœÂ” should not fail with chunked responses (without Content-Length header)
2024-11-25T02:33:12.0910330Z           Ã¢ÂœÂ” should not fail with an empty response without content-length header (Z_BUF_ERROR)
2024-11-25T02:33:12.0924174Z           Ã¢ÂœÂ” should not fail with an empty response with content-length header (Z_BUF_ERROR)
2024-11-25T02:33:12.0926459Z         deflate-raw decompression
2024-11-25T02:33:12.0940576Z           Ã¢ÂœÂ” should support decompression
2024-11-25T02:33:12.0956704Z           Ã¢ÂœÂ” should not fail if response content-length header is missing (deflate)
2024-11-25T02:33:12.0973022Z           Ã¢ÂœÂ” should not fail with chunked responses (without Content-Length header)
2024-11-25T02:33:12.0987551Z           Ã¢ÂœÂ” should not fail with an empty response without content-length header (Z_BUF_ERROR)
2024-11-25T02:33:12.1003569Z           Ã¢ÂœÂ” should not fail with an empty response with content-length header (Z_BUF_ERROR)
2024-11-25T02:33:12.1005426Z         br decompression
2024-11-25T02:33:12.1022940Z           Ã¢ÂœÂ” should support decompression
2024-11-25T02:33:12.1037863Z           Ã¢ÂœÂ” should not fail if response content-length header is missing (br)
2024-11-25T02:33:12.1056165Z           Ã¢ÂœÂ” should not fail with chunked responses (without Content-Length header)
2024-11-25T02:33:12.1068513Z           Ã¢ÂœÂ” should not fail with an empty response without content-length header (Z_BUF_ERROR)
2024-11-25T02:33:12.1082142Z           Ã¢ÂœÂ” should not fail with an empty response with content-length header (Z_BUF_ERROR)
2024-11-25T02:33:12.1084758Z     streams
2024-11-25T02:33:12.1117236Z       Ã¢ÂœÂ” should support streams
2024-11-25T02:33:12.1127763Z       Ã¢ÂœÂ” should pass errors for a failed stream
2024-11-25T02:33:13.1169032Z pipeline error: CanceledError: Request stream has been aborted
2024-11-25T02:33:13.1171372Z       Ã¢ÂœÂ” should destroy the response stream with an error on request stream destroying (1003ms)
2024-11-25T02:33:13.1172704Z Server warning: Premature close
2024-11-25T02:33:13.1176728Z     different options for direct proxy configuration (without env variables)
2024-11-25T02:33:13.1178812Z       Ã¢ÂœÂ” hostname and trailing colon in protocol
2024-11-25T02:33:13.1180105Z       Ã¢ÂœÂ” hostname and no trailing colon in protocol
2024-11-25T02:33:13.1181632Z       Ã¢ÂœÂ” both hostname and host -> hostname takes precedence
2024-11-25T02:33:13.1182920Z       Ã¢ÂœÂ” only host and https protocol
2024-11-25T02:33:13.1183914Z     FormData
2024-11-25T02:33:13.1185009Z       form-data instance (https://www.npmjs.com/package/form-data)
2024-11-25T02:33:13.1267533Z         Ã¢ÂœÂ” should allow passing FormData
2024-11-25T02:33:13.1270796Z       SpecCompliant FormData
2024-11-25T02:33:13.1347599Z         Ã¢ÂœÂ” should allow passing FormData
2024-11-25T02:33:13.1350476Z       toFormData helper
2024-11-25T02:33:13.1548610Z         Ã¢ÂœÂ” should properly serialize nested objects for parsing with multer.js (express.js)
2024-11-25T02:33:13.1553298Z     Blob
2024-11-25T02:33:13.1574903Z       Ã¢ÂœÂ” should support Blob
2024-11-25T02:33:13.1577503Z     URLEncoded Form
2024-11-25T02:33:13.1676988Z       Ã¢ÂœÂ” should post object data as url-encoded form if content-type is application/x-www-form-urlencoded
2024-11-25T02:33:13.1679566Z     Data URL
2024-11-25T02:33:13.1685831Z       Ã¢ÂœÂ” should support requesting data URL as a Buffer
2024-11-25T02:33:13.1694303Z       Ã¢ÂœÂ” should support requesting data URL as a Blob (if supported by the environment)
2024-11-25T02:33:13.1698121Z       Ã¢ÂœÂ” should support requesting data URL as a String (text)
2024-11-25T02:33:13.1703537Z       Ã¢ÂœÂ” should support requesting data URL as a Stream
2024-11-25T02:33:13.1704796Z     progress
2024-11-25T02:33:13.1705359Z       upload
2024-11-25T02:33:24.1796778Z         Ã¢ÂœÂ” should support upload progress capturing (11009ms)
2024-11-25T02:33:24.1798673Z       download
2024-11-25T02:33:35.1901448Z         Ã¢ÂœÂ” should support download progress capturing (11010ms)
2024-11-25T02:33:35.1905910Z     Rate limit
2024-11-25T02:33:44.7030871Z       Ã¢ÂœÂ” should support upload rate limit (9512ms)
2024-11-25T02:33:54.2190883Z       Ã¢ÂœÂ” should support download rate limit (9515ms)
2024-11-25T02:33:54.2192218Z     request aborting
2024-11-25T02:33:54.8268775Z pipeline error: CanceledError: canceled
2024-11-25T02:33:54.8270261Z       Ã¢ÂœÂ” should be able to abort the response stream (607ms)
2024-11-25T02:33:54.8273654Z Server warning: Premature close
2024-11-25T02:33:54.8275921Z     DNS
2024-11-25T02:33:54.8297341Z       Ã¢ÂœÂ” should support a custom DNS lookup function
2024-11-25T02:33:54.8312295Z       Ã¢ÂœÂ” should support a custom DNS lookup function with address entry passing
2024-11-25T02:33:54.8326450Z       Ã¢ÂœÂ” should support a custom DNS lookup function (async)
2024-11-25T02:33:54.8415243Z       Ã¢ÂœÂ” should support a custom DNS lookup function with address entry (async)
2024-11-25T02:33:54.8416798Z       Ã¢ÂœÂ” should support a custom DNS lookup function that returns only IP address (async)
2024-11-25T02:33:54.8417817Z 
2024-11-25T02:33:54.8418090Z   AxiosHeaders
2024-11-25T02:33:54.8418719Z     Ã¢ÂœÂ” should support headers argument
2024-11-25T02:33:54.8419811Z     Ã¢ÂœÂ” should support uppercase name mapping for names overlapped by class methods
2024-11-25T02:33:54.8420905Z     Ã¢ÂœÂ” should be caseless
2024-11-25T02:33:54.8421410Z     set
2024-11-25T02:33:54.8422059Z       Ã¢ÂœÂ” should support adding a single header
2024-11-25T02:33:54.8423094Z       Ã¢ÂœÂ” should support adding multiple headers
2024-11-25T02:33:54.8424163Z       Ã¢ÂœÂ” should support adding multiple headers from raw headers string
2024-11-25T02:33:54.8449201Z       Ã¢ÂœÂ” should not rewrite header the header if the value is false
2024-11-25T02:33:54.8450553Z       Ã¢ÂœÂ” should not rewrite the header if its value is false, unless rewrite options is set to true
2024-11-25T02:33:54.8451417Z     get
2024-11-25T02:33:54.8451864Z       filter
2024-11-25T02:33:54.8452420Z         Ã¢ÂœÂ” should support RegExp
2024-11-25T02:33:54.8453198Z         Ã¢ÂœÂ” should support function
2024-11-25T02:33:54.8453788Z     has
2024-11-25T02:33:54.8454540Z       Ã¢ÂœÂ” should return true if the header is defined, otherwise false
2024-11-25T02:33:54.8455412Z       filter
2024-11-25T02:33:54.8455820Z         Ã¢ÂœÂ” should support RegExp
2024-11-25T02:33:54.8456701Z         Ã¢ÂœÂ” should support function
2024-11-25T02:33:54.8457263Z         Ã¢ÂœÂ” should support string pattern
2024-11-25T02:33:54.8457834Z     delete
2024-11-25T02:33:54.8458556Z       Ã¢ÂœÂ” should delete the header
2024-11-25T02:33:54.8459337Z       Ã¢ÂœÂ” should return true if the header has been deleted, otherwise false
2024-11-25T02:33:54.8460226Z       Ã¢ÂœÂ” should support headers array
2024-11-25T02:33:54.8460802Z       filter
2024-11-25T02:33:54.8461236Z         Ã¢ÂœÂ” should support RegExp
2024-11-25T02:33:54.8461930Z         Ã¢ÂœÂ” should support function
2024-11-25T02:33:54.8463077Z         Ã¢ÂœÂ” should support string pattern
2024-11-25T02:33:54.8463767Z     clear
2024-11-25T02:33:54.8465833Z       Ã¢ÂœÂ” should clear all headers
2024-11-25T02:33:54.8468396Z       Ã¢ÂœÂ” should clear matching headers if a matcher was specified
2024-11-25T02:33:54.8469418Z     toJSON
2024-11-25T02:33:54.8471446Z       Ã¢ÂœÂ” should return headers object with original headers case
2024-11-25T02:33:54.8472217Z     accessors
2024-11-25T02:33:54.8474888Z       Ã¢ÂœÂ” should support get accessor
2024-11-25T02:33:54.8476732Z       Ã¢ÂœÂ” should support set accessor
2024-11-25T02:33:54.8478149Z       Ã¢ÂœÂ” should support has accessor
2024-11-25T02:33:54.8478744Z     normalize()
2024-11-25T02:33:54.8481419Z       Ã¢ÂœÂ” should support auto-formatting
2024-11-25T02:33:54.8483215Z       Ã¢ÂœÂ” should support external defined values
2024-11-25T02:33:54.8485715Z       Ã¢ÂœÂ” should support array values
2024-11-25T02:33:54.8486518Z     AxiosHeaders.concat
2024-11-25T02:33:54.8488415Z       Ã¢ÂœÂ” should concatenate plain headers into an AxiosHeader instance
2024-11-25T02:33:54.8490145Z       Ã¢ÂœÂ” should concatenate raw headers into an AxiosHeader instance
2024-11-25T02:33:54.8491880Z       Ã¢ÂœÂ” should concatenate Axios headers into a new AxiosHeader instance
2024-11-25T02:33:54.8492792Z     toString
2024-11-25T02:33:54.8494477Z       Ã¢ÂœÂ” should serialize AxiosHeader instance to a raw headers string
2024-11-25T02:33:54.8495225Z 
2024-11-25T02:33:54.8495475Z   transformResponse
2024-11-25T02:33:54.8495949Z     200 request
2024-11-25T02:33:54.8497055Z       Ã¢ÂœÂ” parses json
2024-11-25T02:33:54.8498928Z       Ã¢ÂœÂ” ignores XML
2024-11-25T02:33:54.8499407Z     204 request
2024-11-25T02:33:54.8501057Z       Ã¢ÂœÂ” does not parse the empty string
2024-11-25T02:33:54.8502342Z       Ã¢ÂœÂ” does not parse undefined
2024-11-25T02:33:54.8503098Z 
2024-11-25T02:33:54.8503777Z   helpers::fromDataURI
2024-11-25T02:33:54.8506283Z     Ã¢ÂœÂ” should return buffer from data uri
2024-11-25T02:33:54.8506952Z 
2024-11-25T02:33:54.8507341Z   helpers::parseProtocol
2024-11-25T02:33:54.8510266Z     Ã¢ÂœÂ” should parse protocol part if it exists
2024-11-25T02:33:54.8510759Z 
2024-11-25T02:33:54.8511238Z   Server-Side Request Forgery (SSRF)
2024-11-25T02:33:54.8543232Z     Ã¢ÂœÂ” obeys proxy settings when following redirects
2024-11-25T02:33:54.8546153Z 
2024-11-25T02:33:54.8546446Z   issues
2024-11-25T02:33:54.8547082Z     4999
2024-11-25T02:33:54.9852160Z       Ã¢ÂœÂ” should not fail with query parsing (130ms)
2024-11-25T02:33:54.9853092Z     5028
2024-11-25T02:33:54.9875018Z       Ã¢ÂœÂ” should handle set-cookie headers as an array
2024-11-25T02:33:54.9876223Z 
2024-11-25T02:33:54.9877065Z   utils
2024-11-25T02:33:54.9879372Z     Ã¢ÂœÂ” should validate Stream
2024-11-25T02:33:54.9881161Z     Ã¢ÂœÂ” should validate Buffer
2024-11-25T02:33:54.9881891Z     utils::isFormData
2024-11-25T02:33:54.9884750Z       Ã¢ÂœÂ” should detect the FormData instance provided by the `form-data` package
2024-11-25T02:33:54.9886474Z       Ã¢ÂœÂ” should not call toString method on built-in objects instances
2024-11-25T02:33:54.9888572Z       Ã¢ÂœÂ” should not call toString method on built-in objects instances, even if append method exists
2024-11-25T02:33:54.9890702Z       Ã¢ÂœÂ” should detect custom FormData instances by toStringTag signature and append method presence
2024-11-25T02:33:54.9892138Z     toJSON
2024-11-25T02:33:54.9895103Z       Ã¢ÂœÂ” should convert to a plain object without circular references
2024-11-25T02:33:54.9897646Z       Ã¢ÂœÂ” should use objects with defined toJSON method without rebuilding
2024-11-25T02:33:54.9898406Z 
2024-11-25T02:33:54.9899932Z 
2024-11-25T02:33:54.9901733Z   163 passing (47s)
2024-11-25T02:33:54.9902109Z 
2024-11-25T02:33:55.1117900Z 
2024-11-25T02:33:55.1118677Z > axios@1.6.0 test:karma
2024-11-25T02:33:55.1123089Z > node bin/ssl_hotfix.js cross-env LISTEN_ADDR=:: karma start karma.conf.cjs --single-run
2024-11-25T02:33:55.1154538Z 
2024-11-25T02:33:55.1460020Z Running cross-env LISTEN_ADDR=:: karma start karma.conf.cjs --single-run on v20.18.0
2024-11-25T02:33:55.1460925Z 
2024-11-25T02:33:55.1463579Z Setting --openssl-legacy-provider as ssl hotfix
2024-11-25T02:33:55.4140853Z Running ci on GitHub Actions.
2024-11-25T02:33:55.7100636Z (node:2055) MaxListenersExceededWarning: Possible EventEmitter memory leak detected. 11 beforeExit listeners added to [process]. MaxListeners is 10. Use emitter.setMaxListeners() to increase limit
2024-11-25T02:33:55.7104457Z (Use `node --trace-warnings ...` to show where the warning was created)
2024-11-25T02:33:55.7763040Z [32m25 11 2024 02:33:55.775:INFO [preprocessor.rollup]: [39mGenerating bundle for ./test/specs/adapter.spec.js
2024-11-25T02:33:55.8129192Z [32m25 11 2024 02:33:55.812:INFO [preprocessor.rollup]: [39mGenerating bundle for ./test/specs/api.spec.js
2024-11-25T02:33:55.8310555Z [32m25 11 2024 02:33:55.830:INFO [preprocessor.rollup]: [39mGenerating bundle for ./test/specs/formdata.spec.js
2024-11-25T02:33:55.8405090Z [32m25 11 2024 02:33:55.840:INFO [preprocessor.rollup]: [39mGenerating bundle for ./test/specs/instance.spec.js
2024-11-25T02:33:55.8722741Z [32m25 11 2024 02:33:55.871:INFO [preprocessor.rollup]: [39mGenerating bundle for ./test/specs/interceptors.spec.js
2024-11-25T02:33:55.8845346Z [32m25 11 2024 02:33:55.884:INFO [preprocessor.rollup]: [39mGenerating bundle for ./test/specs/progress.spec.js
2024-11-25T02:33:55.8906248Z [32m25 11 2024 02:33:55.890:INFO [preprocessor.rollup]: [39mGenerating bundle for ./test/specs/promise.spec.js
2024-11-25T02:33:55.9152405Z [32m25 11 2024 02:33:55.914:INFO [preprocessor.rollup]: [39mGenerating bundle for ./test/specs/requests.spec.js
2024-11-25T02:33:55.9319033Z [32m25 11 2024 02:33:55.931:INFO [preprocessor.rollup]: [39mGenerating bundle for ./test/specs/core/enhanceError.spec.js
2024-11-25T02:33:55.9323954Z Generated an empty chunk: "enhanceError.spec"
2024-11-25T02:33:56.1141712Z [32m25 11 2024 02:33:56.113:INFO [preprocessor.rollup]: [39mGenerating bundle for ./test/specs/helpers/combineURLs.spec.js
2024-11-25T02:33:56.1185961Z [32m25 11 2024 02:33:56.118:INFO [preprocessor.rollup]: [39mGenerating bundle for ./test/specs/helpers/bind.spec.js
2024-11-25T02:33:56.1236145Z [32m25 11 2024 02:33:56.123:INFO [preprocessor.rollup]: [39mGenerating bundle for ./test/specs/helpers/isAbsoluteURL.spec.js
2024-11-25T02:33:56.1263855Z [32m25 11 2024 02:33:56.126:INFO [preprocessor.rollup]: [39mGenerating bundle for ./test/specs/helpers/spread.spec.js
2024-11-25T02:33:56.1367195Z preferring built-in module 'assert' over local alternative at '/home/runner/work/axios-microprint-example/axios-microprint-example/node_modules/assert/assert.js', pass 'preferBuiltins: false' to disable this behavior or 'preferBuiltins: true' to disable this warning
2024-11-25T02:33:56.1715565Z [32m25 11 2024 02:33:56.171:INFO [preprocessor.rollup]: [39mGenerating bundle for ./test/specs/cancel.spec.js
2024-11-25T02:33:56.3390743Z [32m25 11 2024 02:33:56.338:INFO [preprocessor.rollup]: [39mGenerating bundle for ./test/specs/utils/forEach.spec.js
2024-11-25T02:33:56.3549058Z [32m25 11 2024 02:33:56.354:INFO [preprocessor.rollup]: [39mGenerating bundle for ./test/specs/utils/extend.spec.js
2024-11-25T02:33:56.3765622Z [32m25 11 2024 02:33:56.376:INFO [preprocessor.rollup]: [39mGenerating bundle for ./test/specs/utils/isX.spec.js
2024-11-25T02:33:56.3930925Z [32m25 11 2024 02:33:56.392:INFO [preprocessor.rollup]: [39mGenerating bundle for ./test/specs/utils/merge.spec.js
2024-11-25T02:33:56.4057079Z [32m25 11 2024 02:33:56.405:INFO [preprocessor.rollup]: [39mGenerating bundle for ./test/specs/utils/trim.spec.js
2024-11-25T02:33:56.4139781Z [32m25 11 2024 02:33:56.413:INFO [preprocessor.rollup]: [39mGenerating bundle for ./test/specs/core/buildFullPath.spec.js
2024-11-25T02:33:56.5361303Z preferring built-in module 'assert' over local alternative at '/home/runner/work/axios-microprint-example/axios-microprint-example/node_modules/assert/assert.js', pass 'preferBuiltins: false' to disable this behavior or 'preferBuiltins: true' to disable this warning
2024-11-25T02:33:56.5364321Z 'assert' is imported by test/specs/headers.spec.js, but could not be resolved Ã¢Â€Â“ treating it as an external dependency
2024-11-25T02:33:56.5386758Z "default" is imported from external module "assert" but never used in "test/specs/headers.spec.js".
2024-11-25T02:33:56.5390418Z [32m25 11 2024 02:33:56.538:INFO [preprocessor.rollup]: [39mGenerating bundle for ./test/specs/headers.spec.js
2024-11-25T02:33:56.5400472Z Creating a browser bundle that depends on Node.js built-in modules ("assert"). You might need to include https://github.com/snowpackjs/rollup-plugin-polyfill-node
2024-11-25T02:33:56.5999016Z [32m25 11 2024 02:33:56.599:INFO [preprocessor.rollup]: [39mGenerating bundle for ./test/specs/transform.spec.js
2024-11-25T02:33:56.6092596Z [32m25 11 2024 02:33:56.608:INFO [preprocessor.rollup]: [39mGenerating bundle for ./test/specs/options.spec.js
2024-11-25T02:33:56.6203089Z [32m25 11 2024 02:33:56.619:INFO [preprocessor.rollup]: [39mGenerating bundle for ./test/specs/core/AxiosError.spec.js
2024-11-25T02:33:56.6344184Z [32m25 11 2024 02:33:56.633:INFO [preprocessor.rollup]: [39mGenerating bundle for ./test/specs/helpers/isAxiosError.spec.js
2024-11-25T02:33:56.6449863Z [32m25 11 2024 02:33:56.644:INFO [preprocessor.rollup]: [39mGenerating bundle for ./test/specs/helpers/parseHeaders.spec.js
2024-11-25T02:33:56.6594369Z [32m25 11 2024 02:33:56.659:INFO [preprocessor.rollup]: [39mGenerating bundle for ./test/specs/helpers/formDataToJSON.spec.js
2024-11-25T02:33:56.6749891Z [32m25 11 2024 02:33:56.674:INFO [preprocessor.rollup]: [39mGenerating bundle for ./test/specs/helpers/toFormData.spec.js
2024-11-25T02:33:56.6929835Z [32m25 11 2024 02:33:56.692:INFO [preprocessor.rollup]: [39mGenerating bundle for ./test/specs/cancel/CanceledError.spec.js
2024-11-25T02:33:56.7092807Z [32m25 11 2024 02:33:56.708:INFO [preprocessor.rollup]: [39mGenerating bundle for ./test/specs/cancel/CancelToken.spec.js
2024-11-25T02:33:56.7234349Z [32m25 11 2024 02:33:56.723:INFO [preprocessor.rollup]: [39mGenerating bundle for ./test/specs/cancel/isCancel.spec.js
2024-11-25T02:33:56.8238384Z [32m25 11 2024 02:33:56.823:INFO [preprocessor.rollup]: [39mGenerating bundle for ./test/specs/core/settle.spec.js
2024-11-25T02:33:56.8401072Z [32m25 11 2024 02:33:56.839:INFO [preprocessor.rollup]: [39mGenerating bundle for ./test/specs/helpers/validator.spec.js
2024-11-25T02:33:56.9042693Z [32m25 11 2024 02:33:56.903:INFO [preprocessor.rollup]: [39mGenerating bundle for ./test/specs/helpers/buildURL.spec.js
2024-11-25T02:33:56.9543056Z [32m25 11 2024 02:33:56.953:INFO [preprocessor.rollup]: [39mGenerating bundle for ./test/specs/core/mergeConfig.spec.js
2024-11-25T02:33:57.0010994Z [32m25 11 2024 02:33:57.000:INFO [preprocessor.rollup]: [39mGenerating bundle for ./test/specs/defaults.spec.js
2024-11-25T02:33:57.0371056Z [32m25 11 2024 02:33:57.036:INFO [preprocessor.rollup]: [39mGenerating bundle for ./test/specs/__helpers.js
2024-11-25T02:33:57.0801175Z [32m25 11 2024 02:33:57.079:INFO [preprocessor.rollup]: [39mGenerating bundle for ./test/specs/basicAuth.spec.js
2024-11-25T02:33:57.1286110Z [32m25 11 2024 02:33:57.128:INFO [preprocessor.rollup]: [39mGenerating bundle for ./test/specs/core/transformData.spec.js
2024-11-25T02:33:57.1517493Z [32m25 11 2024 02:33:57.151:INFO [preprocessor.rollup]: [39mGenerating bundle for ./test/specs/helpers/isURLSameOrigin.spec.js
2024-11-25T02:33:57.1649312Z [32m25 11 2024 02:33:57.164:INFO [preprocessor.rollup]: [39mGenerating bundle for ./test/specs/helpers/cookies.spec.js
2024-11-25T02:33:57.1825878Z [32m25 11 2024 02:33:57.182:INFO [preprocessor.rollup]: [39mGenerating bundle for ./test/specs/xsrf.spec.js
2024-11-25T02:33:57.1904710Z [32m25 11 2024 02:33:57.190:INFO [karma-server]: [39mKarma v6.3.20 server started at http://localhost:9876/
2024-11-25T02:33:57.1907096Z [32m25 11 2024 02:33:57.190:INFO [launcher]: [39mLaunching browsers FirefoxHeadless, ChromeHeadless with concurrency unlimited
2024-11-25T02:33:57.1944706Z [32m25 11 2024 02:33:57.194:INFO [launcher]: [39mStarting browser FirefoxHeadless
2024-11-25T02:33:57.2074881Z [32m25 11 2024 02:33:57.207:INFO [launcher]: [39mStarting browser ChromeHeadless
2024-11-25T02:34:03.5480801Z [32m25 11 2024 02:34:03.547:INFO [Chrome Headless 131.0.0.0 (Linux x86_64)]: [39mConnected on socket WaAlKT4ot8BOrouzAAAB with id 22404355
2024-11-25T02:34:03.8210484Z Chrome Headless 131.0.0.0 (Linux x86_64): Executed 0 of 306 SUCCESS (0 secs / 0 secs)
2024-11-25T02:34:03.8257046Z [1A[2KChrome Headless 131.0.0.0 (Linux x86_64): Executed 1 of 306 SUCCESS (0 secs / 0.006 secs)
2024-11-25T02:34:03.8259410Z [1A[2KChrome Headless 131.0.0.0 (Linux x86_64): Executed 2 of 306 SUCCESS (0 secs / 0.007 secs)
2024-11-25T02:34:03.8262143Z [1A[2KChrome Headless 131.0.0.0 (Linux x86_64): Executed 3 of 306 SUCCESS (0 secs / 0.007 secs)
2024-11-25T02:34:03.8283322Z [1A[2KChrome Headless 131.0.0.0 (Linux x86_64): Executed 4 of 306 SUCCESS (0 secs / 0.008 secs)
2024-11-25T02:34:03.8297156Z [1A[2KChrome Headless 131.0.0.0 (Linux x86_64): Executed 5 of 306 SUCCESS (0 secs / 0.009 secs)
2024-11-25T02:34:03.8302450Z [1A[2KChrome Headless 131.0.0.0 (Linux x86_64): Executed 6 of 306 SUCCESS (0 secs / 0.009 secs)
2024-11-25T02:34:03.8304632Z [1A[2KChrome Headless 131.0.0.0 (Linux x86_64): Executed 7 of 306 SUCCESS (0 secs / 0.009 secs)
2024-11-25T02:34:03.8307165Z [33m25 11 2024 02:34:03.830:WARN [web-server]: [39m404: /test
2024-11-25T02:34:03.8316910Z [1A[2KChrome Headless 131.0.0.0 (Linux x86_64): Executed 8 of 306 SUCCESS (0 secs / 0.009 secs)
2024-11-25T02:34:03.8319400Z [1A[2KChrome Headless 131.0.0.0 (Linux x86_64): Executed 9 of 306 SUCCESS (0 secs / 0.009 secs)
2024-11-25T02:34:03.8321539Z [1A[2KChrome Headless 131.0.0.0 (Linux x86_64): Executed 10 of 306 SUCCESS (0 secs / 0.01 secs)
2024-11-25T02:34:03.8323826Z [1A[2KChrome Headless 131.0.0.0 (Linux x86_64): Executed 11 of 306 SUCCESS (0 secs / 0.01 secs)
2024-11-25T02:34:03.8325625Z [1A[2KChrome Headless 131.0.0.0 (Linux x86_64): Executed 12 of 306 SUCCESS (0 secs / 0.01 secs)
2024-11-25T02:34:03.8327352Z [1A[2KChrome Headless 131.0.0.0 (Linux x86_64): Executed 13 of 306 SUCCESS (0 secs / 0.01 secs)
2024-11-25T02:34:03.8329341Z [1A[2KChrome Headless 131.0.0.0 (Linux x86_64): Executed 14 of 306 SUCCESS (0 secs / 0.011 secs)
2024-11-25T02:34:03.8334917Z [1A[2KChrome Headless 131.0.0.0 (Linux x86_64): Executed 15 of 306 SUCCESS (0 secs / 0.011 secs)
2024-11-25T02:34:03.8341457Z [1A[2KChrome Headless 131.0.0.0 (Linux x86_64): Executed 16 of 306 SUCCESS (0 secs / 0.011 secs)
2024-11-25T02:34:03.9358814Z [1A[2KChrome Headless 131.0.0.0 (Linux x86_64): Executed 17 of 306 SUCCESS (0 secs / 0.115 secs)
2024-11-25T02:34:04.0368001Z [1A[2KChrome Headless 131.0.0.0 (Linux x86_64): Executed 18 of 306 SUCCESS (0 secs / 0.215 secs)
2024-11-25T02:34:04.1380668Z [1A[2KChrome Headless 131.0.0.0 (Linux x86_64): Executed 19 of 306 SUCCESS (0 secs / 0.315 secs)
2024-11-25T02:34:04.1390646Z [1A[2KChrome Headless 131.0.0.0 (Linux x86_64): Executed 20 of 306 SUCCESS (0 secs / 0.316 secs)
2024-11-25T02:34:04.1397038Z [1A[2KChrome Headless 131.0.0.0 (Linux x86_64): Executed 21 of 306 SUCCESS (0 secs / 0.317 secs)
2024-11-25T02:34:04.1406973Z [1A[2KChrome Headless 131.0.0.0 (Linux x86_64): Executed 22 of 306 SUCCESS (0 secs / 0.318 secs)
2024-11-25T02:34:04.1411073Z [1A[2KChrome Headless 131.0.0.0 (Linux x86_64): Executed 23 of 306 SUCCESS (0 secs / 0.318 secs)
2024-11-25T02:34:04.1417838Z [1A[2KChrome Headless 131.0.0.0 (Linux x86_64): Executed 24 of 306 SUCCESS (0 secs / 0.319 secs)
2024-11-25T02:34:04.1423205Z [1A[2KChrome Headless 131.0.0.0 (Linux x86_64): Executed 25 of 306 SUCCESS (0 secs / 0.319 secs)
2024-11-25T02:34:04.1425144Z [1A[2KChrome Headless 131.0.0.0 (Linux x86_64): Executed 26 of 306 SUCCESS (0 secs / 0.319 secs)
2024-11-25T02:34:04.1429369Z [1A[2KChrome Headless 131.0.0.0 (Linux x86_64): Executed 27 of 306 SUCCESS (0 secs / 0.319 secs)
2024-11-25T02:34:04.1430610Z [1A[2KChrome Headless 131.0.0.0 (Linux x86_64): Executed 28 of 306 SUCCESS (0 secs / 0.319 secs)
2024-11-25T02:34:04.1436000Z [1A[2KChrome Headless 131.0.0.0 (Linux x86_64): Executed 29 of 306 SUCCESS (0 secs / 0.319 secs)
2024-11-25T02:34:04.1438498Z [1A[2KChrome Headless 131.0.0.0 (Linux x86_64): Executed 30 of 306 SUCCESS (0 secs / 0.319 secs)
2024-11-25T02:34:04.1440835Z [1A[2KChrome Headless 131.0.0.0 (Linux x86_64): Executed 31 of 306 SUCCESS (0 secs / 0.319 secs)
2024-11-25T02:34:04.1442819Z [1A[2KChrome Headless 131.0.0.0 (Linux x86_64): Executed 32 of 306 SUCCESS (0 secs / 0.319 secs)
2024-11-25T02:34:04.1445502Z [1A[2KChrome Headless 131.0.0.0 (Linux x86_64): Executed 33 of 306 SUCCESS (0 secs / 0.32 secs)
2024-11-25T02:34:04.1447688Z [1A[2KChrome Headless 131.0.0.0 (Linux x86_64): Executed 34 of 306 SUCCESS (0 secs / 0.32 secs)
2024-11-25T02:34:04.1449718Z [1A[2KChrome Headless 131.0.0.0 (Linux x86_64): Executed 35 of 306 SUCCESS (0 secs / 0.32 secs)
2024-11-25T02:34:04.1451101Z [1A[2KChrome Headless 131.0.0.0 (Linux x86_64): Executed 36 of 306 SUCCESS (0 secs / 0.32 secs)
2024-11-25T02:34:04.1460349Z [1A[2KChrome Headless 131.0.0.0 (Linux x86_64): Executed 37 of 306 SUCCESS (0 secs / 0.321 secs)
2024-11-25T02:34:04.1465462Z [1A[2KChrome Headless 131.0.0.0 (Linux x86_64): Executed 38 of 306 SUCCESS (0 secs / 0.322 secs)
2024-11-25T02:34:04.1470005Z [1A[2KChrome Headless 131.0.0.0 (Linux x86_64): Executed 39 of 306 SUCCESS (0 secs / 0.322 secs)
2024-11-25T02:34:04.1472014Z [1A[2KChrome Headless 131.0.0.0 (Linux x86_64): Executed 40 of 306 SUCCESS (0 secs / 0.322 secs)
2024-11-25T02:34:04.1476986Z [1A[2KChrome Headless 131.0.0.0 (Linux x86_64): Executed 41 of 306 SUCCESS (0 secs / 0.323 secs)
2024-11-25T02:34:04.1480026Z [1A[2KChrome Headless 131.0.0.0 (Linux x86_64): Executed 42 of 306 SUCCESS (0 secs / 0.323 secs)
2024-11-25T02:34:04.1481803Z [1A[2KChrome Headless 131.0.0.0 (Linux x86_64): Executed 43 of 306 SUCCESS (0 secs / 0.323 secs)
2024-11-25T02:34:04.1483362Z [1A[2KChrome Headless 131.0.0.0 (Linux x86_64): Executed 44 of 306 SUCCESS (0 secs / 0.323 secs)
2024-11-25T02:34:04.1491776Z [1A[2KChrome Headless 131.0.0.0 (Linux x86_64): Executed 45 of 306 SUCCESS (0 secs / 0.323 secs)
2024-11-25T02:34:04.1495440Z [1A[2KChrome Headless 131.0.0.0 (Linux x86_64): Executed 46 of 306 SUCCESS (0 secs / 0.324 secs)
2024-11-25T02:34:04.1498237Z [1A[2KChrome Headless 131.0.0.0 (Linux x86_64): Executed 47 of 306 SUCCESS (0 secs / 0.324 secs)
2024-11-25T02:34:04.1501074Z [1A[2KChrome Headless 131.0.0.0 (Linux x86_64): Executed 48 of 306 SUCCESS (0 secs / 0.324 secs)
2024-11-25T02:34:04.1503451Z [1A[2KChrome Headless 131.0.0.0 (Linux x86_64): Executed 49 of 306 SUCCESS (0 secs / 0.324 secs)
2024-11-25T02:34:04.1505816Z [1A[2KChrome Headless 131.0.0.0 (Linux x86_64): Executed 50 of 306 SUCCESS (0 secs / 0.324 secs)
2024-11-25T02:34:04.1508774Z [1A[2KChrome Headless 131.0.0.0 (Linux x86_64): Executed 51 of 306 SUCCESS (0 secs / 0.324 secs)
2024-11-25T02:34:04.1511771Z [1A[2KChrome Headless 131.0.0.0 (Linux x86_64): Executed 52 of 306 SUCCESS (0 secs / 0.324 secs)
2024-11-25T02:34:04.1514160Z [1A[2KChrome Headless 131.0.0.0 (Linux x86_64): Executed 53 of 306 SUCCESS (0 secs / 0.324 secs)
2024-11-25T02:34:04.1516282Z [1A[2KChrome Headless 131.0.0.0 (Linux x86_64): Executed 54 of 306 SUCCESS (0 secs / 0.324 secs)
2024-11-25T02:34:04.1520662Z [1A[2KChrome Headless 131.0.0.0 (Linux x86_64): Executed 55 of 306 SUCCESS (0 secs / 0.324 secs)
2024-11-25T02:34:04.1525902Z [1A[2KChrome Headless 131.0.0.0 (Linux x86_64): Executed 56 of 306 SUCCESS (0 secs / 0.324 secs)
2024-11-25T02:34:04.1530489Z [1A[2KChrome Headless 131.0.0.0 (Linux x86_64): Executed 57 of 306 SUCCESS (0 secs / 0.324 secs)
2024-11-25T02:34:04.1533835Z [1A[2KChrome Headless 131.0.0.0 (Linux x86_64): Executed 58 of 306 SUCCESS (0 secs / 0.324 secs)
2024-11-25T02:34:04.1536038Z [1A[2KChrome Headless 131.0.0.0 (Linux x86_64): Executed 59 of 306 SUCCESS (0 secs / 0.324 secs)
2024-11-25T02:34:04.1538553Z [1A[2KChrome Headless 131.0.0.0 (Linux x86_64): Executed 60 of 306 SUCCESS (0 secs / 0.324 secs)
2024-11-25T02:34:04.1540889Z [1A[2KChrome Headless 131.0.0.0 (Linux x86_64): Executed 61 of 306 SUCCESS (0 secs / 0.324 secs)
2024-11-25T02:34:04.1543330Z [1A[2KChrome Headless 131.0.0.0 (Linux x86_64): Executed 62 of 306 SUCCESS (0 secs / 0.324 secs)
2024-11-25T02:34:04.1546245Z [1A[2KChrome Headless 131.0.0.0 (Linux x86_64): Executed 63 of 306 SUCCESS (0 secs / 0.324 secs)
2024-11-25T02:34:04.1549147Z [1A[2KChrome Headless 131.0.0.0 (Linux x86_64): Executed 64 of 306 SUCCESS (0 secs / 0.324 secs)
2024-11-25T02:34:04.1551372Z [1A[2KChrome Headless 131.0.0.0 (Linux x86_64): Executed 65 of 306 SUCCESS (0 secs / 0.325 secs)
2024-11-25T02:34:04.1553698Z [1A[2KChrome Headless 131.0.0.0 (Linux x86_64): Executed 66 of 306 SUCCESS (0 secs / 0.325 secs)
2024-11-25T02:34:04.1556132Z [1A[2KChrome Headless 131.0.0.0 (Linux x86_64): Executed 67 of 306 SUCCESS (0 secs / 0.325 secs)
2024-11-25T02:34:04.1558486Z [1A[2KChrome Headless 131.0.0.0 (Linux x86_64): Executed 68 of 306 SUCCESS (0 secs / 0.325 secs)
2024-11-25T02:34:04.1560997Z [1A[2KChrome Headless 131.0.0.0 (Linux x86_64): Executed 69 of 306 SUCCESS (0 secs / 0.325 secs)
2024-11-25T02:34:04.1563322Z [1A[2KChrome Headless 131.0.0.0 (Linux x86_64): Executed 70 of 306 SUCCESS (0 secs / 0.325 secs)
2024-11-25T02:34:04.1565719Z [1A[2KChrome Headless 131.0.0.0 (Linux x86_64): Executed 71 of 306 SUCCESS (0 secs / 0.325 secs)
2024-11-25T02:34:04.1567974Z [1A[2KChrome Headless 131.0.0.0 (Linux x86_64): Executed 72 of 306 SUCCESS (0 secs / 0.325 secs)
2024-11-25T02:34:04.1570411Z [1A[2KChrome Headless 131.0.0.0 (Linux x86_64): Executed 73 of 306 SUCCESS (0 secs / 0.326 secs)
2024-11-25T02:34:04.1572703Z [1A[2KChrome Headless 131.0.0.0 (Linux x86_64): Executed 74 of 306 SUCCESS (0 secs / 0.326 secs)
2024-11-25T02:34:04.1574921Z [1A[2KChrome Headless 131.0.0.0 (Linux x86_64): Executed 75 of 306 SUCCESS (0 secs / 0.326 secs)
2024-11-25T02:34:04.1577664Z [1A[2KChrome Headless 131.0.0.0 (Linux x86_64): Executed 76 of 306 SUCCESS (0 secs / 0.326 secs)
2024-11-25T02:34:04.1579946Z [1A[2KChrome Headless 131.0.0.0 (Linux x86_64): Executed 77 of 306 SUCCESS (0 secs / 0.326 secs)
2024-11-25T02:34:04.1582339Z [1A[2KChrome Headless 131.0.0.0 (Linux x86_64): Executed 78 of 306 SUCCESS (0 secs / 0.326 secs)
2024-11-25T02:34:04.1584613Z [1A[2KChrome Headless 131.0.0.0 (Linux x86_64): Executed 79 of 306 SUCCESS (0 secs / 0.326 secs)
2024-11-25T02:34:04.1587233Z [1A[2KChrome Headless 131.0.0.0 (Linux x86_64): Executed 80 of 306 SUCCESS (0 secs / 0.326 secs)
2024-11-25T02:34:04.1589819Z [1A[2KChrome Headless 131.0.0.0 (Linux x86_64): Executed 81 of 306 SUCCESS (0 secs / 0.326 secs)
2024-11-25T02:34:04.1592088Z [1A[2KChrome Headless 131.0.0.0 (Linux x86_64): Executed 82 of 306 SUCCESS (0 secs / 0.326 secs)
2024-11-25T02:34:04.1593986Z [1A[2KChrome Headless 131.0.0.0 (Linux x86_64): Executed 83 of 306 SUCCESS (0 secs / 0.327 secs)
2024-11-25T02:34:04.1596065Z [1A[2KChrome Headless 131.0.0.0 (Linux x86_64): Executed 84 of 306 SUCCESS (0 secs / 0.327 secs)
2024-11-25T02:34:04.1598066Z [1A[2KChrome Headless 131.0.0.0 (Linux x86_64): Executed 85 of 306 SUCCESS (0 secs / 0.327 secs)
2024-11-25T02:34:04.1600371Z [1A[2KChrome Headless 131.0.0.0 (Linux x86_64): Executed 86 of 306 SUCCESS (0 secs / 0.327 secs)
2024-11-25T02:34:04.1602875Z [1A[2KChrome Headless 131.0.0.0 (Linux x86_64): Executed 87 of 306 SUCCESS (0 secs / 0.327 secs)
2024-11-25T02:34:04.1605134Z [1A[2KChrome Headless 131.0.0.0 (Linux x86_64): Executed 88 of 306 SUCCESS (0 secs / 0.327 secs)
2024-11-25T02:34:04.1607324Z [1A[2KChrome Headless 131.0.0.0 (Linux x86_64): Executed 89 of 306 SUCCESS (0 secs / 0.327 secs)
2024-11-25T02:34:04.1609531Z [1A[2KChrome Headless 131.0.0.0 (Linux x86_64): Executed 90 of 306 SUCCESS (0 secs / 0.327 secs)
2024-11-25T02:34:04.1611488Z [1A[2KChrome Headless 131.0.0.0 (Linux x86_64): Executed 91 of 306 SUCCESS (0 secs / 0.327 secs)
2024-11-25T02:34:04.1613505Z [1A[2KChrome Headless 131.0.0.0 (Linux x86_64): Executed 92 of 306 SUCCESS (0 secs / 0.327 secs)
2024-11-25T02:34:04.1615596Z [1A[2KChrome Headless 131.0.0.0 (Linux x86_64): Executed 93 of 306 SUCCESS (0 secs / 0.327 secs)
2024-11-25T02:34:04.1617570Z [1A[2KChrome Headless 131.0.0.0 (Linux x86_64): Executed 94 of 306 SUCCESS (0 secs / 0.327 secs)
2024-11-25T02:34:04.1620195Z [1A[2KChrome Headless 131.0.0.0 (Linux x86_64): Executed 95 of 306 SUCCESS (0 secs / 0.328 secs)
2024-11-25T02:34:04.1622338Z [1A[2KChrome Headless 131.0.0.0 (Linux x86_64): Executed 96 of 306 SUCCESS (0 secs / 0.328 secs)
2024-11-25T02:34:04.1624324Z [1A[2KChrome Headless 131.0.0.0 (Linux x86_64): Executed 97 of 306 SUCCESS (0 secs / 0.328 secs)
2024-11-25T02:34:04.1626247Z [1A[2KChrome Headless 131.0.0.0 (Linux x86_64): Executed 98 of 306 SUCCESS (0 secs / 0.328 secs)
2024-11-25T02:34:04.1628049Z [1A[2KChrome Headless 131.0.0.0 (Linux x86_64): Executed 99 of 306 SUCCESS (0 secs / 0.329 secs)
2024-11-25T02:34:04.1629429Z [1A[2KChrome Headless 131.0.0.0 (Linux x86_64): Executed 100 of 306 SUCCESS (0 secs / 0.329 secs)
2024-11-25T02:34:04.1630664Z [1A[2KChrome Headless 131.0.0.0 (Linux x86_64): Executed 101 of 306 SUCCESS (0 secs / 0.329 secs)
2024-11-25T02:34:04.1631709Z [1A[2KChrome Headless 131.0.0.0 (Linux x86_64): Executed 102 of 306 SUCCESS (0 secs / 0.329 secs)
2024-11-25T02:34:04.1778587Z [1A[2KChrome Headless 131.0.0.0 (Linux x86_64): Executed 103 of 306 SUCCESS (0 secs / 0.344 secs)
2024-11-25T02:34:04.1784841Z [1A[2KChrome Headless 131.0.0.0 (Linux x86_64): Executed 104 of 306 SUCCESS (0 secs / 0.344 secs)
2024-11-25T02:34:04.1792062Z [1A[2KChrome Headless 131.0.0.0 (Linux x86_64): Executed 105 of 306 SUCCESS (0 secs / 0.344 secs)
2024-11-25T02:34:04.1795391Z [1A[2KChrome Headless 131.0.0.0 (Linux x86_64): Executed 106 of 306 SUCCESS (0 secs / 0.345 secs)
2024-11-25T02:34:04.1799203Z [1A[2KChrome Headless 131.0.0.0 (Linux x86_64): Executed 107 of 306 SUCCESS (0 secs / 0.345 secs)
2024-11-25T02:34:04.1802046Z [1A[2KChrome Headless 131.0.0.0 (Linux x86_64): Executed 108 of 306 SUCCESS (0 secs / 0.345 secs)
2024-11-25T02:34:04.1810423Z [1A[2KChrome Headless 131.0.0.0 (Linux x86_64): Executed 109 of 306 SUCCESS (0 secs / 0.346 secs)
2024-11-25T02:34:04.1815718Z [1A[2KChrome Headless 131.0.0.0 (Linux x86_64): Executed 110 of 306 SUCCESS (0 secs / 0.347 secs)
2024-11-25T02:34:04.1820732Z [1A[2KChrome Headless 131.0.0.0 (Linux x86_64): Executed 111 of 306 SUCCESS (0 secs / 0.347 secs)
2024-11-25T02:34:04.1832631Z [1A[2KChrome Headless 131.0.0.0 (Linux x86_64): Executed 112 of 306 SUCCESS (0 secs / 0.348 secs)
2024-11-25T02:34:04.1838736Z [1A[2KChrome Headless 131.0.0.0 (Linux x86_64): Executed 113 of 306 SUCCESS (0 secs / 0.349 secs)
2024-11-25T02:34:04.1848049Z [1A[2KChrome Headless 131.0.0.0 (Linux x86_64): Executed 114 of 306 SUCCESS (0 secs / 0.35 secs)
2024-11-25T02:34:04.1857030Z [1A[2KChrome Headless 131.0.0.0 (Linux x86_64): Executed 115 of 306 SUCCESS (0 secs / 0.351 secs)
2024-11-25T02:34:04.1869681Z [1A[2KChrome Headless 131.0.0.0 (Linux x86_64): Executed 116 of 306 SUCCESS (0 secs / 0.352 secs)
2024-11-25T02:34:04.1875479Z [1A[2KChrome Headless 131.0.0.0 (Linux x86_64): Executed 117 of 306 SUCCESS (0 secs / 0.353 secs)
2024-11-25T02:34:04.5616453Z [1A[2KChrome Headless 131.0.0.0 (Linux x86_64): Executed 118 of 306 SUCCESS (0 secs / 0.726 secs)
2024-11-25T02:34:04.5622252Z [1A[2KChrome Headless 131.0.0.0 (Linux x86_64): Executed 119 of 306 SUCCESS (0 secs / 0.726 secs)
2024-11-25T02:34:04.5626835Z [1A[2KChrome Headless 131.0.0.0 (Linux x86_64): Executed 120 of 306 SUCCESS (0 secs / 0.727 secs)
2024-11-25T02:34:04.5630182Z [1A[2KChrome Headless 131.0.0.0 (Linux x86_64): Executed 121 of 306 SUCCESS (0 secs / 0.727 secs)
2024-11-25T02:34:04.5637012Z [1A[2KChrome Headless 131.0.0.0 (Linux x86_64): Executed 122 of 306 SUCCESS (0 secs / 0.728 secs)
2024-11-25T02:34:04.5641416Z [1A[2KChrome Headless 131.0.0.0 (Linux x86_64): Executed 123 of 306 SUCCESS (0 secs / 0.728 secs)
2024-11-25T02:34:04.5644524Z [1A[2KChrome Headless 131.0.0.0 (Linux x86_64): Executed 124 of 306 SUCCESS (0 secs / 0.728 secs)
2024-11-25T02:34:04.5646818Z [1A[2KChrome Headless 131.0.0.0 (Linux x86_64): Executed 125 of 306 SUCCESS (0 secs / 0.729 secs)
2024-11-25T02:34:04.5653062Z [1A[2KChrome Headless 131.0.0.0 (Linux x86_64): Executed 126 of 306 SUCCESS (0 secs / 0.729 secs)
2024-11-25T02:34:04.5655920Z [1A[2KChrome Headless 131.0.0.0 (Linux x86_64): Executed 127 of 306 SUCCESS (0 secs / 0.729 secs)
2024-11-25T02:34:04.5658138Z [1A[2KChrome Headless 131.0.0.0 (Linux x86_64): Executed 128 of 306 SUCCESS (0 secs / 0.729 secs)
2024-11-25T02:34:04.5664878Z [1A[2KChrome Headless 131.0.0.0 (Linux x86_64): Executed 129 of 306 SUCCESS (0 secs / 0.73 secs)
2024-11-25T02:34:04.5674967Z [1A[2KChrome Headless 131.0.0.0 (Linux x86_64): Executed 130 of 306 SUCCESS (0 secs / 0.731 secs)
2024-11-25T02:34:04.5678975Z [1A[2KChrome Headless 131.0.0.0 (Linux x86_64): Executed 131 of 306 SUCCESS (0 secs / 0.731 secs)
2024-11-25T02:34:04.5681218Z [1A[2KChrome Headless 131.0.0.0 (Linux x86_64): Executed 132 of 306 SUCCESS (0 secs / 0.731 secs)
2024-11-25T02:34:04.5683981Z [1A[2KChrome Headless 131.0.0.0 (Linux x86_64): Executed 133 of 306 SUCCESS (0 secs / 0.731 secs)
2024-11-25T02:34:04.5686257Z [1A[2KChrome Headless 131.0.0.0 (Linux x86_64): Executed 134 of 306 SUCCESS (0 secs / 0.732 secs)
2024-11-25T02:34:04.5689539Z [1A[2KChrome Headless 131.0.0.0 (Linux x86_64): Executed 135 of 306 SUCCESS (0 secs / 0.732 secs)
2024-11-25T02:34:04.5691434Z [1A[2KChrome Headless 131.0.0.0 (Linux x86_64): Executed 136 of 306 SUCCESS (0 secs / 0.732 secs)
2024-11-25T02:34:04.5693320Z [1A[2KChrome Headless 131.0.0.0 (Linux x86_64): Executed 137 of 306 SUCCESS (0 secs / 0.732 secs)
2024-11-25T02:34:04.5695411Z [1A[2KChrome Headless 131.0.0.0 (Linux x86_64): Executed 138 of 306 SUCCESS (0 secs / 0.733 secs)
2024-11-25T02:34:04.5697481Z [1A[2KChrome Headless 131.0.0.0 (Linux x86_64): Executed 139 of 306 SUCCESS (0 secs / 0.733 secs)
2024-11-25T02:34:04.5699571Z [1A[2KChrome Headless 131.0.0.0 (Linux x86_64): Executed 140 of 306 SUCCESS (0 secs / 0.733 secs)
2024-11-25T02:34:04.5701927Z [1A[2KChrome Headless 131.0.0.0 (Linux x86_64): Executed 141 of 306 SUCCESS (0 secs / 0.733 secs)
2024-11-25T02:34:04.5704443Z [1A[2KChrome Headless 131.0.0.0 (Linux x86_64): Executed 142 of 306 SUCCESS (0 secs / 0.733 secs)
2024-11-25T02:34:04.5706285Z [1A[2KChrome Headless 131.0.0.0 (Linux x86_64): Executed 143 of 306 SUCCESS (0 secs / 0.733 secs)
2024-11-25T02:34:04.5708013Z [1A[2KChrome Headless 131.0.0.0 (Linux x86_64): Executed 144 of 306 SUCCESS (0 secs / 0.733 secs)
2024-11-25T02:34:04.5714954Z [1A[2KChrome Headless 131.0.0.0 (Linux x86_64): Executed 145 of 306 SUCCESS (0 secs / 0.734 secs)
2024-11-25T02:34:04.5722972Z [1A[2KChrome Headless 131.0.0.0 (Linux x86_64): Executed 146 of 306 SUCCESS (0 secs / 0.734 secs)
2024-11-25T02:34:04.5728595Z [1A[2KChrome Headless 131.0.0.0 (Linux x86_64): Executed 147 of 306 SUCCESS (0 secs / 0.735 secs)
2024-11-25T02:34:04.5733498Z [1A[2KChrome Headless 131.0.0.0 (Linux x86_64): Executed 148 of 306 SUCCESS (0 secs / 0.735 secs)
2024-11-25T02:34:04.5787985Z [1A[2KChrome Headless 131.0.0.0 (Linux x86_64): Executed 149 of 306 SUCCESS (0 secs / 0.74 secs)
2024-11-25T02:34:04.5791459Z [1A[2KChrome Headless 131.0.0.0 (Linux x86_64): Executed 150 of 306 SUCCESS (0 secs / 0.74 secs)
2024-11-25T02:34:04.5794609Z [1A[2KChrome Headless 131.0.0.0 (Linux x86_64): Executed 151 of 306 SUCCESS (0 secs / 0.74 secs)
2024-11-25T02:34:04.5799026Z [1A[2KChrome Headless 131.0.0.0 (Linux x86_64): Executed 152 of 306 SUCCESS (0 secs / 0.741 secs)
2024-11-25T02:34:04.5803777Z [1A[2KChrome Headless 131.0.0.0 (Linux x86_64): Executed 153 of 306 SUCCESS (0 secs / 0.741 secs)
2024-11-25T02:34:04.5805110Z [1A[2KChrome Headless 131.0.0.0 (Linux x86_64): Executed 154 of 306 SUCCESS (0 secs / 0.741 secs)
2024-11-25T02:34:04.5806590Z [1A[2KChrome Headless 131.0.0.0 (Linux x86_64): Executed 155 of 306 SUCCESS (0 secs / 0.741 secs)
2024-11-25T02:34:04.5808559Z [1A[2KChrome Headless 131.0.0.0 (Linux x86_64): Executed 156 of 306 SUCCESS (0 secs / 0.741 secs)
2024-11-25T02:34:04.5809603Z [1A[2KChrome Headless 131.0.0.0 (Linux x86_64): Executed 157 of 306 SUCCESS (0 secs / 0.742 secs)
2024-11-25T02:34:04.5812074Z [1A[2KChrome Headless 131.0.0.0 (Linux x86_64): Executed 158 of 306 SUCCESS (0 secs / 0.742 secs)
2024-11-25T02:34:04.5816616Z [1A[2KChrome Headless 131.0.0.0 (Linux x86_64): Executed 159 of 306 SUCCESS (0 secs / 0.742 secs)
2024-11-25T02:34:04.5818551Z [1A[2KChrome Headless 131.0.0.0 (Linux x86_64): Executed 160 of 306 SUCCESS (0 secs / 0.742 secs)
2024-11-25T02:34:04.5820037Z [1A[2KChrome Headless 131.0.0.0 (Linux x86_64): Executed 161 of 306 SUCCESS (0 secs / 0.742 secs)
2024-11-25T02:34:04.5821683Z [1A[2KChrome Headless 131.0.0.0 (Linux x86_64): Executed 162 of 306 SUCCESS (0 secs / 0.742 secs)
2024-11-25T02:34:04.5823592Z [1A[2KChrome Headless 131.0.0.0 (Linux x86_64): Executed 163 of 306 SUCCESS (0 secs / 0.742 secs)
2024-11-25T02:34:04.5825886Z [1A[2KChrome Headless 131.0.0.0 (Linux x86_64): Executed 164 of 306 SUCCESS (0 secs / 0.742 secs)
2024-11-25T02:34:04.5827899Z [1A[2KChrome Headless 131.0.0.0 (Linux x86_64): Executed 165 of 306 SUCCESS (0 secs / 0.742 secs)
2024-11-25T02:34:04.5830315Z [1A[2KChrome Headless 131.0.0.0 (Linux x86_64): Executed 166 of 306 SUCCESS (0 secs / 0.742 secs)
2024-11-25T02:34:04.5831931Z [1A[2KChrome Headless 131.0.0.0 (Linux x86_64): Executed 167 of 306 SUCCESS (0 secs / 0.742 secs)
2024-11-25T02:34:04.5837904Z [1A[2KChrome Headless 131.0.0.0 (Linux x86_64): Executed 168 of 306 SUCCESS (0 secs / 0.743 secs)
2024-11-25T02:34:04.5841029Z [1A[2KChrome Headless 131.0.0.0 (Linux x86_64): Executed 169 of 306 SUCCESS (0 secs / 0.743 secs)
2024-11-25T02:34:04.5843841Z [1A[2KChrome Headless 131.0.0.0 (Linux x86_64): Executed 170 of 306 SUCCESS (0 secs / 0.744 secs)
2024-11-25T02:34:04.5847132Z [1A[2KChrome Headless 131.0.0.0 (Linux x86_64): Executed 171 of 306 SUCCESS (0 secs / 0.744 secs)
2024-11-25T02:34:04.5850287Z [1A[2KChrome Headless 131.0.0.0 (Linux x86_64): Executed 172 of 306 SUCCESS (0 secs / 0.744 secs)
2024-11-25T02:34:04.5854298Z [1A[2KChrome Headless 131.0.0.0 (Linux x86_64): Executed 173 of 306 SUCCESS (0 secs / 0.744 secs)
2024-11-25T02:34:04.5857498Z [1A[2KChrome Headless 131.0.0.0 (Linux x86_64): Executed 174 of 306 SUCCESS (0 secs / 0.745 secs)
2024-11-25T02:34:04.5859258Z [1A[2KChrome Headless 131.0.0.0 (Linux x86_64): Executed 175 of 306 SUCCESS (0 secs / 0.745 secs)
2024-11-25T02:34:04.5864657Z [1A[2KChrome Headless 131.0.0.0 (Linux x86_64): Executed 176 of 306 SUCCESS (0 secs / 0.745 secs)
2024-11-25T02:34:04.5868551Z [1A[2KChrome Headless 131.0.0.0 (Linux x86_64): Executed 177 of 306 SUCCESS (0 secs / 0.745 secs)
2024-11-25T02:34:04.5873433Z [1A[2KChrome Headless 131.0.0.0 (Linux x86_64): Executed 178 of 306 SUCCESS (0 secs / 0.745 secs)
2024-11-25T02:34:04.5877064Z [1A[2KChrome Headless 131.0.0.0 (Linux x86_64): Executed 179 of 306 SUCCESS (0 secs / 0.746 secs)
2024-11-25T02:34:04.5882069Z [1A[2KChrome Headless 131.0.0.0 (Linux x86_64): Executed 180 of 306 SUCCESS (0 secs / 0.746 secs)
2024-11-25T02:34:04.5885249Z [1A[2KChrome Headless 131.0.0.0 (Linux x86_64): Executed 181 of 306 SUCCESS (0 secs / 0.747 secs)
2024-11-25T02:34:04.5889195Z [1A[2KChrome Headless 131.0.0.0 (Linux x86_64): Executed 182 of 306 SUCCESS (0 secs / 0.747 secs)
2024-11-25T02:34:04.5890764Z [1A[2KChrome Headless 131.0.0.0 (Linux x86_64): Executed 183 of 306 SUCCESS (0 secs / 0.747 secs)
2024-11-25T02:34:04.6904932Z [1A[2KChrome Headless 131.0.0.0 (Linux x86_64): Executed 184 of 306 SUCCESS (0 secs / 0.848 secs)
2024-11-25T02:34:04.6907232Z [1A[2KChrome Headless 131.0.0.0 (Linux x86_64): Executed 185 of 306 SUCCESS (0 secs / 0.849 secs)
2024-11-25T02:34:04.6910460Z [1A[2KChrome Headless 131.0.0.0 (Linux x86_64): Executed 186 of 306 SUCCESS (0 secs / 0.849 secs)
2024-11-25T02:34:04.6915189Z [1A[2KChrome Headless 131.0.0.0 (Linux x86_64): Executed 187 of 306 SUCCESS (0 secs / 0.85 secs)
2024-11-25T02:34:04.6921695Z [1A[2KChrome Headless 131.0.0.0 (Linux x86_64): Executed 188 of 306 SUCCESS (0 secs / 0.85 secs)
2024-11-25T02:34:04.6925794Z [1A[2KChrome Headless 131.0.0.0 (Linux x86_64): Executed 189 of 306 SUCCESS (0 secs / 0.851 secs)
2024-11-25T02:34:04.6929780Z [1A[2KChrome Headless 131.0.0.0 (Linux x86_64): Executed 190 of 306 SUCCESS (0 secs / 0.851 secs)
2024-11-25T02:34:04.6933545Z [1A[2KChrome Headless 131.0.0.0 (Linux x86_64): Executed 191 of 306 SUCCESS (0 secs / 0.851 secs)
2024-11-25T02:34:04.6936982Z [1A[2KChrome Headless 131.0.0.0 (Linux x86_64): Executed 192 of 306 SUCCESS (0 secs / 0.852 secs)
2024-11-25T02:34:04.6940935Z [1A[2KChrome Headless 131.0.0.0 (Linux x86_64): Executed 193 of 306 SUCCESS (0 secs / 0.852 secs)
2024-11-25T02:34:04.6944518Z [1A[2KChrome Headless 131.0.0.0 (Linux x86_64): Executed 194 of 306 SUCCESS (0 secs / 0.853 secs)
2024-11-25T02:34:04.6948629Z [1A[2KChrome Headless 131.0.0.0 (Linux x86_64): Executed 195 of 306 SUCCESS (0 secs / 0.853 secs)
2024-11-25T02:34:04.6953098Z [1A[2KChrome Headless 131.0.0.0 (Linux x86_64): Executed 196 of 306 SUCCESS (0 secs / 0.853 secs)
2024-11-25T02:34:04.8469299Z [1A[2KChrome Headless 131.0.0.0 (Linux x86_64): Executed 197 of 306 SUCCESS (0 secs / 1.004 secs)
2024-11-25T02:34:04.8473523Z [1A[2KChrome Headless 131.0.0.0 (Linux x86_64): Executed 198 of 306 SUCCESS (0 secs / 1.004 secs)
2024-11-25T02:34:04.9484845Z [1A[2KChrome Headless 131.0.0.0 (Linux x86_64): Executed 199 of 306 SUCCESS (0 secs / 1.105 secs)
2024-11-25T02:34:05.0492406Z [1A[2KChrome Headless 131.0.0.0 (Linux x86_64): Executed 200 of 306 SUCCESS (0 secs / 1.206 secs)
2024-11-25T02:34:05.1502157Z [1A[2KChrome Headless 131.0.0.0 (Linux x86_64): Executed 201 of 306 SUCCESS (0 secs / 1.307 secs)
2024-11-25T02:34:05.2511327Z [1A[2KChrome Headless 131.0.0.0 (Linux x86_64): Executed 202 of 306 SUCCESS (0 secs / 1.408 secs)
2024-11-25T02:34:05.3521362Z [1A[2KChrome Headless 131.0.0.0 (Linux x86_64): Executed 203 of 306 SUCCESS (0 secs / 1.509 secs)
2024-11-25T02:34:05.4531782Z [1A[2KChrome Headless 131.0.0.0 (Linux x86_64): Executed 204 of 306 SUCCESS (0 secs / 1.61 secs)
2024-11-25T02:34:05.5540637Z [1A[2KChrome Headless 131.0.0.0 (Linux x86_64): Executed 205 of 306 SUCCESS (0 secs / 1.711 secs)
2024-11-25T02:34:05.6983689Z [1A[2KChrome Headless 131.0.0.0 (Linux x86_64): Executed 206 of 306 SUCCESS (0 secs / 1.855 secs)
2024-11-25T02:34:05.8528575Z [1A[2KChrome Headless 131.0.0.0 (Linux x86_64): Executed 207 of 306 SUCCESS (0 secs / 2.01 secs)
2024-11-25T02:34:05.9538112Z [1A[2KChrome Headless 131.0.0.0 (Linux x86_64): Executed 208 of 306 SUCCESS (0 secs / 2.11 secs)
2024-11-25T02:34:06.0547282Z [1A[2KChrome Headless 131.0.0.0 (Linux x86_64): Executed 209 of 306 SUCCESS (0 secs / 2.21 secs)
2024-11-25T02:34:06.1556570Z [1A[2KChrome Headless 131.0.0.0 (Linux x86_64): Executed 210 of 306 SUCCESS (0 secs / 2.311 secs)
2024-11-25T02:34:06.1559486Z [1A[2KChrome Headless 131.0.0.0 (Linux x86_64): Executed 211 of 306 SUCCESS (0 secs / 2.312 secs)
2024-11-25T02:34:06.1562003Z [1A[2KChrome Headless 131.0.0.0 (Linux x86_64): Executed 212 of 306 SUCCESS (0 secs / 2.312 secs)
2024-11-25T02:34:06.1565742Z [1A[2KChrome Headless 131.0.0.0 (Linux x86_64): Executed 213 of 306 SUCCESS (0 secs / 2.313 secs)
2024-11-25T02:34:06.1568289Z [1A[2KChrome Headless 131.0.0.0 (Linux x86_64): Executed 214 of 306 SUCCESS (0 secs / 2.313 secs)
2024-11-25T02:34:06.1570318Z [1A[2KChrome Headless 131.0.0.0 (Linux x86_64): Executed 215 of 306 SUCCESS (0 secs / 2.313 secs)
2024-11-25T02:34:06.1572905Z [1A[2KChrome Headless 131.0.0.0 (Linux x86_64): Executed 216 of 306 SUCCESS (0 secs / 2.313 secs)
2024-11-25T02:34:06.1577447Z [1A[2KChrome Headless 131.0.0.0 (Linux x86_64): Executed 217 of 306 SUCCESS (0 secs / 2.314 secs)
2024-11-25T02:34:06.1581597Z [1A[2KChrome Headless 131.0.0.0 (Linux x86_64): Executed 218 of 306 SUCCESS (0 secs / 2.314 secs)
2024-11-25T02:34:06.1584994Z [1A[2KChrome Headless 131.0.0.0 (Linux x86_64): Executed 219 of 306 SUCCESS (0 secs / 2.315 secs)
2024-11-25T02:34:06.1588520Z [1A[2KChrome Headless 131.0.0.0 (Linux x86_64): Executed 220 of 306 SUCCESS (0 secs / 2.315 secs)
2024-11-25T02:34:06.1596301Z [1A[2KChrome Headless 131.0.0.0 (Linux x86_64): Executed 221 of 306 SUCCESS (0 secs / 2.316 secs)
2024-11-25T02:34:06.1600017Z [1A[2KChrome Headless 131.0.0.0 (Linux x86_64): Executed 222 of 306 SUCCESS (0 secs / 2.316 secs)
2024-11-25T02:34:06.1605476Z [1A[2KChrome Headless 131.0.0.0 (Linux x86_64): Executed 223 of 306 SUCCESS (0 secs / 2.316 secs)
2024-11-25T02:34:06.1609597Z [1A[2KChrome Headless 131.0.0.0 (Linux x86_64): Executed 224 of 306 SUCCESS (0 secs / 2.317 secs)
2024-11-25T02:34:06.1611905Z [1A[2KChrome Headless 131.0.0.0 (Linux x86_64): Executed 225 of 306 SUCCESS (0 secs / 2.317 secs)
2024-11-25T02:34:06.1615185Z [1A[2KChrome Headless 131.0.0.0 (Linux x86_64): Executed 226 of 306 SUCCESS (0 secs / 2.318 secs)
2024-11-25T02:34:06.1620281Z [1A[2KChrome Headless 131.0.0.0 (Linux x86_64): Executed 227 of 306 SUCCESS (0 secs / 2.318 secs)
2024-11-25T02:34:06.1624538Z [1A[2KChrome Headless 131.0.0.0 (Linux x86_64): Executed 228 of 306 SUCCESS (0 secs / 2.318 secs)
2024-11-25T02:34:06.1628053Z [1A[2KChrome Headless 131.0.0.0 (Linux x86_64): Executed 229 of 306 SUCCESS (0 secs / 2.318 secs)
2024-11-25T02:34:06.2639006Z [1A[2KChrome Headless 131.0.0.0 (Linux x86_64): Executed 230 of 306 SUCCESS (0 secs / 2.419 secs)
2024-11-25T02:34:06.3645542Z [1A[2KChrome Headless 131.0.0.0 (Linux x86_64): Executed 231 of 306 SUCCESS (0 secs / 2.519 secs)
2024-11-25T02:34:06.4652088Z [1A[2KChrome Headless 131.0.0.0 (Linux x86_64): Executed 232 of 306 SUCCESS (0 secs / 2.62 secs)
2024-11-25T02:34:06.4657505Z [1A[2KChrome Headless 131.0.0.0 (Linux x86_64): Executed 233 of 306 SUCCESS (0 secs / 2.62 secs)
2024-11-25T02:34:06.4659556Z [1A[2KChrome Headless 131.0.0.0 (Linux x86_64): Executed 234 of 306 SUCCESS (0 secs / 2.621 secs)
2024-11-25T02:34:06.4665662Z [1A[2KChrome Headless 131.0.0.0 (Linux x86_64): Executed 235 of 306 SUCCESS (0 secs / 2.621 secs)
2024-11-25T02:34:06.4667533Z [1A[2KChrome Headless 131.0.0.0 (Linux x86_64): Executed 236 of 306 SUCCESS (0 secs / 2.621 secs)
2024-11-25T02:34:06.4669629Z [1A[2KChrome Headless 131.0.0.0 (Linux x86_64): Executed 237 of 306 SUCCESS (0 secs / 2.622 secs)
2024-11-25T02:34:06.4673966Z [1A[2KChrome Headless 131.0.0.0 (Linux x86_64): Executed 238 of 306 SUCCESS (0 secs / 2.622 secs)
2024-11-25T02:34:06.4678017Z [1A[2KChrome Headless 131.0.0.0 (Linux x86_64): Executed 239 of 306 SUCCESS (0 secs / 2.622 secs)
2024-11-25T02:34:06.4913225Z [1A[2KChrome Headless 131.0.0.0 (Linux x86_64): Executed 240 of 306 SUCCESS (0 secs / 2.645 secs)
2024-11-25T02:34:06.4918591Z [1A[2KChrome Headless 131.0.0.0 (Linux x86_64): Executed 241 of 306 SUCCESS (0 secs / 2.646 secs)
2024-11-25T02:34:06.4923810Z [1A[2KChrome Headless 131.0.0.0 (Linux x86_64): Executed 242 of 306 SUCCESS (0 secs / 2.647 secs)
2024-11-25T02:34:06.4928889Z [1A[2KChrome Headless 131.0.0.0 (Linux x86_64): Executed 243 of 306 SUCCESS (0 secs / 2.647 secs)
2024-11-25T02:34:06.4933823Z [1A[2KChrome Headless 131.0.0.0 (Linux x86_64): Executed 244 of 306 SUCCESS (0 secs / 2.648 secs)
2024-11-25T02:34:06.4938694Z [1A[2KChrome Headless 131.0.0.0 (Linux x86_64): Executed 245 of 306 SUCCESS (0 secs / 2.648 secs)
2024-11-25T02:34:06.4943521Z [1A[2KChrome Headless 131.0.0.0 (Linux x86_64): Executed 246 of 306 SUCCESS (0 secs / 2.649 secs)
2024-11-25T02:34:06.5956034Z [1A[2KChrome Headless 131.0.0.0 (Linux x86_64): Executed 247 of 306 SUCCESS (0 secs / 2.749 secs)
2024-11-25T02:34:06.6964805Z [1A[2KChrome Headless 131.0.0.0 (Linux x86_64): Executed 248 of 306 SUCCESS (0 secs / 2.85 secs)
2024-11-25T02:34:06.7975062Z [1A[2KChrome Headless 131.0.0.0 (Linux x86_64): Executed 249 of 306 SUCCESS (0 secs / 2.951 secs)
2024-11-25T02:34:06.8983453Z [1A[2KChrome Headless 131.0.0.0 (Linux x86_64): Executed 250 of 306 SUCCESS (0 secs / 3.052 secs)
2024-11-25T02:34:06.8985420Z [1A[2KChrome Headless 131.0.0.0 (Linux x86_64): Executed 251 of 306 SUCCESS (0 secs / 3.053 secs)
2024-11-25T02:34:06.8989648Z [1A[2KChrome Headless 131.0.0.0 (Linux x86_64): Executed 252 of 306 SUCCESS (0 secs / 3.053 secs)
2024-11-25T02:34:06.8993118Z [1A[2KChrome Headless 131.0.0.0 (Linux x86_64): Executed 253 of 306 SUCCESS (0 secs / 3.053 secs)
2024-11-25T02:34:07.0011812Z [1A[2KChrome Headless 131.0.0.0 (Linux x86_64): Executed 254 of 306 SUCCESS (0 secs / 3.153 secs)
2024-11-25T02:34:07.0013682Z [1A[2KChrome Headless 131.0.0.0 (Linux x86_64): Executed 255 of 306 SUCCESS (0 secs / 3.154 secs)
2024-11-25T02:34:07.0015512Z [1A[2KChrome Headless 131.0.0.0 (Linux x86_64): Executed 256 of 306 SUCCESS (0 secs / 3.154 secs)
2024-11-25T02:34:07.0017037Z [1A[2KChrome Headless 131.0.0.0 (Linux x86_64): Executed 257 of 306 SUCCESS (0 secs / 3.155 secs)
2024-11-25T02:34:07.0023386Z [1A[2KChrome Headless 131.0.0.0 (Linux x86_64): Executed 258 of 306 SUCCESS (0 secs / 3.155 secs)
2024-11-25T02:34:07.0027332Z [1A[2KChrome Headless 131.0.0.0 (Linux x86_64): Executed 259 of 306 SUCCESS (0 secs / 3.155 secs)
2024-11-25T02:34:07.1041319Z [1A[2KChrome Headless 131.0.0.0 (Linux x86_64): Executed 260 of 306 SUCCESS (0 secs / 3.256 secs)
2024-11-25T02:34:07.2049492Z [1A[2KChrome Headless 131.0.0.0 (Linux x86_64): Executed 261 of 306 SUCCESS (0 secs / 3.357 secs)
2024-11-25T02:34:07.3058371Z [1A[2KChrome Headless 131.0.0.0 (Linux x86_64): Executed 262 of 306 SUCCESS (0 secs / 3.457 secs)
2024-11-25T02:34:07.4066579Z [1A[2KChrome Headless 131.0.0.0 (Linux x86_64): Executed 263 of 306 SUCCESS (0 secs / 3.557 secs)
2024-11-25T02:34:07.4068761Z [1A[2KChrome Headless 131.0.0.0 (Linux x86_64): Executed 264 of 306 SUCCESS (0 secs / 3.558 secs)
2024-11-25T02:34:07.4077546Z [1A[2KChrome Headless 131.0.0.0 (Linux x86_64): Executed 265 of 306 SUCCESS (0 secs / 3.558 secs)
2024-11-25T02:34:07.4079766Z [1A[2KChrome Headless 131.0.0.0 (Linux x86_64): Executed 266 of 306 SUCCESS (0 secs / 3.559 secs)
2024-11-25T02:34:07.4081846Z [1A[2KChrome Headless 131.0.0.0 (Linux x86_64): Executed 267 of 306 SUCCESS (0 secs / 3.559 secs)
2024-11-25T02:34:07.4084341Z [1A[2KChrome Headless 131.0.0.0 (Linux x86_64): Executed 268 of 306 SUCCESS (0 secs / 3.559 secs)
2024-11-25T02:34:07.4088471Z [1A[2KChrome Headless 131.0.0.0 (Linux x86_64): Executed 269 of 306 SUCCESS (0 secs / 3.559 secs)
2024-11-25T02:34:07.4095509Z [1A[2KChrome Headless 131.0.0.0 (Linux x86_64): Executed 270 of 306 SUCCESS (0 secs / 3.559 secs)
2024-11-25T02:34:07.4098169Z [1A[2KChrome Headless 131.0.0.0 (Linux x86_64): Executed 271 of 306 SUCCESS (0 secs / 3.559 secs)
2024-11-25T02:34:07.4102598Z [1A[2KChrome Headless 131.0.0.0 (Linux x86_64): Executed 272 of 306 SUCCESS (0 secs / 3.559 secs)
2024-11-25T02:34:07.4105251Z [1A[2KChrome Headless 131.0.0.0 (Linux x86_64): Executed 273 of 306 SUCCESS (0 secs / 3.559 secs)
2024-11-25T02:34:07.4107810Z [1A[2KChrome Headless 131.0.0.0 (Linux x86_64): Executed 274 of 306 SUCCESS (0 secs / 3.559 secs)
2024-11-25T02:34:07.4111192Z [1A[2KChrome Headless 131.0.0.0 (Linux x86_64): Executed 275 of 306 SUCCESS (0 secs / 3.559 secs)
2024-11-25T02:34:07.4113541Z [1A[2KChrome Headless 131.0.0.0 (Linux x86_64): Executed 276 of 306 SUCCESS (0 secs / 3.559 secs)
2024-11-25T02:34:07.4115756Z [1A[2KChrome Headless 131.0.0.0 (Linux x86_64): Executed 277 of 306 SUCCESS (0 secs / 3.559 secs)
2024-11-25T02:34:07.4117813Z [1A[2KChrome Headless 131.0.0.0 (Linux x86_64): Executed 278 of 306 SUCCESS (0 secs / 3.559 secs)
2024-11-25T02:34:07.4119891Z [1A[2KChrome Headless 131.0.0.0 (Linux x86_64): Executed 279 of 306 SUCCESS (0 secs / 3.559 secs)
2024-11-25T02:34:07.4126561Z [1A[2KChrome Headless 131.0.0.0 (Linux x86_64): Executed 280 of 306 SUCCESS (0 secs / 3.559 secs)
2024-11-25T02:34:07.4128530Z [1A[2KChrome Headless 131.0.0.0 (Linux x86_64): Executed 281 of 306 SUCCESS (0 secs / 3.559 secs)
2024-11-25T02:34:07.4130470Z [1A[2KChrome Headless 131.0.0.0 (Linux x86_64): Executed 282 of 306 SUCCESS (0 secs / 3.559 secs)
2024-11-25T02:34:07.4132673Z [1A[2KChrome Headless 131.0.0.0 (Linux x86_64): Executed 283 of 306 SUCCESS (0 secs / 3.559 secs)
2024-11-25T02:34:07.4134773Z [1A[2KChrome Headless 131.0.0.0 (Linux x86_64): Executed 284 of 306 SUCCESS (0 secs / 3.559 secs)
2024-11-25T02:34:07.4136769Z [1A[2KChrome Headless 131.0.0.0 (Linux x86_64): Executed 285 of 306 SUCCESS (0 secs / 3.559 secs)
2024-11-25T02:34:07.4139765Z [1A[2KChrome Headless 131.0.0.0 (Linux x86_64): Executed 286 of 306 SUCCESS (0 secs / 3.559 secs)
2024-11-25T02:34:07.4141843Z [1A[2KChrome Headless 131.0.0.0 (Linux x86_64): Executed 287 of 306 SUCCESS (0 secs / 3.559 secs)
2024-11-25T02:34:07.4143874Z [1A[2KChrome Headless 131.0.0.0 (Linux x86_64): Executed 288 of 306 SUCCESS (0 secs / 3.559 secs)
2024-11-25T02:34:07.4146106Z [1A[2KChrome Headless 131.0.0.0 (Linux x86_64): Executed 289 of 306 SUCCESS (0 secs / 3.559 secs)
2024-11-25T02:34:07.4148079Z [1A[2KChrome Headless 131.0.0.0 (Linux x86_64): Executed 290 of 306 SUCCESS (0 secs / 3.559 secs)
2024-11-25T02:34:07.4150428Z [1A[2KChrome Headless 131.0.0.0 (Linux x86_64): Executed 291 of 306 SUCCESS (0 secs / 3.559 secs)
2024-11-25T02:34:07.4152630Z [1A[2KChrome Headless 131.0.0.0 (Linux x86_64): Executed 292 of 306 SUCCESS (0 secs / 3.56 secs)
2024-11-25T02:34:07.4154618Z [1A[2KChrome Headless 131.0.0.0 (Linux x86_64): Executed 293 of 306 SUCCESS (0 secs / 3.56 secs)
2024-11-25T02:34:07.4156600Z [1A[2KChrome Headless 131.0.0.0 (Linux x86_64): Executed 294 of 306 SUCCESS (0 secs / 3.56 secs)
2024-11-25T02:34:07.4158758Z [1A[2KChrome Headless 131.0.0.0 (Linux x86_64): Executed 295 of 306 SUCCESS (0 secs / 3.56 secs)
2024-11-25T02:34:07.4160764Z [1A[2KChrome Headless 131.0.0.0 (Linux x86_64): Executed 296 of 306 SUCCESS (0 secs / 3.561 secs)
2024-11-25T02:34:07.4163016Z [1A[2KChrome Headless 131.0.0.0 (Linux x86_64): Executed 297 of 306 SUCCESS (0 secs / 3.561 secs)
2024-11-25T02:34:07.4164352Z [1A[2KChrome Headless 131.0.0.0 (Linux x86_64): Executed 298 of 306 SUCCESS (0 secs / 3.561 secs)
2024-11-25T02:34:07.4165653Z [1A[2KChrome Headless 131.0.0.0 (Linux x86_64): Executed 299 of 306 SUCCESS (0 secs / 3.561 secs)
2024-11-25T02:34:07.4167874Z [1A[2KChrome Headless 131.0.0.0 (Linux x86_64): Executed 300 of 306 SUCCESS (0 secs / 3.561 secs)
2024-11-25T02:34:07.4169443Z [1A[2KChrome Headless 131.0.0.0 (Linux x86_64): Executed 301 of 306 SUCCESS (0 secs / 3.562 secs)
2024-11-25T02:34:07.4175087Z [1A[2KChrome Headless 131.0.0.0 (Linux x86_64): Executed 302 of 306 SUCCESS (0 secs / 3.563 secs)
2024-11-25T02:34:07.4192293Z [1A[2KChrome Headless 131.0.0.0 (Linux x86_64): Executed 303 of 306 SUCCESS (0 secs / 3.564 secs)
2024-11-25T02:34:07.4197673Z [1A[2KChrome Headless 131.0.0.0 (Linux x86_64): Executed 304 of 306 SUCCESS (0 secs / 3.565 secs)
2024-11-25T02:34:07.4202941Z [1A[2KChrome Headless 131.0.0.0 (Linux x86_64): Executed 305 of 306 SUCCESS (0 secs / 3.565 secs)
2024-11-25T02:34:07.4407709Z [1A[2KChrome Headless 131.0.0.0 (Linux x86_64) xsrf should set xsrf header for cross origin when using withCredentials FAILED
2024-11-25T02:34:07.4408923Z 	Expected undefined to equal '12345'.
2024-11-25T02:34:07.4409781Z 	    at test/specs/xsrf.spec.js:78:69 <- test/specs/xsrf.spec.js:1279:71
2024-11-25T02:34:07.4411407Z Chrome Headless 131.0.0.0 (Linux x86_64): Executed 306 of 306 (1 FAILED) (0 secs / 3.566 secs)
2024-11-25T02:34:07.4414669Z [1A[2KChrome Headless 131.0.0.0 (Linux x86_64): Executed 306 of 306 (1 FAILED) (3.62 secs / 3.566 secs)
2024-11-25T02:34:16.8755897Z [32m25 11 2024 02:34:16.875:INFO [Firefox 132.0 (Ubuntu 0.0.0)]: [39mConnected on socket PZGjZeJCl1rP0aDuAAAD with id 70172874
2024-11-25T02:34:17.3093971Z 
2024-11-25T02:34:17.3095965Z [1A[2K[1A[2KChrome Headless 131.0.0.0 (Linux x86_64): Executed 306 of 306 (1 FAILED) (3.62 secs / 3.566 secs)
2024-11-25T02:34:17.3097641Z Firefox 132.0 (Ubuntu 0.0.0): Executed 0 of 306 SUCCESS (0 secs / 0 secs)
2024-11-25T02:34:17.3099476Z [1A[2K[1A[2KChrome Headless 131.0.0.0 (Linux x86_64): Executed 306 of 306 (1 FAILED) (3.62 secs / 3.566 secs)
2024-11-25T02:34:17.3101329Z Firefox 132.0 (Ubuntu 0.0.0): Executed 1 of 306 SUCCESS (0 secs / 0.002 secs)
2024-11-25T02:34:17.3103305Z [1A[2K[1A[2KChrome Headless 131.0.0.0 (Linux x86_64): Executed 306 of 306 (1 FAILED) (3.62 secs / 3.566 secs)
2024-11-25T02:34:17.3104894Z Firefox 132.0 (Ubuntu 0.0.0): Executed 2 of 306 SUCCESS (0 secs / 0.003 secs)
2024-11-25T02:34:17.3107300Z [1A[2K[1A[2KChrome Headless 131.0.0.0 (Linux x86_64): Executed 306 of 306 (1 FAILED) (3.62 secs / 3.566 secs)
2024-11-25T02:34:17.3108396Z Firefox 132.0 (Ubuntu 0.0.0): Executed 3 of 306 SUCCESS (0 secs / 0.003 secs)
2024-11-25T02:34:17.3109889Z [1A[2K[1A[2KChrome Headless 131.0.0.0 (Linux x86_64): Executed 306 of 306 (1 FAILED) (3.62 secs / 3.566 secs)
2024-11-25T02:34:17.3111131Z Firefox 132.0 (Ubuntu 0.0.0): Executed 4 of 306 SUCCESS (0 secs / 0.004 secs)
2024-11-25T02:34:17.3112963Z [1A[2K[1A[2KChrome Headless 131.0.0.0 (Linux x86_64): Executed 306 of 306 (1 FAILED) (3.62 secs / 3.566 secs)
2024-11-25T02:34:17.3114665Z Firefox 132.0 (Ubuntu 0.0.0): Executed 5 of 306 SUCCESS (0 secs / 0.005 secs)
2024-11-25T02:34:17.3116477Z [1A[2K[1A[2KChrome Headless 131.0.0.0 (Linux x86_64): Executed 306 of 306 (1 FAILED) (3.62 secs / 3.566 secs)
2024-11-25T02:34:17.3117418Z Firefox 132.0 (Ubuntu 0.0.0): Executed 6 of 306 SUCCESS (0 secs / 0.005 secs)
2024-11-25T02:34:17.3119019Z [1A[2K[1A[2KChrome Headless 131.0.0.0 (Linux x86_64): Executed 306 of 306 (1 FAILED) (3.62 secs / 3.566 secs)
2024-11-25T02:34:17.3120171Z Firefox 132.0 (Ubuntu 0.0.0): Executed 7 of 306 SUCCESS (0 secs / 0.006 secs)
2024-11-25T02:34:17.3121420Z [1A[2K[1A[2KChrome Headless 131.0.0.0 (Linux x86_64): Executed 306 of 306 (1 FAILED) (3.62 secs / 3.566 secs)
2024-11-25T02:34:17.3122421Z Firefox 132.0 (Ubuntu 0.0.0): Executed 8 of 306 SUCCESS (0 secs / 0.006 secs)
2024-11-25T02:34:17.3123450Z [1A[2K[1A[2KChrome Headless 131.0.0.0 (Linux x86_64): Executed 306 of 306 (1 FAILED) (3.62 secs / 3.566 secs)
2024-11-25T02:34:17.3124316Z Firefox 132.0 (Ubuntu 0.0.0): Executed 9 of 306 SUCCESS (0 secs / 0.006 secs)
2024-11-25T02:34:17.3125440Z [1A[2K[1A[2KChrome Headless 131.0.0.0 (Linux x86_64): Executed 306 of 306 (1 FAILED) (3.62 secs / 3.566 secs)
2024-11-25T02:34:17.3126939Z Firefox 132.0 (Ubuntu 0.0.0): Executed 10 of 306 SUCCESS (0 secs / 0.007 secs)
2024-11-25T02:34:17.3128853Z [1A[2K[1A[2KChrome Headless 131.0.0.0 (Linux x86_64): Executed 306 of 306 (1 FAILED) (3.62 secs / 3.566 secs)
2024-11-25T02:34:17.3130561Z Firefox 132.0 (Ubuntu 0.0.0): Executed 11 of 306 SUCCESS (0 secs / 0.008 secs)
2024-11-25T02:34:17.3132702Z [1A[2K[1A[2KChrome Headless 131.0.0.0 (Linux x86_64): Executed 306 of 306 (1 FAILED) (3.62 secs / 3.566 secs)
2024-11-25T02:34:17.3133649Z Firefox 132.0 (Ubuntu 0.0.0): Executed 12 of 306 SUCCESS (0 secs / 0.008 secs)
2024-11-25T02:34:17.3134854Z [1A[2K[1A[2KChrome Headless 131.0.0.0 (Linux x86_64): Executed 306 of 306 (1 FAILED) (3.62 secs / 3.566 secs)
2024-11-25T02:34:17.3136276Z Firefox 132.0 (Ubuntu 0.0.0): Executed 13 of 306 SUCCESS (0 secs / 0.008 secs)
2024-11-25T02:34:17.3137610Z [1A[2K[1A[2KChrome Headless 131.0.0.0 (Linux x86_64): Executed 306 of 306 (1 FAILED) (3.62 secs / 3.566 secs)
2024-11-25T02:34:17.3139334Z Firefox 132.0 (Ubuntu 0.0.0): Executed 14 of 306 SUCCESS (0 secs / 0.008 secs)
2024-11-25T02:34:17.3140683Z [1A[2K[1A[2KChrome Headless 131.0.0.0 (Linux x86_64): Executed 306 of 306 (1 FAILED) (3.62 secs / 3.566 secs)
2024-11-25T02:34:17.3141905Z Firefox 132.0 (Ubuntu 0.0.0): Executed 15 of 306 SUCCESS (0 secs / 0.008 secs)
2024-11-25T02:34:17.3143025Z [1A[2K[1A[2KChrome Headless 131.0.0.0 (Linux x86_64): Executed 306 of 306 (1 FAILED) (3.62 secs / 3.566 secs)
2024-11-25T02:34:17.3143926Z Firefox 132.0 (Ubuntu 0.0.0): Executed 16 of 306 SUCCESS (0 secs / 0.008 secs)
2024-11-25T02:34:17.3144920Z [1A[2K[1A[2KChrome Headless 131.0.0.0 (Linux x86_64): Executed 306 of 306 (1 FAILED) (3.62 secs / 3.566 secs)
2024-11-25T02:34:17.3145896Z Firefox 132.0 (Ubuntu 0.0.0): Executed 17 of 306 SUCCESS (0 secs / 0.109 secs)
2024-11-25T02:34:17.3170106Z [33m25 11 2024 02:34:17.316:WARN [web-server]: [39m404: /test
2024-11-25T02:34:17.4111976Z [1A[2K[1A[2KChrome Headless 131.0.0.0 (Linux x86_64): Executed 306 of 306 (1 FAILED) (3.62 secs / 3.566 secs)
2024-11-25T02:34:17.4113220Z Firefox 132.0 (Ubuntu 0.0.0): Executed 18 of 306 SUCCESS (0 secs / 0.21 secs)
2024-11-25T02:34:17.4909102Z [1A[2K[1A[2KChrome Headless 131.0.0.0 (Linux x86_64): Executed 306 of 306 (1 FAILED) (3.62 secs / 3.566 secs)
2024-11-25T02:34:17.4911651Z Firefox 132.0 (Ubuntu 0.0.0): Executed 19 of 306 SUCCESS (0 secs / 0.312 secs)
2024-11-25T02:34:17.4945431Z [1A[2K[1A[2KChrome Headless 131.0.0.0 (Linux x86_64): Executed 306 of 306 (1 FAILED) (3.62 secs / 3.566 secs)
2024-11-25T02:34:17.4947398Z Firefox 132.0 (Ubuntu 0.0.0): Executed 20 of 306 SUCCESS (0 secs / 0.313 secs)
2024-11-25T02:34:17.4949866Z [1A[2K[1A[2KChrome Headless 131.0.0.0 (Linux x86_64): Executed 306 of 306 (1 FAILED) (3.62 secs / 3.566 secs)
2024-11-25T02:34:17.4950808Z Firefox 132.0 (Ubuntu 0.0.0): Executed 21 of 306 SUCCESS (0 secs / 0.313 secs)
2024-11-25T02:34:17.4985892Z [1A[2K[1A[2KChrome Headless 131.0.0.0 (Linux x86_64): Executed 306 of 306 (1 FAILED) (3.62 secs / 3.566 secs)
2024-11-25T02:34:17.4987762Z Firefox 132.0 (Ubuntu 0.0.0): Executed 22 of 306 SUCCESS (0 secs / 0.316 secs)
2024-11-25T02:34:17.4989892Z [1A[2K[1A[2KChrome Headless 131.0.0.0 (Linux x86_64): Executed 306 of 306 (1 FAILED) (3.62 secs / 3.566 secs)
2024-11-25T02:34:17.4991657Z Firefox 132.0 (Ubuntu 0.0.0): Executed 23 of 306 SUCCESS (0 secs / 0.317 secs)
2024-11-25T02:34:17.4997869Z [1A[2K[1A[2KChrome Headless 131.0.0.0 (Linux x86_64): Executed 306 of 306 (1 FAILED) (3.62 secs / 3.566 secs)
2024-11-25T02:34:17.4999837Z Firefox 132.0 (Ubuntu 0.0.0): Executed 24 of 306 SUCCESS (0 secs / 0.318 secs)
2024-11-25T02:34:17.5002645Z [1A[2K[1A[2KChrome Headless 131.0.0.0 (Linux x86_64): Executed 306 of 306 (1 FAILED) (3.62 secs / 3.566 secs)
2024-11-25T02:34:17.5004355Z Firefox 132.0 (Ubuntu 0.0.0): Executed 25 of 306 SUCCESS (0 secs / 0.318 secs)
2024-11-25T02:34:17.5006326Z [1A[2K[1A[2KChrome Headless 131.0.0.0 (Linux x86_64): Executed 306 of 306 (1 FAILED) (3.62 secs / 3.566 secs)
2024-11-25T02:34:17.5007927Z Firefox 132.0 (Ubuntu 0.0.0): Executed 26 of 306 SUCCESS (0 secs / 0.318 secs)
2024-11-25T02:34:17.5009748Z [1A[2K[1A[2KChrome Headless 131.0.0.0 (Linux x86_64): Executed 306 of 306 (1 FAILED) (3.62 secs / 3.566 secs)
2024-11-25T02:34:17.5011253Z Firefox 132.0 (Ubuntu 0.0.0): Executed 27 of 306 SUCCESS (0 secs / 0.318 secs)
2024-11-25T02:34:17.5013231Z [1A[2K[1A[2KChrome Headless 131.0.0.0 (Linux x86_64): Executed 306 of 306 (1 FAILED) (3.62 secs / 3.566 secs)
2024-11-25T02:34:17.5014884Z Firefox 132.0 (Ubuntu 0.0.0): Executed 28 of 306 SUCCESS (0 secs / 0.318 secs)
2024-11-25T02:34:17.5016830Z [1A[2K[1A[2KChrome Headless 131.0.0.0 (Linux x86_64): Executed 306 of 306 (1 FAILED) (3.62 secs / 3.566 secs)
2024-11-25T02:34:17.5018502Z Firefox 132.0 (Ubuntu 0.0.0): Executed 29 of 306 SUCCESS (0 secs / 0.318 secs)
2024-11-25T02:34:17.5019690Z [1A[2K[1A[2KChrome Headless 131.0.0.0 (Linux x86_64): Executed 306 of 306 (1 FAILED) (3.62 secs / 3.566 secs)
2024-11-25T02:34:17.5021317Z Firefox 132.0 (Ubuntu 0.0.0): Executed 30 of 306 SUCCESS (0 secs / 0.318 secs)
2024-11-25T02:34:17.5023293Z [1A[2K[1A[2KChrome Headless 131.0.0.0 (Linux x86_64): Executed 306 of 306 (1 FAILED) (3.62 secs / 3.566 secs)
2024-11-25T02:34:17.5025029Z Firefox 132.0 (Ubuntu 0.0.0): Executed 31 of 306 SUCCESS (0 secs / 0.318 secs)
2024-11-25T02:34:17.5027174Z [1A[2K[1A[2KChrome Headless 131.0.0.0 (Linux x86_64): Executed 306 of 306 (1 FAILED) (3.62 secs / 3.566 secs)
2024-11-25T02:34:17.5029330Z Firefox 132.0 (Ubuntu 0.0.0): Executed 32 of 306 SUCCESS (0 secs / 0.319 secs)
2024-11-25T02:34:17.5031258Z [1A[2K[1A[2KChrome Headless 131.0.0.0 (Linux x86_64): Executed 306 of 306 (1 FAILED) (3.62 secs / 3.566 secs)
2024-11-25T02:34:17.5032986Z Firefox 132.0 (Ubuntu 0.0.0): Executed 33 of 306 SUCCESS (0 secs / 0.319 secs)
2024-11-25T02:34:17.5034852Z [1A[2K[1A[2KChrome Headless 131.0.0.0 (Linux x86_64): Executed 306 of 306 (1 FAILED) (3.62 secs / 3.566 secs)
2024-11-25T02:34:17.5036416Z Firefox 132.0 (Ubuntu 0.0.0): Executed 34 of 306 SUCCESS (0 secs / 0.32 secs)
2024-11-25T02:34:17.5039298Z [1A[2K[1A[2KChrome Headless 131.0.0.0 (Linux x86_64): Executed 306 of 306 (1 FAILED) (3.62 secs / 3.566 secs)
2024-11-25T02:34:17.5041210Z Firefox 132.0 (Ubuntu 0.0.0): Executed 35 of 306 SUCCESS (0 secs / 0.32 secs)
2024-11-25T02:34:17.5043201Z [1A[2K[1A[2KChrome Headless 131.0.0.0 (Linux x86_64): Executed 306 of 306 (1 FAILED) (3.62 secs / 3.566 secs)
2024-11-25T02:34:17.5044860Z Firefox 132.0 (Ubuntu 0.0.0): Executed 36 of 306 SUCCESS (0 secs / 0.32 secs)
2024-11-25T02:34:17.5046352Z [1A[2K[1A[2KChrome Headless 131.0.0.0 (Linux x86_64): Executed 306 of 306 (1 FAILED) (3.62 secs / 3.566 secs)
2024-11-25T02:34:17.5048029Z Firefox 132.0 (Ubuntu 0.0.0): Executed 37 of 306 SUCCESS (0 secs / 0.321 secs)
2024-11-25T02:34:17.5049730Z [1A[2K[1A[2KChrome Headless 131.0.0.0 (Linux x86_64): Executed 306 of 306 (1 FAILED) (3.62 secs / 3.566 secs)
2024-11-25T02:34:17.5050782Z Firefox 132.0 (Ubuntu 0.0.0): Executed 38 of 306 SUCCESS (0 secs / 0.321 secs)
2024-11-25T02:34:17.5182581Z [1A[2K[1A[2KChrome Headless 131.0.0.0 (Linux x86_64): Executed 306 of 306 (1 FAILED) (3.62 secs / 3.566 secs)
2024-11-25T02:34:17.5184299Z Firefox 132.0 (Ubuntu 0.0.0): Executed 39 of 306 SUCCESS (0 secs / 0.322 secs)
2024-11-25T02:34:17.5186154Z [1A[2K[1A[2KChrome Headless 131.0.0.0 (Linux x86_64): Executed 306 of 306 (1 FAILED) (3.62 secs / 3.566 secs)
2024-11-25T02:34:17.5187882Z Firefox 132.0 (Ubuntu 0.0.0): Executed 40 of 306 SUCCESS (0 secs / 0.322 secs)
2024-11-25T02:34:17.5189911Z [1A[2K[1A[2KChrome Headless 131.0.0.0 (Linux x86_64): Executed 306 of 306 (1 FAILED) (3.62 secs / 3.566 secs)
2024-11-25T02:34:17.5191573Z Firefox 132.0 (Ubuntu 0.0.0): Executed 41 of 306 SUCCESS (0 secs / 0.322 secs)
2024-11-25T02:34:17.5193675Z [1A[2K[1A[2KChrome Headless 131.0.0.0 (Linux x86_64): Executed 306 of 306 (1 FAILED) (3.62 secs / 3.566 secs)
2024-11-25T02:34:17.5195388Z Firefox 132.0 (Ubuntu 0.0.0): Executed 42 of 306 SUCCESS (0 secs / 0.322 secs)
2024-11-25T02:34:17.5197272Z [1A[2K[1A[2KChrome Headless 131.0.0.0 (Linux x86_64): Executed 306 of 306 (1 FAILED) (3.62 secs / 3.566 secs)
2024-11-25T02:34:17.5199215Z Firefox 132.0 (Ubuntu 0.0.0): Executed 43 of 306 SUCCESS (0 secs / 0.322 secs)
2024-11-25T02:34:17.5201606Z [1A[2K[1A[2KChrome Headless 131.0.0.0 (Linux x86_64): Executed 306 of 306 (1 FAILED) (3.62 secs / 3.566 secs)
2024-11-25T02:34:17.5207236Z Firefox 132.0 (Ubuntu 0.0.0): Executed 44 of 306 SUCCESS (0 secs / 0.322 secs)
2024-11-25T02:34:17.5209060Z [1A[2K[1A[2KChrome Headless 131.0.0.0 (Linux x86_64): Executed 306 of 306 (1 FAILED) (3.62 secs / 3.566 secs)
2024-11-25T02:34:17.5210690Z Firefox 132.0 (Ubuntu 0.0.0): Executed 45 of 306 SUCCESS (0 secs / 0.323 secs)
2024-11-25T02:34:17.5212779Z [1A[2K[1A[2KChrome Headless 131.0.0.0 (Linux x86_64): Executed 306 of 306 (1 FAILED) (3.62 secs / 3.566 secs)
2024-11-25T02:34:17.5214393Z Firefox 132.0 (Ubuntu 0.0.0): Executed 46 of 306 SUCCESS (0 secs / 0.323 secs)
2024-11-25T02:34:17.5216292Z [1A[2K[1A[2KChrome Headless 131.0.0.0 (Linux x86_64): Executed 306 of 306 (1 FAILED) (3.62 secs / 3.566 secs)
2024-11-25T02:34:17.5218054Z Firefox 132.0 (Ubuntu 0.0.0): Executed 47 of 306 SUCCESS (0 secs / 0.323 secs)
2024-11-25T02:34:17.5219954Z [1A[2K[1A[2KChrome Headless 131.0.0.0 (Linux x86_64): Executed 306 of 306 (1 FAILED) (3.62 secs / 3.566 secs)
2024-11-25T02:34:17.5221641Z Firefox 132.0 (Ubuntu 0.0.0): Executed 48 of 306 SUCCESS (0 secs / 0.323 secs)
2024-11-25T02:34:17.5223743Z [1A[2K[1A[2KChrome Headless 131.0.0.0 (Linux x86_64): Executed 306 of 306 (1 FAILED) (3.62 secs / 3.566 secs)
2024-11-25T02:34:17.5225524Z Firefox 132.0 (Ubuntu 0.0.0): Executed 49 of 306 SUCCESS (0 secs / 0.324 secs)
2024-11-25T02:34:17.5227506Z [1A[2K[1A[2KChrome Headless 131.0.0.0 (Linux x86_64): Executed 306 of 306 (1 FAILED) (3.62 secs / 3.566 secs)
2024-11-25T02:34:17.5229651Z Firefox 132.0 (Ubuntu 0.0.0): Executed 50 of 306 SUCCESS (0 secs / 0.324 secs)
2024-11-25T02:34:17.5231636Z [1A[2K[1A[2KChrome Headless 131.0.0.0 (Linux x86_64): Executed 306 of 306 (1 FAILED) (3.62 secs / 3.566 secs)
2024-11-25T02:34:17.5234669Z Firefox 132.0 (Ubuntu 0.0.0): Executed 51 of 306 SUCCESS (0 secs / 0.324 secs)
2024-11-25T02:34:17.5236971Z [1A[2K[1A[2KChrome Headless 131.0.0.0 (Linux x86_64): Executed 306 of 306 (1 FAILED) (3.62 secs / 3.566 secs)
2024-11-25T02:34:17.5238850Z Firefox 132.0 (Ubuntu 0.0.0): Executed 52 of 306 SUCCESS (0 secs / 0.324 secs)
2024-11-25T02:34:17.5240774Z [1A[2K[1A[2KChrome Headless 131.0.0.0 (Linux x86_64): Executed 306 of 306 (1 FAILED) (3.62 secs / 3.566 secs)
2024-11-25T02:34:17.5242637Z Firefox 132.0 (Ubuntu 0.0.0): Executed 53 of 306 SUCCESS (0 secs / 0.325 secs)
2024-11-25T02:34:17.5244510Z [1A[2K[1A[2KChrome Headless 131.0.0.0 (Linux x86_64): Executed 306 of 306 (1 FAILED) (3.62 secs / 3.566 secs)
2024-11-25T02:34:17.5246176Z Firefox 132.0 (Ubuntu 0.0.0): Executed 54 of 306 SUCCESS (0 secs / 0.325 secs)
2024-11-25T02:34:17.5248344Z [1A[2K[1A[2KChrome Headless 131.0.0.0 (Linux x86_64): Executed 306 of 306 (1 FAILED) (3.62 secs / 3.566 secs)
2024-11-25T02:34:17.5250095Z Firefox 132.0 (Ubuntu 0.0.0): Executed 55 of 306 SUCCESS (0 secs / 0.325 secs)
2024-11-25T02:34:17.5252171Z [1A[2K[1A[2KChrome Headless 131.0.0.0 (Linux x86_64): Executed 306 of 306 (1 FAILED) (3.62 secs / 3.566 secs)
2024-11-25T02:34:17.5253841Z Firefox 132.0 (Ubuntu 0.0.0): Executed 56 of 306 SUCCESS (0 secs / 0.325 secs)
2024-11-25T02:34:17.5255740Z [1A[2K[1A[2KChrome Headless 131.0.0.0 (Linux x86_64): Executed 306 of 306 (1 FAILED) (3.62 secs / 3.566 secs)
2024-11-25T02:34:17.5257594Z Firefox 132.0 (Ubuntu 0.0.0): Executed 57 of 306 SUCCESS (0 secs / 0.325 secs)
2024-11-25T02:34:17.5259530Z [1A[2K[1A[2KChrome Headless 131.0.0.0 (Linux x86_64): Executed 306 of 306 (1 FAILED) (3.62 secs / 3.566 secs)
2024-11-25T02:34:17.5261187Z Firefox 132.0 (Ubuntu 0.0.0): Executed 58 of 306 SUCCESS (0 secs / 0.325 secs)
2024-11-25T02:34:17.5263147Z [1A[2K[1A[2KChrome Headless 131.0.0.0 (Linux x86_64): Executed 306 of 306 (1 FAILED) (3.62 secs / 3.566 secs)
2024-11-25T02:34:17.5264798Z Firefox 132.0 (Ubuntu 0.0.0): Executed 59 of 306 SUCCESS (0 secs / 0.325 secs)
2024-11-25T02:34:17.5266771Z [1A[2K[1A[2KChrome Headless 131.0.0.0 (Linux x86_64): Executed 306 of 306 (1 FAILED) (3.62 secs / 3.566 secs)
2024-11-25T02:34:17.5268639Z Firefox 132.0 (Ubuntu 0.0.0): Executed 60 of 306 SUCCESS (0 secs / 0.326 secs)
2024-11-25T02:34:17.5270739Z [1A[2K[1A[2KChrome Headless 131.0.0.0 (Linux x86_64): Executed 306 of 306 (1 FAILED) (3.62 secs / 3.566 secs)
2024-11-25T02:34:17.5272329Z Firefox 132.0 (Ubuntu 0.0.0): Executed 61 of 306 SUCCESS (0 secs / 0.326 secs)
2024-11-25T02:34:17.5274352Z [1A[2K[1A[2KChrome Headless 131.0.0.0 (Linux x86_64): Executed 306 of 306 (1 FAILED) (3.62 secs / 3.566 secs)
2024-11-25T02:34:17.5275840Z Firefox 132.0 (Ubuntu 0.0.0): Executed 62 of 306 SUCCESS (0 secs / 0.326 secs)
2024-11-25T02:34:17.5277559Z [1A[2K[1A[2KChrome Headless 131.0.0.0 (Linux x86_64): Executed 306 of 306 (1 FAILED) (3.62 secs / 3.566 secs)
2024-11-25T02:34:17.5279252Z Firefox 132.0 (Ubuntu 0.0.0): Executed 63 of 306 SUCCESS (0 secs / 0.327 secs)
2024-11-25T02:34:17.5281106Z [1A[2K[1A[2KChrome Headless 131.0.0.0 (Linux x86_64): Executed 306 of 306 (1 FAILED) (3.62 secs / 3.566 secs)
2024-11-25T02:34:17.5282777Z Firefox 132.0 (Ubuntu 0.0.0): Executed 64 of 306 SUCCESS (0 secs / 0.328 secs)
2024-11-25T02:34:17.5284860Z [1A[2K[1A[2KChrome Headless 131.0.0.0 (Linux x86_64): Executed 306 of 306 (1 FAILED) (3.62 secs / 3.566 secs)
2024-11-25T02:34:17.5286436Z Firefox 132.0 (Ubuntu 0.0.0): Executed 65 of 306 SUCCESS (0 secs / 0.328 secs)
2024-11-25T02:34:17.5288572Z [1A[2K[1A[2KChrome Headless 131.0.0.0 (Linux x86_64): Executed 306 of 306 (1 FAILED) (3.62 secs / 3.566 secs)
2024-11-25T02:34:17.5290369Z Firefox 132.0 (Ubuntu 0.0.0): Executed 66 of 306 SUCCESS (0 secs / 0.328 secs)
2024-11-25T02:34:17.5298585Z [1A[2K[1A[2KChrome Headless 131.0.0.0 (Linux x86_64): Executed 306 of 306 (1 FAILED) (3.62 secs / 3.566 secs)
2024-11-25T02:34:17.5300422Z Firefox 132.0 (Ubuntu 0.0.0): Executed 67 of 306 SUCCESS (0 secs / 0.328 secs)
2024-11-25T02:34:17.5336942Z [1A[2K[1A[2KChrome Headless 131.0.0.0 (Linux x86_64): Executed 306 of 306 (1 FAILED) (3.62 secs / 3.566 secs)
2024-11-25T02:34:17.5338593Z Firefox 132.0 (Ubuntu 0.0.0): Executed 68 of 306 SUCCESS (0 secs / 0.328 secs)
2024-11-25T02:34:17.5340641Z [1A[2K[1A[2KChrome Headless 131.0.0.0 (Linux x86_64): Executed 306 of 306 (1 FAILED) (3.62 secs / 3.566 secs)
2024-11-25T02:34:17.5342205Z Firefox 132.0 (Ubuntu 0.0.0): Executed 69 of 306 SUCCESS (0 secs / 0.328 secs)
2024-11-25T02:34:17.5344030Z [1A[2K[1A[2KChrome Headless 131.0.0.0 (Linux x86_64): Executed 306 of 306 (1 FAILED) (3.62 secs / 3.566 secs)
2024-11-25T02:34:17.5345542Z Firefox 132.0 (Ubuntu 0.0.0): Executed 70 of 306 SUCCESS (0 secs / 0.33 secs)
2024-11-25T02:34:17.5347189Z [1A[2K[1A[2KChrome Headless 131.0.0.0 (Linux x86_64): Executed 306 of 306 (1 FAILED) (3.62 secs / 3.566 secs)
2024-11-25T02:34:17.5359266Z Firefox 132.0 (Ubuntu 0.0.0): Executed 71 of 306 SUCCESS (0 secs / 0.33 secs)
2024-11-25T02:34:17.5361257Z [1A[2K[1A[2KChrome Headless 131.0.0.0 (Linux x86_64): Executed 306 of 306 (1 FAILED) (3.62 secs / 3.566 secs)
2024-11-25T02:34:17.5362828Z Firefox 132.0 (Ubuntu 0.0.0): Executed 72 of 306 SUCCESS (0 secs / 0.33 secs)
2024-11-25T02:34:17.5364877Z [1A[2K[1A[2KChrome Headless 131.0.0.0 (Linux x86_64): Executed 306 of 306 (1 FAILED) (3.62 secs / 3.566 secs)
2024-11-25T02:34:17.5366642Z Firefox 132.0 (Ubuntu 0.0.0): Executed 73 of 306 SUCCESS (0 secs / 0.33 secs)
2024-11-25T02:34:17.5368606Z [1A[2K[1A[2KChrome Headless 131.0.0.0 (Linux x86_64): Executed 306 of 306 (1 FAILED) (3.62 secs / 3.566 secs)
2024-11-25T02:34:17.5370321Z Firefox 132.0 (Ubuntu 0.0.0): Executed 74 of 306 SUCCESS (0 secs / 0.33 secs)
2024-11-25T02:34:17.5372066Z [1A[2K[1A[2KChrome Headless 131.0.0.0 (Linux x86_64): Executed 306 of 306 (1 FAILED) (3.62 secs / 3.566 secs)
2024-11-25T02:34:17.5373572Z Firefox 132.0 (Ubuntu 0.0.0): Executed 75 of 306 SUCCESS (0 secs / 0.33 secs)
2024-11-25T02:34:17.5457558Z [1A[2K[1A[2KChrome Headless 131.0.0.0 (Linux x86_64): Executed 306 of 306 (1 FAILED) (3.62 secs / 3.566 secs)
2024-11-25T02:34:17.5459504Z Firefox 132.0 (Ubuntu 0.0.0): Executed 76 of 306 SUCCESS (0 secs / 0.331 secs)
2024-11-25T02:34:17.5461814Z [1A[2K[1A[2KChrome Headless 131.0.0.0 (Linux x86_64): Executed 306 of 306 (1 FAILED) (3.62 secs / 3.566 secs)
2024-11-25T02:34:17.5463499Z Firefox 132.0 (Ubuntu 0.0.0): Executed 77 of 306 SUCCESS (0 secs / 0.331 secs)
2024-11-25T02:34:17.5465346Z [1A[2K[1A[2KChrome Headless 131.0.0.0 (Linux x86_64): Executed 306 of 306 (1 FAILED) (3.62 secs / 3.566 secs)
2024-11-25T02:34:17.5467130Z Firefox 132.0 (Ubuntu 0.0.0): Executed 78 of 306 SUCCESS (0 secs / 0.331 secs)
2024-11-25T02:34:17.5469668Z [1A[2K[1A[2KChrome Headless 131.0.0.0 (Linux x86_64): Executed 306 of 306 (1 FAILED) (3.62 secs / 3.566 secs)
2024-11-25T02:34:17.5471310Z Firefox 132.0 (Ubuntu 0.0.0): Executed 79 of 306 SUCCESS (0 secs / 0.332 secs)
2024-11-25T02:34:17.5473231Z [1A[2K[1A[2KChrome Headless 131.0.0.0 (Linux x86_64): Executed 306 of 306 (1 FAILED) (3.62 secs / 3.566 secs)
2024-11-25T02:34:17.5474970Z Firefox 132.0 (Ubuntu 0.0.0): Executed 80 of 306 SUCCESS (0 secs / 0.332 secs)
2024-11-25T02:34:17.5476854Z [1A[2K[1A[2KChrome Headless 131.0.0.0 (Linux x86_64): Executed 306 of 306 (1 FAILED) (3.62 secs / 3.566 secs)
2024-11-25T02:34:17.5478663Z Firefox 132.0 (Ubuntu 0.0.0): Executed 81 of 306 SUCCESS (0 secs / 0.332 secs)
2024-11-25T02:34:17.5482343Z [1A[2K[1A[2KChrome Headless 131.0.0.0 (Linux x86_64): Executed 306 of 306 (1 FAILED) (3.62 secs / 3.566 secs)
2024-11-25T02:34:17.5483914Z Firefox 132.0 (Ubuntu 0.0.0): Executed 82 of 306 SUCCESS (0 secs / 0.333 secs)
2024-11-25T02:34:17.5486035Z [1A[2K[1A[2KChrome Headless 131.0.0.0 (Linux x86_64): Executed 306 of 306 (1 FAILED) (3.62 secs / 3.566 secs)
2024-11-25T02:34:17.5487669Z Firefox 132.0 (Ubuntu 0.0.0): Executed 83 of 306 SUCCESS (0 secs / 0.333 secs)
2024-11-25T02:34:17.5490070Z [1A[2K[1A[2KChrome Headless 131.0.0.0 (Linux x86_64): Executed 306 of 306 (1 FAILED) (3.62 secs / 3.566 secs)
2024-11-25T02:34:17.5492098Z Firefox 132.0 (Ubuntu 0.0.0): Executed 84 of 306 SUCCESS (0 secs / 0.333 secs)
2024-11-25T02:34:17.5493915Z [1A[2K[1A[2KChrome Headless 131.0.0.0 (Linux x86_64): Executed 306 of 306 (1 FAILED) (3.62 secs / 3.566 secs)
2024-11-25T02:34:17.5495610Z Firefox 132.0 (Ubuntu 0.0.0): Executed 85 of 306 SUCCESS (0 secs / 0.333 secs)
2024-11-25T02:34:17.5497654Z [1A[2K[1A[2KChrome Headless 131.0.0.0 (Linux x86_64): Executed 306 of 306 (1 FAILED) (3.62 secs / 3.566 secs)
2024-11-25T02:34:17.5499348Z Firefox 132.0 (Ubuntu 0.0.0): Executed 86 of 306 SUCCESS (0 secs / 0.333 secs)
2024-11-25T02:34:17.5501408Z [1A[2K[1A[2KChrome Headless 131.0.0.0 (Linux x86_64): Executed 306 of 306 (1 FAILED) (3.62 secs / 3.566 secs)
2024-11-25T02:34:17.5503055Z Firefox 132.0 (Ubuntu 0.0.0): Executed 87 of 306 SUCCESS (0 secs / 0.333 secs)
2024-11-25T02:34:17.5504974Z [1A[2K[1A[2KChrome Headless 131.0.0.0 (Linux x86_64): Executed 306 of 306 (1 FAILED) (3.62 secs / 3.566 secs)
2024-11-25T02:34:17.5506782Z Firefox 132.0 (Ubuntu 0.0.0): Executed 88 of 306 SUCCESS (0 secs / 0.333 secs)
2024-11-25T02:34:17.5508709Z [1A[2K[1A[2KChrome Headless 131.0.0.0 (Linux x86_64): Executed 306 of 306 (1 FAILED) (3.62 secs / 3.566 secs)
2024-11-25T02:34:17.5510856Z Firefox 132.0 (Ubuntu 0.0.0): Executed 89 of 306 SUCCESS (0 secs / 0.334 secs)
2024-11-25T02:34:17.5512807Z [1A[2K[1A[2KChrome Headless 131.0.0.0 (Linux x86_64): Executed 306 of 306 (1 FAILED) (3.62 secs / 3.566 secs)
2024-11-25T02:34:17.5514228Z Firefox 132.0 (Ubuntu 0.0.0): Executed 90 of 306 SUCCESS (0 secs / 0.335 secs)
2024-11-25T02:34:17.5515830Z [1A[2K[1A[2KChrome Headless 131.0.0.0 (Linux x86_64): Executed 306 of 306 (1 FAILED) (3.62 secs / 3.566 secs)
2024-11-25T02:34:17.5517269Z Firefox 132.0 (Ubuntu 0.0.0): Executed 91 of 306 SUCCESS (0 secs / 0.335 secs)
2024-11-25T02:34:17.5518985Z [1A[2K[1A[2KChrome Headless 131.0.0.0 (Linux x86_64): Executed 306 of 306 (1 FAILED) (3.62 secs / 3.566 secs)
2024-11-25T02:34:17.5520506Z Firefox 132.0 (Ubuntu 0.0.0): Executed 92 of 306 SUCCESS (0 secs / 0.335 secs)
2024-11-25T02:34:17.5522347Z [1A[2K[1A[2KChrome Headless 131.0.0.0 (Linux x86_64): Executed 306 of 306 (1 FAILED) (3.62 secs / 3.566 secs)
2024-11-25T02:34:17.5523896Z Firefox 132.0 (Ubuntu 0.0.0): Executed 93 of 306 SUCCESS (0 secs / 0.335 secs)
2024-11-25T02:34:17.5525577Z [1A[2K[1A[2KChrome Headless 131.0.0.0 (Linux x86_64): Executed 306 of 306 (1 FAILED) (3.62 secs / 3.566 secs)
2024-11-25T02:34:17.5527203Z Firefox 132.0 (Ubuntu 0.0.0): Executed 94 of 306 SUCCESS (0 secs / 0.335 secs)
2024-11-25T02:34:17.5528973Z [1A[2K[1A[2KChrome Headless 131.0.0.0 (Linux x86_64): Executed 306 of 306 (1 FAILED) (3.62 secs / 3.566 secs)
2024-11-25T02:34:17.5530534Z Firefox 132.0 (Ubuntu 0.0.0): Executed 95 of 306 SUCCESS (0 secs / 0.335 secs)
2024-11-25T02:34:17.5532370Z [1A[2K[1A[2KChrome Headless 131.0.0.0 (Linux x86_64): Executed 306 of 306 (1 FAILED) (3.62 secs / 3.566 secs)
2024-11-25T02:34:17.5533788Z Firefox 132.0 (Ubuntu 0.0.0): Executed 96 of 306 SUCCESS (0 secs / 0.335 secs)
2024-11-25T02:34:17.5535427Z [1A[2K[1A[2KChrome Headless 131.0.0.0 (Linux x86_64): Executed 306 of 306 (1 FAILED) (3.62 secs / 3.566 secs)
2024-11-25T02:34:17.5537002Z Firefox 132.0 (Ubuntu 0.0.0): Executed 97 of 306 SUCCESS (0 secs / 0.336 secs)
2024-11-25T02:34:17.5538641Z [1A[2K[1A[2KChrome Headless 131.0.0.0 (Linux x86_64): Executed 306 of 306 (1 FAILED) (3.62 secs / 3.566 secs)
2024-11-25T02:34:17.5540087Z Firefox 132.0 (Ubuntu 0.0.0): Executed 98 of 306 SUCCESS (0 secs / 0.336 secs)
2024-11-25T02:34:17.5541899Z [1A[2K[1A[2KChrome Headless 131.0.0.0 (Linux x86_64): Executed 306 of 306 (1 FAILED) (3.62 secs / 3.566 secs)
2024-11-25T02:34:17.5543382Z Firefox 132.0 (Ubuntu 0.0.0): Executed 99 of 306 SUCCESS (0 secs / 0.337 secs)
2024-11-25T02:34:17.5545204Z [1A[2K[1A[2KChrome Headless 131.0.0.0 (Linux x86_64): Executed 306 of 306 (1 FAILED) (3.62 secs / 3.566 secs)
2024-11-25T02:34:17.5547240Z Firefox 132.0 (Ubuntu 0.0.0): Executed 100 of 306 SUCCESS (0 secs / 0.337 secs)
2024-11-25T02:34:17.5549154Z [1A[2K[1A[2KChrome Headless 131.0.0.0 (Linux x86_64): Executed 306 of 306 (1 FAILED) (3.62 secs / 3.566 secs)
2024-11-25T02:34:17.5550758Z Firefox 132.0 (Ubuntu 0.0.0): Executed 101 of 306 SUCCESS (0 secs / 0.337 secs)
2024-11-25T02:34:17.5552593Z [1A[2K[1A[2KChrome Headless 131.0.0.0 (Linux x86_64): Executed 306 of 306 (1 FAILED) (3.62 secs / 3.566 secs)
2024-11-25T02:34:17.5554283Z Firefox 132.0 (Ubuntu 0.0.0): Executed 102 of 306 SUCCESS (0 secs / 0.338 secs)
2024-11-25T02:34:17.5579943Z [1A[2K[1A[2KChrome Headless 131.0.0.0 (Linux x86_64): Executed 306 of 306 (1 FAILED) (3.62 secs / 3.566 secs)
2024-11-25T02:34:17.5581587Z Firefox 132.0 (Ubuntu 0.0.0): Executed 103 of 306 SUCCESS (0 secs / 0.338 secs)
2024-11-25T02:34:17.5583451Z [1A[2K[1A[2KChrome Headless 131.0.0.0 (Linux x86_64): Executed 306 of 306 (1 FAILED) (3.62 secs / 3.566 secs)
2024-11-25T02:34:17.5590648Z Firefox 132.0 (Ubuntu 0.0.0): Executed 104 of 306 SUCCESS (0 secs / 0.339 secs)
2024-11-25T02:34:17.5592445Z [1A[2K[1A[2KChrome Headless 131.0.0.0 (Linux x86_64): Executed 306 of 306 (1 FAILED) (3.62 secs / 3.566 secs)
2024-11-25T02:34:17.5593540Z Firefox 132.0 (Ubuntu 0.0.0): Executed 105 of 306 SUCCESS (0 secs / 0.34 secs)
2024-11-25T02:34:17.5595005Z [1A[2K[1A[2KChrome Headless 131.0.0.0 (Linux x86_64): Executed 306 of 306 (1 FAILED) (3.62 secs / 3.566 secs)
2024-11-25T02:34:17.5596183Z Firefox 132.0 (Ubuntu 0.0.0): Executed 106 of 306 SUCCESS (0 secs / 0.34 secs)
2024-11-25T02:34:17.5598289Z [1A[2K[1A[2KChrome Headless 131.0.0.0 (Linux x86_64): Executed 306 of 306 (1 FAILED) (3.62 secs / 3.566 secs)
2024-11-25T02:34:17.5599993Z Firefox 132.0 (Ubuntu 0.0.0): Executed 107 of 306 SUCCESS (0 secs / 0.34 secs)
2024-11-25T02:34:17.5601281Z [1A[2K[1A[2KChrome Headless 131.0.0.0 (Linux x86_64): Executed 306 of 306 (1 FAILED) (3.62 secs / 3.566 secs)
2024-11-25T02:34:17.5602761Z Firefox 132.0 (Ubuntu 0.0.0): Executed 108 of 306 SUCCESS (0 secs / 0.341 secs)
2024-11-25T02:34:17.5604763Z [1A[2K[1A[2KChrome Headless 131.0.0.0 (Linux x86_64): Executed 306 of 306 (1 FAILED) (3.62 secs / 3.566 secs)
2024-11-25T02:34:17.5606368Z Firefox 132.0 (Ubuntu 0.0.0): Executed 109 of 306 SUCCESS (0 secs / 0.342 secs)
2024-11-25T02:34:17.5607649Z [1A[2K[1A[2KChrome Headless 131.0.0.0 (Linux x86_64): Executed 306 of 306 (1 FAILED) (3.62 secs / 3.566 secs)
2024-11-25T02:34:17.5609211Z Firefox 132.0 (Ubuntu 0.0.0): Executed 110 of 306 SUCCESS (0 secs / 0.343 secs)
2024-11-25T02:34:17.5610572Z [1A[2K[1A[2KChrome Headless 131.0.0.0 (Linux x86_64): Executed 306 of 306 (1 FAILED) (3.62 secs / 3.566 secs)
2024-11-25T02:34:17.5611621Z Firefox 132.0 (Ubuntu 0.0.0): Executed 111 of 306 SUCCESS (0 secs / 0.343 secs)
2024-11-25T02:34:17.5612904Z [1A[2K[1A[2KChrome Headless 131.0.0.0 (Linux x86_64): Executed 306 of 306 (1 FAILED) (3.62 secs / 3.566 secs)
2024-11-25T02:34:17.5614470Z Firefox 132.0 (Ubuntu 0.0.0): Executed 112 of 306 SUCCESS (0 secs / 0.344 secs)
2024-11-25T02:34:17.5616390Z [1A[2K[1A[2KChrome Headless 131.0.0.0 (Linux x86_64): Executed 306 of 306 (1 FAILED) (3.62 secs / 3.566 secs)
2024-11-25T02:34:17.5618012Z Firefox 132.0 (Ubuntu 0.0.0): Executed 113 of 306 SUCCESS (0 secs / 0.345 secs)
2024-11-25T02:34:17.5619992Z [1A[2K[1A[2KChrome Headless 131.0.0.0 (Linux x86_64): Executed 306 of 306 (1 FAILED) (3.62 secs / 3.566 secs)
2024-11-25T02:34:17.5621897Z Firefox 132.0 (Ubuntu 0.0.0): Executed 114 of 306 SUCCESS (0 secs / 0.348 secs)
2024-11-25T02:34:17.5623759Z [1A[2K[1A[2KChrome Headless 131.0.0.0 (Linux x86_64): Executed 306 of 306 (1 FAILED) (3.62 secs / 3.566 secs)
2024-11-25T02:34:17.5625409Z Firefox 132.0 (Ubuntu 0.0.0): Executed 115 of 306 SUCCESS (0 secs / 0.35 secs)
2024-11-25T02:34:17.5627519Z [1A[2K[1A[2KChrome Headless 131.0.0.0 (Linux x86_64): Executed 306 of 306 (1 FAILED) (3.62 secs / 3.566 secs)
2024-11-25T02:34:17.5628492Z Firefox 132.0 (Ubuntu 0.0.0): Executed 116 of 306 SUCCESS (0 secs / 0.35 secs)
2024-11-25T02:34:17.5631277Z [1A[2K[1A[2KChrome Headless 131.0.0.0 (Linux x86_64): Executed 306 of 306 (1 FAILED) (3.62 secs / 3.566 secs)
2024-11-25T02:34:17.5632834Z Firefox 132.0 (Ubuntu 0.0.0): Executed 117 of 306 SUCCESS (0 secs / 0.351 secs)
2024-11-25T02:34:18.0220209Z [1A[2K[1A[2KChrome Headless 131.0.0.0 (Linux x86_64): Executed 306 of 306 (1 FAILED) (3.62 secs / 3.566 secs)
2024-11-25T02:34:18.0222737Z Firefox 132.0 (Ubuntu 0.0.0): Executed 118 of 306 SUCCESS (0 secs / 0.825 secs)
2024-11-25T02:34:18.0225310Z [1A[2K[1A[2KChrome Headless 131.0.0.0 (Linux x86_64): Executed 306 of 306 (1 FAILED) (3.62 secs / 3.566 secs)
2024-11-25T02:34:18.0227563Z Firefox 132.0 (Ubuntu 0.0.0): Executed 119 of 306 SUCCESS (0 secs / 0.826 secs)
2024-11-25T02:34:18.0229811Z [1A[2K[1A[2KChrome Headless 131.0.0.0 (Linux x86_64): Executed 306 of 306 (1 FAILED) (3.62 secs / 3.566 secs)
2024-11-25T02:34:18.0231475Z Firefox 132.0 (Ubuntu 0.0.0): Executed 120 of 306 SUCCESS (0 secs / 0.827 secs)
2024-11-25T02:34:18.0233714Z [1A[2K[1A[2KChrome Headless 131.0.0.0 (Linux x86_64): Executed 306 of 306 (1 FAILED) (3.62 secs / 3.566 secs)
2024-11-25T02:34:18.0235372Z Firefox 132.0 (Ubuntu 0.0.0): Executed 121 of 306 SUCCESS (0 secs / 0.827 secs)
2024-11-25T02:34:18.0237285Z [1A[2K[1A[2KChrome Headless 131.0.0.0 (Linux x86_64): Executed 306 of 306 (1 FAILED) (3.62 secs / 3.566 secs)
2024-11-25T02:34:18.0239177Z Firefox 132.0 (Ubuntu 0.0.0): Executed 122 of 306 SUCCESS (0 secs / 0.828 secs)
2024-11-25T02:34:18.0240976Z [1A[2K[1A[2KChrome Headless 131.0.0.0 (Linux x86_64): Executed 306 of 306 (1 FAILED) (3.62 secs / 3.566 secs)
2024-11-25T02:34:18.0242623Z Firefox 132.0 (Ubuntu 0.0.0): Executed 123 of 306 SUCCESS (0 secs / 0.829 secs)
2024-11-25T02:34:18.0261992Z [1A[2K[1A[2KChrome Headless 131.0.0.0 (Linux x86_64): Executed 306 of 306 (1 FAILED) (3.62 secs / 3.566 secs)
2024-11-25T02:34:18.0264257Z Firefox 132.0 (Ubuntu 0.0.0): Executed 124 of 306 SUCCESS (0 secs / 0.829 secs)
2024-11-25T02:34:18.0272337Z [1A[2K[1A[2KChrome Headless 131.0.0.0 (Linux x86_64): Executed 306 of 306 (1 FAILED) (3.62 secs / 3.566 secs)
2024-11-25T02:34:18.0274621Z Firefox 132.0 (Ubuntu 0.0.0): Executed 125 of 306 SUCCESS (0 secs / 0.83 secs)
2024-11-25T02:34:18.0282515Z [1A[2K[1A[2KChrome Headless 131.0.0.0 (Linux x86_64): Executed 306 of 306 (1 FAILED) (3.62 secs / 3.566 secs)
2024-11-25T02:34:18.0284647Z Firefox 132.0 (Ubuntu 0.0.0): Executed 126 of 306 SUCCESS (0 secs / 0.831 secs)
2024-11-25T02:34:18.0290550Z [1A[2K[1A[2KChrome Headless 131.0.0.0 (Linux x86_64): Executed 306 of 306 (1 FAILED) (3.62 secs / 3.566 secs)
2024-11-25T02:34:18.0292695Z Firefox 132.0 (Ubuntu 0.0.0): Executed 127 of 306 SUCCESS (0 secs / 0.831 secs)
2024-11-25T02:34:18.0301813Z [1A[2K[1A[2KChrome Headless 131.0.0.0 (Linux x86_64): Executed 306 of 306 (1 FAILED) (3.62 secs / 3.566 secs)
2024-11-25T02:34:18.0303861Z Firefox 132.0 (Ubuntu 0.0.0): Executed 128 of 306 SUCCESS (0 secs / 0.831 secs)
2024-11-25T02:34:18.0314055Z [1A[2K[1A[2KChrome Headless 131.0.0.0 (Linux x86_64): Executed 306 of 306 (1 FAILED) (3.62 secs / 3.566 secs)
2024-11-25T02:34:18.0316064Z Firefox 132.0 (Ubuntu 0.0.0): Executed 129 of 306 SUCCESS (0 secs / 0.832 secs)
2024-11-25T02:34:18.0318444Z [1A[2K[1A[2KChrome Headless 131.0.0.0 (Linux x86_64): Executed 306 of 306 (1 FAILED) (3.62 secs / 3.566 secs)
2024-11-25T02:34:18.0320031Z Firefox 132.0 (Ubuntu 0.0.0): Executed 130 of 306 SUCCESS (0 secs / 0.833 secs)
2024-11-25T02:34:18.0330387Z [1A[2K[1A[2KChrome Headless 131.0.0.0 (Linux x86_64): Executed 306 of 306 (1 FAILED) (3.62 secs / 3.566 secs)
2024-11-25T02:34:18.0332672Z Firefox 132.0 (Ubuntu 0.0.0): Executed 131 of 306 SUCCESS (0 secs / 0.833 secs)
2024-11-25T02:34:18.0334616Z [1A[2K[1A[2KChrome Headless 131.0.0.0 (Linux x86_64): Executed 306 of 306 (1 FAILED) (3.62 secs / 3.566 secs)
2024-11-25T02:34:18.0336306Z Firefox 132.0 (Ubuntu 0.0.0): Executed 132 of 306 SUCCESS (0 secs / 0.834 secs)
2024-11-25T02:34:18.0340394Z [1A[2K[1A[2KChrome Headless 131.0.0.0 (Linux x86_64): Executed 306 of 306 (1 FAILED) (3.62 secs / 3.566 secs)
2024-11-25T02:34:18.0342215Z Firefox 132.0 (Ubuntu 0.0.0): Executed 133 of 306 SUCCESS (0 secs / 0.834 secs)
2024-11-25T02:34:18.0349155Z [1A[2K[1A[2KChrome Headless 131.0.0.0 (Linux x86_64): Executed 306 of 306 (1 FAILED) (3.62 secs / 3.566 secs)
2024-11-25T02:34:18.0350934Z Firefox 132.0 (Ubuntu 0.0.0): Executed 134 of 306 SUCCESS (0 secs / 0.835 secs)
2024-11-25T02:34:18.0353050Z [1A[2K[1A[2KChrome Headless 131.0.0.0 (Linux x86_64): Executed 306 of 306 (1 FAILED) (3.62 secs / 3.566 secs)
2024-11-25T02:34:18.0354608Z Firefox 132.0 (Ubuntu 0.0.0): Executed 135 of 306 SUCCESS (0 secs / 0.835 secs)
2024-11-25T02:34:18.0356581Z [1A[2K[1A[2KChrome Headless 131.0.0.0 (Linux x86_64): Executed 306 of 306 (1 FAILED) (3.62 secs / 3.566 secs)
2024-11-25T02:34:18.0358266Z Firefox 132.0 (Ubuntu 0.0.0): Executed 136 of 306 SUCCESS (0 secs / 0.835 secs)
2024-11-25T02:34:18.0360770Z [1A[2K[1A[2KChrome Headless 131.0.0.0 (Linux x86_64): Executed 306 of 306 (1 FAILED) (3.62 secs / 3.566 secs)
2024-11-25T02:34:18.0362580Z Firefox 132.0 (Ubuntu 0.0.0): Executed 137 of 306 SUCCESS (0 secs / 0.835 secs)
2024-11-25T02:34:18.0365686Z [1A[2K[1A[2KChrome Headless 131.0.0.0 (Linux x86_64): Executed 306 of 306 (1 FAILED) (3.62 secs / 3.566 secs)
2024-11-25T02:34:18.0367296Z Firefox 132.0 (Ubuntu 0.0.0): Executed 138 of 306 SUCCESS (0 secs / 0.836 secs)
2024-11-25T02:34:18.0369246Z [1A[2K[1A[2KChrome Headless 131.0.0.0 (Linux x86_64): Executed 306 of 306 (1 FAILED) (3.62 secs / 3.566 secs)
2024-11-25T02:34:18.0370951Z Firefox 132.0 (Ubuntu 0.0.0): Executed 139 of 306 SUCCESS (0 secs / 0.836 secs)
2024-11-25T02:34:18.0372771Z [1A[2K[1A[2KChrome Headless 131.0.0.0 (Linux x86_64): Executed 306 of 306 (1 FAILED) (3.62 secs / 3.566 secs)
2024-11-25T02:34:18.0374488Z Firefox 132.0 (Ubuntu 0.0.0): Executed 140 of 306 SUCCESS (0 secs / 0.836 secs)
2024-11-25T02:34:18.0376468Z [1A[2K[1A[2KChrome Headless 131.0.0.0 (Linux x86_64): Executed 306 of 306 (1 FAILED) (3.62 secs / 3.566 secs)
2024-11-25T02:34:18.0382376Z Firefox 132.0 (Ubuntu 0.0.0): Executed 141 of 306 SUCCESS (0 secs / 0.836 secs)
2024-11-25T02:34:18.0384386Z [1A[2K[1A[2KChrome Headless 131.0.0.0 (Linux x86_64): Executed 306 of 306 (1 FAILED) (3.62 secs / 3.566 secs)
2024-11-25T02:34:18.0385933Z Firefox 132.0 (Ubuntu 0.0.0): Executed 142 of 306 SUCCESS (0 secs / 0.836 secs)
2024-11-25T02:34:18.0387680Z [1A[2K[1A[2KChrome Headless 131.0.0.0 (Linux x86_64): Executed 306 of 306 (1 FAILED) (3.62 secs / 3.566 secs)
2024-11-25T02:34:18.0389774Z Firefox 132.0 (Ubuntu 0.0.0): Executed 143 of 306 SUCCESS (0 secs / 0.836 secs)
2024-11-25T02:34:18.0395730Z [1A[2K[1A[2KChrome Headless 131.0.0.0 (Linux x86_64): Executed 306 of 306 (1 FAILED) (3.62 secs / 3.566 secs)
2024-11-25T02:34:18.0397388Z Firefox 132.0 (Ubuntu 0.0.0): Executed 144 of 306 SUCCESS (0 secs / 0.836 secs)
2024-11-25T02:34:18.0416486Z [1A[2K[1A[2KChrome Headless 131.0.0.0 (Linux x86_64): Executed 306 of 306 (1 FAILED) (3.62 secs / 3.566 secs)
2024-11-25T02:34:18.0418038Z Firefox 132.0 (Ubuntu 0.0.0): Executed 145 of 306 SUCCESS (0 secs / 0.837 secs)
2024-11-25T02:34:18.0419855Z [1A[2K[1A[2KChrome Headless 131.0.0.0 (Linux x86_64): Executed 306 of 306 (1 FAILED) (3.62 secs / 3.566 secs)
2024-11-25T02:34:18.0421631Z Firefox 132.0 (Ubuntu 0.0.0): Executed 146 of 306 SUCCESS (0 secs / 0.837 secs)
2024-11-25T02:34:18.0423495Z [1A[2K[1A[2KChrome Headless 131.0.0.0 (Linux x86_64): Executed 306 of 306 (1 FAILED) (3.62 secs / 3.566 secs)
2024-11-25T02:34:18.0425110Z Firefox 132.0 (Ubuntu 0.0.0): Executed 147 of 306 SUCCESS (0 secs / 0.837 secs)
2024-11-25T02:34:18.0427032Z [1A[2K[1A[2KChrome Headless 131.0.0.0 (Linux x86_64): Executed 306 of 306 (1 FAILED) (3.62 secs / 3.566 secs)
2024-11-25T02:34:18.0428650Z Firefox 132.0 (Ubuntu 0.0.0): Executed 148 of 306 SUCCESS (0 secs / 0.837 secs)
2024-11-25T02:34:18.0431560Z [1A[2K[1A[2KChrome Headless 131.0.0.0 (Linux x86_64): Executed 306 of 306 (1 FAILED) (3.62 secs / 3.566 secs)
2024-11-25T02:34:18.0433391Z Firefox 132.0 (Ubuntu 0.0.0): Executed 149 of 306 SUCCESS (0 secs / 0.837 secs)
2024-11-25T02:34:18.0435149Z [1A[2K[1A[2KChrome Headless 131.0.0.0 (Linux x86_64): Executed 306 of 306 (1 FAILED) (3.62 secs / 3.566 secs)
2024-11-25T02:34:18.0437055Z Firefox 132.0 (Ubuntu 0.0.0): Executed 150 of 306 SUCCESS (0 secs / 0.837 secs)
2024-11-25T02:34:18.0438897Z [1A[2K[1A[2KChrome Headless 131.0.0.0 (Linux x86_64): Executed 306 of 306 (1 FAILED) (3.62 secs / 3.566 secs)
2024-11-25T02:34:18.0440452Z Firefox 132.0 (Ubuntu 0.0.0): Executed 151 of 306 SUCCESS (0 secs / 0.838 secs)
2024-11-25T02:34:18.0447179Z [1A[2K[1A[2KChrome Headless 131.0.0.0 (Linux x86_64): Executed 306 of 306 (1 FAILED) (3.62 secs / 3.566 secs)
2024-11-25T02:34:18.0449752Z Firefox 132.0 (Ubuntu 0.0.0): Executed 152 of 306 SUCCESS (0 secs / 0.838 secs)
2024-11-25T02:34:18.0451593Z [1A[2K[1A[2KChrome Headless 131.0.0.0 (Linux x86_64): Executed 306 of 306 (1 FAILED) (3.62 secs / 3.566 secs)
2024-11-25T02:34:18.0454447Z Firefox 132.0 (Ubuntu 0.0.0): Executed 153 of 306 SUCCESS (0 secs / 0.838 secs)
2024-11-25T02:34:18.0463617Z [1A[2K[1A[2KChrome Headless 131.0.0.0 (Linux x86_64): Executed 306 of 306 (1 FAILED) (3.62 secs / 3.566 secs)
2024-11-25T02:34:18.0465356Z Firefox 132.0 (Ubuntu 0.0.0): Executed 154 of 306 SUCCESS (0 secs / 0.839 secs)
2024-11-25T02:34:18.0467405Z [1A[2K[1A[2KChrome Headless 131.0.0.0 (Linux x86_64): Executed 306 of 306 (1 FAILED) (3.62 secs / 3.566 secs)
2024-11-25T02:34:18.0469344Z Firefox 132.0 (Ubuntu 0.0.0): Executed 155 of 306 SUCCESS (0 secs / 0.839 secs)
2024-11-25T02:34:18.0471289Z [1A[2K[1A[2KChrome Headless 131.0.0.0 (Linux x86_64): Executed 306 of 306 (1 FAILED) (3.62 secs / 3.566 secs)
2024-11-25T02:34:18.0472941Z Firefox 132.0 (Ubuntu 0.0.0): Executed 156 of 306 SUCCESS (0 secs / 0.839 secs)
2024-11-25T02:34:18.0474678Z [1A[2K[1A[2KChrome Headless 131.0.0.0 (Linux x86_64): Executed 306 of 306 (1 FAILED) (3.62 secs / 3.566 secs)
2024-11-25T02:34:18.0476395Z Firefox 132.0 (Ubuntu 0.0.0): Executed 157 of 306 SUCCESS (0 secs / 0.839 secs)
2024-11-25T02:34:18.0478340Z [1A[2K[1A[2KChrome Headless 131.0.0.0 (Linux x86_64): Executed 306 of 306 (1 FAILED) (3.62 secs / 3.566 secs)
2024-11-25T02:34:18.0480015Z Firefox 132.0 (Ubuntu 0.0.0): Executed 158 of 306 SUCCESS (0 secs / 0.84 secs)
2024-11-25T02:34:18.0481979Z [1A[2K[1A[2KChrome Headless 131.0.0.0 (Linux x86_64): Executed 306 of 306 (1 FAILED) (3.62 secs / 3.566 secs)
2024-11-25T02:34:18.0483566Z Firefox 132.0 (Ubuntu 0.0.0): Executed 159 of 306 SUCCESS (0 secs / 0.84 secs)
2024-11-25T02:34:18.0485452Z [1A[2K[1A[2KChrome Headless 131.0.0.0 (Linux x86_64): Executed 306 of 306 (1 FAILED) (3.62 secs / 3.566 secs)
2024-11-25T02:34:18.0487380Z Firefox 132.0 (Ubuntu 0.0.0): Executed 160 of 306 SUCCESS (0 secs / 0.84 secs)
2024-11-25T02:34:18.0489312Z [1A[2K[1A[2KChrome Headless 131.0.0.0 (Linux x86_64): Executed 306 of 306 (1 FAILED) (3.62 secs / 3.566 secs)
2024-11-25T02:34:18.0491027Z Firefox 132.0 (Ubuntu 0.0.0): Executed 161 of 306 SUCCESS (0 secs / 0.84 secs)
2024-11-25T02:34:18.0493482Z [1A[2K[1A[2KChrome Headless 131.0.0.0 (Linux x86_64): Executed 306 of 306 (1 FAILED) (3.62 secs / 3.566 secs)
2024-11-25T02:34:18.0495019Z Firefox 132.0 (Ubuntu 0.0.0): Executed 162 of 306 SUCCESS (0 secs / 0.84 secs)
2024-11-25T02:34:18.0496890Z [1A[2K[1A[2KChrome Headless 131.0.0.0 (Linux x86_64): Executed 306 of 306 (1 FAILED) (3.62 secs / 3.566 secs)
2024-11-25T02:34:18.0498579Z Firefox 132.0 (Ubuntu 0.0.0): Executed 163 of 306 SUCCESS (0 secs / 0.84 secs)
2024-11-25T02:34:18.0500338Z [1A[2K[1A[2KChrome Headless 131.0.0.0 (Linux x86_64): Executed 306 of 306 (1 FAILED) (3.62 secs / 3.566 secs)
2024-11-25T02:34:18.0501880Z Firefox 132.0 (Ubuntu 0.0.0): Executed 164 of 306 SUCCESS (0 secs / 0.841 secs)
2024-11-25T02:34:18.0503730Z [1A[2K[1A[2KChrome Headless 131.0.0.0 (Linux x86_64): Executed 306 of 306 (1 FAILED) (3.62 secs / 3.566 secs)
2024-11-25T02:34:18.0505863Z Firefox 132.0 (Ubuntu 0.0.0): Executed 165 of 306 SUCCESS (0 secs / 0.841 secs)
2024-11-25T02:34:18.0507795Z [1A[2K[1A[2KChrome Headless 131.0.0.0 (Linux x86_64): Executed 306 of 306 (1 FAILED) (3.62 secs / 3.566 secs)
2024-11-25T02:34:18.0509594Z Firefox 132.0 (Ubuntu 0.0.0): Executed 166 of 306 SUCCESS (0 secs / 0.841 secs)
2024-11-25T02:34:18.0511432Z [1A[2K[1A[2KChrome Headless 131.0.0.0 (Linux x86_64): Executed 306 of 306 (1 FAILED) (3.62 secs / 3.566 secs)
2024-11-25T02:34:18.0513148Z Firefox 132.0 (Ubuntu 0.0.0): Executed 167 of 306 SUCCESS (0 secs / 0.841 secs)
2024-11-25T02:34:18.0514931Z [1A[2K[1A[2KChrome Headless 131.0.0.0 (Linux x86_64): Executed 306 of 306 (1 FAILED) (3.62 secs / 3.566 secs)
2024-11-25T02:34:18.0516585Z Firefox 132.0 (Ubuntu 0.0.0): Executed 168 of 306 SUCCESS (0 secs / 0.842 secs)
2024-11-25T02:34:18.0518525Z [1A[2K[1A[2KChrome Headless 131.0.0.0 (Linux x86_64): Executed 306 of 306 (1 FAILED) (3.62 secs / 3.566 secs)
2024-11-25T02:34:18.0520199Z Firefox 132.0 (Ubuntu 0.0.0): Executed 169 of 306 SUCCESS (0 secs / 0.842 secs)
2024-11-25T02:34:18.0521985Z [1A[2K[1A[2KChrome Headless 131.0.0.0 (Linux x86_64): Executed 306 of 306 (1 FAILED) (3.62 secs / 3.566 secs)
2024-11-25T02:34:18.0523725Z Firefox 132.0 (Ubuntu 0.0.0): Executed 170 of 306 SUCCESS (0 secs / 0.843 secs)
2024-11-25T02:34:18.0525671Z [1A[2K[1A[2KChrome Headless 131.0.0.0 (Linux x86_64): Executed 306 of 306 (1 FAILED) (3.62 secs / 3.566 secs)
2024-11-25T02:34:18.0527153Z Firefox 132.0 (Ubuntu 0.0.0): Executed 171 of 306 SUCCESS (0 secs / 0.845 secs)
2024-11-25T02:34:18.0529080Z [1A[2K[1A[2KChrome Headless 131.0.0.0 (Linux x86_64): Executed 306 of 306 (1 FAILED) (3.62 secs / 3.566 secs)
2024-11-25T02:34:18.0530634Z Firefox 132.0 (Ubuntu 0.0.0): Executed 172 of 306 SUCCESS (0 secs / 0.845 secs)
2024-11-25T02:34:18.0533644Z [1A[2K[1A[2KChrome Headless 131.0.0.0 (Linux x86_64): Executed 306 of 306 (1 FAILED) (3.62 secs / 3.566 secs)
2024-11-25T02:34:18.0535298Z Firefox 132.0 (Ubuntu 0.0.0): Executed 173 of 306 SUCCESS (0 secs / 0.845 secs)
2024-11-25T02:34:18.0537138Z [1A[2K[1A[2KChrome Headless 131.0.0.0 (Linux x86_64): Executed 306 of 306 (1 FAILED) (3.62 secs / 3.566 secs)
2024-11-25T02:34:18.0538917Z Firefox 132.0 (Ubuntu 0.0.0): Executed 174 of 306 SUCCESS (0 secs / 0.845 secs)
2024-11-25T02:34:18.0540422Z [1A[2K[1A[2KChrome Headless 131.0.0.0 (Linux x86_64): Executed 306 of 306 (1 FAILED) (3.62 secs / 3.566 secs)
2024-11-25T02:34:18.0541349Z Firefox 132.0 (Ubuntu 0.0.0): Executed 175 of 306 SUCCESS (0 secs / 0.845 secs)
2024-11-25T02:34:18.0542483Z [1A[2K[1A[2KChrome Headless 131.0.0.0 (Linux x86_64): Executed 306 of 306 (1 FAILED) (3.62 secs / 3.566 secs)
2024-11-25T02:34:18.0543422Z Firefox 132.0 (Ubuntu 0.0.0): Executed 176 of 306 SUCCESS (0 secs / 0.845 secs)
2024-11-25T02:34:18.0544461Z [1A[2K[1A[2KChrome Headless 131.0.0.0 (Linux x86_64): Executed 306 of 306 (1 FAILED) (3.62 secs / 3.566 secs)
2024-11-25T02:34:18.0545456Z Firefox 132.0 (Ubuntu 0.0.0): Executed 177 of 306 SUCCESS (0 secs / 0.845 secs)
2024-11-25T02:34:18.0546482Z [1A[2K[1A[2KChrome Headless 131.0.0.0 (Linux x86_64): Executed 306 of 306 (1 FAILED) (3.62 secs / 3.566 secs)
2024-11-25T02:34:18.0547332Z Firefox 132.0 (Ubuntu 0.0.0): Executed 178 of 306 SUCCESS (0 secs / 0.846 secs)
2024-11-25T02:34:18.0697037Z [1A[2K[1A[2KChrome Headless 131.0.0.0 (Linux x86_64): Executed 306 of 306 (1 FAILED) (3.62 secs / 3.566 secs)
2024-11-25T02:34:18.0700793Z Firefox 132.0 (Ubuntu 0.0.0): Executed 179 of 306 SUCCESS (0 secs / 0.847 secs)
2024-11-25T02:34:18.0702887Z [1A[2K[1A[2KChrome Headless 131.0.0.0 (Linux x86_64): Executed 306 of 306 (1 FAILED) (3.62 secs / 3.566 secs)
2024-11-25T02:34:18.0708002Z Firefox 132.0 (Ubuntu 0.0.0): Executed 180 of 306 SUCCESS (0 secs / 0.848 secs)
2024-11-25T02:34:18.0710332Z [1A[2K[1A[2KChrome Headless 131.0.0.0 (Linux x86_64): Executed 306 of 306 (1 FAILED) (3.62 secs / 3.566 secs)
2024-11-25T02:34:18.0712448Z Firefox 132.0 (Ubuntu 0.0.0): Executed 181 of 306 SUCCESS (0 secs / 0.849 secs)
2024-11-25T02:34:18.0715127Z [1A[2K[1A[2KChrome Headless 131.0.0.0 (Linux x86_64): Executed 306 of 306 (1 FAILED) (3.62 secs / 3.566 secs)
2024-11-25T02:34:18.0716951Z Firefox 132.0 (Ubuntu 0.0.0): Executed 182 of 306 SUCCESS (0 secs / 0.849 secs)
2024-11-25T02:34:18.0718833Z [1A[2K[1A[2KChrome Headless 131.0.0.0 (Linux x86_64): Executed 306 of 306 (1 FAILED) (3.62 secs / 3.566 secs)
2024-11-25T02:34:18.0720432Z Firefox 132.0 (Ubuntu 0.0.0): Executed 183 of 306 SUCCESS (0 secs / 0.849 secs)
2024-11-25T02:34:18.1511741Z [1A[2K[1A[2KChrome Headless 131.0.0.0 (Linux x86_64): Executed 306 of 306 (1 FAILED) (3.62 secs / 3.566 secs)
2024-11-25T02:34:18.1513387Z Firefox 132.0 (Ubuntu 0.0.0): Executed 184 of 306 SUCCESS (0 secs / 0.95 secs)
2024-11-25T02:34:18.1523331Z [1A[2K[1A[2KChrome Headless 131.0.0.0 (Linux x86_64): Executed 306 of 306 (1 FAILED) (3.62 secs / 3.566 secs)
2024-11-25T02:34:18.1525633Z Firefox 132.0 (Ubuntu 0.0.0): Executed 185 of 306 SUCCESS (0 secs / 0.952 secs)
2024-11-25T02:34:18.1531081Z [1A[2K[1A[2KChrome Headless 131.0.0.0 (Linux x86_64): Executed 306 of 306 (1 FAILED) (3.62 secs / 3.566 secs)
2024-11-25T02:34:18.1533064Z Firefox 132.0 (Ubuntu 0.0.0): Executed 186 of 306 SUCCESS (0 secs / 0.952 secs)
2024-11-25T02:34:18.1544725Z [1A[2K[1A[2KChrome Headless 131.0.0.0 (Linux x86_64): Executed 306 of 306 (1 FAILED) (3.62 secs / 3.566 secs)
2024-11-25T02:34:18.1546015Z Firefox 132.0 (Ubuntu 0.0.0): Executed 187 of 306 SUCCESS (0 secs / 0.953 secs)
2024-11-25T02:34:18.1547624Z [1A[2K[1A[2KChrome Headless 131.0.0.0 (Linux x86_64): Executed 306 of 306 (1 FAILED) (3.62 secs / 3.566 secs)
2024-11-25T02:34:18.1549412Z Firefox 132.0 (Ubuntu 0.0.0): Executed 188 of 306 SUCCESS (0 secs / 0.954 secs)
2024-11-25T02:34:18.1553555Z [1A[2K[1A[2KChrome Headless 131.0.0.0 (Linux x86_64): Executed 306 of 306 (1 FAILED) (3.62 secs / 3.566 secs)
2024-11-25T02:34:18.1555181Z Firefox 132.0 (Ubuntu 0.0.0): Executed 189 of 306 SUCCESS (0 secs / 0.955 secs)
2024-11-25T02:34:18.1560152Z [1A[2K[1A[2KChrome Headless 131.0.0.0 (Linux x86_64): Executed 306 of 306 (1 FAILED) (3.62 secs / 3.566 secs)
2024-11-25T02:34:18.1562067Z Firefox 132.0 (Ubuntu 0.0.0): Executed 190 of 306 SUCCESS (0 secs / 0.955 secs)
2024-11-25T02:34:18.1566909Z [1A[2K[1A[2KChrome Headless 131.0.0.0 (Linux x86_64): Executed 306 of 306 (1 FAILED) (3.62 secs / 3.566 secs)
2024-11-25T02:34:18.1568977Z Firefox 132.0 (Ubuntu 0.0.0): Executed 191 of 306 SUCCESS (0 secs / 0.956 secs)
2024-11-25T02:34:18.1574635Z [1A[2K[1A[2KChrome Headless 131.0.0.0 (Linux x86_64): Executed 306 of 306 (1 FAILED) (3.62 secs / 3.566 secs)
2024-11-25T02:34:18.1576446Z Firefox 132.0 (Ubuntu 0.0.0): Executed 192 of 306 SUCCESS (0 secs / 0.956 secs)
2024-11-25T02:34:18.1592357Z [1A[2K[1A[2KChrome Headless 131.0.0.0 (Linux x86_64): Executed 306 of 306 (1 FAILED) (3.62 secs / 3.566 secs)
2024-11-25T02:34:18.1594114Z Firefox 132.0 (Ubuntu 0.0.0): Executed 193 of 306 SUCCESS (0 secs / 0.957 secs)
2024-11-25T02:34:18.1596333Z [1A[2K[1A[2KChrome Headless 131.0.0.0 (Linux x86_64): Executed 306 of 306 (1 FAILED) (3.62 secs / 3.566 secs)
2024-11-25T02:34:18.1598369Z Firefox 132.0 (Ubuntu 0.0.0): Executed 194 of 306 SUCCESS (0 secs / 0.957 secs)
2024-11-25T02:34:18.1600487Z [1A[2K[1A[2KChrome Headless 131.0.0.0 (Linux x86_64): Executed 306 of 306 (1 FAILED) (3.62 secs / 3.566 secs)
2024-11-25T02:34:18.1602715Z Firefox 132.0 (Ubuntu 0.0.0): Executed 195 of 306 SUCCESS (0 secs / 0.957 secs)
2024-11-25T02:34:18.1604785Z [1A[2K[1A[2KChrome Headless 131.0.0.0 (Linux x86_64): Executed 306 of 306 (1 FAILED) (3.62 secs / 3.566 secs)
2024-11-25T02:34:18.1606779Z Firefox 132.0 (Ubuntu 0.0.0): Executed 196 of 306 SUCCESS (0 secs / 0.958 secs)
2024-11-25T02:34:18.3171578Z [1A[2K[1A[2KChrome Headless 131.0.0.0 (Linux x86_64): Executed 306 of 306 (1 FAILED) (3.62 secs / 3.566 secs)
2024-11-25T02:34:18.3173169Z Firefox 132.0 (Ubuntu 0.0.0): Executed 197 of 306 SUCCESS (0 secs / 1.109 secs)
2024-11-25T02:34:18.3176036Z [1A[2K[1A[2KChrome Headless 131.0.0.0 (Linux x86_64): Executed 306 of 306 (1 FAILED) (3.62 secs / 3.566 secs)
2024-11-25T02:34:18.3177696Z Firefox 132.0 (Ubuntu 0.0.0): Executed 198 of 306 SUCCESS (0 secs / 1.111 secs)
2024-11-25T02:34:18.4146199Z [1A[2K[1A[2KChrome Headless 131.0.0.0 (Linux x86_64): Executed 306 of 306 (1 FAILED) (3.62 secs / 3.566 secs)
2024-11-25T02:34:18.4148102Z Firefox 132.0 (Ubuntu 0.0.0): Executed 199 of 306 SUCCESS (0 secs / 1.211 secs)
2024-11-25T02:34:18.5155744Z [1A[2K[1A[2KChrome Headless 131.0.0.0 (Linux x86_64): Executed 306 of 306 (1 FAILED) (3.62 secs / 3.566 secs)
2024-11-25T02:34:18.5157322Z Firefox 132.0 (Ubuntu 0.0.0): Executed 200 of 306 SUCCESS (0 secs / 1.312 secs)
2024-11-25T02:34:18.6170266Z [1A[2K[1A[2KChrome Headless 131.0.0.0 (Linux x86_64): Executed 306 of 306 (1 FAILED) (3.62 secs / 3.566 secs)
2024-11-25T02:34:18.6172066Z Firefox 132.0 (Ubuntu 0.0.0): Executed 201 of 306 SUCCESS (0 secs / 1.414 secs)
2024-11-25T02:34:18.7184743Z [1A[2K[1A[2KChrome Headless 131.0.0.0 (Linux x86_64): Executed 306 of 306 (1 FAILED) (3.62 secs / 3.566 secs)
2024-11-25T02:34:18.7186517Z Firefox 132.0 (Ubuntu 0.0.0): Executed 202 of 306 SUCCESS (0 secs / 1.516 secs)
2024-11-25T02:34:18.8202222Z [1A[2K[1A[2KChrome Headless 131.0.0.0 (Linux x86_64): Executed 306 of 306 (1 FAILED) (3.62 secs / 3.566 secs)
2024-11-25T02:34:18.8204059Z Firefox 132.0 (Ubuntu 0.0.0): Executed 203 of 306 SUCCESS (0 secs / 1.617 secs)
2024-11-25T02:34:18.9217170Z [1A[2K[1A[2KChrome Headless 131.0.0.0 (Linux x86_64): Executed 306 of 306 (1 FAILED) (3.62 secs / 3.566 secs)
2024-11-25T02:34:18.9218540Z Firefox 132.0 (Ubuntu 0.0.0): Executed 204 of 306 SUCCESS (0 secs / 1.719 secs)
2024-11-25T02:34:19.0235422Z [1A[2K[1A[2KChrome Headless 131.0.0.0 (Linux x86_64): Executed 306 of 306 (1 FAILED) (3.62 secs / 3.566 secs)
2024-11-25T02:34:19.0236633Z Firefox 132.0 (Ubuntu 0.0.0): Executed 205 of 306 SUCCESS (0 secs / 1.821 secs)
2024-11-25T02:34:19.1252344Z [1A[2K[1A[2KChrome Headless 131.0.0.0 (Linux x86_64): Executed 306 of 306 (1 FAILED) (3.62 secs / 3.566 secs)
2024-11-25T02:34:19.1253649Z Firefox 132.0 (Ubuntu 0.0.0): Executed 206 of 306 SUCCESS (0 secs / 1.922 secs)
2024-11-25T02:34:19.2270673Z [1A[2K[1A[2KChrome Headless 131.0.0.0 (Linux x86_64): Executed 306 of 306 (1 FAILED) (3.62 secs / 3.566 secs)
2024-11-25T02:34:19.2272316Z Firefox 132.0 (Ubuntu 0.0.0): Executed 207 of 306 SUCCESS (0 secs / 2.023 secs)
2024-11-25T02:34:19.3288274Z [1A[2K[1A[2KChrome Headless 131.0.0.0 (Linux x86_64): Executed 306 of 306 (1 FAILED) (3.62 secs / 3.566 secs)
2024-11-25T02:34:19.3290139Z Firefox 132.0 (Ubuntu 0.0.0): Executed 208 of 306 SUCCESS (0 secs / 2.125 secs)
2024-11-25T02:34:19.4304165Z [1A[2K[1A[2KChrome Headless 131.0.0.0 (Linux x86_64): Executed 306 of 306 (1 FAILED) (3.62 secs / 3.566 secs)
2024-11-25T02:34:19.4305912Z Firefox 132.0 (Ubuntu 0.0.0): Executed 209 of 306 SUCCESS (0 secs / 2.226 secs)
2024-11-25T02:34:19.5321008Z [1A[2K[1A[2KChrome Headless 131.0.0.0 (Linux x86_64): Executed 306 of 306 (1 FAILED) (3.62 secs / 3.566 secs)
2024-11-25T02:34:19.5322568Z Firefox 132.0 (Ubuntu 0.0.0): Executed 210 of 306 SUCCESS (0 secs / 2.326 secs)
2024-11-25T02:34:19.5329381Z [1A[2K[1A[2KChrome Headless 131.0.0.0 (Linux x86_64): Executed 306 of 306 (1 FAILED) (3.62 secs / 3.566 secs)
2024-11-25T02:34:19.5330567Z Firefox 132.0 (Ubuntu 0.0.0): Executed 211 of 306 SUCCESS (0 secs / 2.327 secs)
2024-11-25T02:34:19.5335219Z [1A[2K[1A[2KChrome Headless 131.0.0.0 (Linux x86_64): Executed 306 of 306 (1 FAILED) (3.62 secs / 3.566 secs)
2024-11-25T02:34:19.5337220Z Firefox 132.0 (Ubuntu 0.0.0): Executed 212 of 306 SUCCESS (0 secs / 2.327 secs)
2024-11-25T02:34:19.5340571Z [1A[2K[1A[2KChrome Headless 131.0.0.0 (Linux x86_64): Executed 306 of 306 (1 FAILED) (3.62 secs / 3.566 secs)
2024-11-25T02:34:19.5341985Z Firefox 132.0 (Ubuntu 0.0.0): Executed 213 of 306 SUCCESS (0 secs / 2.327 secs)
2024-11-25T02:34:19.5346914Z [1A[2K[1A[2KChrome Headless 131.0.0.0 (Linux x86_64): Executed 306 of 306 (1 FAILED) (3.62 secs / 3.566 secs)
2024-11-25T02:34:19.5350230Z Firefox 132.0 (Ubuntu 0.0.0): Executed 214 of 306 SUCCESS (0 secs / 2.327 secs)
2024-11-25T02:34:19.5352458Z [1A[2K[1A[2KChrome Headless 131.0.0.0 (Linux x86_64): Executed 306 of 306 (1 FAILED) (3.62 secs / 3.566 secs)
2024-11-25T02:34:19.5354563Z Firefox 132.0 (Ubuntu 0.0.0): Executed 215 of 306 SUCCESS (0 secs / 2.327 secs)
2024-11-25T02:34:19.5356577Z [1A[2K[1A[2KChrome Headless 131.0.0.0 (Linux x86_64): Executed 306 of 306 (1 FAILED) (3.62 secs / 3.566 secs)
2024-11-25T02:34:19.5361904Z Firefox 132.0 (Ubuntu 0.0.0): Executed 216 of 306 SUCCESS (0 secs / 2.328 secs)
2024-11-25T02:34:19.5363930Z [1A[2K[1A[2KChrome Headless 131.0.0.0 (Linux x86_64): Executed 306 of 306 (1 FAILED) (3.62 secs / 3.566 secs)
2024-11-25T02:34:19.5368070Z Firefox 132.0 (Ubuntu 0.0.0): Executed 217 of 306 SUCCESS (0 secs / 2.328 secs)
2024-11-25T02:34:19.5370236Z [1A[2K[1A[2KChrome Headless 131.0.0.0 (Linux x86_64): Executed 306 of 306 (1 FAILED) (3.62 secs / 3.566 secs)
2024-11-25T02:34:19.5372009Z Firefox 132.0 (Ubuntu 0.0.0): Executed 218 of 306 SUCCESS (0 secs / 2.328 secs)
2024-11-25T02:34:19.5374035Z [1A[2K[1A[2KChrome Headless 131.0.0.0 (Linux x86_64): Executed 306 of 306 (1 FAILED) (3.62 secs / 3.566 secs)
2024-11-25T02:34:19.5375946Z Firefox 132.0 (Ubuntu 0.0.0): Executed 219 of 306 SUCCESS (0 secs / 2.329 secs)
2024-11-25T02:34:19.5378010Z [1A[2K[1A[2KChrome Headless 131.0.0.0 (Linux x86_64): Executed 306 of 306 (1 FAILED) (3.62 secs / 3.566 secs)
2024-11-25T02:34:19.5379916Z Firefox 132.0 (Ubuntu 0.0.0): Executed 220 of 306 SUCCESS (0 secs / 2.329 secs)
2024-11-25T02:34:19.5382053Z [1A[2K[1A[2KChrome Headless 131.0.0.0 (Linux x86_64): Executed 306 of 306 (1 FAILED) (3.62 secs / 3.566 secs)
2024-11-25T02:34:19.5383870Z Firefox 132.0 (Ubuntu 0.0.0): Executed 221 of 306 SUCCESS (0 secs / 2.329 secs)
2024-11-25T02:34:19.5390292Z [1A[2K[1A[2KChrome Headless 131.0.0.0 (Linux x86_64): Executed 306 of 306 (1 FAILED) (3.62 secs / 3.566 secs)
2024-11-25T02:34:19.5392125Z Firefox 132.0 (Ubuntu 0.0.0): Executed 222 of 306 SUCCESS (0 secs / 2.33 secs)
2024-11-25T02:34:19.5394214Z [1A[2K[1A[2KChrome Headless 131.0.0.0 (Linux x86_64): Executed 306 of 306 (1 FAILED) (3.62 secs / 3.566 secs)
2024-11-25T02:34:19.5396057Z Firefox 132.0 (Ubuntu 0.0.0): Executed 223 of 306 SUCCESS (0 secs / 2.33 secs)
2024-11-25T02:34:19.5398094Z [1A[2K[1A[2KChrome Headless 131.0.0.0 (Linux x86_64): Executed 306 of 306 (1 FAILED) (3.62 secs / 3.566 secs)
2024-11-25T02:34:19.5400390Z Firefox 132.0 (Ubuntu 0.0.0): Executed 224 of 306 SUCCESS (0 secs / 2.331 secs)
2024-11-25T02:34:19.5402629Z [1A[2K[1A[2KChrome Headless 131.0.0.0 (Linux x86_64): Executed 306 of 306 (1 FAILED) (3.62 secs / 3.566 secs)
2024-11-25T02:34:19.5404390Z Firefox 132.0 (Ubuntu 0.0.0): Executed 225 of 306 SUCCESS (0 secs / 2.331 secs)
2024-11-25T02:34:19.5411464Z [1A[2K[1A[2KChrome Headless 131.0.0.0 (Linux x86_64): Executed 306 of 306 (1 FAILED) (3.62 secs / 3.566 secs)
2024-11-25T02:34:19.5412747Z Firefox 132.0 (Ubuntu 0.0.0): Executed 226 of 306 SUCCESS (0 secs / 2.332 secs)
2024-11-25T02:34:19.5417447Z [1A[2K[1A[2KChrome Headless 131.0.0.0 (Linux x86_64): Executed 306 of 306 (1 FAILED) (3.62 secs / 3.566 secs)
2024-11-25T02:34:19.5418975Z Firefox 132.0 (Ubuntu 0.0.0): Executed 227 of 306 SUCCESS (0 secs / 2.334 secs)
2024-11-25T02:34:19.5423501Z [1A[2K[1A[2KChrome Headless 131.0.0.0 (Linux x86_64): Executed 306 of 306 (1 FAILED) (3.62 secs / 3.566 secs)
2024-11-25T02:34:19.5425061Z Firefox 132.0 (Ubuntu 0.0.0): Executed 228 of 306 SUCCESS (0 secs / 2.334 secs)
2024-11-25T02:34:19.5430527Z [1A[2K[1A[2KChrome Headless 131.0.0.0 (Linux x86_64): Executed 306 of 306 (1 FAILED) (3.62 secs / 3.566 secs)
2024-11-25T02:34:19.5431737Z Firefox 132.0 (Ubuntu 0.0.0): Executed 229 of 306 SUCCESS (0 secs / 2.335 secs)
2024-11-25T02:34:19.6443912Z [1A[2K[1A[2KChrome Headless 131.0.0.0 (Linux x86_64): Executed 306 of 306 (1 FAILED) (3.62 secs / 3.566 secs)
2024-11-25T02:34:19.6446199Z Firefox 132.0 (Ubuntu 0.0.0): Executed 230 of 306 SUCCESS (0 secs / 2.435 secs)
2024-11-25T02:34:19.7448277Z [1A[2K[1A[2KChrome Headless 131.0.0.0 (Linux x86_64): Executed 306 of 306 (1 FAILED) (3.62 secs / 3.566 secs)
2024-11-25T02:34:19.7450013Z Firefox 132.0 (Ubuntu 0.0.0): Executed 231 of 306 SUCCESS (0 secs / 2.536 secs)
2024-11-25T02:34:19.8461076Z [1A[2K[1A[2KChrome Headless 131.0.0.0 (Linux x86_64): Executed 306 of 306 (1 FAILED) (3.62 secs / 3.566 secs)
2024-11-25T02:34:19.8466671Z Firefox 132.0 (Ubuntu 0.0.0): Executed 232 of 306 SUCCESS (0 secs / 2.637 secs)
2024-11-25T02:34:19.8469114Z [1A[2K[1A[2KChrome Headless 131.0.0.0 (Linux x86_64): Executed 306 of 306 (1 FAILED) (3.62 secs / 3.566 secs)
2024-11-25T02:34:19.8474371Z Firefox 132.0 (Ubuntu 0.0.0): Executed 233 of 306 SUCCESS (0 secs / 2.637 secs)
2024-11-25T02:34:19.8476307Z [1A[2K[1A[2KChrome Headless 131.0.0.0 (Linux x86_64): Executed 306 of 306 (1 FAILED) (3.62 secs / 3.566 secs)
2024-11-25T02:34:19.8479304Z Firefox 132.0 (Ubuntu 0.0.0): Executed 234 of 306 SUCCESS (0 secs / 2.638 secs)
2024-11-25T02:34:19.8481355Z [1A[2K[1A[2KChrome Headless 131.0.0.0 (Linux x86_64): Executed 306 of 306 (1 FAILED) (3.62 secs / 3.566 secs)
2024-11-25T02:34:19.8484288Z Firefox 132.0 (Ubuntu 0.0.0): Executed 235 of 306 SUCCESS (0 secs / 2.638 secs)
2024-11-25T02:34:19.8486324Z [1A[2K[1A[2KChrome Headless 131.0.0.0 (Linux x86_64): Executed 306 of 306 (1 FAILED) (3.62 secs / 3.566 secs)
2024-11-25T02:34:19.8488124Z Firefox 132.0 (Ubuntu 0.0.0): Executed 236 of 306 SUCCESS (0 secs / 2.639 secs)
2024-11-25T02:34:19.8491218Z [1A[2K[1A[2KChrome Headless 131.0.0.0 (Linux x86_64): Executed 306 of 306 (1 FAILED) (3.62 secs / 3.566 secs)
2024-11-25T02:34:19.8493136Z Firefox 132.0 (Ubuntu 0.0.0): Executed 237 of 306 SUCCESS (0 secs / 2.639 secs)
2024-11-25T02:34:19.8497152Z [1A[2K[1A[2KChrome Headless 131.0.0.0 (Linux x86_64): Executed 306 of 306 (1 FAILED) (3.62 secs / 3.566 secs)
2024-11-25T02:34:19.8498976Z Firefox 132.0 (Ubuntu 0.0.0): Executed 238 of 306 SUCCESS (0 secs / 2.64 secs)
2024-11-25T02:34:19.8502593Z [1A[2K[1A[2KChrome Headless 131.0.0.0 (Linux x86_64): Executed 306 of 306 (1 FAILED) (3.62 secs / 3.566 secs)
2024-11-25T02:34:19.8504517Z Firefox 132.0 (Ubuntu 0.0.0): Executed 239 of 306 SUCCESS (0 secs / 2.64 secs)
2024-11-25T02:34:19.8649088Z [1A[2K[1A[2KChrome Headless 131.0.0.0 (Linux x86_64): Executed 306 of 306 (1 FAILED) (3.62 secs / 3.566 secs)
2024-11-25T02:34:19.8651238Z Firefox 132.0 (Ubuntu 0.0.0): Executed 240 of 306 SUCCESS (0 secs / 2.654 secs)
2024-11-25T02:34:19.8654606Z [1A[2K[1A[2KChrome Headless 131.0.0.0 (Linux x86_64): Executed 306 of 306 (1 FAILED) (3.62 secs / 3.566 secs)
2024-11-25T02:34:19.8656289Z Firefox 132.0 (Ubuntu 0.0.0): Executed 241 of 306 SUCCESS (0 secs / 2.655 secs)
2024-11-25T02:34:19.8661712Z [1A[2K[1A[2KChrome Headless 131.0.0.0 (Linux x86_64): Executed 306 of 306 (1 FAILED) (3.62 secs / 3.566 secs)
2024-11-25T02:34:19.8662809Z Firefox 132.0 (Ubuntu 0.0.0): Executed 242 of 306 SUCCESS (0 secs / 2.655 secs)
2024-11-25T02:34:19.8667556Z [1A[2K[1A[2KChrome Headless 131.0.0.0 (Linux x86_64): Executed 306 of 306 (1 FAILED) (3.62 secs / 3.566 secs)
2024-11-25T02:34:19.8668778Z Firefox 132.0 (Ubuntu 0.0.0): Executed 243 of 306 SUCCESS (0 secs / 2.656 secs)
2024-11-25T02:34:19.8673154Z [1A[2K[1A[2KChrome Headless 131.0.0.0 (Linux x86_64): Executed 306 of 306 (1 FAILED) (3.62 secs / 3.566 secs)
2024-11-25T02:34:19.8674208Z Firefox 132.0 (Ubuntu 0.0.0): Executed 244 of 306 SUCCESS (0 secs / 2.657 secs)
2024-11-25T02:34:19.8678656Z [1A[2K[1A[2KChrome Headless 131.0.0.0 (Linux x86_64): Executed 306 of 306 (1 FAILED) (3.62 secs / 3.566 secs)
2024-11-25T02:34:19.8679731Z Firefox 132.0 (Ubuntu 0.0.0): Executed 245 of 306 SUCCESS (0 secs / 2.657 secs)
2024-11-25T02:34:19.8683996Z [1A[2K[1A[2KChrome Headless 131.0.0.0 (Linux x86_64): Executed 306 of 306 (1 FAILED) (3.62 secs / 3.566 secs)
2024-11-25T02:34:19.8685146Z Firefox 132.0 (Ubuntu 0.0.0): Executed 246 of 306 SUCCESS (0 secs / 2.658 secs)
2024-11-25T02:34:19.9699735Z [1A[2K[1A[2KChrome Headless 131.0.0.0 (Linux x86_64): Executed 306 of 306 (1 FAILED) (3.62 secs / 3.566 secs)
2024-11-25T02:34:19.9701792Z Firefox 132.0 (Ubuntu 0.0.0): Executed 247 of 306 SUCCESS (0 secs / 2.759 secs)
2024-11-25T02:34:20.0722541Z [1A[2K[1A[2KChrome Headless 131.0.0.0 (Linux x86_64): Executed 306 of 306 (1 FAILED) (3.62 secs / 3.566 secs)
2024-11-25T02:34:20.0724496Z Firefox 132.0 (Ubuntu 0.0.0): Executed 248 of 306 SUCCESS (0 secs / 2.861 secs)
2024-11-25T02:34:20.1735088Z [1A[2K[1A[2KChrome Headless 131.0.0.0 (Linux x86_64): Executed 306 of 306 (1 FAILED) (3.62 secs / 3.566 secs)
2024-11-25T02:34:20.1737032Z Firefox 132.0 (Ubuntu 0.0.0): Executed 249 of 306 SUCCESS (0 secs / 2.963 secs)
2024-11-25T02:34:20.2749456Z [1A[2K[1A[2KChrome Headless 131.0.0.0 (Linux x86_64): Executed 306 of 306 (1 FAILED) (3.62 secs / 3.566 secs)
2024-11-25T02:34:20.2750648Z Firefox 132.0 (Ubuntu 0.0.0): Executed 250 of 306 SUCCESS (0 secs / 3.064 secs)
2024-11-25T02:34:20.2758790Z [1A[2K[1A[2KChrome Headless 131.0.0.0 (Linux x86_64): Executed 306 of 306 (1 FAILED) (3.62 secs / 3.566 secs)
2024-11-25T02:34:20.2761538Z Firefox 132.0 (Ubuntu 0.0.0): Executed 251 of 306 SUCCESS (0 secs / 3.065 secs)
2024-11-25T02:34:20.2771826Z [1A[2K[1A[2KChrome Headless 131.0.0.0 (Linux x86_64): Executed 306 of 306 (1 FAILED) (3.62 secs / 3.566 secs)
2024-11-25T02:34:20.2773505Z Firefox 132.0 (Ubuntu 0.0.0): Executed 252 of 306 SUCCESS (0 secs / 3.066 secs)
2024-11-25T02:34:20.2775330Z [1A[2K[1A[2KChrome Headless 131.0.0.0 (Linux x86_64): Executed 306 of 306 (1 FAILED) (3.62 secs / 3.566 secs)
2024-11-25T02:34:20.2776913Z Firefox 132.0 (Ubuntu 0.0.0): Executed 253 of 306 SUCCESS (0 secs / 3.066 secs)
2024-11-25T02:34:20.3784807Z [1A[2K[1A[2KChrome Headless 131.0.0.0 (Linux x86_64): Executed 306 of 306 (1 FAILED) (3.62 secs / 3.566 secs)
2024-11-25T02:34:20.3786296Z Firefox 132.0 (Ubuntu 0.0.0): Executed 254 of 306 SUCCESS (0 secs / 3.168 secs)
2024-11-25T02:34:20.3794537Z [1A[2K[1A[2KChrome Headless 131.0.0.0 (Linux x86_64): Executed 306 of 306 (1 FAILED) (3.62 secs / 3.566 secs)
2024-11-25T02:34:20.3795695Z Firefox 132.0 (Ubuntu 0.0.0): Executed 255 of 306 SUCCESS (0 secs / 3.169 secs)
2024-11-25T02:34:20.3800674Z [1A[2K[1A[2KChrome Headless 131.0.0.0 (Linux x86_64): Executed 306 of 306 (1 FAILED) (3.62 secs / 3.566 secs)
2024-11-25T02:34:20.3802161Z Firefox 132.0 (Ubuntu 0.0.0): Executed 256 of 306 SUCCESS (0 secs / 3.17 secs)
2024-11-25T02:34:20.3806158Z [1A[2K[1A[2KChrome Headless 131.0.0.0 (Linux x86_64): Executed 306 of 306 (1 FAILED) (3.62 secs / 3.566 secs)
2024-11-25T02:34:20.3807306Z Firefox 132.0 (Ubuntu 0.0.0): Executed 257 of 306 SUCCESS (0 secs / 3.17 secs)
2024-11-25T02:34:20.3811463Z [1A[2K[1A[2KChrome Headless 131.0.0.0 (Linux x86_64): Executed 306 of 306 (1 FAILED) (3.62 secs / 3.566 secs)
2024-11-25T02:34:20.3812569Z Firefox 132.0 (Ubuntu 0.0.0): Executed 258 of 306 SUCCESS (0 secs / 3.171 secs)
2024-11-25T02:34:20.3817055Z [1A[2K[1A[2KChrome Headless 131.0.0.0 (Linux x86_64): Executed 306 of 306 (1 FAILED) (3.62 secs / 3.566 secs)
2024-11-25T02:34:20.3818121Z Firefox 132.0 (Ubuntu 0.0.0): Executed 259 of 306 SUCCESS (0 secs / 3.171 secs)
2024-11-25T02:34:20.4830352Z [1A[2K[1A[2KChrome Headless 131.0.0.0 (Linux x86_64): Executed 306 of 306 (1 FAILED) (3.62 secs / 3.566 secs)
2024-11-25T02:34:20.4831862Z Firefox 132.0 (Ubuntu 0.0.0): Executed 260 of 306 SUCCESS (0 secs / 3.272 secs)
2024-11-25T02:34:20.5846627Z [1A[2K[1A[2KChrome Headless 131.0.0.0 (Linux x86_64): Executed 306 of 306 (1 FAILED) (3.62 secs / 3.566 secs)
2024-11-25T02:34:20.5847827Z Firefox 132.0 (Ubuntu 0.0.0): Executed 261 of 306 SUCCESS (0 secs / 3.374 secs)
2024-11-25T02:34:20.6863099Z [1A[2K[1A[2KChrome Headless 131.0.0.0 (Linux x86_64): Executed 306 of 306 (1 FAILED) (3.62 secs / 3.566 secs)
2024-11-25T02:34:20.6864372Z Firefox 132.0 (Ubuntu 0.0.0): Executed 262 of 306 SUCCESS (0 secs / 3.476 secs)
2024-11-25T02:34:20.7881650Z [1A[2K[1A[2KChrome Headless 131.0.0.0 (Linux x86_64): Executed 306 of 306 (1 FAILED) (3.62 secs / 3.566 secs)
2024-11-25T02:34:20.7883017Z Firefox 132.0 (Ubuntu 0.0.0): Executed 263 of 306 SUCCESS (0 secs / 3.577 secs)
2024-11-25T02:34:20.7890103Z [1A[2K[1A[2KChrome Headless 131.0.0.0 (Linux x86_64): Executed 306 of 306 (1 FAILED) (3.62 secs / 3.566 secs)
2024-11-25T02:34:20.7891688Z Firefox 132.0 (Ubuntu 0.0.0): Executed 264 of 306 SUCCESS (0 secs / 3.578 secs)
2024-11-25T02:34:20.7896383Z [1A[2K[1A[2KChrome Headless 131.0.0.0 (Linux x86_64): Executed 306 of 306 (1 FAILED) (3.62 secs / 3.566 secs)
2024-11-25T02:34:20.7897383Z Firefox 132.0 (Ubuntu 0.0.0): Executed 265 of 306 SUCCESS (0 secs / 3.579 secs)
2024-11-25T02:34:20.7905216Z [1A[2K[1A[2KChrome Headless 131.0.0.0 (Linux x86_64): Executed 306 of 306 (1 FAILED) (3.62 secs / 3.566 secs)
2024-11-25T02:34:20.7908145Z Firefox 132.0 (Ubuntu 0.0.0): Executed 266 of 306 SUCCESS (0 secs / 3.579 secs)
2024-11-25T02:34:20.7912972Z [1A[2K[1A[2KChrome Headless 131.0.0.0 (Linux x86_64): Executed 306 of 306 (1 FAILED) (3.62 secs / 3.566 secs)
2024-11-25T02:34:20.7926728Z Firefox 132.0 (Ubuntu 0.0.0): Executed 267 of 306 SUCCESS (0 secs / 3.58 secs)
2024-11-25T02:34:20.7928721Z [1A[2K[1A[2KChrome Headless 131.0.0.0 (Linux x86_64): Executed 306 of 306 (1 FAILED) (3.62 secs / 3.566 secs)
2024-11-25T02:34:20.7930530Z Firefox 132.0 (Ubuntu 0.0.0): Executed 268 of 306 SUCCESS (0 secs / 3.58 secs)
2024-11-25T02:34:20.7932395Z [1A[2K[1A[2KChrome Headless 131.0.0.0 (Linux x86_64): Executed 306 of 306 (1 FAILED) (3.62 secs / 3.566 secs)
2024-11-25T02:34:20.7934101Z Firefox 132.0 (Ubuntu 0.0.0): Executed 269 of 306 SUCCESS (0 secs / 3.58 secs)
2024-11-25T02:34:20.7936258Z [1A[2K[1A[2KChrome Headless 131.0.0.0 (Linux x86_64): Executed 306 of 306 (1 FAILED) (3.62 secs / 3.566 secs)
2024-11-25T02:34:20.7937917Z Firefox 132.0 (Ubuntu 0.0.0): Executed 270 of 306 SUCCESS (0 secs / 3.58 secs)
2024-11-25T02:34:20.7939832Z [1A[2K[1A[2KChrome Headless 131.0.0.0 (Linux x86_64): Executed 306 of 306 (1 FAILED) (3.62 secs / 3.566 secs)
2024-11-25T02:34:20.7941742Z Firefox 132.0 (Ubuntu 0.0.0): Executed 271 of 306 SUCCESS (0 secs / 3.58 secs)
2024-11-25T02:34:20.7943653Z [1A[2K[1A[2KChrome Headless 131.0.0.0 (Linux x86_64): Executed 306 of 306 (1 FAILED) (3.62 secs / 3.566 secs)
2024-11-25T02:34:20.7945554Z Firefox 132.0 (Ubuntu 0.0.0): Executed 272 of 306 SUCCESS (0 secs / 3.58 secs)
2024-11-25T02:34:20.7947529Z [1A[2K[1A[2KChrome Headless 131.0.0.0 (Linux x86_64): Executed 306 of 306 (1 FAILED) (3.62 secs / 3.566 secs)
2024-11-25T02:34:20.7949499Z Firefox 132.0 (Ubuntu 0.0.0): Executed 273 of 306 SUCCESS (0 secs / 3.581 secs)
2024-11-25T02:34:20.7951681Z [1A[2K[1A[2KChrome Headless 131.0.0.0 (Linux x86_64): Executed 306 of 306 (1 FAILED) (3.62 secs / 3.566 secs)
2024-11-25T02:34:20.7953454Z Firefox 132.0 (Ubuntu 0.0.0): Executed 274 of 306 SUCCESS (0 secs / 3.581 secs)
2024-11-25T02:34:20.7955490Z [1A[2K[1A[2KChrome Headless 131.0.0.0 (Linux x86_64): Executed 306 of 306 (1 FAILED) (3.62 secs / 3.566 secs)
2024-11-25T02:34:20.7957357Z Firefox 132.0 (Ubuntu 0.0.0): Executed 275 of 306 SUCCESS (0 secs / 3.581 secs)
2024-11-25T02:34:20.7959381Z [1A[2K[1A[2KChrome Headless 131.0.0.0 (Linux x86_64): Executed 306 of 306 (1 FAILED) (3.62 secs / 3.566 secs)
2024-11-25T02:34:20.7961141Z Firefox 132.0 (Ubuntu 0.0.0): Executed 276 of 306 SUCCESS (0 secs / 3.581 secs)
2024-11-25T02:34:20.7963242Z [1A[2K[1A[2KChrome Headless 131.0.0.0 (Linux x86_64): Executed 306 of 306 (1 FAILED) (3.62 secs / 3.566 secs)
2024-11-25T02:34:20.7964887Z Firefox 132.0 (Ubuntu 0.0.0): Executed 277 of 306 SUCCESS (0 secs / 3.582 secs)
2024-11-25T02:34:20.7966954Z [1A[2K[1A[2KChrome Headless 131.0.0.0 (Linux x86_64): Executed 306 of 306 (1 FAILED) (3.62 secs / 3.566 secs)
2024-11-25T02:34:20.7968859Z Firefox 132.0 (Ubuntu 0.0.0): Executed 278 of 306 SUCCESS (0 secs / 3.582 secs)
2024-11-25T02:34:20.7970894Z [1A[2K[1A[2KChrome Headless 131.0.0.0 (Linux x86_64): Executed 306 of 306 (1 FAILED) (3.62 secs / 3.566 secs)
2024-11-25T02:34:20.7973437Z Firefox 132.0 (Ubuntu 0.0.0): Executed 279 of 306 SUCCESS (0 secs / 3.582 secs)
2024-11-25T02:34:20.7975424Z [1A[2K[1A[2KChrome Headless 131.0.0.0 (Linux x86_64): Executed 306 of 306 (1 FAILED) (3.62 secs / 3.566 secs)
2024-11-25T02:34:20.7977199Z Firefox 132.0 (Ubuntu 0.0.0): Executed 280 of 306 SUCCESS (0 secs / 3.582 secs)
2024-11-25T02:34:20.7979385Z [1A[2K[1A[2KChrome Headless 131.0.0.0 (Linux x86_64): Executed 306 of 306 (1 FAILED) (3.62 secs / 3.566 secs)
2024-11-25T02:34:20.7981151Z Firefox 132.0 (Ubuntu 0.0.0): Executed 281 of 306 SUCCESS (0 secs / 3.582 secs)
2024-11-25T02:34:20.7983166Z [1A[2K[1A[2KChrome Headless 131.0.0.0 (Linux x86_64): Executed 306 of 306 (1 FAILED) (3.62 secs / 3.566 secs)
2024-11-25T02:34:20.7985019Z Firefox 132.0 (Ubuntu 0.0.0): Executed 282 of 306 SUCCESS (0 secs / 3.582 secs)
2024-11-25T02:34:20.7987056Z [1A[2K[1A[2KChrome Headless 131.0.0.0 (Linux x86_64): Executed 306 of 306 (1 FAILED) (3.62 secs / 3.566 secs)
2024-11-25T02:34:20.7989100Z Firefox 132.0 (Ubuntu 0.0.0): Executed 283 of 306 SUCCESS (0 secs / 3.582 secs)
2024-11-25T02:34:20.7991330Z [1A[2K[1A[2KChrome Headless 131.0.0.0 (Linux x86_64): Executed 306 of 306 (1 FAILED) (3.62 secs / 3.566 secs)
2024-11-25T02:34:20.7993003Z Firefox 132.0 (Ubuntu 0.0.0): Executed 284 of 306 SUCCESS (0 secs / 3.583 secs)
2024-11-25T02:34:20.7994943Z [1A[2K[1A[2KChrome Headless 131.0.0.0 (Linux x86_64): Executed 306 of 306 (1 FAILED) (3.62 secs / 3.566 secs)
2024-11-25T02:34:20.7996808Z Firefox 132.0 (Ubuntu 0.0.0): Executed 285 of 306 SUCCESS (0 secs / 3.583 secs)
2024-11-25T02:34:20.7998731Z [1A[2K[1A[2KChrome Headless 131.0.0.0 (Linux x86_64): Executed 306 of 306 (1 FAILED) (3.62 secs / 3.566 secs)
2024-11-25T02:34:20.8000589Z Firefox 132.0 (Ubuntu 0.0.0): Executed 286 of 306 SUCCESS (0 secs / 3.583 secs)
2024-11-25T02:34:20.8002539Z [1A[2K[1A[2KChrome Headless 131.0.0.0 (Linux x86_64): Executed 306 of 306 (1 FAILED) (3.62 secs / 3.566 secs)
2024-11-25T02:34:20.8004314Z Firefox 132.0 (Ubuntu 0.0.0): Executed 287 of 306 SUCCESS (0 secs / 3.583 secs)
2024-11-25T02:34:20.8006453Z [1A[2K[1A[2KChrome Headless 131.0.0.0 (Linux x86_64): Executed 306 of 306 (1 FAILED) (3.62 secs / 3.566 secs)
2024-11-25T02:34:20.8008219Z Firefox 132.0 (Ubuntu 0.0.0): Executed 288 of 306 SUCCESS (0 secs / 3.583 secs)
2024-11-25T02:34:20.8010176Z [1A[2K[1A[2KChrome Headless 131.0.0.0 (Linux x86_64): Executed 306 of 306 (1 FAILED) (3.62 secs / 3.566 secs)
2024-11-25T02:34:20.8012124Z Firefox 132.0 (Ubuntu 0.0.0): Executed 289 of 306 SUCCESS (0 secs / 3.584 secs)
2024-11-25T02:34:20.8014117Z [1A[2K[1A[2KChrome Headless 131.0.0.0 (Linux x86_64): Executed 306 of 306 (1 FAILED) (3.62 secs / 3.566 secs)
2024-11-25T02:34:20.8015881Z Firefox 132.0 (Ubuntu 0.0.0): Executed 290 of 306 SUCCESS (0 secs / 3.584 secs)
2024-11-25T02:34:20.8018102Z [1A[2K[1A[2KChrome Headless 131.0.0.0 (Linux x86_64): Executed 306 of 306 (1 FAILED) (3.62 secs / 3.566 secs)
2024-11-25T02:34:20.8019821Z Firefox 132.0 (Ubuntu 0.0.0): Executed 291 of 306 SUCCESS (0 secs / 3.584 secs)
2024-11-25T02:34:20.8021797Z [1A[2K[1A[2KChrome Headless 131.0.0.0 (Linux x86_64): Executed 306 of 306 (1 FAILED) (3.62 secs / 3.566 secs)
2024-11-25T02:34:20.8023720Z Firefox 132.0 (Ubuntu 0.0.0): Executed 292 of 306 SUCCESS (0 secs / 3.585 secs)
2024-11-25T02:34:20.8026107Z [1A[2K[1A[2KChrome Headless 131.0.0.0 (Linux x86_64): Executed 306 of 306 (1 FAILED) (3.62 secs / 3.566 secs)
2024-11-25T02:34:20.8027833Z Firefox 132.0 (Ubuntu 0.0.0): Executed 293 of 306 SUCCESS (0 secs / 3.585 secs)
2024-11-25T02:34:20.8030179Z [1A[2K[1A[2KChrome Headless 131.0.0.0 (Linux x86_64): Executed 306 of 306 (1 FAILED) (3.62 secs / 3.566 secs)
2024-11-25T02:34:20.8031862Z Firefox 132.0 (Ubuntu 0.0.0): Executed 294 of 306 SUCCESS (0 secs / 3.585 secs)
2024-11-25T02:34:20.8033859Z [1A[2K[1A[2KChrome Headless 131.0.0.0 (Linux x86_64): Executed 306 of 306 (1 FAILED) (3.62 secs / 3.566 secs)
2024-11-25T02:34:20.8036297Z Firefox 132.0 (Ubuntu 0.0.0): Executed 295 of 306 SUCCESS (0 secs / 3.585 secs)
2024-11-25T02:34:20.8038320Z [1A[2K[1A[2KChrome Headless 131.0.0.0 (Linux x86_64): Executed 306 of 306 (1 FAILED) (3.62 secs / 3.566 secs)
2024-11-25T02:34:20.8039891Z Firefox 132.0 (Ubuntu 0.0.0): Executed 296 of 306 SUCCESS (0 secs / 3.586 secs)
2024-11-25T02:34:20.8041884Z [1A[2K[1A[2KChrome Headless 131.0.0.0 (Linux x86_64): Executed 306 of 306 (1 FAILED) (3.62 secs / 3.566 secs)
2024-11-25T02:34:20.8043545Z Firefox 132.0 (Ubuntu 0.0.0): Executed 297 of 306 SUCCESS (0 secs / 3.586 secs)
2024-11-25T02:34:20.8045516Z [1A[2K[1A[2KChrome Headless 131.0.0.0 (Linux x86_64): Executed 306 of 306 (1 FAILED) (3.62 secs / 3.566 secs)
2024-11-25T02:34:20.8046441Z Firefox 132.0 (Ubuntu 0.0.0): Executed 298 of 306 SUCCESS (0 secs / 3.586 secs)
2024-11-25T02:34:20.8047518Z [1A[2K[1A[2KChrome Headless 131.0.0.0 (Linux x86_64): Executed 306 of 306 (1 FAILED) (3.62 secs / 3.566 secs)
2024-11-25T02:34:20.8048519Z Firefox 132.0 (Ubuntu 0.0.0): Executed 299 of 306 SUCCESS (0 secs / 3.586 secs)
2024-11-25T02:34:20.8049570Z [1A[2K[1A[2KChrome Headless 131.0.0.0 (Linux x86_64): Executed 306 of 306 (1 FAILED) (3.62 secs / 3.566 secs)
2024-11-25T02:34:20.8050466Z Firefox 132.0 (Ubuntu 0.0.0): Executed 300 of 306 SUCCESS (0 secs / 3.587 secs)
2024-11-25T02:34:20.8051487Z [1A[2K[1A[2KChrome Headless 131.0.0.0 (Linux x86_64): Executed 306 of 306 (1 FAILED) (3.62 secs / 3.566 secs)
2024-11-25T02:34:20.8052395Z Firefox 132.0 (Ubuntu 0.0.0): Executed 301 of 306 SUCCESS (0 secs / 3.587 secs)
2024-11-25T02:34:20.8053519Z [1A[2K[1A[2KChrome Headless 131.0.0.0 (Linux x86_64): Executed 306 of 306 (1 FAILED) (3.62 secs / 3.566 secs)
2024-11-25T02:34:20.8054850Z Firefox 132.0 (Ubuntu 0.0.0): Executed 302 of 306 SUCCESS (0 secs / 3.588 secs)
2024-11-25T02:34:20.8056345Z [1A[2K[1A[2KChrome Headless 131.0.0.0 (Linux x86_64): Executed 306 of 306 (1 FAILED) (3.62 secs / 3.566 secs)
2024-11-25T02:34:20.8057267Z Firefox 132.0 (Ubuntu 0.0.0): Executed 303 of 306 SUCCESS (0 secs / 3.589 secs)
2024-11-25T02:34:20.8058437Z [1A[2K[1A[2KChrome Headless 131.0.0.0 (Linux x86_64): Executed 306 of 306 (1 FAILED) (3.62 secs / 3.566 secs)
2024-11-25T02:34:20.8060079Z Firefox 132.0 (Ubuntu 0.0.0): Executed 304 of 306 SUCCESS (0 secs / 3.589 secs)
2024-11-25T02:34:20.8061979Z [1A[2K[1A[2KChrome Headless 131.0.0.0 (Linux x86_64): Executed 306 of 306 (1 FAILED) (3.62 secs / 3.566 secs)
2024-11-25T02:34:20.8068440Z Firefox 132.0 (Ubuntu 0.0.0): Executed 305 of 306 SUCCESS (0 secs / 3.59 secs)
2024-11-25T02:34:20.8070654Z [1A[2K[1A[2KFirefox 132.0 (Ubuntu 0.0.0) xsrf should set xsrf header for cross origin when using withCredentials FAILED
2024-11-25T02:34:20.8072201Z 	Expected undefined to equal '12345'.
2024-11-25T02:34:20.8073523Z 	@test/specs/xsrf.spec.js:78:69 <- test/specs/xsrf.spec.js:1279:71
2024-11-25T02:34:20.8074947Z Chrome Headless 131.0.0.0 (Linux x86_64): Executed 306 of 306 (1 FAILED) (3.62 secs / 3.566 secs)
2024-11-25T02:34:20.8076437Z Firefox 132.0 (Ubuntu 0.0.0): Executed 306 of 306 (1 FAILED) (0 secs / 3.59 secs)
2024-11-25T02:34:20.8078324Z [1A[2K[1A[2KChrome Headless 131.0.0.0 (Linux x86_64): Executed 306 of 306 (1 FAILED) (3.62 secs / 3.566 secs)
2024-11-25T02:34:20.8079886Z Firefox 132.0 (Ubuntu 0.0.0): Executed 306 of 306 (1 FAILED) (3.5 secs / 3.59 secs)
2024-11-25T02:34:20.8080906Z TOTAL: 2 FAILED, 610 SUCCESS
2024-11-25T02:34:20.9005612Z ##[error]Process completed with exit code 1.
2024-11-25T02:34:20.9098036Z Post job cleanup.
2024-11-25T02:34:20.9812414Z [command]/usr/bin/git version
2024-11-25T02:34:20.9848888Z git version 2.47.0
2024-11-25T02:34:20.9894809Z Temporarily overriding HOME='/home/runner/work/_temp/443b87a5-a2ff-4bd1-86cf-92e3cd2761b6' before making global git config changes
2024-11-25T02:34:20.9896182Z Adding repository directory to the temporary git global config as a safe directory
2024-11-25T02:34:20.9898374Z [command]/usr/bin/git config --global --add safe.directory /home/runner/work/axios-microprint-example/axios-microprint-example
2024-11-25T02:34:20.9933422Z [command]/usr/bin/git config --local --name-only --get-regexp core\.sshCommand
2024-11-25T02:34:20.9962464Z [command]/usr/bin/git submodule foreach --recursive sh -c "git config --local --name-only --get-regexp 'core\.sshCommand' && git config --local --unset-all 'core.sshCommand' || :"
2024-11-25T02:34:21.0200623Z [command]/usr/bin/git config --local --name-only --get-regexp http\.https\:\/\/github\.com\/\.extraheader
2024-11-25T02:34:21.0232932Z [command]/usr/bin/git submodule foreach --recursive sh -c "git config --local --name-only --get-regexp 'http\.https\:\/\/github\.com\/\.extraheader' && git config --local --unset-all 'http.https://github.com/.extraheader' || :"
2024-11-25T02:34:21.0697573Z Cleaning up orphan processes
