2023-11-19T23:45:29.9957381Z Requested labels: ubuntu-latest
2023-11-19T23:45:29.9957620Z Job defined at: AlphaSteam/axios-microprint-example/.github/workflows/ci.yml@refs/heads/microprint_test
2023-11-19T23:45:29.9957733Z Waiting for a runner to pick up this job...
2023-11-19T23:45:30.3487527Z Job is waiting for a hosted runner to come online.
2023-11-19T23:45:33.0924279Z Job is about to start running on the hosted runner: GitHub Actions 6 (hosted)
2023-11-19T23:45:35.1904201Z Current runner version: '2.311.0'
2023-11-19T23:45:35.1928755Z ##[group]Operating System
2023-11-19T23:45:35.1929411Z Ubuntu
2023-11-19T23:45:35.1929870Z 22.04.3
2023-11-19T23:45:35.1930186Z LTS
2023-11-19T23:45:35.1930516Z ##[endgroup]
2023-11-19T23:45:35.1930967Z ##[group]Runner Image
2023-11-19T23:45:35.1931382Z Image: ubuntu-22.04
2023-11-19T23:45:35.1931780Z Version: 20231115.7.0
2023-11-19T23:45:35.1932873Z Included Software: https://github.com/actions/runner-images/blob/ubuntu22/20231115.7/images/ubuntu/Ubuntu2204-Readme.md
2023-11-19T23:45:35.1934392Z Image Release: https://github.com/actions/runner-images/releases/tag/ubuntu22%2F20231115.7
2023-11-19T23:45:35.1935332Z ##[endgroup]
2023-11-19T23:45:35.1935803Z ##[group]Runner Image Provisioner
2023-11-19T23:45:35.1936278Z 2.0.312.1
2023-11-19T23:45:35.1936613Z ##[endgroup]
2023-11-19T23:45:35.1937553Z ##[group]GITHUB_TOKEN Permissions
2023-11-19T23:45:35.1939089Z Contents: read
2023-11-19T23:45:35.1939713Z Metadata: read
2023-11-19T23:45:35.1940286Z ##[endgroup]
2023-11-19T23:45:35.1943488Z Secret source: Actions
2023-11-19T23:45:35.1944053Z Prepare workflow directory
2023-11-19T23:45:35.2564885Z Prepare all required actions
2023-11-19T23:45:35.2720644Z Getting action download info
2023-11-19T23:45:35.5025047Z Download action repository 'actions/checkout@v3' (SHA:f43a0e5ff2bd294095638e18286ca9a3d1956744)
2023-11-19T23:45:35.6190138Z Download action repository 'actions/setup-node@v3' (SHA:1a4442cacd436585916779262731d5b162bc6ec7)
2023-11-19T23:45:35.9065894Z Complete job name: build (18.x)
2023-11-19T23:45:36.0002851Z ##[group]Run actions/checkout@v3
2023-11-19T23:45:36.0003464Z with:
2023-11-19T23:45:36.0003978Z   persist-credentials: false
2023-11-19T23:45:36.0004549Z   repository: AlphaSteam/axios-microprint-example
2023-11-19T23:45:36.0005398Z   token: ***
2023-11-19T23:45:36.0005874Z   ssh-strict: true
2023-11-19T23:45:36.0006232Z   clean: true
2023-11-19T23:45:36.0006650Z   sparse-checkout-cone-mode: true
2023-11-19T23:45:36.0007245Z   fetch-depth: 1
2023-11-19T23:45:36.0007617Z   fetch-tags: false
2023-11-19T23:45:36.0008054Z   lfs: false
2023-11-19T23:45:36.0008488Z   submodules: false
2023-11-19T23:45:36.0008858Z   set-safe-directory: true
2023-11-19T23:45:36.0009325Z ##[endgroup]
2023-11-19T23:45:36.1706296Z Syncing repository: AlphaSteam/axios-microprint-example
2023-11-19T23:45:36.1708359Z ##[group]Getting Git version info
2023-11-19T23:45:36.1710093Z Working directory is '/home/runner/work/axios-microprint-example/axios-microprint-example'
2023-11-19T23:45:36.1712386Z [command]/usr/bin/git version
2023-11-19T23:45:36.1717696Z git version 2.42.0
2023-11-19T23:45:36.1751565Z ##[endgroup]
2023-11-19T23:45:36.1772020Z Temporarily overriding HOME='/home/runner/work/_temp/ade275fe-9b93-4cd4-a8bc-3b8c94fac013' before making global git config changes
2023-11-19T23:45:36.1774735Z Adding repository directory to the temporary git global config as a safe directory
2023-11-19T23:45:36.1779017Z [command]/usr/bin/git config --global --add safe.directory /home/runner/work/axios-microprint-example/axios-microprint-example
2023-11-19T23:45:36.1824817Z Deleting the contents of '/home/runner/work/axios-microprint-example/axios-microprint-example'
2023-11-19T23:45:36.1828496Z ##[group]Initializing the repository
2023-11-19T23:45:36.1832926Z [command]/usr/bin/git init /home/runner/work/axios-microprint-example/axios-microprint-example
2023-11-19T23:45:36.1901544Z hint: Using 'master' as the name for the initial branch. This default branch name
2023-11-19T23:45:36.1902824Z hint: is subject to change. To configure the initial branch name to use in all
2023-11-19T23:45:36.1904074Z hint: of your new repositories, which will suppress this warning, call:
2023-11-19T23:45:36.1904924Z hint: 
2023-11-19T23:45:36.1905660Z hint: 	git config --global init.defaultBranch <name>
2023-11-19T23:45:36.1906442Z hint: 
2023-11-19T23:45:36.1907109Z hint: Names commonly chosen instead of 'master' are 'main', 'trunk' and
2023-11-19T23:45:36.1908362Z hint: 'development'. The just-created branch can be renamed via this command:
2023-11-19T23:45:36.1909966Z hint: 
2023-11-19T23:45:36.1910560Z hint: 	git branch -m <name>
2023-11-19T23:45:36.1911767Z Initialized empty Git repository in /home/runner/work/axios-microprint-example/axios-microprint-example/.git/
2023-11-19T23:45:36.1919203Z [command]/usr/bin/git remote add origin https://github.com/AlphaSteam/axios-microprint-example
2023-11-19T23:45:36.1959261Z ##[endgroup]
2023-11-19T23:45:36.1960023Z ##[group]Disabling automatic garbage collection
2023-11-19T23:45:36.1963461Z [command]/usr/bin/git config --local gc.auto 0
2023-11-19T23:45:36.1999449Z ##[endgroup]
2023-11-19T23:45:36.2000267Z ##[group]Setting up auth
2023-11-19T23:45:36.2005357Z [command]/usr/bin/git config --local --name-only --get-regexp core\.sshCommand
2023-11-19T23:45:36.2042453Z [command]/usr/bin/git submodule foreach --recursive sh -c "git config --local --name-only --get-regexp 'core\.sshCommand' && git config --local --unset-all 'core.sshCommand' || :"
2023-11-19T23:45:36.2382794Z [command]/usr/bin/git config --local --name-only --get-regexp http\.https\:\/\/github\.com\/\.extraheader
2023-11-19T23:45:36.2420579Z [command]/usr/bin/git submodule foreach --recursive sh -c "git config --local --name-only --get-regexp 'http\.https\:\/\/github\.com\/\.extraheader' && git config --local --unset-all 'http.https://github.com/.extraheader' || :"
2023-11-19T23:45:36.2663216Z [command]/usr/bin/git config --local http.https://github.com/.extraheader AUTHORIZATION: basic ***
2023-11-19T23:45:36.2712867Z ##[endgroup]
2023-11-19T23:45:36.2713870Z ##[group]Fetching the repository
2023-11-19T23:45:36.2722140Z [command]/usr/bin/git -c protocol.version=2 fetch --no-tags --prune --progress --no-recurse-submodules --depth=1 origin +2fec34afc2595046becf855557f7b8b787a38172:refs/remotes/origin/microprint_test
2023-11-19T23:45:36.5133337Z remote: Enumerating objects: 277, done.        
2023-11-19T23:45:36.5134585Z remote: Counting objects:   0% (1/277)        
2023-11-19T23:45:36.5135336Z remote: Counting objects:   1% (3/277)        
2023-11-19T23:45:36.5136236Z remote: Counting objects:   2% (6/277)        
2023-11-19T23:45:36.5137271Z remote: Counting objects:   3% (9/277)        
2023-11-19T23:45:36.5138576Z remote: Counting objects:   4% (12/277)        
2023-11-19T23:45:36.5139430Z remote: Counting objects:   5% (14/277)        
2023-11-19T23:45:36.5140142Z remote: Counting objects:   6% (17/277)        
2023-11-19T23:45:36.5140839Z remote: Counting objects:   7% (20/277)        
2023-11-19T23:45:36.5141668Z remote: Counting objects:   8% (23/277)        
2023-11-19T23:45:36.5142306Z remote: Counting objects:   9% (25/277)        
2023-11-19T23:45:36.5142965Z remote: Counting objects:  10% (28/277)        
2023-11-19T23:45:36.5143662Z remote: Counting objects:  11% (31/277)        
2023-11-19T23:45:36.5144252Z remote: Counting objects:  12% (34/277)        
2023-11-19T23:45:36.5144907Z remote: Counting objects:  13% (37/277)        
2023-11-19T23:45:36.5145598Z remote: Counting objects:  14% (39/277)        
2023-11-19T23:45:36.5146240Z remote: Counting objects:  15% (42/277)        
2023-11-19T23:45:36.5146878Z remote: Counting objects:  16% (45/277)        
2023-11-19T23:45:36.5147563Z remote: Counting objects:  17% (48/277)        
2023-11-19T23:45:36.5148202Z remote: Counting objects:  18% (50/277)        
2023-11-19T23:45:36.5148793Z remote: Counting objects:  19% (53/277)        
2023-11-19T23:45:36.5149494Z remote: Counting objects:  20% (56/277)        
2023-11-19T23:45:36.5150144Z remote: Counting objects:  21% (59/277)        
2023-11-19T23:45:36.5150740Z remote: Counting objects:  22% (61/277)        
2023-11-19T23:45:36.5151436Z remote: Counting objects:  23% (64/277)        
2023-11-19T23:45:36.5152083Z remote: Counting objects:  24% (67/277)        
2023-11-19T23:45:36.5152670Z remote: Counting objects:  25% (70/277)        
2023-11-19T23:45:36.5153361Z remote: Counting objects:  26% (73/277)        
2023-11-19T23:45:36.5154007Z remote: Counting objects:  27% (75/277)        
2023-11-19T23:45:36.5154864Z remote: Counting objects:  28% (78/277)        
2023-11-19T23:45:36.5155592Z remote: Counting objects:  29% (81/277)        
2023-11-19T23:45:36.5156496Z remote: Counting objects:  30% (84/277)        
2023-11-19T23:45:36.5157090Z remote: Counting objects:  31% (86/277)        
2023-11-19T23:45:36.5157825Z remote: Counting objects:  32% (89/277)        
2023-11-19T23:45:36.5158442Z remote: Counting objects:  33% (92/277)        
2023-11-19T23:45:36.5159021Z remote: Counting objects:  34% (95/277)        
2023-11-19T23:45:36.5159727Z remote: Counting objects:  35% (97/277)        
2023-11-19T23:45:36.5160360Z remote: Counting objects:  36% (100/277)        
2023-11-19T23:45:36.5160976Z remote: Counting objects:  37% (103/277)        
2023-11-19T23:45:36.5161723Z remote: Counting objects:  38% (106/277)        
2023-11-19T23:45:36.5162360Z remote: Counting objects:  39% (109/277)        
2023-11-19T23:45:36.5163014Z remote: Counting objects:  40% (111/277)        
2023-11-19T23:45:36.5163692Z remote: Counting objects:  41% (114/277)        
2023-11-19T23:45:36.5164339Z remote: Counting objects:  42% (117/277)        
2023-11-19T23:45:36.5164998Z remote: Counting objects:  43% (120/277)        
2023-11-19T23:45:36.5165662Z remote: Counting objects:  44% (122/277)        
2023-11-19T23:45:36.5166298Z remote: Counting objects:  45% (125/277)        
2023-11-19T23:45:36.5166945Z remote: Counting objects:  46% (128/277)        
2023-11-19T23:45:36.5167605Z remote: Counting objects:  47% (131/277)        
2023-11-19T23:45:36.5168437Z remote: Counting objects:  48% (133/277)        
2023-11-19T23:45:36.5169138Z remote: Counting objects:  49% (136/277)        
2023-11-19T23:45:36.5169815Z remote: Counting objects:  50% (139/277)        
2023-11-19T23:45:36.5170462Z remote: Counting objects:  51% (142/277)        
2023-11-19T23:45:36.5171090Z remote: Counting objects:  52% (145/277)        
2023-11-19T23:45:36.5171752Z remote: Counting objects:  53% (147/277)        
2023-11-19T23:45:36.5172396Z remote: Counting objects:  54% (150/277)        
2023-11-19T23:45:36.5173023Z remote: Counting objects:  55% (153/277)        
2023-11-19T23:45:36.5173685Z remote: Counting objects:  56% (156/277)        
2023-11-19T23:45:36.5174323Z remote: Counting objects:  57% (158/277)        
2023-11-19T23:45:36.5174951Z remote: Counting objects:  58% (161/277)        
2023-11-19T23:45:36.5175610Z remote: Counting objects:  59% (164/277)        
2023-11-19T23:45:36.5176255Z remote: Counting objects:  60% (167/277)        
2023-11-19T23:45:36.5176899Z remote: Counting objects:  61% (169/277)        
2023-11-19T23:45:36.5177563Z remote: Counting objects:  62% (172/277)        
2023-11-19T23:45:36.5178207Z remote: Counting objects:  63% (175/277)        
2023-11-19T23:45:36.5179028Z remote: Counting objects:  64% (178/277)        
2023-11-19T23:45:36.5179753Z remote: Counting objects:  65% (181/277)        
2023-11-19T23:45:36.5180345Z remote: Counting objects:  66% (183/277)        
2023-11-19T23:45:36.5180973Z remote: Counting objects:  67% (186/277)        
2023-11-19T23:45:36.5181687Z remote: Counting objects:  68% (189/277)        
2023-11-19T23:45:36.5182315Z remote: Counting objects:  69% (192/277)        
2023-11-19T23:45:36.5182948Z remote: Counting objects:  70% (194/277)        
2023-11-19T23:45:36.5183668Z remote: Counting objects:  71% (197/277)        
2023-11-19T23:45:36.5184286Z remote: Counting objects:  72% (200/277)        
2023-11-19T23:45:36.5184889Z remote: Counting objects:  73% (203/277)        
2023-11-19T23:45:36.5185608Z remote: Counting objects:  74% (205/277)        
2023-11-19T23:45:36.5186232Z remote: Counting objects:  75% (208/277)        
2023-11-19T23:45:36.5186837Z remote: Counting objects:  76% (211/277)        
2023-11-19T23:45:36.5187546Z remote: Counting objects:  77% (214/277)        
2023-11-19T23:45:36.5188171Z remote: Counting objects:  78% (217/277)        
2023-11-19T23:45:36.5188880Z remote: Counting objects:  79% (219/277)        
2023-11-19T23:45:36.5189476Z remote: Counting objects:  80% (222/277)        
2023-11-19T23:45:36.5190279Z remote: Counting objects:  81% (225/277)        
2023-11-19T23:45:36.5190978Z remote: Counting objects:  82% (228/277)        
2023-11-19T23:45:36.5191576Z remote: Counting objects:  83% (230/277)        
2023-11-19T23:45:36.5192238Z remote: Counting objects:  84% (233/277)        
2023-11-19T23:45:36.5192934Z remote: Counting objects:  85% (236/277)        
2023-11-19T23:45:36.5193540Z remote: Counting objects:  86% (239/277)        
2023-11-19T23:45:36.5194195Z remote: Counting objects:  87% (241/277)        
2023-11-19T23:45:36.5194912Z remote: Counting objects:  88% (244/277)        
2023-11-19T23:45:36.5195512Z remote: Counting objects:  89% (247/277)        
2023-11-19T23:45:36.5196368Z remote: Counting objects:  90% (250/277)        
2023-11-19T23:45:36.5197086Z remote: Counting objects:  91% (253/277)        
2023-11-19T23:45:36.5197689Z remote: Counting objects:  92% (255/277)        
2023-11-19T23:45:36.5198330Z remote: Counting objects:  93% (258/277)        
2023-11-19T23:45:36.5199028Z remote: Counting objects:  94% (261/277)        
2023-11-19T23:45:36.5199626Z remote: Counting objects:  95% (264/277)        
2023-11-19T23:45:36.5200286Z remote: Counting objects:  96% (266/277)        
2023-11-19T23:45:36.5200975Z remote: Counting objects:  97% (269/277)        
2023-11-19T23:45:36.5201591Z remote: Counting objects:  98% (272/277)        
2023-11-19T23:45:36.5202222Z remote: Counting objects:  99% (275/277)        
2023-11-19T23:45:36.5202921Z remote: Counting objects: 100% (277/277)        
2023-11-19T23:45:36.5203743Z remote: Counting objects: 100% (277/277), done.        
2023-11-19T23:45:36.5204480Z remote: Compressing objects:   0% (1/253)        
2023-11-19T23:45:36.5205243Z remote: Compressing objects:   1% (3/253)        
2023-11-19T23:45:36.5283676Z remote: Compressing objects:   2% (6/253)        
2023-11-19T23:45:36.5284794Z remote: Compressing objects:   3% (8/253)        
2023-11-19T23:45:36.5285733Z remote: Compressing objects:   4% (11/253)        
2023-11-19T23:45:36.5286503Z remote: Compressing objects:   5% (13/253)        
2023-11-19T23:45:36.5287202Z remote: Compressing objects:   6% (16/253)        
2023-11-19T23:45:36.5288082Z remote: Compressing objects:   7% (18/253)        
2023-11-19T23:45:36.5289210Z remote: Compressing objects:   8% (21/253)        
2023-11-19T23:45:36.5290287Z remote: Compressing objects:   9% (23/253)        
2023-11-19T23:45:36.5291554Z remote: Compressing objects:  10% (26/253)        
2023-11-19T23:45:36.5292549Z remote: Compressing objects:  11% (28/253)        
2023-11-19T23:45:36.5293431Z remote: Compressing objects:  12% (31/253)        
2023-11-19T23:45:36.5294204Z remote: Compressing objects:  13% (33/253)        
2023-11-19T23:45:36.5294896Z remote: Compressing objects:  14% (36/253)        
2023-11-19T23:45:36.5295630Z remote: Compressing objects:  15% (38/253)        
2023-11-19T23:45:36.5296751Z remote: Compressing objects:  16% (41/253)        
2023-11-19T23:45:36.5297672Z remote: Compressing objects:  17% (44/253)        
2023-11-19T23:45:36.5298941Z remote: Compressing objects:  18% (46/253)        
2023-11-19T23:45:36.5300234Z remote: Compressing objects:  19% (49/253)        
2023-11-19T23:45:36.5301478Z remote: Compressing objects:  20% (51/253)        
2023-11-19T23:45:36.5302627Z remote: Compressing objects:  21% (54/253)        
2023-11-19T23:45:36.5303594Z remote: Compressing objects:  22% (56/253)        
2023-11-19T23:45:36.5304296Z remote: Compressing objects:  23% (59/253)        
2023-11-19T23:45:36.5305005Z remote: Compressing objects:  24% (61/253)        
2023-11-19T23:45:36.5305747Z remote: Compressing objects:  25% (64/253)        
2023-11-19T23:45:36.5306431Z remote: Compressing objects:  26% (66/253)        
2023-11-19T23:45:36.5307123Z remote: Compressing objects:  27% (69/253)        
2023-11-19T23:45:36.5307826Z remote: Compressing objects:  28% (71/253)        
2023-11-19T23:45:36.5308502Z remote: Compressing objects:  29% (74/253)        
2023-11-19T23:45:36.5309221Z remote: Compressing objects:  30% (76/253)        
2023-11-19T23:45:36.5310691Z remote: Compressing objects:  31% (79/253)        
2023-11-19T23:45:36.5311441Z remote: Compressing objects:  32% (81/253)        
2023-11-19T23:45:36.5312119Z remote: Compressing objects:  33% (84/253)        
2023-11-19T23:45:36.5313039Z remote: Compressing objects:  34% (87/253)        
2023-11-19T23:45:36.5314011Z remote: Compressing objects:  35% (89/253)        
2023-11-19T23:45:36.5314734Z remote: Compressing objects:  36% (92/253)        
2023-11-19T23:45:36.5315532Z remote: Compressing objects:  37% (94/253)        
2023-11-19T23:45:36.5316475Z remote: Compressing objects:  38% (97/253)        
2023-11-19T23:45:36.5317183Z remote: Compressing objects:  39% (99/253)        
2023-11-19T23:45:36.5317978Z remote: Compressing objects:  40% (102/253)        
2023-11-19T23:45:36.5318795Z remote: Compressing objects:  41% (104/253)        
2023-11-19T23:45:36.5319874Z remote: Compressing objects:  42% (107/253)        
2023-11-19T23:45:36.5321007Z remote: Compressing objects:  43% (109/253)        
2023-11-19T23:45:36.5321729Z remote: Compressing objects:  44% (112/253)        
2023-11-19T23:45:36.5322422Z remote: Compressing objects:  45% (114/253)        
2023-11-19T23:45:36.5323211Z remote: Compressing objects:  46% (117/253)        
2023-11-19T23:45:36.5325644Z remote: Compressing objects:  47% (119/253)        
2023-11-19T23:45:36.5326477Z remote: Compressing objects:  48% (122/253)        
2023-11-19T23:45:36.5330498Z remote: Compressing objects:  49% (124/253)        
2023-11-19T23:45:36.5332655Z remote: Compressing objects:  50% (127/253)        
2023-11-19T23:45:36.5335050Z remote: Compressing objects:  51% (130/253)        
2023-11-19T23:45:36.5338795Z remote: Compressing objects:  52% (132/253)        
2023-11-19T23:45:36.5341357Z remote: Compressing objects:  53% (135/253)        
2023-11-19T23:45:36.5346239Z remote: Compressing objects:  54% (137/253)        
2023-11-19T23:45:36.5442593Z remote: Compressing objects:  55% (140/253)        
2023-11-19T23:45:36.5443840Z remote: Compressing objects:  56% (142/253)        
2023-11-19T23:45:36.5444717Z remote: Compressing objects:  57% (145/253)        
2023-11-19T23:45:36.5445397Z remote: Compressing objects:  58% (147/253)        
2023-11-19T23:45:36.5446109Z remote: Compressing objects:  59% (150/253)        
2023-11-19T23:45:36.5446870Z remote: Compressing objects:  60% (152/253)        
2023-11-19T23:45:36.5447551Z remote: Compressing objects:  61% (155/253)        
2023-11-19T23:45:36.5448227Z remote: Compressing objects:  62% (157/253)        
2023-11-19T23:45:36.5448976Z remote: Compressing objects:  63% (160/253)        
2023-11-19T23:45:36.5449665Z remote: Compressing objects:  64% (162/253)        
2023-11-19T23:45:36.5450320Z remote: Compressing objects:  65% (165/253)        
2023-11-19T23:45:36.5468312Z remote: Compressing objects:  66% (167/253)        
2023-11-19T23:45:36.5575134Z remote: Compressing objects:  67% (170/253)        
2023-11-19T23:45:36.5582609Z remote: Compressing objects:  68% (173/253)        
2023-11-19T23:45:36.5583487Z remote: Compressing objects:  69% (175/253)        
2023-11-19T23:45:36.5585845Z remote: Compressing objects:  70% (178/253)        
2023-11-19T23:45:36.5587057Z remote: Compressing objects:  71% (180/253)        
2023-11-19T23:45:36.5588188Z remote: Compressing objects:  72% (183/253)        
2023-11-19T23:45:36.5589281Z remote: Compressing objects:  73% (185/253)        
2023-11-19T23:45:36.5590012Z remote: Compressing objects:  74% (188/253)        
2023-11-19T23:45:36.5590813Z remote: Compressing objects:  75% (190/253)        
2023-11-19T23:45:36.5591546Z remote: Compressing objects:  76% (193/253)        
2023-11-19T23:45:36.5592249Z remote: Compressing objects:  77% (195/253)        
2023-11-19T23:45:36.5592973Z remote: Compressing objects:  78% (198/253)        
2023-11-19T23:45:36.5598118Z remote: Compressing objects:  79% (200/253)        
2023-11-19T23:45:36.5600239Z remote: Compressing objects:  80% (203/253)        
2023-11-19T23:45:36.5601733Z remote: Compressing objects:  81% (205/253)        
2023-11-19T23:45:36.5602799Z remote: Compressing objects:  82% (208/253)        
2023-11-19T23:45:36.5604122Z remote: Compressing objects:  83% (210/253)        
2023-11-19T23:45:36.5605425Z remote: Compressing objects:  84% (213/253)        
2023-11-19T23:45:36.5606264Z remote: Compressing objects:  85% (216/253)        
2023-11-19T23:45:36.5607076Z remote: Compressing objects:  86% (218/253)        
2023-11-19T23:45:36.5607824Z remote: Compressing objects:  87% (221/253)        
2023-11-19T23:45:36.5608489Z remote: Compressing objects:  88% (223/253)        
2023-11-19T23:45:36.5609247Z remote: Compressing objects:  89% (226/253)        
2023-11-19T23:45:36.5609928Z remote: Compressing objects:  90% (228/253)        
2023-11-19T23:45:36.5610598Z remote: Compressing objects:  91% (231/253)        
2023-11-19T23:45:36.5611350Z remote: Compressing objects:  92% (233/253)        
2023-11-19T23:45:36.5611982Z remote: Compressing objects:  93% (236/253)        
2023-11-19T23:45:36.5612742Z remote: Compressing objects:  94% (238/253)        
2023-11-19T23:45:36.5613913Z remote: Compressing objects:  95% (241/253)        
2023-11-19T23:45:36.5614944Z remote: Compressing objects:  96% (243/253)        
2023-11-19T23:45:36.5615842Z remote: Compressing objects:  97% (246/253)        
2023-11-19T23:45:36.5616645Z remote: Compressing objects:  98% (248/253)        
2023-11-19T23:45:36.5617322Z remote: Compressing objects:  99% (251/253)        
2023-11-19T23:45:36.5618216Z remote: Compressing objects: 100% (253/253)        
2023-11-19T23:45:36.5619064Z remote: Compressing objects: 100% (253/253), done.        
2023-11-19T23:45:36.5637319Z Receiving objects:   0% (1/277)
2023-11-19T23:45:36.5638334Z Receiving objects:   1% (3/277)
2023-11-19T23:45:36.5639873Z Receiving objects:   2% (6/277)
2023-11-19T23:45:36.5640825Z Receiving objects:   3% (9/277)
2023-11-19T23:45:36.5641495Z Receiving objects:   4% (12/277)
2023-11-19T23:45:36.5642569Z Receiving objects:   5% (14/277)
2023-11-19T23:45:36.5643259Z Receiving objects:   6% (17/277)
2023-11-19T23:45:36.5643744Z Receiving objects:   7% (20/277)
2023-11-19T23:45:36.5647360Z Receiving objects:   8% (23/277)
2023-11-19T23:45:36.5652511Z Receiving objects:   9% (25/277)
2023-11-19T23:45:36.5653315Z Receiving objects:  10% (28/277)
2023-11-19T23:45:36.5737397Z Receiving objects:  11% (31/277)
2023-11-19T23:45:36.5738276Z Receiving objects:  12% (34/277)
2023-11-19T23:45:36.5738916Z Receiving objects:  13% (37/277)
2023-11-19T23:45:36.5746749Z Receiving objects:  14% (39/277)
2023-11-19T23:45:36.5809086Z Receiving objects:  15% (42/277)
2023-11-19T23:45:36.6709329Z Receiving objects:  16% (45/277)
2023-11-19T23:45:36.6712298Z Receiving objects:  17% (48/277)
2023-11-19T23:45:36.6725046Z Receiving objects:  18% (50/277)
2023-11-19T23:45:36.6733734Z Receiving objects:  19% (53/277)
2023-11-19T23:45:36.6742465Z Receiving objects:  20% (56/277)
2023-11-19T23:45:36.6743274Z Receiving objects:  21% (59/277)
2023-11-19T23:45:36.6744082Z Receiving objects:  22% (61/277)
2023-11-19T23:45:36.6745330Z Receiving objects:  23% (64/277)
2023-11-19T23:45:36.6746051Z Receiving objects:  24% (67/277)
2023-11-19T23:45:36.6747041Z Receiving objects:  25% (70/277)
2023-11-19T23:45:36.6747848Z Receiving objects:  26% (73/277)
2023-11-19T23:45:36.6748653Z Receiving objects:  27% (75/277)
2023-11-19T23:45:36.6749579Z Receiving objects:  28% (78/277)
2023-11-19T23:45:36.6750392Z Receiving objects:  29% (81/277)
2023-11-19T23:45:36.6751261Z Receiving objects:  30% (84/277)
2023-11-19T23:45:36.6752172Z Receiving objects:  31% (86/277)
2023-11-19T23:45:36.6757456Z Receiving objects:  32% (89/277)
2023-11-19T23:45:36.6758490Z Receiving objects:  33% (92/277)
2023-11-19T23:45:36.6759408Z Receiving objects:  34% (95/277)
2023-11-19T23:45:36.6760355Z Receiving objects:  35% (97/277)
2023-11-19T23:45:36.6761134Z Receiving objects:  36% (100/277)
2023-11-19T23:45:36.6762173Z Receiving objects:  37% (103/277)
2023-11-19T23:45:36.6765497Z Receiving objects:  38% (106/277)
2023-11-19T23:45:36.6766645Z Receiving objects:  39% (109/277)
2023-11-19T23:45:36.6767590Z Receiving objects:  40% (111/277)
2023-11-19T23:45:36.6768369Z Receiving objects:  41% (114/277)
2023-11-19T23:45:36.6770452Z Receiving objects:  42% (117/277)
2023-11-19T23:45:36.6771458Z Receiving objects:  43% (120/277)
2023-11-19T23:45:36.6772269Z Receiving objects:  44% (122/277)
2023-11-19T23:45:36.6773203Z Receiving objects:  45% (125/277)
2023-11-19T23:45:36.6774197Z Receiving objects:  46% (128/277)
2023-11-19T23:45:36.6775031Z Receiving objects:  47% (131/277)
2023-11-19T23:45:36.6775773Z Receiving objects:  48% (133/277)
2023-11-19T23:45:36.6776776Z Receiving objects:  49% (136/277)
2023-11-19T23:45:36.6777542Z Receiving objects:  50% (139/277)
2023-11-19T23:45:36.6778295Z Receiving objects:  51% (142/277)
2023-11-19T23:45:36.6779222Z Receiving objects:  52% (145/277)
2023-11-19T23:45:36.6779691Z Receiving objects:  53% (147/277)
2023-11-19T23:45:36.6780146Z Receiving objects:  54% (150/277)
2023-11-19T23:45:36.6780724Z Receiving objects:  55% (153/277)
2023-11-19T23:45:36.6781213Z Receiving objects:  56% (156/277)
2023-11-19T23:45:36.6959224Z Receiving objects:  57% (158/277)
2023-11-19T23:45:36.6960182Z Receiving objects:  58% (161/277)
2023-11-19T23:45:36.6960852Z Receiving objects:  59% (164/277)
2023-11-19T23:45:36.6961699Z Receiving objects:  60% (167/277)
2023-11-19T23:45:36.6962418Z Receiving objects:  61% (169/277)
2023-11-19T23:45:36.6963113Z Receiving objects:  62% (172/277)
2023-11-19T23:45:36.6964143Z Receiving objects:  63% (175/277)
2023-11-19T23:45:36.6964883Z Receiving objects:  64% (178/277)
2023-11-19T23:45:36.6965590Z Receiving objects:  65% (181/277)
2023-11-19T23:45:36.6966335Z Receiving objects:  66% (183/277)
2023-11-19T23:45:36.6967209Z Receiving objects:  67% (186/277)
2023-11-19T23:45:36.6967941Z Receiving objects:  68% (189/277)
2023-11-19T23:45:36.6968709Z Receiving objects:  69% (192/277)
2023-11-19T23:45:36.6969418Z Receiving objects:  70% (194/277)
2023-11-19T23:45:36.6970128Z Receiving objects:  71% (197/277)
2023-11-19T23:45:36.6971401Z remote: Total 277 (delta 29), reused 104 (delta 9), pack-reused 0        
2023-11-19T23:45:36.6972456Z Receiving objects:  72% (200/277)
2023-11-19T23:45:36.6973127Z Receiving objects:  73% (203/277)
2023-11-19T23:45:36.6973869Z Receiving objects:  74% (205/277)
2023-11-19T23:45:36.6974572Z Receiving objects:  75% (208/277)
2023-11-19T23:45:36.6975253Z Receiving objects:  76% (211/277)
2023-11-19T23:45:36.6975981Z Receiving objects:  77% (214/277)
2023-11-19T23:45:36.6976767Z Receiving objects:  78% (217/277)
2023-11-19T23:45:36.6977513Z Receiving objects:  79% (219/277)
2023-11-19T23:45:36.6978248Z Receiving objects:  80% (222/277)
2023-11-19T23:45:36.6978959Z Receiving objects:  81% (225/277)
2023-11-19T23:45:36.6979603Z Receiving objects:  82% (228/277)
2023-11-19T23:45:36.6980310Z Receiving objects:  83% (230/277)
2023-11-19T23:45:36.6980980Z Receiving objects:  84% (233/277)
2023-11-19T23:45:36.6981627Z Receiving objects:  85% (236/277)
2023-11-19T23:45:36.6982338Z Receiving objects:  86% (239/277)
2023-11-19T23:45:36.6983013Z Receiving objects:  87% (241/277)
2023-11-19T23:45:36.6983650Z Receiving objects:  88% (244/277)
2023-11-19T23:45:36.6984373Z Receiving objects:  89% (247/277)
2023-11-19T23:45:36.6985095Z Receiving objects:  90% (250/277)
2023-11-19T23:45:36.6985797Z Receiving objects:  91% (253/277)
2023-11-19T23:45:36.6986551Z Receiving objects:  92% (255/277)
2023-11-19T23:45:36.6987255Z Receiving objects:  93% (258/277)
2023-11-19T23:45:36.6987978Z Receiving objects:  94% (261/277)
2023-11-19T23:45:36.6988792Z Receiving objects:  95% (264/277)
2023-11-19T23:45:36.6989452Z Receiving objects:  96% (266/277)
2023-11-19T23:45:36.6990119Z Receiving objects:  97% (269/277)
2023-11-19T23:45:36.6991034Z Receiving objects:  98% (272/277)
2023-11-19T23:45:36.6991813Z Receiving objects:  99% (275/277)
2023-11-19T23:45:36.6992599Z Receiving objects: 100% (277/277)
2023-11-19T23:45:36.6993663Z Receiving objects: 100% (277/277), 774.71 KiB | 5.61 MiB/s, done.
2023-11-19T23:45:36.6998178Z Resolving deltas:   0% (0/29)
2023-11-19T23:45:36.6998931Z Resolving deltas:   3% (1/29)
2023-11-19T23:45:36.7001910Z Resolving deltas:   6% (2/29)
2023-11-19T23:45:36.7019374Z Resolving deltas:  10% (3/29)
2023-11-19T23:45:36.7020015Z Resolving deltas:  13% (4/29)
2023-11-19T23:45:36.7020797Z Resolving deltas:  17% (5/29)
2023-11-19T23:45:36.7021438Z Resolving deltas:  20% (6/29)
2023-11-19T23:45:36.7028383Z Resolving deltas:  24% (7/29)
2023-11-19T23:45:36.7033480Z Resolving deltas:  27% (8/29)
2023-11-19T23:45:36.7037032Z Resolving deltas:  34% (10/29)
2023-11-19T23:45:36.7037710Z Resolving deltas:  37% (11/29)
2023-11-19T23:45:36.7039899Z Resolving deltas:  41% (12/29)
2023-11-19T23:45:36.7040568Z Resolving deltas:  44% (13/29)
2023-11-19T23:45:36.7041254Z Resolving deltas:  48% (14/29)
2023-11-19T23:45:36.7042067Z Resolving deltas:  51% (15/29)
2023-11-19T23:45:36.7042695Z Resolving deltas:  55% (16/29)
2023-11-19T23:45:36.7043284Z Resolving deltas:  58% (17/29)
2023-11-19T23:45:36.7044079Z Resolving deltas:  62% (18/29)
2023-11-19T23:45:36.7044691Z Resolving deltas:  65% (19/29)
2023-11-19T23:45:36.7045272Z Resolving deltas:  68% (20/29)
2023-11-19T23:45:36.7045991Z Resolving deltas:  72% (21/29)
2023-11-19T23:45:36.7046638Z Resolving deltas:  75% (22/29)
2023-11-19T23:45:36.7047211Z Resolving deltas:  79% (23/29)
2023-11-19T23:45:36.7047926Z Resolving deltas:  82% (24/29)
2023-11-19T23:45:36.7048558Z Resolving deltas:  86% (25/29)
2023-11-19T23:45:36.7049120Z Resolving deltas:  89% (26/29)
2023-11-19T23:45:36.7050155Z Resolving deltas:  93% (27/29)
2023-11-19T23:45:36.7053517Z Resolving deltas:  96% (28/29)
2023-11-19T23:45:36.7055230Z Resolving deltas: 100% (29/29)
2023-11-19T23:45:36.7055812Z Resolving deltas: 100% (29/29), done.
2023-11-19T23:45:36.7132911Z From https://github.com/AlphaSteam/axios-microprint-example
2023-11-19T23:45:36.7134053Z  * [new ref]         2fec34afc2595046becf855557f7b8b787a38172 -> origin/microprint_test
2023-11-19T23:45:36.7156969Z ##[endgroup]
2023-11-19T23:45:36.7157777Z ##[group]Determining the checkout info
2023-11-19T23:45:36.7159328Z ##[endgroup]
2023-11-19T23:45:36.7160134Z ##[group]Checking out the ref
2023-11-19T23:45:36.7164155Z [command]/usr/bin/git checkout --progress --force -B microprint_test refs/remotes/origin/microprint_test
2023-11-19T23:45:36.7442591Z Switched to a new branch 'microprint_test'
2023-11-19T23:45:36.7443714Z branch 'microprint_test' set up to track 'origin/microprint_test'.
2023-11-19T23:45:36.7450967Z ##[endgroup]
2023-11-19T23:45:36.7492672Z [command]/usr/bin/git log -1 --format='%H'
2023-11-19T23:45:36.7523925Z '2fec34afc2595046becf855557f7b8b787a38172'
2023-11-19T23:45:36.7531728Z ##[group]Removing auth
2023-11-19T23:45:36.7534877Z [command]/usr/bin/git config --local --name-only --get-regexp core\.sshCommand
2023-11-19T23:45:36.7571536Z [command]/usr/bin/git submodule foreach --recursive sh -c "git config --local --name-only --get-regexp 'core\.sshCommand' && git config --local --unset-all 'core.sshCommand' || :"
2023-11-19T23:45:36.7810254Z [command]/usr/bin/git config --local --name-only --get-regexp http\.https\:\/\/github\.com\/\.extraheader
2023-11-19T23:45:36.7838646Z http.https://github.com/.extraheader
2023-11-19T23:45:36.7846772Z [command]/usr/bin/git config --local --unset-all http.https://github.com/.extraheader
2023-11-19T23:45:36.7885380Z [command]/usr/bin/git submodule foreach --recursive sh -c "git config --local --name-only --get-regexp 'http\.https\:\/\/github\.com\/\.extraheader' && git config --local --unset-all 'http.https://github.com/.extraheader' || :"
2023-11-19T23:45:36.8114007Z ##[endgroup]
2023-11-19T23:45:36.8407969Z ##[group]Run actions/setup-node@v3
2023-11-19T23:45:36.8408457Z with:
2023-11-19T23:45:36.8408855Z   node-version: 18.x
2023-11-19T23:45:36.8409210Z   cache: npm
2023-11-19T23:45:36.8409534Z   always-auth: false
2023-11-19T23:45:36.8409928Z   check-latest: false
2023-11-19T23:45:36.8410427Z   token: ***
2023-11-19T23:45:36.8410738Z ##[endgroup]
2023-11-19T23:45:37.0495793Z Found in cache @ /opt/hostedtoolcache/node/18.18.2/x64
2023-11-19T23:45:37.0505793Z ##[group]Environment details
2023-11-19T23:45:40.1453162Z node: v18.18.2
2023-11-19T23:45:40.1453861Z npm: 9.8.1
2023-11-19T23:45:40.1454479Z yarn: 1.22.21
2023-11-19T23:45:40.1456434Z ##[endgroup]
2023-11-19T23:45:40.1468192Z [command]/opt/hostedtoolcache/node/18.18.2/x64/bin/npm config get cache
2023-11-19T23:45:40.6494341Z /home/runner/.npm
2023-11-19T23:45:40.8227771Z npm cache is not found
2023-11-19T23:45:40.8407152Z ##[group]Run npm ci
2023-11-19T23:45:40.8407560Z [36;1mnpm ci[0m
2023-11-19T23:45:40.8484903Z shell: /usr/bin/bash -e {0}
2023-11-19T23:45:40.8485338Z ##[endgroup]
2023-11-19T23:45:46.0265907Z npm WARN deprecated urix@0.1.0: Please see https://github.com/lydell/urix#deprecated
2023-11-19T23:45:46.1536132Z npm WARN deprecated uuid@3.4.0: Please upgrade  to version 7 or higher.  Older versions may use Math.random() in certain circumstances, which is known to be problematic.  See https://v8.dev/blog/math-random for details.
2023-11-19T23:45:46.5013910Z npm WARN deprecated source-map-url@0.4.1: See https://github.com/lydell/source-map-url#deprecated
2023-11-19T23:45:46.5526304Z npm WARN deprecated source-map-resolve@0.5.3: See https://github.com/lydell/source-map-resolve#deprecated
2023-11-19T23:45:46.7478403Z npm WARN deprecated resolve-url@0.2.1: https://github.com/lydell/resolve-url#deprecated
2023-11-19T23:45:46.8071229Z npm WARN deprecated samsam@1.3.0: This package has been deprecated in favour of @sinonjs/samsam
2023-11-19T23:45:47.0403285Z npm WARN deprecated querystring@0.2.0: The querystring API is considered Legacy. new code should use the URLSearchParams API instead.
2023-11-19T23:45:47.4328063Z npm WARN deprecated request@2.88.2: request has been deprecated, see https://github.com/request/request/issues/3142
2023-11-19T23:45:48.3049991Z npm WARN deprecated har-validator@5.1.5: this library is no longer supported
2023-11-19T23:45:50.1554170Z npm WARN deprecated tar@2.2.2: This version of tar is no longer supported, and will not receive security updates. Please upgrade asap.
2023-11-19T23:45:52.1044122Z npm WARN deprecated chokidar@2.1.8: Chokidar 2 does not receive security updates since 2019. Upgrade to chokidar 3 with 15x fewer dependencies
2023-11-19T23:45:53.3190667Z npm WARN deprecated chokidar@2.1.8: Chokidar 2 does not receive security updates since 2019. Upgrade to chokidar 3 with 15x fewer dependencies
2023-11-19T23:45:55.1306187Z npm WARN deprecated core-js@2.6.12: core-js@<3.4 is no longer maintained and not recommended for usage due to the number of issues. Because of the V8 engine whims, feature detection in old core-js versions could cause a slowdown up to 100x even if nothing is polyfilled. Please, upgrade your dependencies to the actual version of core-js.
2023-11-19T23:45:59.8404755Z 
2023-11-19T23:45:59.8405490Z > axios@1.6.0 prepare
2023-11-19T23:45:59.8406612Z > husky install && npm run prepare:hooks
2023-11-19T23:45:59.8407131Z 
2023-11-19T23:45:59.9082839Z husky - Git hooks installed
2023-11-19T23:46:00.1943557Z 
2023-11-19T23:46:00.1944339Z > axios@1.6.0 prepare:hooks
2023-11-19T23:46:00.1945861Z > npx husky set .husky/commit-msg "npx commitlint --edit $1"
2023-11-19T23:46:00.1946558Z 
2023-11-19T23:46:00.6173425Z husky - created .husky/commit-msg
2023-11-19T23:46:00.6594074Z 
2023-11-19T23:46:00.6595290Z added 2053 packages, and audited 2054 packages in 20s
2023-11-19T23:46:00.6596316Z 
2023-11-19T23:46:00.6596710Z 197 packages are looking for funding
2023-11-19T23:46:00.6597759Z   run `npm fund` for details
2023-11-19T23:46:00.6959976Z 
2023-11-19T23:46:00.6961242Z 47 vulnerabilities (17 moderate, 28 high, 2 critical)
2023-11-19T23:46:00.6962015Z 
2023-11-19T23:46:00.6962595Z To address issues that do not require attention, run:
2023-11-19T23:46:00.6963472Z   npm audit fix
2023-11-19T23:46:00.6963733Z 
2023-11-19T23:46:00.6964214Z To address all issues possible (including breaking changes), run:
2023-11-19T23:46:00.6965248Z   npm audit fix --force
2023-11-19T23:46:00.6965819Z 
2023-11-19T23:46:00.6966081Z Some issues need review, and may require choosing
2023-11-19T23:46:00.6966847Z a different dependency.
2023-11-19T23:46:00.6967204Z 
2023-11-19T23:46:00.6967743Z Run `npm audit` for details.
2023-11-19T23:46:00.7412432Z ##[group]Run npm test
2023-11-19T23:46:00.7412948Z [36;1mnpm test[0m
2023-11-19T23:46:00.7474856Z shell: /usr/bin/bash -e {0}
2023-11-19T23:46:00.7475265Z ##[endgroup]
2023-11-19T23:46:01.0183843Z 
2023-11-19T23:46:01.0184601Z > axios@1.6.0 test
2023-11-19T23:46:01.0185799Z > npm run test:eslint && npm run test:mocha && npm run test:karma && npm run test:dtslint && npm run test:exports
2023-11-19T23:46:01.0186766Z 
2023-11-19T23:46:01.2973284Z 
2023-11-19T23:46:01.2973797Z > axios@1.6.0 test:eslint
2023-11-19T23:46:01.2974520Z > node bin/ssl_hotfix.js eslint lib/**/*.js
2023-11-19T23:46:01.2975048Z 
2023-11-19T23:46:01.3468907Z Running eslint lib/adapters/adapters.js lib/adapters/http.js lib/adapters/xhr.js lib/cancel/CancelToken.js lib/cancel/CanceledError.js lib/cancel/isCancel.js lib/core/Axios.js lib/core/AxiosError.js lib/core/AxiosHeaders.js lib/core/InterceptorManager.js lib/core/buildFullPath.js lib/core/dispatchRequest.js lib/core/mergeConfig.js lib/core/settle.js lib/core/transformData.js lib/defaults/index.js lib/defaults/transitional.js lib/env/data.js lib/helpers/AxiosTransformStream.js lib/helpers/AxiosURLSearchParams.js lib/helpers/HttpStatusCode.js lib/helpers/ZlibHeaderTransformStream.js lib/helpers/bind.js lib/helpers/buildURL.js lib/helpers/callbackify.js lib/helpers/combineURLs.js lib/helpers/cookies.js lib/helpers/deprecatedMethod.js lib/helpers/formDataToJSON.js lib/helpers/formDataToStream.js lib/helpers/fromDataURI.js lib/helpers/isAbsoluteURL.js lib/helpers/isAxiosError.js lib/helpers/isURLSameOrigin.js lib/helpers/null.js lib/helpers/parseHeaders.js lib/helpers/parseProtocol.js lib/helpers/readBlob.js lib/helpers/speedometer.js lib/helpers/spread.js lib/helpers/throttle.js lib/helpers/toFormData.js lib/helpers/toURLEncodedForm.js lib/helpers/validator.js lib/platform/index.js on v18.18.2
2023-11-19T23:46:01.3477899Z 
2023-11-19T23:46:01.3478502Z Setting --openssl-legacy-provider as ssl hotfix
2023-11-19T23:46:02.3719689Z 
2023-11-19T23:46:02.3720566Z > axios@1.6.0 test:mocha
2023-11-19T23:46:02.3722227Z > node bin/ssl_hotfix.js mocha test/unit/**/*.js --timeout 30000 --exit
2023-11-19T23:46:02.3723383Z 
2023-11-19T23:46:02.4135599Z Running mocha test/unit/adapters/adapters.js test/unit/adapters/http.js test/unit/core/AxiosHeaders.js test/unit/defaults/transformReponse.js test/unit/helpers/fromDataURI.js test/unit/helpers/parseProtocol.js test/unit/regression/SNYK-JS-AXIOS-1038255.js test/unit/regression/bugs.js test/unit/utils/utils.js --timeout 30000 --exit on v18.18.2
2023-11-19T23:46:02.4139308Z 
2023-11-19T23:46:02.4140041Z Setting --openssl-legacy-provider as ssl hotfix
2023-11-19T23:46:02.7994720Z 
2023-11-19T23:46:02.7999410Z 
2023-11-19T23:46:02.8003809Z   adapters
2023-11-19T23:46:02.8013880Z     âœ” should support loading by fn handle
2023-11-19T23:46:02.8016392Z     âœ” should support loading by name
2023-11-19T23:46:02.8023071Z     âœ” should detect adapter unavailable status
2023-11-19T23:46:02.8025539Z     âœ” should detect adapter unsupported status
2023-11-19T23:46:02.8027931Z     âœ” should pick suitable adapter from the list
2023-11-19T23:46:02.8029941Z 
2023-11-19T23:46:02.8032944Z   supports http with nodejs
2023-11-19T23:46:03.1141535Z     âœ” should throw an error if the timeout property is not parsable as a number (310ms)
2023-11-19T23:46:03.4183111Z     âœ” should parse the timeout property (302ms)
2023-11-19T23:46:03.7199627Z     âœ” should respect the timeout property (301ms)
2023-11-19T23:46:04.0214141Z     âœ” should respect the timeoutErrorMessage property (301ms)
2023-11-19T23:46:04.0272366Z     âœ” should allow passing JSON
2023-11-19T23:46:04.0293922Z     âœ” should allow passing JSON with BOM
2023-11-19T23:46:04.0339602Z     âœ” should redirect
2023-11-19T23:46:04.0360251Z     âœ” should not redirect
2023-11-19T23:46:04.0419829Z     âœ” should support max redirects
2023-11-19T23:46:04.0442198Z     âœ” should support beforeRedirect
2023-11-19T23:46:04.0584897Z     âœ” should support beforeRedirect and proxy with redirect
2023-11-19T23:46:04.0612110Z     âœ” should preserve the HTTP verb on redirect
2023-11-19T23:46:04.0660610Z     âœ” should support UTF8
2023-11-19T23:46:04.0681349Z     âœ” should support basic auth
2023-11-19T23:46:04.0697987Z     âœ” should support basic auth with a header
2023-11-19T23:46:04.0719511Z     âœ” should provides a default User-Agent header
2023-11-19T23:46:04.0735004Z     âœ” should allow the User-Agent header to be overridden
2023-11-19T23:46:04.0752742Z     âœ” should allow the Content-Length header to be overridden
2023-11-19T23:46:04.0772762Z     âœ” should support max content length
2023-11-19T23:46:04.1791413Z     âœ” should support max content length for redirected (101ms)
2023-11-19T23:46:04.2825880Z     âœ” should support max body length (103ms)
2023-11-19T23:46:04.6150878Z     âœ” should properly support default max body length (follow-redirects as well) (332ms)
2023-11-19T23:46:04.6162955Z     âœ” should display error while parsing params
2023-11-19T23:46:04.6177900Z     âœ” should support sockets
2023-11-19T23:46:04.6197783Z     âœ” should support buffers
2023-11-19T23:46:04.6223578Z     âœ” should support HTTP proxies
2023-11-19T23:46:04.6560965Z     âœ” should support HTTPS proxies
2023-11-19T23:46:04.6575223Z     âœ” should not pass through disabled proxy
2023-11-19T23:46:04.6596924Z     âœ” should support proxy set via env var
2023-11-19T23:46:04.6694507Z     âœ” should support HTTPS proxy set via env var
2023-11-19T23:46:04.6719865Z     âœ” should re-evaluate proxy on redirect when proxy set via env var
2023-11-19T23:46:04.6735357Z     âœ” should not use proxy for domains in no_proxy
2023-11-19T23:46:04.6758127Z     âœ” should use proxy for domains not in no_proxy
2023-11-19T23:46:04.6778219Z     âœ” should support HTTP proxy auth
2023-11-19T23:46:04.6799079Z     âœ” should support proxy auth from env
2023-11-19T23:46:04.6821631Z     âœ” should support proxy auth with header
2023-11-19T23:46:04.6835110Z     âœ” should support cancel
2023-11-19T23:46:04.6851965Z     âœ” should combine baseURL and url
2023-11-19T23:46:05.6874645Z     âœ” should support HTTP protocol (1002ms)
2023-11-19T23:46:05.7596704Z     âœ” should support HTTPS protocol (72ms)
2023-11-19T23:46:06.0610352Z     âœ” should return malformed URL (301ms)
2023-11-19T23:46:06.3624374Z     âœ” should return unsupported protocol (301ms)
2023-11-19T23:46:06.3641297Z     âœ” should supply a user-agent if one is not specified
2023-11-19T23:46:06.3654179Z     âœ” should omit a user-agent if one is explicitly disclaimed
2023-11-19T23:46:06.5670396Z     âœ” should throw an error if http server that aborts a chunked request (201ms)
2023-11-19T23:46:06.5691118Z     âœ” should able to cancel multiple requests with CancelToken
2023-11-19T23:46:06.5725720Z     âœ” should respect formSerializer config
2023-11-19T23:46:06.5730647Z     âœ” should properly handle synchronous errors inside the adapter
2023-11-19T23:46:06.5743654Z     âœ” should support function as paramsSerializer value
2023-11-19T23:46:06.5746144Z     compression
2023-11-19T23:46:06.5764902Z       âœ” should support transparent gunzip
2023-11-19T23:46:06.5783646Z       âœ” should support gunzip error handling
2023-11-19T23:46:06.5798948Z       âœ” should support disabling automatic decompression of response data
2023-11-19T23:46:06.5801329Z       algorithms
2023-11-19T23:46:06.5802099Z         gzip decompression
2023-11-19T23:46:06.5819128Z           âœ” should support decompression
2023-11-19T23:46:06.5835917Z           âœ” should not fail if response content-length header is missing (gzip)
2023-11-19T23:46:06.5852013Z           âœ” should not fail with chunked responses (without Content-Length header)
2023-11-19T23:46:06.5865782Z           âœ” should not fail with an empty response without content-length header (Z_BUF_ERROR)
2023-11-19T23:46:06.5879908Z           âœ” should not fail with an empty response with content-length header (Z_BUF_ERROR)
2023-11-19T23:46:06.5881518Z         GZIP decompression
2023-11-19T23:46:06.5893922Z           âœ” should support decompression
2023-11-19T23:46:06.5910045Z           âœ” should not fail if response content-length header is missing (GZIP)
2023-11-19T23:46:06.5924159Z           âœ” should not fail with chunked responses (without Content-Length header)
2023-11-19T23:46:06.5936598Z           âœ” should not fail with an empty response without content-length header (Z_BUF_ERROR)
2023-11-19T23:46:06.5950981Z           âœ” should not fail with an empty response with content-length header (Z_BUF_ERROR)
2023-11-19T23:46:06.5953543Z         compress decompression
2023-11-19T23:46:06.5968567Z           âœ” should support decompression
2023-11-19T23:46:06.5982563Z           âœ” should not fail if response content-length header is missing (compress)
2023-11-19T23:46:06.5996351Z           âœ” should not fail with chunked responses (without Content-Length header)
2023-11-19T23:46:06.6011040Z           âœ” should not fail with an empty response without content-length header (Z_BUF_ERROR)
2023-11-19T23:46:06.6022527Z           âœ” should not fail with an empty response with content-length header (Z_BUF_ERROR)
2023-11-19T23:46:06.6023861Z         deflate decompression
2023-11-19T23:46:06.6039488Z           âœ” should support decompression
2023-11-19T23:46:06.6053227Z           âœ” should not fail if response content-length header is missing (deflate)
2023-11-19T23:46:06.6066842Z           âœ” should not fail with chunked responses (without Content-Length header)
2023-11-19T23:46:06.6081104Z           âœ” should not fail with an empty response without content-length header (Z_BUF_ERROR)
2023-11-19T23:46:06.6093769Z           âœ” should not fail with an empty response with content-length header (Z_BUF_ERROR)
2023-11-19T23:46:06.6094967Z         deflate-raw decompression
2023-11-19T23:46:06.6108447Z           âœ” should support decompression
2023-11-19T23:46:06.6123810Z           âœ” should not fail if response content-length header is missing (deflate)
2023-11-19T23:46:06.6138625Z           âœ” should not fail with chunked responses (without Content-Length header)
2023-11-19T23:46:06.6151627Z           âœ” should not fail with an empty response without content-length header (Z_BUF_ERROR)
2023-11-19T23:46:06.6164617Z           âœ” should not fail with an empty response with content-length header (Z_BUF_ERROR)
2023-11-19T23:46:06.6165579Z         br decompression
2023-11-19T23:46:06.6181079Z           âœ” should support decompression
2023-11-19T23:46:06.6195119Z           âœ” should not fail if response content-length header is missing (br)
2023-11-19T23:46:06.6213721Z           âœ” should not fail with chunked responses (without Content-Length header)
2023-11-19T23:46:06.6228732Z           âœ” should not fail with an empty response without content-length header (Z_BUF_ERROR)
2023-11-19T23:46:06.6243925Z           âœ” should not fail with an empty response with content-length header (Z_BUF_ERROR)
2023-11-19T23:46:06.6245305Z     streams
2023-11-19T23:46:06.6277720Z       âœ” should support streams
2023-11-19T23:46:06.6288411Z       âœ” should pass errors for a failed stream
2023-11-19T23:46:07.6345492Z pipeline error: CanceledError: Request stream has been aborted
2023-11-19T23:46:07.6347554Z       âœ” should destroy the response stream with an error on request stream destroying (1005ms)
2023-11-19T23:46:07.6351173Z Server warning: Premature close
2023-11-19T23:46:07.6354620Z     different options for direct proxy configuration (without env variables)
2023-11-19T23:46:07.6356431Z       âœ” hostname and trailing colon in protocol
2023-11-19T23:46:07.6358513Z       âœ” hostname and no trailing colon in protocol
2023-11-19T23:46:07.6360466Z       âœ” both hostname and host -> hostname takes precedence
2023-11-19T23:46:07.6362077Z       âœ” only host and https protocol
2023-11-19T23:46:07.6363169Z     FormData
2023-11-19T23:46:07.6364367Z       form-data instance (https://www.npmjs.com/package/form-data)
2023-11-19T23:46:07.6448676Z         âœ” should allow passing FormData
2023-11-19T23:46:07.6451154Z       SpecCompliant FormData
2023-11-19T23:46:07.6476871Z (node:2181) ExperimentalWarning: buffer.File is an experimental feature and might change at any time
2023-11-19T23:46:07.6478862Z (Use `node --trace-warnings ...` to show where the warning was created)
2023-11-19T23:46:07.6519146Z         âœ” should allow passing FormData
2023-11-19T23:46:07.6521057Z       toFormData helper
2023-11-19T23:46:07.6730035Z         âœ” should properly serialize nested objects for parsing with multer.js (express.js)
2023-11-19T23:46:07.6733029Z     Blob
2023-11-19T23:46:07.6753726Z       âœ” should support Blob
2023-11-19T23:46:07.6756440Z     URLEncoded Form
2023-11-19T23:46:07.6868077Z       âœ” should post object data as url-encoded form if content-type is application/x-www-form-urlencoded
2023-11-19T23:46:07.6869637Z     Data URL
2023-11-19T23:46:07.6876311Z       âœ” should support requesting data URL as a Buffer
2023-11-19T23:46:07.6883174Z       âœ” should support requesting data URL as a Blob (if supported by the environment)
2023-11-19T23:46:07.6887021Z       âœ” should support requesting data URL as a String (text)
2023-11-19T23:46:07.6892150Z       âœ” should support requesting data URL as a Stream
2023-11-19T23:46:07.6893272Z     progress
2023-11-19T23:46:07.6893814Z       upload
2023-11-19T23:46:18.7022853Z         âœ” should support upload progress capturing (11012ms)
2023-11-19T23:46:18.7025227Z       download
2023-11-19T23:46:29.7157497Z         âœ” should support download progress capturing (11013ms)
2023-11-19T23:46:29.7159144Z     Rate limit
2023-11-19T23:46:39.2332597Z       âœ” should support upload rate limit (9518ms)
2023-11-19T23:46:48.7549697Z       âœ” should support download rate limit (9521ms)
2023-11-19T23:46:48.7551377Z     request aborting
2023-11-19T23:46:49.3624156Z pipeline error: CanceledError: canceled
2023-11-19T23:46:49.3625432Z       âœ” should be able to abort the response stream (607ms)
2023-11-19T23:46:49.3631796Z Server warning: Premature close
2023-11-19T23:46:49.3634107Z     DNS
2023-11-19T23:46:49.3657982Z       âœ” should support a custom DNS lookup function
2023-11-19T23:46:49.3672850Z       âœ” should support a custom DNS lookup function with address entry passing
2023-11-19T23:46:49.3687732Z       âœ” should support a custom DNS lookup function (async)
2023-11-19T23:46:49.3701586Z       âœ” should support a custom DNS lookup function with address entry (async)
2023-11-19T23:46:49.3715658Z       âœ” should support a custom DNS lookup function that returns only IP address (async)
2023-11-19T23:46:49.3717463Z 
2023-11-19T23:46:49.3719517Z   AxiosHeaders
2023-11-19T23:46:49.3721666Z     âœ” should support headers argument
2023-11-19T23:46:49.3724014Z     âœ” should support uppercase name mapping for names overlapped by class methods
2023-11-19T23:46:49.3727101Z     âœ” should be caseless
2023-11-19T23:46:49.3727828Z     set
2023-11-19T23:46:49.3729714Z       âœ” should support adding a single header
2023-11-19T23:46:49.3731575Z       âœ” should support adding multiple headers
2023-11-19T23:46:49.3734955Z       âœ” should support adding multiple headers from raw headers string
2023-11-19T23:46:49.3736755Z       âœ” should not rewrite header the header if the value is false
2023-11-19T23:46:49.3738748Z       âœ” should not rewrite the header if its value is false, unless rewrite options is set to true
2023-11-19T23:46:49.3739975Z     get
2023-11-19T23:46:49.3740643Z       filter
2023-11-19T23:46:49.3742132Z         âœ” should support RegExp
2023-11-19T23:46:49.3744620Z         âœ” should support function
2023-11-19T23:46:49.3745540Z     has
2023-11-19T23:46:49.3747775Z       âœ” should return true if the header is defined, otherwise false
2023-11-19T23:46:49.3748732Z       filter
2023-11-19T23:46:49.3751544Z         âœ” should support RegExp
2023-11-19T23:46:49.3754191Z         âœ” should support function
2023-11-19T23:46:49.3756319Z         âœ” should support string pattern
2023-11-19T23:46:49.3757272Z     delete
2023-11-19T23:46:49.3759473Z       âœ” should delete the header
2023-11-19T23:46:49.3766763Z       âœ” should return true if the header has been deleted, otherwise false
2023-11-19T23:46:49.3768151Z       âœ” should support headers array
2023-11-19T23:46:49.3769468Z       filter
2023-11-19T23:46:49.3771099Z         âœ” should support RegExp
2023-11-19T23:46:49.3773682Z         âœ” should support function
2023-11-19T23:46:49.3775761Z         âœ” should support string pattern
2023-11-19T23:46:49.3776722Z     clear
2023-11-19T23:46:49.3779071Z       âœ” should clear all headers
2023-11-19T23:46:49.3782361Z       âœ” should clear matching headers if a matcher was specified
2023-11-19T23:46:49.3783495Z     toJSON
2023-11-19T23:46:49.3785121Z       âœ” should return headers object with original headers case
2023-11-19T23:46:49.3786071Z     accessors
2023-11-19T23:46:49.3789893Z       âœ” should support get accessor
2023-11-19T23:46:49.3792060Z       âœ” should support set accessor
2023-11-19T23:46:49.3794232Z       âœ” should support has accessor
2023-11-19T23:46:49.3795129Z     normalize()
2023-11-19T23:46:49.3798975Z       âœ” should support auto-formatting
2023-11-19T23:46:49.3801216Z       âœ” should support external defined values
2023-11-19T23:46:49.3803202Z       âœ” should support array values
2023-11-19T23:46:49.3804113Z     AxiosHeaders.concat
2023-11-19T23:46:49.3806383Z       âœ” should concatenate plain headers into an AxiosHeader instance
2023-11-19T23:46:49.3808464Z       âœ” should concatenate raw headers into an AxiosHeader instance
2023-11-19T23:46:49.3810584Z       âœ” should concatenate Axios headers into a new AxiosHeader instance
2023-11-19T23:46:49.3811395Z     toString
2023-11-19T23:46:49.3813643Z       âœ” should serialize AxiosHeader instance to a raw headers string
2023-11-19T23:46:49.3814304Z 
2023-11-19T23:46:49.3814915Z   transformResponse
2023-11-19T23:46:49.3815655Z     200 request
2023-11-19T23:46:49.3818060Z       âœ” parses json
2023-11-19T23:46:49.3820124Z       âœ” ignores XML
2023-11-19T23:46:49.3820809Z     204 request
2023-11-19T23:46:49.3823336Z       âœ” does not parse the empty string
2023-11-19T23:46:49.3824959Z       âœ” does not parse undefined
2023-11-19T23:46:49.3825438Z 
2023-11-19T23:46:49.3826255Z   helpers::fromDataURI
2023-11-19T23:46:49.3830900Z     âœ” should return buffer from data uri
2023-11-19T23:46:49.3831563Z 
2023-11-19T23:46:49.3832478Z   helpers::parseProtocol
2023-11-19T23:46:49.3835524Z     âœ” should parse protocol part if it exists
2023-11-19T23:46:49.3836258Z 
2023-11-19T23:46:49.3836679Z   Server-Side Request Forgery (SSRF)
2023-11-19T23:46:49.3868454Z     âœ” obeys proxy settings when following redirects
2023-11-19T23:46:49.3870097Z 
2023-11-19T23:46:49.3870723Z   issues
2023-11-19T23:46:49.3871189Z     4999
2023-11-19T23:46:49.5293951Z       âœ” should not fail with query parsing (142ms)
2023-11-19T23:46:49.5296990Z     5028
2023-11-19T23:46:49.5324183Z       âœ” should handle set-cookie headers as an array
2023-11-19T23:46:49.5325347Z 
2023-11-19T23:46:49.5326033Z   utils
2023-11-19T23:46:49.5328122Z     âœ” should validate Stream
2023-11-19T23:46:49.5329318Z     âœ” should validate Buffer
2023-11-19T23:46:49.5329946Z     utils::isFormData
2023-11-19T23:46:49.5333560Z       âœ” should detect the FormData instance provided by the `form-data` package
2023-11-19T23:46:49.5334871Z       âœ” should not call toString method on built-in objects instances
2023-11-19T23:46:49.5336633Z       âœ” should not call toString method on built-in objects instances, even if append method exists
2023-11-19T23:46:49.5338321Z       âœ” should detect custom FormData instances by toStringTag signature and append method presence
2023-11-19T23:46:49.5339349Z     toJSON
2023-11-19T23:46:49.5341830Z       âœ” should convert to a plain object without circular references
2023-11-19T23:46:49.5344988Z       âœ” should use objects with defined toJSON method without rebuilding
2023-11-19T23:46:49.5345654Z 
2023-11-19T23:46:49.5346831Z 
2023-11-19T23:46:49.5348262Z   163 passing (47s)
2023-11-19T23:46:49.5348566Z 
2023-11-19T23:46:49.8128963Z 
2023-11-19T23:46:49.8129698Z > axios@1.6.0 test:karma
2023-11-19T23:46:49.8131134Z > node bin/ssl_hotfix.js cross-env LISTEN_ADDR=:: karma start karma.conf.cjs --single-run
2023-11-19T23:46:49.8131781Z 
2023-11-19T23:46:49.8541241Z Running cross-env LISTEN_ADDR=:: karma start karma.conf.cjs --single-run on v18.18.2
2023-11-19T23:46:49.8542121Z 
2023-11-19T23:46:49.8547946Z Setting --openssl-legacy-provider as ssl hotfix
2023-11-19T23:46:50.1790814Z Running ci on GitHub Actions.
2023-11-19T23:46:50.5169098Z (node:2249) MaxListenersExceededWarning: Possible EventEmitter memory leak detected. 11 beforeExit listeners added to [process]. Use emitter.setMaxListeners() to increase limit
2023-11-19T23:46:50.5170956Z (Use `node --trace-warnings ...` to show where the warning was created)
2023-11-19T23:46:50.5838121Z [32m19 11 2023 23:46:50.582:INFO [preprocessor.rollup]: [39mGenerating bundle for ./test/specs/adapter.spec.js
2023-11-19T23:46:50.6201794Z [32m19 11 2023 23:46:50.619:INFO [preprocessor.rollup]: [39mGenerating bundle for ./test/specs/api.spec.js
2023-11-19T23:46:50.6314982Z [32m19 11 2023 23:46:50.631:INFO [preprocessor.rollup]: [39mGenerating bundle for ./test/specs/formdata.spec.js
2023-11-19T23:46:50.6545608Z [32m19 11 2023 23:46:50.654:INFO [preprocessor.rollup]: [39mGenerating bundle for ./test/specs/instance.spec.js
2023-11-19T23:46:50.6885494Z [32m19 11 2023 23:46:50.688:INFO [preprocessor.rollup]: [39mGenerating bundle for ./test/specs/interceptors.spec.js
2023-11-19T23:46:50.7231862Z [32m19 11 2023 23:46:50.722:INFO [preprocessor.rollup]: [39mGenerating bundle for ./test/specs/requests.spec.js
2023-11-19T23:46:50.7362537Z [32m19 11 2023 23:46:50.735:INFO [preprocessor.rollup]: [39mGenerating bundle for ./test/specs/progress.spec.js
2023-11-19T23:46:50.7429500Z [32m19 11 2023 23:46:50.742:INFO [preprocessor.rollup]: [39mGenerating bundle for ./test/specs/promise.spec.js
2023-11-19T23:46:50.7554825Z [32m19 11 2023 23:46:50.755:INFO [preprocessor.rollup]: [39mGenerating bundle for ./test/specs/core/enhanceError.spec.js
2023-11-19T23:46:50.7560176Z Generated an empty chunk: "enhanceError.spec"
2023-11-19T23:46:50.9314128Z [32m19 11 2023 23:46:50.930:INFO [preprocessor.rollup]: [39mGenerating bundle for ./test/specs/helpers/bind.spec.js
2023-11-19T23:46:50.9360293Z [32m19 11 2023 23:46:50.935:INFO [preprocessor.rollup]: [39mGenerating bundle for ./test/specs/helpers/combineURLs.spec.js
2023-11-19T23:46:50.9398384Z [32m19 11 2023 23:46:50.939:INFO [preprocessor.rollup]: [39mGenerating bundle for ./test/specs/helpers/isAbsoluteURL.spec.js
2023-11-19T23:46:50.9479105Z [32m19 11 2023 23:46:50.947:INFO [preprocessor.rollup]: [39mGenerating bundle for ./test/specs/helpers/spread.spec.js
2023-11-19T23:46:50.9591928Z preferring built-in module 'assert' over local alternative at '/home/runner/work/axios-microprint-example/axios-microprint-example/node_modules/assert/assert.js', pass 'preferBuiltins: false' to disable this behavior or 'preferBuiltins: true' to disable this warning
2023-11-19T23:46:51.0005123Z [32m19 11 2023 23:46:51.000:INFO [preprocessor.rollup]: [39mGenerating bundle for ./test/specs/cancel.spec.js
2023-11-19T23:46:51.1720471Z [32m19 11 2023 23:46:51.171:INFO [preprocessor.rollup]: [39mGenerating bundle for ./test/specs/utils/merge.spec.js
2023-11-19T23:46:51.1991734Z [32m19 11 2023 23:46:51.198:INFO [preprocessor.rollup]: [39mGenerating bundle for ./test/specs/utils/extend.spec.js
2023-11-19T23:46:51.2187275Z [32m19 11 2023 23:46:51.218:INFO [preprocessor.rollup]: [39mGenerating bundle for ./test/specs/utils/forEach.spec.js
2023-11-19T23:46:51.2396402Z [32m19 11 2023 23:46:51.239:INFO [preprocessor.rollup]: [39mGenerating bundle for ./test/specs/utils/trim.spec.js
2023-11-19T23:46:51.2581756Z [32m19 11 2023 23:46:51.257:INFO [preprocessor.rollup]: [39mGenerating bundle for ./test/specs/utils/isX.spec.js
2023-11-19T23:46:51.2660060Z [32m19 11 2023 23:46:51.265:INFO [preprocessor.rollup]: [39mGenerating bundle for ./test/specs/core/buildFullPath.spec.js
2023-11-19T23:46:51.4028658Z preferring built-in module 'assert' over local alternative at '/home/runner/work/axios-microprint-example/axios-microprint-example/node_modules/assert/assert.js', pass 'preferBuiltins: false' to disable this behavior or 'preferBuiltins: true' to disable this warning
2023-11-19T23:46:51.4032926Z 'assert' is imported by test/specs/headers.spec.js, but could not be resolved â€“ treating it as an external dependency
2023-11-19T23:46:51.4063411Z "default" is imported from external module "assert" but never used in "test/specs/headers.spec.js".
2023-11-19T23:46:51.4066003Z [32m19 11 2023 23:46:51.406:INFO [preprocessor.rollup]: [39mGenerating bundle for ./test/specs/headers.spec.js
2023-11-19T23:46:51.4079946Z Creating a browser bundle that depends on Node.js built-in modules ("assert"). You might need to include https://github.com/snowpackjs/rollup-plugin-polyfill-node
2023-11-19T23:46:51.4714221Z [32m19 11 2023 23:46:51.471:INFO [preprocessor.rollup]: [39mGenerating bundle for ./test/specs/core/AxiosError.spec.js
2023-11-19T23:46:51.4804092Z [32m19 11 2023 23:46:51.480:INFO [preprocessor.rollup]: [39mGenerating bundle for ./test/specs/options.spec.js
2023-11-19T23:46:51.4886322Z [32m19 11 2023 23:46:51.488:INFO [preprocessor.rollup]: [39mGenerating bundle for ./test/specs/helpers/isAxiosError.spec.js
2023-11-19T23:46:51.5047817Z [32m19 11 2023 23:46:51.504:INFO [preprocessor.rollup]: [39mGenerating bundle for ./test/specs/transform.spec.js
2023-11-19T23:46:51.5210184Z [32m19 11 2023 23:46:51.520:INFO [preprocessor.rollup]: [39mGenerating bundle for ./test/specs/helpers/formDataToJSON.spec.js
2023-11-19T23:46:51.5380007Z [32m19 11 2023 23:46:51.537:INFO [preprocessor.rollup]: [39mGenerating bundle for ./test/specs/helpers/parseHeaders.spec.js
2023-11-19T23:46:51.5531099Z [32m19 11 2023 23:46:51.552:INFO [preprocessor.rollup]: [39mGenerating bundle for ./test/specs/helpers/toFormData.spec.js
2023-11-19T23:46:51.5700056Z [32m19 11 2023 23:46:51.569:INFO [preprocessor.rollup]: [39mGenerating bundle for ./test/specs/cancel/CancelToken.spec.js
2023-11-19T23:46:51.5827856Z [32m19 11 2023 23:46:51.582:INFO [preprocessor.rollup]: [39mGenerating bundle for ./test/specs/cancel/CanceledError.spec.js
2023-11-19T23:46:51.5947132Z [32m19 11 2023 23:46:51.594:INFO [preprocessor.rollup]: [39mGenerating bundle for ./test/specs/cancel/isCancel.spec.js
2023-11-19T23:46:51.7021401Z [32m19 11 2023 23:46:51.701:INFO [preprocessor.rollup]: [39mGenerating bundle for ./test/specs/core/settle.spec.js
2023-11-19T23:46:51.7178709Z [32m19 11 2023 23:46:51.717:INFO [preprocessor.rollup]: [39mGenerating bundle for ./test/specs/helpers/validator.spec.js
2023-11-19T23:46:51.7785095Z [32m19 11 2023 23:46:51.778:INFO [preprocessor.rollup]: [39mGenerating bundle for ./test/specs/helpers/buildURL.spec.js
2023-11-19T23:46:51.8314575Z [32m19 11 2023 23:46:51.831:INFO [preprocessor.rollup]: [39mGenerating bundle for ./test/specs/core/mergeConfig.spec.js
2023-11-19T23:46:51.8863515Z [32m19 11 2023 23:46:51.885:INFO [preprocessor.rollup]: [39mGenerating bundle for ./test/specs/defaults.spec.js
2023-11-19T23:46:51.9312857Z [32m19 11 2023 23:46:51.930:INFO [preprocessor.rollup]: [39mGenerating bundle for ./test/specs/basicAuth.spec.js
2023-11-19T23:46:51.9805835Z [32m19 11 2023 23:46:51.980:INFO [preprocessor.rollup]: [39mGenerating bundle for ./test/specs/__helpers.js
2023-11-19T23:46:52.0272518Z [32m19 11 2023 23:46:52.026:INFO [preprocessor.rollup]: [39mGenerating bundle for ./test/specs/core/transformData.spec.js
2023-11-19T23:46:52.0526072Z [32m19 11 2023 23:46:52.052:INFO [preprocessor.rollup]: [39mGenerating bundle for ./test/specs/xsrf.spec.js
2023-11-19T23:46:52.0678507Z [32m19 11 2023 23:46:52.067:INFO [preprocessor.rollup]: [39mGenerating bundle for ./test/specs/helpers/cookies.spec.js
2023-11-19T23:46:52.0839362Z [32m19 11 2023 23:46:52.083:INFO [preprocessor.rollup]: [39mGenerating bundle for ./test/specs/helpers/isURLSameOrigin.spec.js
2023-11-19T23:46:52.0917067Z [32m19 11 2023 23:46:52.091:INFO [karma-server]: [39mKarma v6.3.20 server started at http://localhost:9876/
2023-11-19T23:46:52.0919389Z [32m19 11 2023 23:46:52.091:INFO [launcher]: [39mLaunching browsers FirefoxHeadless, ChromeHeadless with concurrency unlimited
2023-11-19T23:46:52.0962805Z [32m19 11 2023 23:46:52.096:INFO [launcher]: [39mStarting browser FirefoxHeadless
2023-11-19T23:46:52.1365877Z [32m19 11 2023 23:46:52.136:INFO [launcher]: [39mStarting browser ChromeHeadless
2023-11-19T23:46:59.7076706Z [32m19 11 2023 23:46:59.707:INFO [Chrome Headless 119.0.6045.159 (Linux x86_64)]: [39mConnected on socket -dikCc52USkboTorAAAB with id 63197697
2023-11-19T23:46:59.9887486Z Chrome Headless 119.0.6045.159 (Linux x86_64): Executed 0 of 306 SUCCESS (0 secs / 0 secs)
2023-11-19T23:47:00.0013325Z [1A[2KChrome Headless 119.0.6045.159 (Linux x86_64): Executed 1 of 306 SUCCESS (0 secs / 0.015 secs)
2023-11-19T23:47:00.0021811Z [1A[2KChrome Headless 119.0.6045.159 (Linux x86_64): Executed 2 of 306 SUCCESS (0 secs / 0.016 secs)
2023-11-19T23:47:00.0028846Z [1A[2KChrome Headless 119.0.6045.159 (Linux x86_64): Executed 3 of 306 SUCCESS (0 secs / 0.017 secs)
2023-11-19T23:47:00.0040115Z [1A[2KChrome Headless 119.0.6045.159 (Linux x86_64): Executed 4 of 306 SUCCESS (0 secs / 0.018 secs)
2023-11-19T23:47:00.0055405Z [1A[2KChrome Headless 119.0.6045.159 (Linux x86_64): Executed 5 of 306 SUCCESS (0 secs / 0.019 secs)
2023-11-19T23:47:00.0061111Z [1A[2KChrome Headless 119.0.6045.159 (Linux x86_64): Executed 6 of 306 SUCCESS (0 secs / 0.019 secs)
2023-11-19T23:47:00.0062858Z [1A[2KChrome Headless 119.0.6045.159 (Linux x86_64): Executed 7 of 306 SUCCESS (0 secs / 0.019 secs)
2023-11-19T23:47:00.0068415Z [33m19 11 2023 23:47:00.006:WARN [web-server]: [39m404: /test
2023-11-19T23:47:00.0094289Z [1A[2KChrome Headless 119.0.6045.159 (Linux x86_64): Executed 8 of 306 SUCCESS (0 secs / 0.019 secs)
2023-11-19T23:47:00.0096234Z [1A[2KChrome Headless 119.0.6045.159 (Linux x86_64): Executed 9 of 306 SUCCESS (0 secs / 0.019 secs)
2023-11-19T23:47:00.0098109Z [1A[2KChrome Headless 119.0.6045.159 (Linux x86_64): Executed 10 of 306 SUCCESS (0 secs / 0.02 secs)
2023-11-19T23:47:00.0099410Z [1A[2KChrome Headless 119.0.6045.159 (Linux x86_64): Executed 11 of 306 SUCCESS (0 secs / 0.02 secs)
2023-11-19T23:47:00.0101315Z [1A[2KChrome Headless 119.0.6045.159 (Linux x86_64): Executed 12 of 306 SUCCESS (0 secs / 0.02 secs)
2023-11-19T23:47:00.0103447Z [1A[2KChrome Headless 119.0.6045.159 (Linux x86_64): Executed 13 of 306 SUCCESS (0 secs / 0.02 secs)
2023-11-19T23:47:00.0105025Z [1A[2KChrome Headless 119.0.6045.159 (Linux x86_64): Executed 14 of 306 SUCCESS (0 secs / 0.02 secs)
2023-11-19T23:47:00.0106234Z [1A[2KChrome Headless 119.0.6045.159 (Linux x86_64): Executed 15 of 306 SUCCESS (0 secs / 0.021 secs)
2023-11-19T23:47:00.0107498Z [1A[2KChrome Headless 119.0.6045.159 (Linux x86_64): Executed 16 of 306 SUCCESS (0 secs / 0.021 secs)
2023-11-19T23:47:00.1111116Z [1A[2KChrome Headless 119.0.6045.159 (Linux x86_64): Executed 17 of 306 SUCCESS (0 secs / 0.124 secs)
2023-11-19T23:47:00.2123325Z [1A[2KChrome Headless 119.0.6045.159 (Linux x86_64): Executed 18 of 306 SUCCESS (0 secs / 0.225 secs)
2023-11-19T23:47:00.3133308Z [1A[2KChrome Headless 119.0.6045.159 (Linux x86_64): Executed 19 of 306 SUCCESS (0 secs / 0.326 secs)
2023-11-19T23:47:00.3142404Z [1A[2KChrome Headless 119.0.6045.159 (Linux x86_64): Executed 20 of 306 SUCCESS (0 secs / 0.327 secs)
2023-11-19T23:47:00.3148509Z [1A[2KChrome Headless 119.0.6045.159 (Linux x86_64): Executed 21 of 306 SUCCESS (0 secs / 0.328 secs)
2023-11-19T23:47:00.3160484Z [1A[2KChrome Headless 119.0.6045.159 (Linux x86_64): Executed 22 of 306 SUCCESS (0 secs / 0.329 secs)
2023-11-19T23:47:00.3167081Z [1A[2KChrome Headless 119.0.6045.159 (Linux x86_64): Executed 23 of 306 SUCCESS (0 secs / 0.33 secs)
2023-11-19T23:47:00.3183679Z [1A[2KChrome Headless 119.0.6045.159 (Linux x86_64): Executed 24 of 306 SUCCESS (0 secs / 0.331 secs)
2023-11-19T23:47:00.3187465Z [1A[2KChrome Headless 119.0.6045.159 (Linux x86_64): Executed 25 of 306 SUCCESS (0 secs / 0.332 secs)
2023-11-19T23:47:00.3190518Z [1A[2KChrome Headless 119.0.6045.159 (Linux x86_64): Executed 26 of 306 SUCCESS (0 secs / 0.332 secs)
2023-11-19T23:47:00.3194112Z [1A[2KChrome Headless 119.0.6045.159 (Linux x86_64): Executed 27 of 306 SUCCESS (0 secs / 0.332 secs)
2023-11-19T23:47:00.3196501Z [1A[2KChrome Headless 119.0.6045.159 (Linux x86_64): Executed 28 of 306 SUCCESS (0 secs / 0.333 secs)
2023-11-19T23:47:00.3200456Z [1A[2KChrome Headless 119.0.6045.159 (Linux x86_64): Executed 29 of 306 SUCCESS (0 secs / 0.333 secs)
2023-11-19T23:47:00.3203203Z [1A[2KChrome Headless 119.0.6045.159 (Linux x86_64): Executed 30 of 306 SUCCESS (0 secs / 0.333 secs)
2023-11-19T23:47:00.3206335Z [1A[2KChrome Headless 119.0.6045.159 (Linux x86_64): Executed 31 of 306 SUCCESS (0 secs / 0.334 secs)
2023-11-19T23:47:00.3210207Z [1A[2KChrome Headless 119.0.6045.159 (Linux x86_64): Executed 32 of 306 SUCCESS (0 secs / 0.334 secs)
2023-11-19T23:47:00.3212136Z [1A[2KChrome Headless 119.0.6045.159 (Linux x86_64): Executed 33 of 306 SUCCESS (0 secs / 0.334 secs)
2023-11-19T23:47:00.3214054Z [1A[2KChrome Headless 119.0.6045.159 (Linux x86_64): Executed 34 of 306 SUCCESS (0 secs / 0.334 secs)
2023-11-19T23:47:00.3216960Z [1A[2KChrome Headless 119.0.6045.159 (Linux x86_64): Executed 35 of 306 SUCCESS (0 secs / 0.334 secs)
2023-11-19T23:47:00.3219478Z [1A[2KChrome Headless 119.0.6045.159 (Linux x86_64): Executed 36 of 306 SUCCESS (0 secs / 0.334 secs)
2023-11-19T23:47:00.3226861Z [1A[2KChrome Headless 119.0.6045.159 (Linux x86_64): Executed 37 of 306 SUCCESS (0 secs / 0.335 secs)
2023-11-19T23:47:00.3231024Z [1A[2KChrome Headless 119.0.6045.159 (Linux x86_64): Executed 38 of 306 SUCCESS (0 secs / 0.335 secs)
2023-11-19T23:47:00.3234661Z [1A[2KChrome Headless 119.0.6045.159 (Linux x86_64): Executed 39 of 306 SUCCESS (0 secs / 0.336 secs)
2023-11-19T23:47:00.3237497Z [1A[2KChrome Headless 119.0.6045.159 (Linux x86_64): Executed 40 of 306 SUCCESS (0 secs / 0.336 secs)
2023-11-19T23:47:00.3242191Z [1A[2KChrome Headless 119.0.6045.159 (Linux x86_64): Executed 41 of 306 SUCCESS (0 secs / 0.336 secs)
2023-11-19T23:47:00.3244373Z [1A[2KChrome Headless 119.0.6045.159 (Linux x86_64): Executed 42 of 306 SUCCESS (0 secs / 0.336 secs)
2023-11-19T23:47:00.3249118Z [1A[2KChrome Headless 119.0.6045.159 (Linux x86_64): Executed 43 of 306 SUCCESS (0 secs / 0.336 secs)
2023-11-19T23:47:00.3251121Z [1A[2KChrome Headless 119.0.6045.159 (Linux x86_64): Executed 44 of 306 SUCCESS (0 secs / 0.336 secs)
2023-11-19T23:47:00.3259478Z [1A[2KChrome Headless 119.0.6045.159 (Linux x86_64): Executed 45 of 306 SUCCESS (0 secs / 0.337 secs)
2023-11-19T23:47:00.3266460Z [1A[2KChrome Headless 119.0.6045.159 (Linux x86_64): Executed 46 of 306 SUCCESS (0 secs / 0.337 secs)
2023-11-19T23:47:00.3268675Z [1A[2KChrome Headless 119.0.6045.159 (Linux x86_64): Executed 47 of 306 SUCCESS (0 secs / 0.338 secs)
2023-11-19T23:47:00.3274204Z [1A[2KChrome Headless 119.0.6045.159 (Linux x86_64): Executed 48 of 306 SUCCESS (0 secs / 0.338 secs)
2023-11-19T23:47:00.3277238Z [1A[2KChrome Headless 119.0.6045.159 (Linux x86_64): Executed 49 of 306 SUCCESS (0 secs / 0.338 secs)
2023-11-19T23:47:00.3280053Z [1A[2KChrome Headless 119.0.6045.159 (Linux x86_64): Executed 50 of 306 SUCCESS (0 secs / 0.338 secs)
2023-11-19T23:47:00.3287945Z [1A[2KChrome Headless 119.0.6045.159 (Linux x86_64): Executed 51 of 306 SUCCESS (0 secs / 0.338 secs)
2023-11-19T23:47:00.3291889Z [1A[2KChrome Headless 119.0.6045.159 (Linux x86_64): Executed 52 of 306 SUCCESS (0 secs / 0.338 secs)
2023-11-19T23:47:00.3295801Z [1A[2KChrome Headless 119.0.6045.159 (Linux x86_64): Executed 53 of 306 SUCCESS (0 secs / 0.338 secs)
2023-11-19T23:47:00.3298149Z [1A[2KChrome Headless 119.0.6045.159 (Linux x86_64): Executed 54 of 306 SUCCESS (0 secs / 0.338 secs)
2023-11-19T23:47:00.3302090Z [1A[2KChrome Headless 119.0.6045.159 (Linux x86_64): Executed 55 of 306 SUCCESS (0 secs / 0.338 secs)
2023-11-19T23:47:00.3305997Z [1A[2KChrome Headless 119.0.6045.159 (Linux x86_64): Executed 56 of 306 SUCCESS (0 secs / 0.338 secs)
2023-11-19T23:47:00.3310139Z [1A[2KChrome Headless 119.0.6045.159 (Linux x86_64): Executed 57 of 306 SUCCESS (0 secs / 0.339 secs)
2023-11-19T23:47:00.3314874Z [1A[2KChrome Headless 119.0.6045.159 (Linux x86_64): Executed 58 of 306 SUCCESS (0 secs / 0.339 secs)
2023-11-19T23:47:00.3320658Z [1A[2KChrome Headless 119.0.6045.159 (Linux x86_64): Executed 59 of 306 SUCCESS (0 secs / 0.339 secs)
2023-11-19T23:47:00.3324768Z [1A[2KChrome Headless 119.0.6045.159 (Linux x86_64): Executed 60 of 306 SUCCESS (0 secs / 0.339 secs)
2023-11-19T23:47:00.3328623Z [1A[2KChrome Headless 119.0.6045.159 (Linux x86_64): Executed 61 of 306 SUCCESS (0 secs / 0.339 secs)
2023-11-19T23:47:00.3332502Z [1A[2KChrome Headless 119.0.6045.159 (Linux x86_64): Executed 62 of 306 SUCCESS (0 secs / 0.339 secs)
2023-11-19T23:47:00.3336311Z [1A[2KChrome Headless 119.0.6045.159 (Linux x86_64): Executed 63 of 306 SUCCESS (0 secs / 0.34 secs)
2023-11-19T23:47:00.3339244Z [1A[2KChrome Headless 119.0.6045.159 (Linux x86_64): Executed 64 of 306 SUCCESS (0 secs / 0.34 secs)
2023-11-19T23:47:00.3343117Z [1A[2KChrome Headless 119.0.6045.159 (Linux x86_64): Executed 65 of 306 SUCCESS (0 secs / 0.34 secs)
2023-11-19T23:47:00.3346011Z [1A[2KChrome Headless 119.0.6045.159 (Linux x86_64): Executed 66 of 306 SUCCESS (0 secs / 0.34 secs)
2023-11-19T23:47:00.3348131Z [1A[2KChrome Headless 119.0.6045.159 (Linux x86_64): Executed 67 of 306 SUCCESS (0 secs / 0.34 secs)
2023-11-19T23:47:00.3350433Z [1A[2KChrome Headless 119.0.6045.159 (Linux x86_64): Executed 68 of 306 SUCCESS (0 secs / 0.34 secs)
2023-11-19T23:47:00.3352579Z [1A[2KChrome Headless 119.0.6045.159 (Linux x86_64): Executed 69 of 306 SUCCESS (0 secs / 0.34 secs)
2023-11-19T23:47:00.3354593Z [1A[2KChrome Headless 119.0.6045.159 (Linux x86_64): Executed 70 of 306 SUCCESS (0 secs / 0.34 secs)
2023-11-19T23:47:00.3357161Z [1A[2KChrome Headless 119.0.6045.159 (Linux x86_64): Executed 71 of 306 SUCCESS (0 secs / 0.34 secs)
2023-11-19T23:47:00.3359283Z [1A[2KChrome Headless 119.0.6045.159 (Linux x86_64): Executed 72 of 306 SUCCESS (0 secs / 0.341 secs)
2023-11-19T23:47:00.3361366Z [1A[2KChrome Headless 119.0.6045.159 (Linux x86_64): Executed 73 of 306 SUCCESS (0 secs / 0.341 secs)
2023-11-19T23:47:00.3363327Z [1A[2KChrome Headless 119.0.6045.159 (Linux x86_64): Executed 74 of 306 SUCCESS (0 secs / 0.341 secs)
2023-11-19T23:47:00.3365179Z [1A[2KChrome Headless 119.0.6045.159 (Linux x86_64): Executed 75 of 306 SUCCESS (0 secs / 0.341 secs)
2023-11-19T23:47:00.3367010Z [1A[2KChrome Headless 119.0.6045.159 (Linux x86_64): Executed 76 of 306 SUCCESS (0 secs / 0.341 secs)
2023-11-19T23:47:00.3369162Z [1A[2KChrome Headless 119.0.6045.159 (Linux x86_64): Executed 77 of 306 SUCCESS (0 secs / 0.342 secs)
2023-11-19T23:47:00.3371299Z [1A[2KChrome Headless 119.0.6045.159 (Linux x86_64): Executed 78 of 306 SUCCESS (0 secs / 0.342 secs)
2023-11-19T23:47:00.3373604Z [1A[2KChrome Headless 119.0.6045.159 (Linux x86_64): Executed 79 of 306 SUCCESS (0 secs / 0.342 secs)
2023-11-19T23:47:00.3375701Z [1A[2KChrome Headless 119.0.6045.159 (Linux x86_64): Executed 80 of 306 SUCCESS (0 secs / 0.342 secs)
2023-11-19T23:47:00.3377856Z [1A[2KChrome Headless 119.0.6045.159 (Linux x86_64): Executed 81 of 306 SUCCESS (0 secs / 0.342 secs)
2023-11-19T23:47:00.3380172Z [1A[2KChrome Headless 119.0.6045.159 (Linux x86_64): Executed 82 of 306 SUCCESS (0 secs / 0.343 secs)
2023-11-19T23:47:00.3382340Z [1A[2KChrome Headless 119.0.6045.159 (Linux x86_64): Executed 83 of 306 SUCCESS (0 secs / 0.343 secs)
2023-11-19T23:47:00.3384483Z [1A[2KChrome Headless 119.0.6045.159 (Linux x86_64): Executed 84 of 306 SUCCESS (0 secs / 0.343 secs)
2023-11-19T23:47:00.3386680Z [1A[2KChrome Headless 119.0.6045.159 (Linux x86_64): Executed 85 of 306 SUCCESS (0 secs / 0.343 secs)
2023-11-19T23:47:00.3388821Z [1A[2KChrome Headless 119.0.6045.159 (Linux x86_64): Executed 86 of 306 SUCCESS (0 secs / 0.343 secs)
2023-11-19T23:47:00.3390955Z [1A[2KChrome Headless 119.0.6045.159 (Linux x86_64): Executed 87 of 306 SUCCESS (0 secs / 0.344 secs)
2023-11-19T23:47:00.3394164Z [1A[2KChrome Headless 119.0.6045.159 (Linux x86_64): Executed 88 of 306 SUCCESS (0 secs / 0.344 secs)
2023-11-19T23:47:00.3396256Z [1A[2KChrome Headless 119.0.6045.159 (Linux x86_64): Executed 89 of 306 SUCCESS (0 secs / 0.344 secs)
2023-11-19T23:47:00.3397746Z [1A[2KChrome Headless 119.0.6045.159 (Linux x86_64): Executed 90 of 306 SUCCESS (0 secs / 0.344 secs)
2023-11-19T23:47:00.3398955Z [1A[2KChrome Headless 119.0.6045.159 (Linux x86_64): Executed 91 of 306 SUCCESS (0 secs / 0.344 secs)
2023-11-19T23:47:00.3400125Z [1A[2KChrome Headless 119.0.6045.159 (Linux x86_64): Executed 92 of 306 SUCCESS (0 secs / 0.344 secs)
2023-11-19T23:47:00.3401348Z [1A[2KChrome Headless 119.0.6045.159 (Linux x86_64): Executed 93 of 306 SUCCESS (0 secs / 0.344 secs)
2023-11-19T23:47:00.3402472Z [1A[2KChrome Headless 119.0.6045.159 (Linux x86_64): Executed 94 of 306 SUCCESS (0 secs / 0.345 secs)
2023-11-19T23:47:00.3403611Z [1A[2KChrome Headless 119.0.6045.159 (Linux x86_64): Executed 95 of 306 SUCCESS (0 secs / 0.345 secs)
2023-11-19T23:47:00.3404812Z [1A[2KChrome Headless 119.0.6045.159 (Linux x86_64): Executed 96 of 306 SUCCESS (0 secs / 0.346 secs)
2023-11-19T23:47:00.3405957Z [1A[2KChrome Headless 119.0.6045.159 (Linux x86_64): Executed 97 of 306 SUCCESS (0 secs / 0.346 secs)
2023-11-19T23:47:00.3407138Z [1A[2KChrome Headless 119.0.6045.159 (Linux x86_64): Executed 98 of 306 SUCCESS (0 secs / 0.346 secs)
2023-11-19T23:47:00.3408226Z [1A[2KChrome Headless 119.0.6045.159 (Linux x86_64): Executed 99 of 306 SUCCESS (0 secs / 0.347 secs)
2023-11-19T23:47:00.3409379Z [1A[2KChrome Headless 119.0.6045.159 (Linux x86_64): Executed 100 of 306 SUCCESS (0 secs / 0.347 secs)
2023-11-19T23:47:00.3410605Z [1A[2KChrome Headless 119.0.6045.159 (Linux x86_64): Executed 101 of 306 SUCCESS (0 secs / 0.347 secs)
2023-11-19T23:47:00.3411770Z [1A[2KChrome Headless 119.0.6045.159 (Linux x86_64): Executed 102 of 306 SUCCESS (0 secs / 0.347 secs)
2023-11-19T23:47:00.3922624Z [1A[2KChrome Headless 119.0.6045.159 (Linux x86_64): Executed 103 of 306 SUCCESS (0 secs / 0.4 secs)
2023-11-19T23:47:00.3928510Z [1A[2KChrome Headless 119.0.6045.159 (Linux x86_64): Executed 104 of 306 SUCCESS (0 secs / 0.401 secs)
2023-11-19T23:47:00.4049620Z [1A[2KChrome Headless 119.0.6045.159 (Linux x86_64): Executed 105 of 306 SUCCESS (0 secs / 0.413 secs)
2023-11-19T23:47:00.4052106Z [1A[2KChrome Headless 119.0.6045.159 (Linux x86_64): Executed 106 of 306 SUCCESS (0 secs / 0.413 secs)
2023-11-19T23:47:00.4056347Z [1A[2KChrome Headless 119.0.6045.159 (Linux x86_64): Executed 107 of 306 SUCCESS (0 secs / 0.414 secs)
2023-11-19T23:47:00.4058990Z [1A[2KChrome Headless 119.0.6045.159 (Linux x86_64): Executed 108 of 306 SUCCESS (0 secs / 0.414 secs)
2023-11-19T23:47:00.4065196Z [1A[2KChrome Headless 119.0.6045.159 (Linux x86_64): Executed 109 of 306 SUCCESS (0 secs / 0.415 secs)
2023-11-19T23:47:00.4070835Z [1A[2KChrome Headless 119.0.6045.159 (Linux x86_64): Executed 110 of 306 SUCCESS (0 secs / 0.415 secs)
2023-11-19T23:47:00.4076467Z [1A[2KChrome Headless 119.0.6045.159 (Linux x86_64): Executed 111 of 306 SUCCESS (0 secs / 0.416 secs)
2023-11-19T23:47:00.4087403Z [1A[2KChrome Headless 119.0.6045.159 (Linux x86_64): Executed 112 of 306 SUCCESS (0 secs / 0.417 secs)
2023-11-19T23:47:00.4094802Z [1A[2KChrome Headless 119.0.6045.159 (Linux x86_64): Executed 113 of 306 SUCCESS (0 secs / 0.418 secs)
2023-11-19T23:47:00.4103222Z [1A[2KChrome Headless 119.0.6045.159 (Linux x86_64): Executed 114 of 306 SUCCESS (0 secs / 0.418 secs)
2023-11-19T23:47:00.4111290Z [1A[2KChrome Headless 119.0.6045.159 (Linux x86_64): Executed 115 of 306 SUCCESS (0 secs / 0.419 secs)
2023-11-19T23:47:00.4115884Z [1A[2KChrome Headless 119.0.6045.159 (Linux x86_64): Executed 116 of 306 SUCCESS (0 secs / 0.42 secs)
2023-11-19T23:47:00.4122182Z [1A[2KChrome Headless 119.0.6045.159 (Linux x86_64): Executed 117 of 306 SUCCESS (0 secs / 0.42 secs)
2023-11-19T23:47:00.6635846Z [1A[2KChrome Headless 119.0.6045.159 (Linux x86_64): Executed 118 of 306 SUCCESS (0 secs / 0.671 secs)
2023-11-19T23:47:00.6639870Z [1A[2KChrome Headless 119.0.6045.159 (Linux x86_64): Executed 119 of 306 SUCCESS (0 secs / 0.672 secs)
2023-11-19T23:47:00.6645933Z [1A[2KChrome Headless 119.0.6045.159 (Linux x86_64): Executed 120 of 306 SUCCESS (0 secs / 0.673 secs)
2023-11-19T23:47:00.6651083Z [1A[2KChrome Headless 119.0.6045.159 (Linux x86_64): Executed 121 of 306 SUCCESS (0 secs / 0.673 secs)
2023-11-19T23:47:00.6657189Z [1A[2KChrome Headless 119.0.6045.159 (Linux x86_64): Executed 122 of 306 SUCCESS (0 secs / 0.674 secs)
2023-11-19T23:47:00.6662185Z [1A[2KChrome Headless 119.0.6045.159 (Linux x86_64): Executed 123 of 306 SUCCESS (0 secs / 0.674 secs)
2023-11-19T23:47:00.6666673Z [1A[2KChrome Headless 119.0.6045.159 (Linux x86_64): Executed 124 of 306 SUCCESS (0 secs / 0.675 secs)
2023-11-19T23:47:00.6672008Z [1A[2KChrome Headless 119.0.6045.159 (Linux x86_64): Executed 125 of 306 SUCCESS (0 secs / 0.675 secs)
2023-11-19T23:47:00.6679069Z [1A[2KChrome Headless 119.0.6045.159 (Linux x86_64): Executed 126 of 306 SUCCESS (0 secs / 0.676 secs)
2023-11-19T23:47:00.6681410Z [1A[2KChrome Headless 119.0.6045.159 (Linux x86_64): Executed 127 of 306 SUCCESS (0 secs / 0.676 secs)
2023-11-19T23:47:00.6686198Z [1A[2KChrome Headless 119.0.6045.159 (Linux x86_64): Executed 128 of 306 SUCCESS (0 secs / 0.676 secs)
2023-11-19T23:47:00.6690102Z [1A[2KChrome Headless 119.0.6045.159 (Linux x86_64): Executed 129 of 306 SUCCESS (0 secs / 0.677 secs)
2023-11-19T23:47:00.6700551Z [1A[2KChrome Headless 119.0.6045.159 (Linux x86_64): Executed 130 of 306 SUCCESS (0 secs / 0.678 secs)
2023-11-19T23:47:00.6703044Z [1A[2KChrome Headless 119.0.6045.159 (Linux x86_64): Executed 131 of 306 SUCCESS (0 secs / 0.678 secs)
2023-11-19T23:47:00.6705819Z [1A[2KChrome Headless 119.0.6045.159 (Linux x86_64): Executed 132 of 306 SUCCESS (0 secs / 0.679 secs)
2023-11-19T23:47:00.6708270Z [1A[2KChrome Headless 119.0.6045.159 (Linux x86_64): Executed 133 of 306 SUCCESS (0 secs / 0.679 secs)
2023-11-19T23:47:00.6710743Z [1A[2KChrome Headless 119.0.6045.159 (Linux x86_64): Executed 134 of 306 SUCCESS (0 secs / 0.679 secs)
2023-11-19T23:47:00.6713219Z [1A[2KChrome Headless 119.0.6045.159 (Linux x86_64): Executed 135 of 306 SUCCESS (0 secs / 0.679 secs)
2023-11-19T23:47:00.6715684Z [1A[2KChrome Headless 119.0.6045.159 (Linux x86_64): Executed 136 of 306 SUCCESS (0 secs / 0.68 secs)
2023-11-19T23:47:00.6718314Z [1A[2KChrome Headless 119.0.6045.159 (Linux x86_64): Executed 137 of 306 SUCCESS (0 secs / 0.68 secs)
2023-11-19T23:47:00.6720932Z [1A[2KChrome Headless 119.0.6045.159 (Linux x86_64): Executed 138 of 306 SUCCESS (0 secs / 0.68 secs)
2023-11-19T23:47:00.6723560Z [1A[2KChrome Headless 119.0.6045.159 (Linux x86_64): Executed 139 of 306 SUCCESS (0 secs / 0.68 secs)
2023-11-19T23:47:00.6726103Z [1A[2KChrome Headless 119.0.6045.159 (Linux x86_64): Executed 140 of 306 SUCCESS (0 secs / 0.68 secs)
2023-11-19T23:47:00.6727890Z [1A[2KChrome Headless 119.0.6045.159 (Linux x86_64): Executed 141 of 306 SUCCESS (0 secs / 0.681 secs)
2023-11-19T23:47:00.6730072Z [1A[2KChrome Headless 119.0.6045.159 (Linux x86_64): Executed 142 of 306 SUCCESS (0 secs / 0.681 secs)
2023-11-19T23:47:00.6733039Z [1A[2KChrome Headless 119.0.6045.159 (Linux x86_64): Executed 143 of 306 SUCCESS (0 secs / 0.681 secs)
2023-11-19T23:47:00.6735236Z [1A[2KChrome Headless 119.0.6045.159 (Linux x86_64): Executed 144 of 306 SUCCESS (0 secs / 0.681 secs)
2023-11-19T23:47:00.6737323Z [1A[2KChrome Headless 119.0.6045.159 (Linux x86_64): Executed 145 of 306 SUCCESS (0 secs / 0.682 secs)
2023-11-19T23:47:00.6747233Z [1A[2KChrome Headless 119.0.6045.159 (Linux x86_64): Executed 146 of 306 SUCCESS (0 secs / 0.683 secs)
2023-11-19T23:47:00.6753429Z [1A[2KChrome Headless 119.0.6045.159 (Linux x86_64): Executed 147 of 306 SUCCESS (0 secs / 0.683 secs)
2023-11-19T23:47:00.6758461Z [1A[2KChrome Headless 119.0.6045.159 (Linux x86_64): Executed 148 of 306 SUCCESS (0 secs / 0.683 secs)
2023-11-19T23:47:00.7141039Z [1A[2KChrome Headless 119.0.6045.159 (Linux x86_64): Executed 149 of 306 SUCCESS (0 secs / 0.719 secs)
2023-11-19T23:47:00.7143936Z [1A[2KChrome Headless 119.0.6045.159 (Linux x86_64): Executed 150 of 306 SUCCESS (0 secs / 0.719 secs)
2023-11-19T23:47:00.7146417Z [1A[2KChrome Headless 119.0.6045.159 (Linux x86_64): Executed 151 of 306 SUCCESS (0 secs / 0.72 secs)
2023-11-19T23:47:00.7149073Z [1A[2KChrome Headless 119.0.6045.159 (Linux x86_64): Executed 152 of 306 SUCCESS (0 secs / 0.72 secs)
2023-11-19T23:47:00.7151138Z [1A[2KChrome Headless 119.0.6045.159 (Linux x86_64): Executed 153 of 306 SUCCESS (0 secs / 0.72 secs)
2023-11-19T23:47:00.7153750Z [1A[2KChrome Headless 119.0.6045.159 (Linux x86_64): Executed 154 of 306 SUCCESS (0 secs / 0.72 secs)
2023-11-19T23:47:00.7155833Z [1A[2KChrome Headless 119.0.6045.159 (Linux x86_64): Executed 155 of 306 SUCCESS (0 secs / 0.721 secs)
2023-11-19T23:47:00.7158178Z [1A[2KChrome Headless 119.0.6045.159 (Linux x86_64): Executed 156 of 306 SUCCESS (0 secs / 0.721 secs)
2023-11-19T23:47:00.7162490Z [1A[2KChrome Headless 119.0.6045.159 (Linux x86_64): Executed 157 of 306 SUCCESS (0 secs / 0.721 secs)
2023-11-19T23:47:00.7164659Z [1A[2KChrome Headless 119.0.6045.159 (Linux x86_64): Executed 158 of 306 SUCCESS (0 secs / 0.721 secs)
2023-11-19T23:47:00.7170451Z [1A[2KChrome Headless 119.0.6045.159 (Linux x86_64): Executed 159 of 306 SUCCESS (0 secs / 0.722 secs)
2023-11-19T23:47:00.7172738Z [1A[2KChrome Headless 119.0.6045.159 (Linux x86_64): Executed 160 of 306 SUCCESS (0 secs / 0.722 secs)
2023-11-19T23:47:00.7174796Z [1A[2KChrome Headless 119.0.6045.159 (Linux x86_64): Executed 161 of 306 SUCCESS (0 secs / 0.722 secs)
2023-11-19T23:47:00.7176819Z [1A[2KChrome Headless 119.0.6045.159 (Linux x86_64): Executed 162 of 306 SUCCESS (0 secs / 0.722 secs)
2023-11-19T23:47:00.7178976Z [1A[2KChrome Headless 119.0.6045.159 (Linux x86_64): Executed 163 of 306 SUCCESS (0 secs / 0.722 secs)
2023-11-19T23:47:00.7181056Z [1A[2KChrome Headless 119.0.6045.159 (Linux x86_64): Executed 164 of 306 SUCCESS (0 secs / 0.722 secs)
2023-11-19T23:47:00.7183120Z [1A[2KChrome Headless 119.0.6045.159 (Linux x86_64): Executed 165 of 306 SUCCESS (0 secs / 0.722 secs)
2023-11-19T23:47:00.7185326Z [1A[2KChrome Headless 119.0.6045.159 (Linux x86_64): Executed 166 of 306 SUCCESS (0 secs / 0.722 secs)
2023-11-19T23:47:00.7187273Z [1A[2KChrome Headless 119.0.6045.159 (Linux x86_64): Executed 167 of 306 SUCCESS (0 secs / 0.723 secs)
2023-11-19T23:47:00.7189624Z [1A[2KChrome Headless 119.0.6045.159 (Linux x86_64): Executed 168 of 306 SUCCESS (0 secs / 0.723 secs)
2023-11-19T23:47:00.7191628Z [1A[2KChrome Headless 119.0.6045.159 (Linux x86_64): Executed 169 of 306 SUCCESS (0 secs / 0.724 secs)
2023-11-19T23:47:00.7193593Z [1A[2KChrome Headless 119.0.6045.159 (Linux x86_64): Executed 170 of 306 SUCCESS (0 secs / 0.724 secs)
2023-11-19T23:47:00.7195702Z [1A[2KChrome Headless 119.0.6045.159 (Linux x86_64): Executed 171 of 306 SUCCESS (0 secs / 0.724 secs)
2023-11-19T23:47:00.7200839Z [1A[2KChrome Headless 119.0.6045.159 (Linux x86_64): Executed 172 of 306 SUCCESS (0 secs / 0.725 secs)
2023-11-19T23:47:00.7208239Z [1A[2KChrome Headless 119.0.6045.159 (Linux x86_64): Executed 173 of 306 SUCCESS (0 secs / 0.725 secs)
2023-11-19T23:47:00.7210523Z [1A[2KChrome Headless 119.0.6045.159 (Linux x86_64): Executed 174 of 306 SUCCESS (0 secs / 0.725 secs)
2023-11-19T23:47:00.7212707Z [1A[2KChrome Headless 119.0.6045.159 (Linux x86_64): Executed 175 of 306 SUCCESS (0 secs / 0.726 secs)
2023-11-19T23:47:00.7214854Z [1A[2KChrome Headless 119.0.6045.159 (Linux x86_64): Executed 176 of 306 SUCCESS (0 secs / 0.726 secs)
2023-11-19T23:47:00.7217151Z [1A[2KChrome Headless 119.0.6045.159 (Linux x86_64): Executed 177 of 306 SUCCESS (0 secs / 0.726 secs)
2023-11-19T23:47:00.7219210Z [1A[2KChrome Headless 119.0.6045.159 (Linux x86_64): Executed 178 of 306 SUCCESS (0 secs / 0.726 secs)
2023-11-19T23:47:00.7221293Z [1A[2KChrome Headless 119.0.6045.159 (Linux x86_64): Executed 179 of 306 SUCCESS (0 secs / 0.727 secs)
2023-11-19T23:47:00.7226140Z [1A[2KChrome Headless 119.0.6045.159 (Linux x86_64): Executed 180 of 306 SUCCESS (0 secs / 0.728 secs)
2023-11-19T23:47:00.7230970Z [1A[2KChrome Headless 119.0.6045.159 (Linux x86_64): Executed 181 of 306 SUCCESS (0 secs / 0.728 secs)
2023-11-19T23:47:00.7237080Z [1A[2KChrome Headless 119.0.6045.159 (Linux x86_64): Executed 182 of 306 SUCCESS (0 secs / 0.729 secs)
2023-11-19T23:47:00.7238855Z [1A[2KChrome Headless 119.0.6045.159 (Linux x86_64): Executed 183 of 306 SUCCESS (0 secs / 0.729 secs)
2023-11-19T23:47:00.8251972Z [1A[2KChrome Headless 119.0.6045.159 (Linux x86_64): Executed 184 of 306 SUCCESS (0 secs / 0.83 secs)
2023-11-19T23:47:00.8254207Z [1A[2KChrome Headless 119.0.6045.159 (Linux x86_64): Executed 185 of 306 SUCCESS (0 secs / 0.83 secs)
2023-11-19T23:47:00.8257822Z [1A[2KChrome Headless 119.0.6045.159 (Linux x86_64): Executed 186 of 306 SUCCESS (0 secs / 0.831 secs)
2023-11-19T23:47:00.8261028Z [1A[2KChrome Headless 119.0.6045.159 (Linux x86_64): Executed 187 of 306 SUCCESS (0 secs / 0.831 secs)
2023-11-19T23:47:00.8269930Z [1A[2KChrome Headless 119.0.6045.159 (Linux x86_64): Executed 188 of 306 SUCCESS (0 secs / 0.832 secs)
2023-11-19T23:47:00.8275013Z [1A[2KChrome Headless 119.0.6045.159 (Linux x86_64): Executed 189 of 306 SUCCESS (0 secs / 0.833 secs)
2023-11-19T23:47:00.8280017Z [1A[2KChrome Headless 119.0.6045.159 (Linux x86_64): Executed 190 of 306 SUCCESS (0 secs / 0.833 secs)
2023-11-19T23:47:00.8285240Z [1A[2KChrome Headless 119.0.6045.159 (Linux x86_64): Executed 191 of 306 SUCCESS (0 secs / 0.834 secs)
2023-11-19T23:47:00.8290218Z [1A[2KChrome Headless 119.0.6045.159 (Linux x86_64): Executed 192 of 306 SUCCESS (0 secs / 0.834 secs)
2023-11-19T23:47:00.9440271Z [1A[2KChrome Headless 119.0.6045.159 (Linux x86_64): Executed 193 of 306 SUCCESS (0 secs / 0.949 secs)
2023-11-19T23:47:00.9809867Z [1A[2KChrome Headless 119.0.6045.159 (Linux x86_64): Executed 194 of 306 SUCCESS (0 secs / 0.986 secs)
2023-11-19T23:47:00.9814400Z [1A[2KChrome Headless 119.0.6045.159 (Linux x86_64): Executed 195 of 306 SUCCESS (0 secs / 0.986 secs)
2023-11-19T23:47:00.9817490Z [1A[2KChrome Headless 119.0.6045.159 (Linux x86_64): Executed 196 of 306 SUCCESS (0 secs / 0.986 secs)
2023-11-19T23:47:01.1330418Z [1A[2KChrome Headless 119.0.6045.159 (Linux x86_64): Executed 197 of 306 SUCCESS (0 secs / 1.137 secs)
2023-11-19T23:47:01.1333198Z [1A[2KChrome Headless 119.0.6045.159 (Linux x86_64): Executed 198 of 306 SUCCESS (0 secs / 1.137 secs)
2023-11-19T23:47:01.2348133Z [1A[2KChrome Headless 119.0.6045.159 (Linux x86_64): Executed 199 of 306 SUCCESS (0 secs / 1.238 secs)
2023-11-19T23:47:01.3363468Z [1A[2KChrome Headless 119.0.6045.159 (Linux x86_64): Executed 200 of 306 SUCCESS (0 secs / 1.34 secs)
2023-11-19T23:47:01.4372833Z [1A[2KChrome Headless 119.0.6045.159 (Linux x86_64): Executed 201 of 306 SUCCESS (0 secs / 1.441 secs)
2023-11-19T23:47:01.5382735Z [1A[2KChrome Headless 119.0.6045.159 (Linux x86_64): Executed 202 of 306 SUCCESS (0 secs / 1.542 secs)
2023-11-19T23:47:01.6392737Z [1A[2KChrome Headless 119.0.6045.159 (Linux x86_64): Executed 203 of 306 SUCCESS (0 secs / 1.643 secs)
2023-11-19T23:47:01.7404030Z [1A[2KChrome Headless 119.0.6045.159 (Linux x86_64): Executed 204 of 306 SUCCESS (0 secs / 1.744 secs)
2023-11-19T23:47:01.8412512Z [1A[2KChrome Headless 119.0.6045.159 (Linux x86_64): Executed 205 of 306 SUCCESS (0 secs / 1.845 secs)
2023-11-19T23:47:01.9421989Z [1A[2KChrome Headless 119.0.6045.159 (Linux x86_64): Executed 206 of 306 SUCCESS (0 secs / 1.946 secs)
2023-11-19T23:47:02.0433202Z [1A[2KChrome Headless 119.0.6045.159 (Linux x86_64): Executed 207 of 306 SUCCESS (0 secs / 2.047 secs)
2023-11-19T23:47:02.1443003Z [1A[2KChrome Headless 119.0.6045.159 (Linux x86_64): Executed 208 of 306 SUCCESS (0 secs / 2.148 secs)
2023-11-19T23:47:02.2452310Z [1A[2KChrome Headless 119.0.6045.159 (Linux x86_64): Executed 209 of 306 SUCCESS (0 secs / 2.249 secs)
2023-11-19T23:47:02.3465342Z [1A[2KChrome Headless 119.0.6045.159 (Linux x86_64): Executed 210 of 306 SUCCESS (0 secs / 2.35 secs)
2023-11-19T23:47:02.3469340Z [1A[2KChrome Headless 119.0.6045.159 (Linux x86_64): Executed 211 of 306 SUCCESS (0 secs / 2.351 secs)
2023-11-19T23:47:02.3475905Z [1A[2KChrome Headless 119.0.6045.159 (Linux x86_64): Executed 212 of 306 SUCCESS (0 secs / 2.351 secs)
2023-11-19T23:47:02.3479041Z [1A[2KChrome Headless 119.0.6045.159 (Linux x86_64): Executed 213 of 306 SUCCESS (0 secs / 2.351 secs)
2023-11-19T23:47:02.3481679Z [1A[2KChrome Headless 119.0.6045.159 (Linux x86_64): Executed 214 of 306 SUCCESS (0 secs / 2.351 secs)
2023-11-19T23:47:02.3486107Z [1A[2KChrome Headless 119.0.6045.159 (Linux x86_64): Executed 215 of 306 SUCCESS (0 secs / 2.351 secs)
2023-11-19T23:47:02.3490183Z [1A[2KChrome Headless 119.0.6045.159 (Linux x86_64): Executed 216 of 306 SUCCESS (0 secs / 2.351 secs)
2023-11-19T23:47:02.3496557Z [1A[2KChrome Headless 119.0.6045.159 (Linux x86_64): Executed 217 of 306 SUCCESS (0 secs / 2.352 secs)
2023-11-19T23:47:02.3501145Z [1A[2KChrome Headless 119.0.6045.159 (Linux x86_64): Executed 218 of 306 SUCCESS (0 secs / 2.352 secs)
2023-11-19T23:47:02.3505763Z [1A[2KChrome Headless 119.0.6045.159 (Linux x86_64): Executed 219 of 306 SUCCESS (0 secs / 2.353 secs)
2023-11-19T23:47:02.3508954Z [1A[2KChrome Headless 119.0.6045.159 (Linux x86_64): Executed 220 of 306 SUCCESS (0 secs / 2.353 secs)
2023-11-19T23:47:02.3512684Z [1A[2KChrome Headless 119.0.6045.159 (Linux x86_64): Executed 221 of 306 SUCCESS (0 secs / 2.353 secs)
2023-11-19T23:47:02.3514537Z [1A[2KChrome Headless 119.0.6045.159 (Linux x86_64): Executed 222 of 306 SUCCESS (0 secs / 2.354 secs)
2023-11-19T23:47:02.3518021Z [1A[2KChrome Headless 119.0.6045.159 (Linux x86_64): Executed 223 of 306 SUCCESS (0 secs / 2.354 secs)
2023-11-19T23:47:02.3525410Z [1A[2KChrome Headless 119.0.6045.159 (Linux x86_64): Executed 224 of 306 SUCCESS (0 secs / 2.355 secs)
2023-11-19T23:47:02.3529061Z [1A[2KChrome Headless 119.0.6045.159 (Linux x86_64): Executed 225 of 306 SUCCESS (0 secs / 2.355 secs)
2023-11-19T23:47:02.3534498Z [1A[2KChrome Headless 119.0.6045.159 (Linux x86_64): Executed 226 of 306 SUCCESS (0 secs / 2.356 secs)
2023-11-19T23:47:02.3540184Z [1A[2KChrome Headless 119.0.6045.159 (Linux x86_64): Executed 227 of 306 SUCCESS (0 secs / 2.356 secs)
2023-11-19T23:47:02.3544887Z [1A[2KChrome Headless 119.0.6045.159 (Linux x86_64): Executed 228 of 306 SUCCESS (0 secs / 2.357 secs)
2023-11-19T23:47:02.3550685Z [1A[2KChrome Headless 119.0.6045.159 (Linux x86_64): Executed 229 of 306 SUCCESS (0 secs / 2.357 secs)
2023-11-19T23:47:02.4562778Z [1A[2KChrome Headless 119.0.6045.159 (Linux x86_64): Executed 230 of 306 SUCCESS (0 secs / 2.458 secs)
2023-11-19T23:47:02.5569110Z [1A[2KChrome Headless 119.0.6045.159 (Linux x86_64): Executed 231 of 306 SUCCESS (0 secs / 2.559 secs)
2023-11-19T23:47:02.6575850Z [1A[2KChrome Headless 119.0.6045.159 (Linux x86_64): Executed 232 of 306 SUCCESS (0 secs / 2.659 secs)
2023-11-19T23:47:02.6578288Z [1A[2KChrome Headless 119.0.6045.159 (Linux x86_64): Executed 233 of 306 SUCCESS (0 secs / 2.66 secs)
2023-11-19T23:47:02.6582994Z [1A[2KChrome Headless 119.0.6045.159 (Linux x86_64): Executed 234 of 306 SUCCESS (0 secs / 2.66 secs)
2023-11-19T23:47:02.6587602Z [1A[2KChrome Headless 119.0.6045.159 (Linux x86_64): Executed 235 of 306 SUCCESS (0 secs / 2.661 secs)
2023-11-19T23:47:02.6591869Z [1A[2KChrome Headless 119.0.6045.159 (Linux x86_64): Executed 236 of 306 SUCCESS (0 secs / 2.661 secs)
2023-11-19T23:47:02.6596450Z [1A[2KChrome Headless 119.0.6045.159 (Linux x86_64): Executed 237 of 306 SUCCESS (0 secs / 2.662 secs)
2023-11-19T23:47:02.6603986Z [1A[2KChrome Headless 119.0.6045.159 (Linux x86_64): Executed 238 of 306 SUCCESS (0 secs / 2.662 secs)
2023-11-19T23:47:02.6609017Z [1A[2KChrome Headless 119.0.6045.159 (Linux x86_64): Executed 239 of 306 SUCCESS (0 secs / 2.662 secs)
2023-11-19T23:47:02.6764222Z [1A[2KChrome Headless 119.0.6045.159 (Linux x86_64): Executed 240 of 306 SUCCESS (0 secs / 2.678 secs)
2023-11-19T23:47:02.6770349Z [1A[2KChrome Headless 119.0.6045.159 (Linux x86_64): Executed 241 of 306 SUCCESS (0 secs / 2.678 secs)
2023-11-19T23:47:02.6775876Z [1A[2KChrome Headless 119.0.6045.159 (Linux x86_64): Executed 242 of 306 SUCCESS (0 secs / 2.679 secs)
2023-11-19T23:47:02.6781356Z [1A[2KChrome Headless 119.0.6045.159 (Linux x86_64): Executed 243 of 306 SUCCESS (0 secs / 2.679 secs)
2023-11-19T23:47:02.6785283Z [1A[2KChrome Headless 119.0.6045.159 (Linux x86_64): Executed 244 of 306 SUCCESS (0 secs / 2.68 secs)
2023-11-19T23:47:02.6789738Z [1A[2KChrome Headless 119.0.6045.159 (Linux x86_64): Executed 245 of 306 SUCCESS (0 secs / 2.68 secs)
2023-11-19T23:47:02.6795488Z [1A[2KChrome Headless 119.0.6045.159 (Linux x86_64): Executed 246 of 306 SUCCESS (0 secs / 2.681 secs)
2023-11-19T23:47:02.7807714Z [1A[2KChrome Headless 119.0.6045.159 (Linux x86_64): Executed 247 of 306 SUCCESS (0 secs / 2.781 secs)
2023-11-19T23:47:02.8818235Z [1A[2KChrome Headless 119.0.6045.159 (Linux x86_64): Executed 248 of 306 SUCCESS (0 secs / 2.881 secs)
2023-11-19T23:47:02.9829467Z [1A[2KChrome Headless 119.0.6045.159 (Linux x86_64): Executed 249 of 306 SUCCESS (0 secs / 2.981 secs)
2023-11-19T23:47:03.0841063Z [1A[2KChrome Headless 119.0.6045.159 (Linux x86_64): Executed 250 of 306 SUCCESS (0 secs / 3.082 secs)
2023-11-19T23:47:03.0844084Z [1A[2KChrome Headless 119.0.6045.159 (Linux x86_64): Executed 251 of 306 SUCCESS (0 secs / 3.082 secs)
2023-11-19T23:47:03.0850320Z [1A[2KChrome Headless 119.0.6045.159 (Linux x86_64): Executed 252 of 306 SUCCESS (0 secs / 3.083 secs)
2023-11-19T23:47:03.0855342Z [1A[2KChrome Headless 119.0.6045.159 (Linux x86_64): Executed 253 of 306 SUCCESS (0 secs / 3.084 secs)
2023-11-19T23:47:03.1869085Z [1A[2KChrome Headless 119.0.6045.159 (Linux x86_64): Executed 254 of 306 SUCCESS (0 secs / 3.185 secs)
2023-11-19T23:47:03.1872025Z [1A[2KChrome Headless 119.0.6045.159 (Linux x86_64): Executed 255 of 306 SUCCESS (0 secs / 3.185 secs)
2023-11-19T23:47:03.1877365Z [1A[2KChrome Headless 119.0.6045.159 (Linux x86_64): Executed 256 of 306 SUCCESS (0 secs / 3.186 secs)
2023-11-19T23:47:03.1881522Z [1A[2KChrome Headless 119.0.6045.159 (Linux x86_64): Executed 257 of 306 SUCCESS (0 secs / 3.186 secs)
2023-11-19T23:47:03.1887986Z [1A[2KChrome Headless 119.0.6045.159 (Linux x86_64): Executed 258 of 306 SUCCESS (0 secs / 3.187 secs)
2023-11-19T23:47:03.1893435Z [1A[2KChrome Headless 119.0.6045.159 (Linux x86_64): Executed 259 of 306 SUCCESS (0 secs / 3.187 secs)
2023-11-19T23:47:03.2908622Z [1A[2KChrome Headless 119.0.6045.159 (Linux x86_64): Executed 260 of 306 SUCCESS (0 secs / 3.287 secs)
2023-11-19T23:47:03.3922426Z [1A[2KChrome Headless 119.0.6045.159 (Linux x86_64): Executed 261 of 306 SUCCESS (0 secs / 3.388 secs)
2023-11-19T23:47:03.4936736Z [1A[2KChrome Headless 119.0.6045.159 (Linux x86_64): Executed 262 of 306 SUCCESS (0 secs / 3.489 secs)
2023-11-19T23:47:03.5944554Z [1A[2KChrome Headless 119.0.6045.159 (Linux x86_64): Executed 263 of 306 SUCCESS (0 secs / 3.59 secs)
2023-11-19T23:47:03.5949232Z [1A[2KChrome Headless 119.0.6045.159 (Linux x86_64): Executed 264 of 306 SUCCESS (0 secs / 3.591 secs)
2023-11-19T23:47:03.5957803Z [1A[2KChrome Headless 119.0.6045.159 (Linux x86_64): Executed 265 of 306 SUCCESS (0 secs / 3.592 secs)
2023-11-19T23:47:03.5962851Z [1A[2KChrome Headless 119.0.6045.159 (Linux x86_64): Executed 266 of 306 SUCCESS (0 secs / 3.592 secs)
2023-11-19T23:47:03.5967399Z [1A[2KChrome Headless 119.0.6045.159 (Linux x86_64): Executed 267 of 306 SUCCESS (0 secs / 3.593 secs)
2023-11-19T23:47:03.5970865Z [1A[2KChrome Headless 119.0.6045.159 (Linux x86_64): Executed 268 of 306 SUCCESS (0 secs / 3.593 secs)
2023-11-19T23:47:03.5973646Z [1A[2KChrome Headless 119.0.6045.159 (Linux x86_64): Executed 269 of 306 SUCCESS (0 secs / 3.593 secs)
2023-11-19T23:47:03.5976126Z [1A[2KChrome Headless 119.0.6045.159 (Linux x86_64): Executed 270 of 306 SUCCESS (0 secs / 3.594 secs)
2023-11-19T23:47:03.5978939Z [1A[2KChrome Headless 119.0.6045.159 (Linux x86_64): Executed 271 of 306 SUCCESS (0 secs / 3.594 secs)
2023-11-19T23:47:03.5981249Z [1A[2KChrome Headless 119.0.6045.159 (Linux x86_64): Executed 272 of 306 SUCCESS (0 secs / 3.594 secs)
2023-11-19T23:47:03.5983885Z [1A[2KChrome Headless 119.0.6045.159 (Linux x86_64): Executed 273 of 306 SUCCESS (0 secs / 3.594 secs)
2023-11-19T23:47:03.5986534Z [1A[2KChrome Headless 119.0.6045.159 (Linux x86_64): Executed 274 of 306 SUCCESS (0 secs / 3.594 secs)
2023-11-19T23:47:03.5988793Z [1A[2KChrome Headless 119.0.6045.159 (Linux x86_64): Executed 275 of 306 SUCCESS (0 secs / 3.594 secs)
2023-11-19T23:47:03.5990862Z [1A[2KChrome Headless 119.0.6045.159 (Linux x86_64): Executed 276 of 306 SUCCESS (0 secs / 3.594 secs)
2023-11-19T23:47:03.5992512Z [1A[2KChrome Headless 119.0.6045.159 (Linux x86_64): Executed 277 of 306 SUCCESS (0 secs / 3.594 secs)
2023-11-19T23:47:03.5994530Z [1A[2KChrome Headless 119.0.6045.159 (Linux x86_64): Executed 278 of 306 SUCCESS (0 secs / 3.594 secs)
2023-11-19T23:47:03.5996920Z [1A[2KChrome Headless 119.0.6045.159 (Linux x86_64): Executed 279 of 306 SUCCESS (0 secs / 3.594 secs)
2023-11-19T23:47:03.5999151Z [1A[2KChrome Headless 119.0.6045.159 (Linux x86_64): Executed 280 of 306 SUCCESS (0 secs / 3.595 secs)
2023-11-19T23:47:03.6001457Z [1A[2KChrome Headless 119.0.6045.159 (Linux x86_64): Executed 281 of 306 SUCCESS (0 secs / 3.595 secs)
2023-11-19T23:47:03.6003517Z [1A[2KChrome Headless 119.0.6045.159 (Linux x86_64): Executed 282 of 306 SUCCESS (0 secs / 3.595 secs)
2023-11-19T23:47:03.6005780Z [1A[2KChrome Headless 119.0.6045.159 (Linux x86_64): Executed 283 of 306 SUCCESS (0 secs / 3.595 secs)
2023-11-19T23:47:03.6007913Z [1A[2KChrome Headless 119.0.6045.159 (Linux x86_64): Executed 284 of 306 SUCCESS (0 secs / 3.595 secs)
2023-11-19T23:47:03.6014817Z [1A[2KChrome Headless 119.0.6045.159 (Linux x86_64): Executed 285 of 306 SUCCESS (0 secs / 3.595 secs)
2023-11-19T23:47:03.6017584Z [1A[2KChrome Headless 119.0.6045.159 (Linux x86_64): Executed 286 of 306 SUCCESS (0 secs / 3.595 secs)
2023-11-19T23:47:03.6022254Z [1A[2KChrome Headless 119.0.6045.159 (Linux x86_64): Executed 287 of 306 SUCCESS (0 secs / 3.595 secs)
2023-11-19T23:47:03.6024463Z [1A[2KChrome Headless 119.0.6045.159 (Linux x86_64): Executed 288 of 306 SUCCESS (0 secs / 3.595 secs)
2023-11-19T23:47:03.6026683Z [1A[2KChrome Headless 119.0.6045.159 (Linux x86_64): Executed 289 of 306 SUCCESS (0 secs / 3.595 secs)
2023-11-19T23:47:03.6029626Z [1A[2KChrome Headless 119.0.6045.159 (Linux x86_64): Executed 290 of 306 SUCCESS (0 secs / 3.596 secs)
2023-11-19T23:47:03.6037238Z [1A[2KChrome Headless 119.0.6045.159 (Linux x86_64): Executed 291 of 306 SUCCESS (0 secs / 3.596 secs)
2023-11-19T23:47:03.6039629Z [1A[2KChrome Headless 119.0.6045.159 (Linux x86_64): Executed 292 of 306 SUCCESS (0 secs / 3.596 secs)
2023-11-19T23:47:03.6041785Z [1A[2KChrome Headless 119.0.6045.159 (Linux x86_64): Executed 293 of 306 SUCCESS (0 secs / 3.596 secs)
2023-11-19T23:47:03.6043861Z [1A[2KChrome Headless 119.0.6045.159 (Linux x86_64): Executed 294 of 306 SUCCESS (0 secs / 3.596 secs)
2023-11-19T23:47:03.6046208Z [1A[2KChrome Headless 119.0.6045.159 (Linux x86_64): Executed 295 of 306 SUCCESS (0 secs / 3.596 secs)
2023-11-19T23:47:03.6048348Z [1A[2KChrome Headless 119.0.6045.159 (Linux x86_64): Executed 296 of 306 SUCCESS (0 secs / 3.596 secs)
2023-11-19T23:47:03.6050653Z [1A[2KChrome Headless 119.0.6045.159 (Linux x86_64): Executed 297 of 306 SUCCESS (0 secs / 3.596 secs)
2023-11-19T23:47:03.6054172Z [1A[2KChrome Headless 119.0.6045.159 (Linux x86_64): Executed 298 of 306 SUCCESS (0 secs / 3.596 secs)
2023-11-19T23:47:03.6056084Z [1A[2KChrome Headless 119.0.6045.159 (Linux x86_64): Executed 299 of 306 SUCCESS (0 secs / 3.597 secs)
2023-11-19T23:47:03.6057971Z [1A[2KChrome Headless 119.0.6045.159 (Linux x86_64): Executed 300 of 306 SUCCESS (0 secs / 3.597 secs)
2023-11-19T23:47:03.6059396Z [1A[2KChrome Headless 119.0.6045.159 (Linux x86_64): Executed 301 of 306 SUCCESS (0 secs / 3.598 secs)
2023-11-19T23:47:03.6064488Z [1A[2KChrome Headless 119.0.6045.159 (Linux x86_64): Executed 302 of 306 SUCCESS (0 secs / 3.598 secs)
2023-11-19T23:47:03.6078986Z [1A[2KChrome Headless 119.0.6045.159 (Linux x86_64): Executed 303 of 306 SUCCESS (0 secs / 3.598 secs)
2023-11-19T23:47:03.6084491Z [1A[2KChrome Headless 119.0.6045.159 (Linux x86_64): Executed 304 of 306 SUCCESS (0 secs / 3.599 secs)
2023-11-19T23:47:03.6089072Z [1A[2KChrome Headless 119.0.6045.159 (Linux x86_64): Executed 305 of 306 SUCCESS (0 secs / 3.599 secs)
2023-11-19T23:47:03.6480712Z [1A[2KChrome Headless 119.0.6045.159 (Linux x86_64) xsrf should set xsrf header for cross origin when using withCredentials FAILED
2023-11-19T23:47:03.6483217Z 	Expected undefined to equal '12345'.
2023-11-19T23:47:03.6484624Z 	    at test/specs/xsrf.spec.js:78:69 <- test/specs/xsrf.spec.js:1279:71
2023-11-19T23:47:03.6486623Z Chrome Headless 119.0.6045.159 (Linux x86_64): Executed 306 of 306 (1 FAILED) (0 secs / 3.6 secs)
2023-11-19T23:47:03.6488978Z [1A[2KChrome Headless 119.0.6045.159 (Linux x86_64): Executed 306 of 306 (1 FAILED) (3.66 secs / 3.6 secs)
2023-11-19T23:47:04.0508523Z [32m19 11 2023 23:47:04.050:INFO [Firefox 120.0 (Ubuntu 0.0.0)]: [39mConnected on socket rsBdFougTz2csEZ6AAAD with id 10467676
2023-11-19T23:47:04.3903770Z 
2023-11-19T23:47:04.3906039Z [1A[2K[1A[2KChrome Headless 119.0.6045.159 (Linux x86_64): Executed 306 of 306 (1 FAILED) (3.66 secs / 3.6 secs)
2023-11-19T23:47:04.3907742Z Firefox 120.0 (Ubuntu 0.0.0): Executed 0 of 306 SUCCESS (0 secs / 0 secs)
2023-11-19T23:47:04.3914985Z [1A[2K[1A[2KChrome Headless 119.0.6045.159 (Linux x86_64): Executed 306 of 306 (1 FAILED) (3.66 secs / 3.6 secs)
2023-11-19T23:47:04.3917463Z Firefox 120.0 (Ubuntu 0.0.0): Executed 1 of 306 SUCCESS (0 secs / 0.004 secs)
2023-11-19T23:47:04.3919883Z [1A[2K[1A[2KChrome Headless 119.0.6045.159 (Linux x86_64): Executed 306 of 306 (1 FAILED) (3.66 secs / 3.6 secs)
2023-11-19T23:47:04.3921359Z Firefox 120.0 (Ubuntu 0.0.0): Executed 2 of 306 SUCCESS (0 secs / 0.006 secs)
2023-11-19T23:47:04.3922508Z [1A[2K[1A[2KChrome Headless 119.0.6045.159 (Linux x86_64): Executed 306 of 306 (1 FAILED) (3.66 secs / 3.6 secs)
2023-11-19T23:47:04.3923581Z Firefox 120.0 (Ubuntu 0.0.0): Executed 3 of 306 SUCCESS (0 secs / 0.006 secs)
2023-11-19T23:47:04.3924784Z [1A[2K[1A[2KChrome Headless 119.0.6045.159 (Linux x86_64): Executed 306 of 306 (1 FAILED) (3.66 secs / 3.6 secs)
2023-11-19T23:47:04.3925785Z Firefox 120.0 (Ubuntu 0.0.0): Executed 4 of 306 SUCCESS (0 secs / 0.007 secs)
2023-11-19T23:47:04.3926862Z [1A[2K[1A[2KChrome Headless 119.0.6045.159 (Linux x86_64): Executed 306 of 306 (1 FAILED) (3.66 secs / 3.6 secs)
2023-11-19T23:47:04.3927921Z Firefox 120.0 (Ubuntu 0.0.0): Executed 5 of 306 SUCCESS (0 secs / 0.008 secs)
2023-11-19T23:47:04.3929037Z [1A[2K[1A[2KChrome Headless 119.0.6045.159 (Linux x86_64): Executed 306 of 306 (1 FAILED) (3.66 secs / 3.6 secs)
2023-11-19T23:47:04.3930075Z Firefox 120.0 (Ubuntu 0.0.0): Executed 6 of 306 SUCCESS (0 secs / 0.008 secs)
2023-11-19T23:47:04.3948214Z [1A[2K[1A[2KChrome Headless 119.0.6045.159 (Linux x86_64): Executed 306 of 306 (1 FAILED) (3.66 secs / 3.6 secs)
2023-11-19T23:47:04.3950282Z Firefox 120.0 (Ubuntu 0.0.0): Executed 7 of 306 SUCCESS (0 secs / 0.008 secs)
2023-11-19T23:47:04.3952796Z [1A[2K[1A[2KChrome Headless 119.0.6045.159 (Linux x86_64): Executed 306 of 306 (1 FAILED) (3.66 secs / 3.6 secs)
2023-11-19T23:47:04.3954636Z Firefox 120.0 (Ubuntu 0.0.0): Executed 8 of 306 SUCCESS (0 secs / 0.008 secs)
2023-11-19T23:47:04.3956319Z [1A[2K[1A[2KChrome Headless 119.0.6045.159 (Linux x86_64): Executed 306 of 306 (1 FAILED) (3.66 secs / 3.6 secs)
2023-11-19T23:47:04.3957746Z Firefox 120.0 (Ubuntu 0.0.0): Executed 9 of 306 SUCCESS (0 secs / 0.008 secs)
2023-11-19T23:47:04.3959105Z [1A[2K[1A[2KChrome Headless 119.0.6045.159 (Linux x86_64): Executed 306 of 306 (1 FAILED) (3.66 secs / 3.6 secs)
2023-11-19T23:47:04.3960138Z Firefox 120.0 (Ubuntu 0.0.0): Executed 10 of 306 SUCCESS (0 secs / 0.008 secs)
2023-11-19T23:47:04.3961381Z [1A[2K[1A[2KChrome Headless 119.0.6045.159 (Linux x86_64): Executed 306 of 306 (1 FAILED) (3.66 secs / 3.6 secs)
2023-11-19T23:47:04.3963429Z Firefox 120.0 (Ubuntu 0.0.0): Executed 11 of 306 SUCCESS (0 secs / 0.008 secs)
2023-11-19T23:47:04.3966654Z [1A[2K[1A[2KChrome Headless 119.0.6045.159 (Linux x86_64): Executed 306 of 306 (1 FAILED) (3.66 secs / 3.6 secs)
2023-11-19T23:47:04.3968091Z Firefox 120.0 (Ubuntu 0.0.0): Executed 12 of 306 SUCCESS (0 secs / 0.009 secs)
2023-11-19T23:47:04.3970029Z [1A[2K[1A[2KChrome Headless 119.0.6045.159 (Linux x86_64): Executed 306 of 306 (1 FAILED) (3.66 secs / 3.6 secs)
2023-11-19T23:47:04.3971818Z Firefox 120.0 (Ubuntu 0.0.0): Executed 13 of 306 SUCCESS (0 secs / 0.009 secs)
2023-11-19T23:47:04.3973770Z [1A[2K[1A[2KChrome Headless 119.0.6045.159 (Linux x86_64): Executed 306 of 306 (1 FAILED) (3.66 secs / 3.6 secs)
2023-11-19T23:47:04.3975424Z Firefox 120.0 (Ubuntu 0.0.0): Executed 14 of 306 SUCCESS (0 secs / 0.009 secs)
2023-11-19T23:47:04.3977568Z [1A[2K[1A[2KChrome Headless 119.0.6045.159 (Linux x86_64): Executed 306 of 306 (1 FAILED) (3.66 secs / 3.6 secs)
2023-11-19T23:47:04.3979304Z Firefox 120.0 (Ubuntu 0.0.0): Executed 15 of 306 SUCCESS (0 secs / 0.009 secs)
2023-11-19T23:47:04.3982032Z [1A[2K[1A[2KChrome Headless 119.0.6045.159 (Linux x86_64): Executed 306 of 306 (1 FAILED) (3.66 secs / 3.6 secs)
2023-11-19T23:47:04.3984045Z Firefox 120.0 (Ubuntu 0.0.0): Executed 16 of 306 SUCCESS (0 secs / 0.009 secs)
2023-11-19T23:47:04.4001218Z [33m19 11 2023 23:47:04.399:WARN [web-server]: [39m404: /test
2023-11-19T23:47:04.4874857Z [1A[2K[1A[2KChrome Headless 119.0.6045.159 (Linux x86_64): Executed 306 of 306 (1 FAILED) (3.66 secs / 3.6 secs)
2023-11-19T23:47:04.4877081Z Firefox 120.0 (Ubuntu 0.0.0): Executed 17 of 306 SUCCESS (0 secs / 0.111 secs)
2023-11-19T23:47:04.6076434Z [1A[2K[1A[2KChrome Headless 119.0.6045.159 (Linux x86_64): Executed 306 of 306 (1 FAILED) (3.66 secs / 3.6 secs)
2023-11-19T23:47:04.6078925Z Firefox 120.0 (Ubuntu 0.0.0): Executed 18 of 306 SUCCESS (0 secs / 0.213 secs)
2023-11-19T23:47:04.6865487Z [1A[2K[1A[2KChrome Headless 119.0.6045.159 (Linux x86_64): Executed 306 of 306 (1 FAILED) (3.66 secs / 3.6 secs)
2023-11-19T23:47:04.6867293Z Firefox 120.0 (Ubuntu 0.0.0): Executed 19 of 306 SUCCESS (0 secs / 0.314 secs)
2023-11-19T23:47:04.6937794Z [1A[2K[1A[2KChrome Headless 119.0.6045.159 (Linux x86_64): Executed 306 of 306 (1 FAILED) (3.66 secs / 3.6 secs)
2023-11-19T23:47:04.6939944Z Firefox 120.0 (Ubuntu 0.0.0): Executed 20 of 306 SUCCESS (0 secs / 0.316 secs)
2023-11-19T23:47:04.6941853Z [1A[2K[1A[2KChrome Headless 119.0.6045.159 (Linux x86_64): Executed 306 of 306 (1 FAILED) (3.66 secs / 3.6 secs)
2023-11-19T23:47:04.6943536Z Firefox 120.0 (Ubuntu 0.0.0): Executed 21 of 306 SUCCESS (0 secs / 0.317 secs)
2023-11-19T23:47:04.6945769Z [1A[2K[1A[2KChrome Headless 119.0.6045.159 (Linux x86_64): Executed 306 of 306 (1 FAILED) (3.66 secs / 3.6 secs)
2023-11-19T23:47:04.6947596Z Firefox 120.0 (Ubuntu 0.0.0): Executed 22 of 306 SUCCESS (0 secs / 0.318 secs)
2023-11-19T23:47:04.6949770Z [1A[2K[1A[2KChrome Headless 119.0.6045.159 (Linux x86_64): Executed 306 of 306 (1 FAILED) (3.66 secs / 3.6 secs)
2023-11-19T23:47:04.6951575Z Firefox 120.0 (Ubuntu 0.0.0): Executed 23 of 306 SUCCESS (0 secs / 0.319 secs)
2023-11-19T23:47:04.6953698Z [1A[2K[1A[2KChrome Headless 119.0.6045.159 (Linux x86_64): Executed 306 of 306 (1 FAILED) (3.66 secs / 3.6 secs)
2023-11-19T23:47:04.6959905Z Firefox 120.0 (Ubuntu 0.0.0): Executed 24 of 306 SUCCESS (0 secs / 0.32 secs)
2023-11-19T23:47:04.6962316Z [1A[2K[1A[2KChrome Headless 119.0.6045.159 (Linux x86_64): Executed 306 of 306 (1 FAILED) (3.66 secs / 3.6 secs)
2023-11-19T23:47:04.6964383Z Firefox 120.0 (Ubuntu 0.0.0): Executed 25 of 306 SUCCESS (0 secs / 0.32 secs)
2023-11-19T23:47:04.7071833Z [1A[2K[1A[2KChrome Headless 119.0.6045.159 (Linux x86_64): Executed 306 of 306 (1 FAILED) (3.66 secs / 3.6 secs)
2023-11-19T23:47:04.7073695Z Firefox 120.0 (Ubuntu 0.0.0): Executed 26 of 306 SUCCESS (0 secs / 0.321 secs)
2023-11-19T23:47:04.7077838Z [1A[2K[1A[2KChrome Headless 119.0.6045.159 (Linux x86_64): Executed 306 of 306 (1 FAILED) (3.66 secs / 3.6 secs)
2023-11-19T23:47:04.7079977Z Firefox 120.0 (Ubuntu 0.0.0): Executed 27 of 306 SUCCESS (0 secs / 0.321 secs)
2023-11-19T23:47:04.7113113Z [1A[2K[1A[2KChrome Headless 119.0.6045.159 (Linux x86_64): Executed 306 of 306 (1 FAILED) (3.66 secs / 3.6 secs)
2023-11-19T23:47:04.7115841Z Firefox 120.0 (Ubuntu 0.0.0): Executed 28 of 306 SUCCESS (0 secs / 0.321 secs)
2023-11-19T23:47:04.7148824Z [1A[2K[1A[2KChrome Headless 119.0.6045.159 (Linux x86_64): Executed 306 of 306 (1 FAILED) (3.66 secs / 3.6 secs)
2023-11-19T23:47:04.7150546Z Firefox 120.0 (Ubuntu 0.0.0): Executed 29 of 306 SUCCESS (0 secs / 0.321 secs)
2023-11-19T23:47:04.7152377Z [1A[2K[1A[2KChrome Headless 119.0.6045.159 (Linux x86_64): Executed 306 of 306 (1 FAILED) (3.66 secs / 3.6 secs)
2023-11-19T23:47:04.7153919Z Firefox 120.0 (Ubuntu 0.0.0): Executed 30 of 306 SUCCESS (0 secs / 0.321 secs)
2023-11-19T23:47:04.7155862Z [1A[2K[1A[2KChrome Headless 119.0.6045.159 (Linux x86_64): Executed 306 of 306 (1 FAILED) (3.66 secs / 3.6 secs)
2023-11-19T23:47:04.7157663Z Firefox 120.0 (Ubuntu 0.0.0): Executed 31 of 306 SUCCESS (0 secs / 0.321 secs)
2023-11-19T23:47:04.7159471Z [1A[2K[1A[2KChrome Headless 119.0.6045.159 (Linux x86_64): Executed 306 of 306 (1 FAILED) (3.66 secs / 3.6 secs)
2023-11-19T23:47:04.7161146Z Firefox 120.0 (Ubuntu 0.0.0): Executed 32 of 306 SUCCESS (0 secs / 0.321 secs)
2023-11-19T23:47:04.7162827Z [1A[2K[1A[2KChrome Headless 119.0.6045.159 (Linux x86_64): Executed 306 of 306 (1 FAILED) (3.66 secs / 3.6 secs)
2023-11-19T23:47:04.7164424Z Firefox 120.0 (Ubuntu 0.0.0): Executed 33 of 306 SUCCESS (0 secs / 0.322 secs)
2023-11-19T23:47:04.7166234Z [1A[2K[1A[2KChrome Headless 119.0.6045.159 (Linux x86_64): Executed 306 of 306 (1 FAILED) (3.66 secs / 3.6 secs)
2023-11-19T23:47:04.7167770Z Firefox 120.0 (Ubuntu 0.0.0): Executed 34 of 306 SUCCESS (0 secs / 0.322 secs)
2023-11-19T23:47:04.7169665Z [1A[2K[1A[2KChrome Headless 119.0.6045.159 (Linux x86_64): Executed 306 of 306 (1 FAILED) (3.66 secs / 3.6 secs)
2023-11-19T23:47:04.7171219Z Firefox 120.0 (Ubuntu 0.0.0): Executed 35 of 306 SUCCESS (0 secs / 0.322 secs)
2023-11-19T23:47:04.7172942Z [1A[2K[1A[2KChrome Headless 119.0.6045.159 (Linux x86_64): Executed 306 of 306 (1 FAILED) (3.66 secs / 3.6 secs)
2023-11-19T23:47:04.7174605Z Firefox 120.0 (Ubuntu 0.0.0): Executed 36 of 306 SUCCESS (0 secs / 0.322 secs)
2023-11-19T23:47:04.7176414Z [1A[2K[1A[2KChrome Headless 119.0.6045.159 (Linux x86_64): Executed 306 of 306 (1 FAILED) (3.66 secs / 3.6 secs)
2023-11-19T23:47:04.7177904Z Firefox 120.0 (Ubuntu 0.0.0): Executed 37 of 306 SUCCESS (0 secs / 0.322 secs)
2023-11-19T23:47:04.7179777Z [1A[2K[1A[2KChrome Headless 119.0.6045.159 (Linux x86_64): Executed 306 of 306 (1 FAILED) (3.66 secs / 3.6 secs)
2023-11-19T23:47:04.7181311Z Firefox 120.0 (Ubuntu 0.0.0): Executed 38 of 306 SUCCESS (0 secs / 0.323 secs)
2023-11-19T23:47:04.7183103Z [1A[2K[1A[2KChrome Headless 119.0.6045.159 (Linux x86_64): Executed 306 of 306 (1 FAILED) (3.66 secs / 3.6 secs)
2023-11-19T23:47:04.7184785Z Firefox 120.0 (Ubuntu 0.0.0): Executed 39 of 306 SUCCESS (0 secs / 0.323 secs)
2023-11-19T23:47:04.7186521Z [1A[2K[1A[2KChrome Headless 119.0.6045.159 (Linux x86_64): Executed 306 of 306 (1 FAILED) (3.66 secs / 3.6 secs)
2023-11-19T23:47:04.7188115Z Firefox 120.0 (Ubuntu 0.0.0): Executed 40 of 306 SUCCESS (0 secs / 0.323 secs)
2023-11-19T23:47:04.7189983Z [1A[2K[1A[2KChrome Headless 119.0.6045.159 (Linux x86_64): Executed 306 of 306 (1 FAILED) (3.66 secs / 3.6 secs)
2023-11-19T23:47:04.7191589Z Firefox 120.0 (Ubuntu 0.0.0): Executed 41 of 306 SUCCESS (0 secs / 0.323 secs)
2023-11-19T23:47:04.7193497Z [1A[2K[1A[2KChrome Headless 119.0.6045.159 (Linux x86_64): Executed 306 of 306 (1 FAILED) (3.66 secs / 3.6 secs)
2023-11-19T23:47:04.7195238Z Firefox 120.0 (Ubuntu 0.0.0): Executed 42 of 306 SUCCESS (0 secs / 0.323 secs)
2023-11-19T23:47:04.7203828Z [1A[2K[1A[2KChrome Headless 119.0.6045.159 (Linux x86_64): Executed 306 of 306 (1 FAILED) (3.66 secs / 3.6 secs)
2023-11-19T23:47:04.7206037Z Firefox 120.0 (Ubuntu 0.0.0): Executed 43 of 306 SUCCESS (0 secs / 0.324 secs)
2023-11-19T23:47:04.7208866Z [1A[2K[1A[2KChrome Headless 119.0.6045.159 (Linux x86_64): Executed 306 of 306 (1 FAILED) (3.66 secs / 3.6 secs)
2023-11-19T23:47:04.7210599Z Firefox 120.0 (Ubuntu 0.0.0): Executed 44 of 306 SUCCESS (0 secs / 0.324 secs)
2023-11-19T23:47:04.7213701Z [1A[2K[1A[2KChrome Headless 119.0.6045.159 (Linux x86_64): Executed 306 of 306 (1 FAILED) (3.66 secs / 3.6 secs)
2023-11-19T23:47:04.7233589Z Firefox 120.0 (Ubuntu 0.0.0): Executed 45 of 306 SUCCESS (0 secs / 0.325 secs)
2023-11-19T23:47:04.7235841Z [1A[2K[1A[2KChrome Headless 119.0.6045.159 (Linux x86_64): Executed 306 of 306 (1 FAILED) (3.66 secs / 3.6 secs)
2023-11-19T23:47:04.7237821Z Firefox 120.0 (Ubuntu 0.0.0): Executed 46 of 306 SUCCESS (0 secs / 0.326 secs)
2023-11-19T23:47:04.7239829Z [1A[2K[1A[2KChrome Headless 119.0.6045.159 (Linux x86_64): Executed 306 of 306 (1 FAILED) (3.66 secs / 3.6 secs)
2023-11-19T23:47:04.7241783Z Firefox 120.0 (Ubuntu 0.0.0): Executed 47 of 306 SUCCESS (0 secs / 0.326 secs)
2023-11-19T23:47:04.7243891Z [1A[2K[1A[2KChrome Headless 119.0.6045.159 (Linux x86_64): Executed 306 of 306 (1 FAILED) (3.66 secs / 3.6 secs)
2023-11-19T23:47:04.7245656Z Firefox 120.0 (Ubuntu 0.0.0): Executed 48 of 306 SUCCESS (0 secs / 0.328 secs)
2023-11-19T23:47:04.7247735Z [1A[2K[1A[2KChrome Headless 119.0.6045.159 (Linux x86_64): Executed 306 of 306 (1 FAILED) (3.66 secs / 3.6 secs)
2023-11-19T23:47:04.7249481Z Firefox 120.0 (Ubuntu 0.0.0): Executed 49 of 306 SUCCESS (0 secs / 0.328 secs)
2023-11-19T23:47:04.7251431Z [1A[2K[1A[2KChrome Headless 119.0.6045.159 (Linux x86_64): Executed 306 of 306 (1 FAILED) (3.66 secs / 3.6 secs)
2023-11-19T23:47:04.7253275Z Firefox 120.0 (Ubuntu 0.0.0): Executed 50 of 306 SUCCESS (0 secs / 0.328 secs)
2023-11-19T23:47:04.7255216Z [1A[2K[1A[2KChrome Headless 119.0.6045.159 (Linux x86_64): Executed 306 of 306 (1 FAILED) (3.66 secs / 3.6 secs)
2023-11-19T23:47:04.7257010Z Firefox 120.0 (Ubuntu 0.0.0): Executed 51 of 306 SUCCESS (0 secs / 0.328 secs)
2023-11-19T23:47:04.7259218Z [1A[2K[1A[2KChrome Headless 119.0.6045.159 (Linux x86_64): Executed 306 of 306 (1 FAILED) (3.66 secs / 3.6 secs)
2023-11-19T23:47:04.7260912Z Firefox 120.0 (Ubuntu 0.0.0): Executed 52 of 306 SUCCESS (0 secs / 0.328 secs)
2023-11-19T23:47:04.7264004Z [1A[2K[1A[2KChrome Headless 119.0.6045.159 (Linux x86_64): Executed 306 of 306 (1 FAILED) (3.66 secs / 3.6 secs)
2023-11-19T23:47:04.7265742Z Firefox 120.0 (Ubuntu 0.0.0): Executed 53 of 306 SUCCESS (0 secs / 0.328 secs)
2023-11-19T23:47:04.7267751Z [1A[2K[1A[2KChrome Headless 119.0.6045.159 (Linux x86_64): Executed 306 of 306 (1 FAILED) (3.66 secs / 3.6 secs)
2023-11-19T23:47:04.7269727Z Firefox 120.0 (Ubuntu 0.0.0): Executed 54 of 306 SUCCESS (0 secs / 0.329 secs)
2023-11-19T23:47:04.7271822Z [1A[2K[1A[2KChrome Headless 119.0.6045.159 (Linux x86_64): Executed 306 of 306 (1 FAILED) (3.66 secs / 3.6 secs)
2023-11-19T23:47:04.7273627Z Firefox 120.0 (Ubuntu 0.0.0): Executed 55 of 306 SUCCESS (0 secs / 0.329 secs)
2023-11-19T23:47:04.7275750Z [1A[2K[1A[2KChrome Headless 119.0.6045.159 (Linux x86_64): Executed 306 of 306 (1 FAILED) (3.66 secs / 3.6 secs)
2023-11-19T23:47:04.7277739Z Firefox 120.0 (Ubuntu 0.0.0): Executed 56 of 306 SUCCESS (0 secs / 0.329 secs)
2023-11-19T23:47:04.7321696Z [1A[2K[1A[2KChrome Headless 119.0.6045.159 (Linux x86_64): Executed 306 of 306 (1 FAILED) (3.66 secs / 3.6 secs)
2023-11-19T23:47:04.7323484Z Firefox 120.0 (Ubuntu 0.0.0): Executed 57 of 306 SUCCESS (0 secs / 0.329 secs)
2023-11-19T23:47:04.7325264Z [1A[2K[1A[2KChrome Headless 119.0.6045.159 (Linux x86_64): Executed 306 of 306 (1 FAILED) (3.66 secs / 3.6 secs)
2023-11-19T23:47:04.7326810Z Firefox 120.0 (Ubuntu 0.0.0): Executed 58 of 306 SUCCESS (0 secs / 0.33 secs)
2023-11-19T23:47:04.7328705Z [1A[2K[1A[2KChrome Headless 119.0.6045.159 (Linux x86_64): Executed 306 of 306 (1 FAILED) (3.66 secs / 3.6 secs)
2023-11-19T23:47:04.7330629Z Firefox 120.0 (Ubuntu 0.0.0): Executed 59 of 306 SUCCESS (0 secs / 0.33 secs)
2023-11-19T23:47:04.7332715Z [1A[2K[1A[2KChrome Headless 119.0.6045.159 (Linux x86_64): Executed 306 of 306 (1 FAILED) (3.66 secs / 3.6 secs)
2023-11-19T23:47:04.7334381Z Firefox 120.0 (Ubuntu 0.0.0): Executed 60 of 306 SUCCESS (0 secs / 0.33 secs)
2023-11-19T23:47:04.7336116Z [1A[2K[1A[2KChrome Headless 119.0.6045.159 (Linux x86_64): Executed 306 of 306 (1 FAILED) (3.66 secs / 3.6 secs)
2023-11-19T23:47:04.7337739Z Firefox 120.0 (Ubuntu 0.0.0): Executed 61 of 306 SUCCESS (0 secs / 0.33 secs)
2023-11-19T23:47:04.7339528Z [1A[2K[1A[2KChrome Headless 119.0.6045.159 (Linux x86_64): Executed 306 of 306 (1 FAILED) (3.66 secs / 3.6 secs)
2023-11-19T23:47:04.7341092Z Firefox 120.0 (Ubuntu 0.0.0): Executed 62 of 306 SUCCESS (0 secs / 0.33 secs)
2023-11-19T23:47:04.7342957Z [1A[2K[1A[2KChrome Headless 119.0.6045.159 (Linux x86_64): Executed 306 of 306 (1 FAILED) (3.66 secs / 3.6 secs)
2023-11-19T23:47:04.7344501Z Firefox 120.0 (Ubuntu 0.0.0): Executed 63 of 306 SUCCESS (0 secs / 0.331 secs)
2023-11-19T23:47:04.7346284Z [1A[2K[1A[2KChrome Headless 119.0.6045.159 (Linux x86_64): Executed 306 of 306 (1 FAILED) (3.66 secs / 3.6 secs)
2023-11-19T23:47:04.7347885Z Firefox 120.0 (Ubuntu 0.0.0): Executed 64 of 306 SUCCESS (0 secs / 0.332 secs)
2023-11-19T23:47:04.7349611Z [1A[2K[1A[2KChrome Headless 119.0.6045.159 (Linux x86_64): Executed 306 of 306 (1 FAILED) (3.66 secs / 3.6 secs)
2023-11-19T23:47:04.7351049Z Firefox 120.0 (Ubuntu 0.0.0): Executed 65 of 306 SUCCESS (0 secs / 0.332 secs)
2023-11-19T23:47:04.7352935Z [1A[2K[1A[2KChrome Headless 119.0.6045.159 (Linux x86_64): Executed 306 of 306 (1 FAILED) (3.66 secs / 3.6 secs)
2023-11-19T23:47:04.7354619Z Firefox 120.0 (Ubuntu 0.0.0): Executed 66 of 306 SUCCESS (0 secs / 0.332 secs)
2023-11-19T23:47:04.7356655Z [1A[2K[1A[2KChrome Headless 119.0.6045.159 (Linux x86_64): Executed 306 of 306 (1 FAILED) (3.66 secs / 3.6 secs)
2023-11-19T23:47:04.7358480Z Firefox 120.0 (Ubuntu 0.0.0): Executed 67 of 306 SUCCESS (0 secs / 0.333 secs)
2023-11-19T23:47:04.7360456Z [1A[2K[1A[2KChrome Headless 119.0.6045.159 (Linux x86_64): Executed 306 of 306 (1 FAILED) (3.66 secs / 3.6 secs)
2023-11-19T23:47:04.7362138Z Firefox 120.0 (Ubuntu 0.0.0): Executed 68 of 306 SUCCESS (0 secs / 0.333 secs)
2023-11-19T23:47:04.7364218Z [1A[2K[1A[2KChrome Headless 119.0.6045.159 (Linux x86_64): Executed 306 of 306 (1 FAILED) (3.66 secs / 3.6 secs)
2023-11-19T23:47:04.7366001Z Firefox 120.0 (Ubuntu 0.0.0): Executed 69 of 306 SUCCESS (0 secs / 0.333 secs)
2023-11-19T23:47:04.7368051Z [1A[2K[1A[2KChrome Headless 119.0.6045.159 (Linux x86_64): Executed 306 of 306 (1 FAILED) (3.66 secs / 3.6 secs)
2023-11-19T23:47:04.7369673Z Firefox 120.0 (Ubuntu 0.0.0): Executed 70 of 306 SUCCESS (0 secs / 0.333 secs)
2023-11-19T23:47:04.7371509Z [1A[2K[1A[2KChrome Headless 119.0.6045.159 (Linux x86_64): Executed 306 of 306 (1 FAILED) (3.66 secs / 3.6 secs)
2023-11-19T23:47:04.7373310Z Firefox 120.0 (Ubuntu 0.0.0): Executed 71 of 306 SUCCESS (0 secs / 0.333 secs)
2023-11-19T23:47:04.7375259Z [1A[2K[1A[2KChrome Headless 119.0.6045.159 (Linux x86_64): Executed 306 of 306 (1 FAILED) (3.66 secs / 3.6 secs)
2023-11-19T23:47:04.7376847Z Firefox 120.0 (Ubuntu 0.0.0): Executed 72 of 306 SUCCESS (0 secs / 0.333 secs)
2023-11-19T23:47:04.7378885Z [1A[2K[1A[2KChrome Headless 119.0.6045.159 (Linux x86_64): Executed 306 of 306 (1 FAILED) (3.66 secs / 3.6 secs)
2023-11-19T23:47:04.7380559Z Firefox 120.0 (Ubuntu 0.0.0): Executed 73 of 306 SUCCESS (0 secs / 0.333 secs)
2023-11-19T23:47:04.7552300Z [1A[2K[1A[2KChrome Headless 119.0.6045.159 (Linux x86_64): Executed 306 of 306 (1 FAILED) (3.66 secs / 3.6 secs)
2023-11-19T23:47:04.7554512Z Firefox 120.0 (Ubuntu 0.0.0): Executed 74 of 306 SUCCESS (0 secs / 0.334 secs)
2023-11-19T23:47:04.7556745Z [1A[2K[1A[2KChrome Headless 119.0.6045.159 (Linux x86_64): Executed 306 of 306 (1 FAILED) (3.66 secs / 3.6 secs)
2023-11-19T23:47:04.7559006Z Firefox 120.0 (Ubuntu 0.0.0): Executed 75 of 306 SUCCESS (0 secs / 0.334 secs)
2023-11-19T23:47:04.7566968Z [1A[2K[1A[2KChrome Headless 119.0.6045.159 (Linux x86_64): Executed 306 of 306 (1 FAILED) (3.66 secs / 3.6 secs)
2023-11-19T23:47:04.7568679Z Firefox 120.0 (Ubuntu 0.0.0): Executed 76 of 306 SUCCESS (0 secs / 0.334 secs)
2023-11-19T23:47:04.7570710Z [1A[2K[1A[2KChrome Headless 119.0.6045.159 (Linux x86_64): Executed 306 of 306 (1 FAILED) (3.66 secs / 3.6 secs)
2023-11-19T23:47:04.7572466Z Firefox 120.0 (Ubuntu 0.0.0): Executed 77 of 306 SUCCESS (0 secs / 0.334 secs)
2023-11-19T23:47:04.7574892Z [1A[2K[1A[2KChrome Headless 119.0.6045.159 (Linux x86_64): Executed 306 of 306 (1 FAILED) (3.66 secs / 3.6 secs)
2023-11-19T23:47:04.7577301Z Firefox 120.0 (Ubuntu 0.0.0): Executed 78 of 306 SUCCESS (0 secs / 0.334 secs)
2023-11-19T23:47:04.7585654Z [1A[2K[1A[2KChrome Headless 119.0.6045.159 (Linux x86_64): Executed 306 of 306 (1 FAILED) (3.66 secs / 3.6 secs)
2023-11-19T23:47:04.7587418Z Firefox 120.0 (Ubuntu 0.0.0): Executed 79 of 306 SUCCESS (0 secs / 0.334 secs)
2023-11-19T23:47:04.7590704Z [1A[2K[1A[2KChrome Headless 119.0.6045.159 (Linux x86_64): Executed 306 of 306 (1 FAILED) (3.66 secs / 3.6 secs)
2023-11-19T23:47:04.7604543Z Firefox 120.0 (Ubuntu 0.0.0): Executed 80 of 306 SUCCESS (0 secs / 0.335 secs)
2023-11-19T23:47:04.7606639Z [1A[2K[1A[2KChrome Headless 119.0.6045.159 (Linux x86_64): Executed 306 of 306 (1 FAILED) (3.66 secs / 3.6 secs)
2023-11-19T23:47:04.7608362Z Firefox 120.0 (Ubuntu 0.0.0): Executed 81 of 306 SUCCESS (0 secs / 0.335 secs)
2023-11-19T23:47:04.7610533Z [1A[2K[1A[2KChrome Headless 119.0.6045.159 (Linux x86_64): Executed 306 of 306 (1 FAILED) (3.66 secs / 3.6 secs)
2023-11-19T23:47:04.7612557Z Firefox 120.0 (Ubuntu 0.0.0): Executed 82 of 306 SUCCESS (0 secs / 0.34 secs)
2023-11-19T23:47:04.7614640Z [1A[2K[1A[2KChrome Headless 119.0.6045.159 (Linux x86_64): Executed 306 of 306 (1 FAILED) (3.66 secs / 3.6 secs)
2023-11-19T23:47:04.7617520Z Firefox 120.0 (Ubuntu 0.0.0): Executed 83 of 306 SUCCESS (0 secs / 0.34 secs)
2023-11-19T23:47:04.7619496Z [1A[2K[1A[2KChrome Headless 119.0.6045.159 (Linux x86_64): Executed 306 of 306 (1 FAILED) (3.66 secs / 3.6 secs)
2023-11-19T23:47:04.7621213Z Firefox 120.0 (Ubuntu 0.0.0): Executed 84 of 306 SUCCESS (0 secs / 0.34 secs)
2023-11-19T23:47:04.7623418Z [1A[2K[1A[2KChrome Headless 119.0.6045.159 (Linux x86_64): Executed 306 of 306 (1 FAILED) (3.66 secs / 3.6 secs)
2023-11-19T23:47:04.7625239Z Firefox 120.0 (Ubuntu 0.0.0): Executed 85 of 306 SUCCESS (0 secs / 0.34 secs)
2023-11-19T23:47:04.7627208Z [1A[2K[1A[2KChrome Headless 119.0.6045.159 (Linux x86_64): Executed 306 of 306 (1 FAILED) (3.66 secs / 3.6 secs)
2023-11-19T23:47:04.7629095Z Firefox 120.0 (Ubuntu 0.0.0): Executed 86 of 306 SUCCESS (0 secs / 0.34 secs)
2023-11-19T23:47:04.7631008Z [1A[2K[1A[2KChrome Headless 119.0.6045.159 (Linux x86_64): Executed 306 of 306 (1 FAILED) (3.66 secs / 3.6 secs)
2023-11-19T23:47:04.7632688Z Firefox 120.0 (Ubuntu 0.0.0): Executed 87 of 306 SUCCESS (0 secs / 0.34 secs)
2023-11-19T23:47:04.7634671Z [1A[2K[1A[2KChrome Headless 119.0.6045.159 (Linux x86_64): Executed 306 of 306 (1 FAILED) (3.66 secs / 3.6 secs)
2023-11-19T23:47:04.7636498Z Firefox 120.0 (Ubuntu 0.0.0): Executed 88 of 306 SUCCESS (0 secs / 0.347 secs)
2023-11-19T23:47:04.7638546Z [1A[2K[1A[2KChrome Headless 119.0.6045.159 (Linux x86_64): Executed 306 of 306 (1 FAILED) (3.66 secs / 3.6 secs)
2023-11-19T23:47:04.7640552Z Firefox 120.0 (Ubuntu 0.0.0): Executed 89 of 306 SUCCESS (0 secs / 0.347 secs)
2023-11-19T23:47:04.7642615Z [1A[2K[1A[2KChrome Headless 119.0.6045.159 (Linux x86_64): Executed 306 of 306 (1 FAILED) (3.66 secs / 3.6 secs)
2023-11-19T23:47:04.7644411Z Firefox 120.0 (Ubuntu 0.0.0): Executed 90 of 306 SUCCESS (0 secs / 0.348 secs)
2023-11-19T23:47:04.7646611Z [1A[2K[1A[2KChrome Headless 119.0.6045.159 (Linux x86_64): Executed 306 of 306 (1 FAILED) (3.66 secs / 3.6 secs)
2023-11-19T23:47:04.7648420Z Firefox 120.0 (Ubuntu 0.0.0): Executed 91 of 306 SUCCESS (0 secs / 0.348 secs)
2023-11-19T23:47:04.7650910Z [1A[2K[1A[2KChrome Headless 119.0.6045.159 (Linux x86_64): Executed 306 of 306 (1 FAILED) (3.66 secs / 3.6 secs)
2023-11-19T23:47:04.7653156Z Firefox 120.0 (Ubuntu 0.0.0): Executed 92 of 306 SUCCESS (0 secs / 0.348 secs)
2023-11-19T23:47:04.7658632Z [1A[2K[1A[2KChrome Headless 119.0.6045.159 (Linux x86_64): Executed 306 of 306 (1 FAILED) (3.66 secs / 3.6 secs)
2023-11-19T23:47:04.7660255Z Firefox 120.0 (Ubuntu 0.0.0): Executed 93 of 306 SUCCESS (0 secs / 0.348 secs)
2023-11-19T23:47:04.7662318Z [1A[2K[1A[2KChrome Headless 119.0.6045.159 (Linux x86_64): Executed 306 of 306 (1 FAILED) (3.66 secs / 3.6 secs)
2023-11-19T23:47:04.7664001Z Firefox 120.0 (Ubuntu 0.0.0): Executed 94 of 306 SUCCESS (0 secs / 0.348 secs)
2023-11-19T23:47:04.7665882Z [1A[2K[1A[2KChrome Headless 119.0.6045.159 (Linux x86_64): Executed 306 of 306 (1 FAILED) (3.66 secs / 3.6 secs)
2023-11-19T23:47:04.7667811Z Firefox 120.0 (Ubuntu 0.0.0): Executed 95 of 306 SUCCESS (0 secs / 0.348 secs)
2023-11-19T23:47:04.7669892Z [1A[2K[1A[2KChrome Headless 119.0.6045.159 (Linux x86_64): Executed 306 of 306 (1 FAILED) (3.66 secs / 3.6 secs)
2023-11-19T23:47:04.7671846Z Firefox 120.0 (Ubuntu 0.0.0): Executed 96 of 306 SUCCESS (0 secs / 0.348 secs)
2023-11-19T23:47:04.7673967Z [1A[2K[1A[2KChrome Headless 119.0.6045.159 (Linux x86_64): Executed 306 of 306 (1 FAILED) (3.66 secs / 3.6 secs)
2023-11-19T23:47:04.7675722Z Firefox 120.0 (Ubuntu 0.0.0): Executed 97 of 306 SUCCESS (0 secs / 0.348 secs)
2023-11-19T23:47:04.7677981Z [1A[2K[1A[2KChrome Headless 119.0.6045.159 (Linux x86_64): Executed 306 of 306 (1 FAILED) (3.66 secs / 3.6 secs)
2023-11-19T23:47:04.7679697Z Firefox 120.0 (Ubuntu 0.0.0): Executed 98 of 306 SUCCESS (0 secs / 0.349 secs)
2023-11-19T23:47:04.7681693Z [1A[2K[1A[2KChrome Headless 119.0.6045.159 (Linux x86_64): Executed 306 of 306 (1 FAILED) (3.66 secs / 3.6 secs)
2023-11-19T23:47:04.7683672Z Firefox 120.0 (Ubuntu 0.0.0): Executed 99 of 306 SUCCESS (0 secs / 0.349 secs)
2023-11-19T23:47:04.7685693Z [1A[2K[1A[2KChrome Headless 119.0.6045.159 (Linux x86_64): Executed 306 of 306 (1 FAILED) (3.66 secs / 3.6 secs)
2023-11-19T23:47:04.7687548Z Firefox 120.0 (Ubuntu 0.0.0): Executed 100 of 306 SUCCESS (0 secs / 0.349 secs)
2023-11-19T23:47:04.7689769Z [1A[2K[1A[2KChrome Headless 119.0.6045.159 (Linux x86_64): Executed 306 of 306 (1 FAILED) (3.66 secs / 3.6 secs)
2023-11-19T23:47:04.7691544Z Firefox 120.0 (Ubuntu 0.0.0): Executed 101 of 306 SUCCESS (0 secs / 0.35 secs)
2023-11-19T23:47:04.7693578Z [1A[2K[1A[2KChrome Headless 119.0.6045.159 (Linux x86_64): Executed 306 of 306 (1 FAILED) (3.66 secs / 3.6 secs)
2023-11-19T23:47:04.7695579Z Firefox 120.0 (Ubuntu 0.0.0): Executed 102 of 306 SUCCESS (0 secs / 0.35 secs)
2023-11-19T23:47:04.7697671Z [1A[2K[1A[2KChrome Headless 119.0.6045.159 (Linux x86_64): Executed 306 of 306 (1 FAILED) (3.66 secs / 3.6 secs)
2023-11-19T23:47:04.7699713Z Firefox 120.0 (Ubuntu 0.0.0): Executed 103 of 306 SUCCESS (0 secs / 0.35 secs)
2023-11-19T23:47:04.7701845Z [1A[2K[1A[2KChrome Headless 119.0.6045.159 (Linux x86_64): Executed 306 of 306 (1 FAILED) (3.66 secs / 3.6 secs)
2023-11-19T23:47:04.7703639Z Firefox 120.0 (Ubuntu 0.0.0): Executed 104 of 306 SUCCESS (0 secs / 0.352 secs)
2023-11-19T23:47:04.7705924Z [1A[2K[1A[2KChrome Headless 119.0.6045.159 (Linux x86_64): Executed 306 of 306 (1 FAILED) (3.66 secs / 3.6 secs)
2023-11-19T23:47:04.7707775Z Firefox 120.0 (Ubuntu 0.0.0): Executed 105 of 306 SUCCESS (0 secs / 0.352 secs)
2023-11-19T23:47:04.7742459Z [1A[2K[1A[2KChrome Headless 119.0.6045.159 (Linux x86_64): Executed 306 of 306 (1 FAILED) (3.66 secs / 3.6 secs)
2023-11-19T23:47:04.7744723Z Firefox 120.0 (Ubuntu 0.0.0): Executed 106 of 306 SUCCESS (0 secs / 0.353 secs)
2023-11-19T23:47:04.7746853Z [1A[2K[1A[2KChrome Headless 119.0.6045.159 (Linux x86_64): Executed 306 of 306 (1 FAILED) (3.66 secs / 3.6 secs)
2023-11-19T23:47:04.7748531Z Firefox 120.0 (Ubuntu 0.0.0): Executed 107 of 306 SUCCESS (0 secs / 0.358 secs)
2023-11-19T23:47:04.7750855Z [1A[2K[1A[2KChrome Headless 119.0.6045.159 (Linux x86_64): Executed 306 of 306 (1 FAILED) (3.66 secs / 3.6 secs)
2023-11-19T23:47:04.7752878Z Firefox 120.0 (Ubuntu 0.0.0): Executed 108 of 306 SUCCESS (0 secs / 0.359 secs)
2023-11-19T23:47:04.7754691Z [1A[2K[1A[2KChrome Headless 119.0.6045.159 (Linux x86_64): Executed 306 of 306 (1 FAILED) (3.66 secs / 3.6 secs)
2023-11-19T23:47:04.7756643Z Firefox 120.0 (Ubuntu 0.0.0): Executed 109 of 306 SUCCESS (0 secs / 0.361 secs)
2023-11-19T23:47:04.7758538Z [1A[2K[1A[2KChrome Headless 119.0.6045.159 (Linux x86_64): Executed 306 of 306 (1 FAILED) (3.66 secs / 3.6 secs)
2023-11-19T23:47:04.7760222Z Firefox 120.0 (Ubuntu 0.0.0): Executed 110 of 306 SUCCESS (0 secs / 0.363 secs)
2023-11-19T23:47:04.7762051Z [1A[2K[1A[2KChrome Headless 119.0.6045.159 (Linux x86_64): Executed 306 of 306 (1 FAILED) (3.66 secs / 3.6 secs)
2023-11-19T23:47:04.7763754Z Firefox 120.0 (Ubuntu 0.0.0): Executed 111 of 306 SUCCESS (0 secs / 0.364 secs)
2023-11-19T23:47:04.7765639Z [1A[2K[1A[2KChrome Headless 119.0.6045.159 (Linux x86_64): Executed 306 of 306 (1 FAILED) (3.66 secs / 3.6 secs)
2023-11-19T23:47:04.7767259Z Firefox 120.0 (Ubuntu 0.0.0): Executed 112 of 306 SUCCESS (0 secs / 0.368 secs)
2023-11-19T23:47:04.7769196Z [1A[2K[1A[2KChrome Headless 119.0.6045.159 (Linux x86_64): Executed 306 of 306 (1 FAILED) (3.66 secs / 3.6 secs)
2023-11-19T23:47:04.7770735Z Firefox 120.0 (Ubuntu 0.0.0): Executed 113 of 306 SUCCESS (0 secs / 0.369 secs)
2023-11-19T23:47:04.7779041Z [1A[2K[1A[2KChrome Headless 119.0.6045.159 (Linux x86_64): Executed 306 of 306 (1 FAILED) (3.66 secs / 3.6 secs)
2023-11-19T23:47:04.7783998Z Firefox 120.0 (Ubuntu 0.0.0): Executed 114 of 306 SUCCESS (0 secs / 0.371 secs)
2023-11-19T23:47:04.7786123Z [1A[2K[1A[2KChrome Headless 119.0.6045.159 (Linux x86_64): Executed 306 of 306 (1 FAILED) (3.66 secs / 3.6 secs)
2023-11-19T23:47:04.7788144Z Firefox 120.0 (Ubuntu 0.0.0): Executed 115 of 306 SUCCESS (0 secs / 0.373 secs)
2023-11-19T23:47:04.7791307Z [1A[2K[1A[2KChrome Headless 119.0.6045.159 (Linux x86_64): Executed 306 of 306 (1 FAILED) (3.66 secs / 3.6 secs)
2023-11-19T23:47:04.7793603Z Firefox 120.0 (Ubuntu 0.0.0): Executed 116 of 306 SUCCESS (0 secs / 0.374 secs)
2023-11-19T23:47:04.7795823Z [1A[2K[1A[2KChrome Headless 119.0.6045.159 (Linux x86_64): Executed 306 of 306 (1 FAILED) (3.66 secs / 3.6 secs)
2023-11-19T23:47:04.7797800Z Firefox 120.0 (Ubuntu 0.0.0): Executed 117 of 306 SUCCESS (0 secs / 0.374 secs)
2023-11-19T23:47:04.9945482Z [1A[2K[1A[2KChrome Headless 119.0.6045.159 (Linux x86_64): Executed 306 of 306 (1 FAILED) (3.66 secs / 3.6 secs)
2023-11-19T23:47:04.9947281Z Firefox 120.0 (Ubuntu 0.0.0): Executed 118 of 306 SUCCESS (0 secs / 0.596 secs)
2023-11-19T23:47:04.9952723Z [1A[2K[1A[2KChrome Headless 119.0.6045.159 (Linux x86_64): Executed 306 of 306 (1 FAILED) (3.66 secs / 3.6 secs)
2023-11-19T23:47:04.9953884Z Firefox 120.0 (Ubuntu 0.0.0): Executed 119 of 306 SUCCESS (0 secs / 0.597 secs)
2023-11-19T23:47:04.9959744Z [1A[2K[1A[2KChrome Headless 119.0.6045.159 (Linux x86_64): Executed 306 of 306 (1 FAILED) (3.66 secs / 3.6 secs)
2023-11-19T23:47:04.9961610Z Firefox 120.0 (Ubuntu 0.0.0): Executed 120 of 306 SUCCESS (0 secs / 0.597 secs)
2023-11-19T23:47:04.9965330Z [1A[2K[1A[2KChrome Headless 119.0.6045.159 (Linux x86_64): Executed 306 of 306 (1 FAILED) (3.66 secs / 3.6 secs)
2023-11-19T23:47:04.9972904Z Firefox 120.0 (Ubuntu 0.0.0): Executed 121 of 306 SUCCESS (0 secs / 0.598 secs)
2023-11-19T23:47:04.9974787Z [1A[2K[1A[2KChrome Headless 119.0.6045.159 (Linux x86_64): Executed 306 of 306 (1 FAILED) (3.66 secs / 3.6 secs)
2023-11-19T23:47:04.9976522Z Firefox 120.0 (Ubuntu 0.0.0): Executed 122 of 306 SUCCESS (0 secs / 0.599 secs)
2023-11-19T23:47:04.9978778Z [1A[2K[1A[2KChrome Headless 119.0.6045.159 (Linux x86_64): Executed 306 of 306 (1 FAILED) (3.66 secs / 3.6 secs)
2023-11-19T23:47:04.9980394Z Firefox 120.0 (Ubuntu 0.0.0): Executed 123 of 306 SUCCESS (0 secs / 0.6 secs)
2023-11-19T23:47:04.9987888Z [1A[2K[1A[2KChrome Headless 119.0.6045.159 (Linux x86_64): Executed 306 of 306 (1 FAILED) (3.66 secs / 3.6 secs)
2023-11-19T23:47:04.9990042Z Firefox 120.0 (Ubuntu 0.0.0): Executed 124 of 306 SUCCESS (0 secs / 0.6 secs)
2023-11-19T23:47:04.9995359Z [1A[2K[1A[2KChrome Headless 119.0.6045.159 (Linux x86_64): Executed 306 of 306 (1 FAILED) (3.66 secs / 3.6 secs)
2023-11-19T23:47:04.9997411Z Firefox 120.0 (Ubuntu 0.0.0): Executed 125 of 306 SUCCESS (0 secs / 0.6 secs)
2023-11-19T23:47:05.0015100Z [1A[2K[1A[2KChrome Headless 119.0.6045.159 (Linux x86_64): Executed 306 of 306 (1 FAILED) (3.66 secs / 3.6 secs)
2023-11-19T23:47:05.0016968Z Firefox 120.0 (Ubuntu 0.0.0): Executed 126 of 306 SUCCESS (0 secs / 0.601 secs)
2023-11-19T23:47:05.0023120Z [1A[2K[1A[2KChrome Headless 119.0.6045.159 (Linux x86_64): Executed 306 of 306 (1 FAILED) (3.66 secs / 3.6 secs)
2023-11-19T23:47:05.0024933Z Firefox 120.0 (Ubuntu 0.0.0): Executed 127 of 306 SUCCESS (0 secs / 0.601 secs)
2023-11-19T23:47:05.0027016Z [1A[2K[1A[2KChrome Headless 119.0.6045.159 (Linux x86_64): Executed 306 of 306 (1 FAILED) (3.66 secs / 3.6 secs)
2023-11-19T23:47:05.0029517Z Firefox 120.0 (Ubuntu 0.0.0): Executed 128 of 306 SUCCESS (0 secs / 0.601 secs)
2023-11-19T23:47:05.0031625Z [1A[2K[1A[2KChrome Headless 119.0.6045.159 (Linux x86_64): Executed 306 of 306 (1 FAILED) (3.66 secs / 3.6 secs)
2023-11-19T23:47:05.0033390Z Firefox 120.0 (Ubuntu 0.0.0): Executed 129 of 306 SUCCESS (0 secs / 0.601 secs)
2023-11-19T23:47:05.0035651Z [1A[2K[1A[2KChrome Headless 119.0.6045.159 (Linux x86_64): Executed 306 of 306 (1 FAILED) (3.66 secs / 3.6 secs)
2023-11-19T23:47:05.0037773Z Firefox 120.0 (Ubuntu 0.0.0): Executed 130 of 306 SUCCESS (0 secs / 0.601 secs)
2023-11-19T23:47:05.0039956Z [1A[2K[1A[2KChrome Headless 119.0.6045.159 (Linux x86_64): Executed 306 of 306 (1 FAILED) (3.66 secs / 3.6 secs)
2023-11-19T23:47:05.0041915Z Firefox 120.0 (Ubuntu 0.0.0): Executed 131 of 306 SUCCESS (0 secs / 0.601 secs)
2023-11-19T23:47:05.0044474Z [1A[2K[1A[2KChrome Headless 119.0.6045.159 (Linux x86_64): Executed 306 of 306 (1 FAILED) (3.66 secs / 3.6 secs)
2023-11-19T23:47:05.0046222Z Firefox 120.0 (Ubuntu 0.0.0): Executed 132 of 306 SUCCESS (0 secs / 0.602 secs)
2023-11-19T23:47:05.0048309Z [1A[2K[1A[2KChrome Headless 119.0.6045.159 (Linux x86_64): Executed 306 of 306 (1 FAILED) (3.66 secs / 3.6 secs)
2023-11-19T23:47:05.0049969Z Firefox 120.0 (Ubuntu 0.0.0): Executed 133 of 306 SUCCESS (0 secs / 0.603 secs)
2023-11-19T23:47:05.0055479Z [1A[2K[1A[2KChrome Headless 119.0.6045.159 (Linux x86_64): Executed 306 of 306 (1 FAILED) (3.66 secs / 3.6 secs)
2023-11-19T23:47:05.0057143Z Firefox 120.0 (Ubuntu 0.0.0): Executed 134 of 306 SUCCESS (0 secs / 0.603 secs)
2023-11-19T23:47:05.0059075Z [1A[2K[1A[2KChrome Headless 119.0.6045.159 (Linux x86_64): Executed 306 of 306 (1 FAILED) (3.66 secs / 3.6 secs)
2023-11-19T23:47:05.0060857Z Firefox 120.0 (Ubuntu 0.0.0): Executed 135 of 306 SUCCESS (0 secs / 0.603 secs)
2023-11-19T23:47:05.0062756Z [1A[2K[1A[2KChrome Headless 119.0.6045.159 (Linux x86_64): Executed 306 of 306 (1 FAILED) (3.66 secs / 3.6 secs)
2023-11-19T23:47:05.0064999Z Firefox 120.0 (Ubuntu 0.0.0): Executed 136 of 306 SUCCESS (0 secs / 0.603 secs)
2023-11-19T23:47:05.0067091Z [1A[2K[1A[2KChrome Headless 119.0.6045.159 (Linux x86_64): Executed 306 of 306 (1 FAILED) (3.66 secs / 3.6 secs)
2023-11-19T23:47:05.0068805Z Firefox 120.0 (Ubuntu 0.0.0): Executed 137 of 306 SUCCESS (0 secs / 0.603 secs)
2023-11-19T23:47:05.0070888Z [1A[2K[1A[2KChrome Headless 119.0.6045.159 (Linux x86_64): Executed 306 of 306 (1 FAILED) (3.66 secs / 3.6 secs)
2023-11-19T23:47:05.0072820Z Firefox 120.0 (Ubuntu 0.0.0): Executed 138 of 306 SUCCESS (0 secs / 0.603 secs)
2023-11-19T23:47:05.0075086Z [1A[2K[1A[2KChrome Headless 119.0.6045.159 (Linux x86_64): Executed 306 of 306 (1 FAILED) (3.66 secs / 3.6 secs)
2023-11-19T23:47:05.0077113Z Firefox 120.0 (Ubuntu 0.0.0): Executed 139 of 306 SUCCESS (0 secs / 0.603 secs)
2023-11-19T23:47:05.0081853Z [1A[2K[1A[2KChrome Headless 119.0.6045.159 (Linux x86_64): Executed 306 of 306 (1 FAILED) (3.66 secs / 3.6 secs)
2023-11-19T23:47:05.0084109Z Firefox 120.0 (Ubuntu 0.0.0): Executed 140 of 306 SUCCESS (0 secs / 0.603 secs)
2023-11-19T23:47:05.0086207Z [1A[2K[1A[2KChrome Headless 119.0.6045.159 (Linux x86_64): Executed 306 of 306 (1 FAILED) (3.66 secs / 3.6 secs)
2023-11-19T23:47:05.0087422Z Firefox 120.0 (Ubuntu 0.0.0): Executed 141 of 306 SUCCESS (0 secs / 0.604 secs)
2023-11-19T23:47:05.0088781Z [1A[2K[1A[2KChrome Headless 119.0.6045.159 (Linux x86_64): Executed 306 of 306 (1 FAILED) (3.66 secs / 3.6 secs)
2023-11-19T23:47:05.0090030Z Firefox 120.0 (Ubuntu 0.0.0): Executed 142 of 306 SUCCESS (0 secs / 0.604 secs)
2023-11-19T23:47:05.0091476Z [1A[2K[1A[2KChrome Headless 119.0.6045.159 (Linux x86_64): Executed 306 of 306 (1 FAILED) (3.66 secs / 3.6 secs)
2023-11-19T23:47:05.0092544Z Firefox 120.0 (Ubuntu 0.0.0): Executed 143 of 306 SUCCESS (0 secs / 0.605 secs)
2023-11-19T23:47:05.0093796Z [1A[2K[1A[2KChrome Headless 119.0.6045.159 (Linux x86_64): Executed 306 of 306 (1 FAILED) (3.66 secs / 3.6 secs)
2023-11-19T23:47:05.0094829Z Firefox 120.0 (Ubuntu 0.0.0): Executed 144 of 306 SUCCESS (0 secs / 0.605 secs)
2023-11-19T23:47:05.0095928Z [1A[2K[1A[2KChrome Headless 119.0.6045.159 (Linux x86_64): Executed 306 of 306 (1 FAILED) (3.66 secs / 3.6 secs)
2023-11-19T23:47:05.0097242Z Firefox 120.0 (Ubuntu 0.0.0): Executed 145 of 306 SUCCESS (0 secs / 0.605 secs)
2023-11-19T23:47:05.0104278Z [1A[2K[1A[2KChrome Headless 119.0.6045.159 (Linux x86_64): Executed 306 of 306 (1 FAILED) (3.66 secs / 3.6 secs)
2023-11-19T23:47:05.0106085Z Firefox 120.0 (Ubuntu 0.0.0): Executed 146 of 306 SUCCESS (0 secs / 0.607 secs)
2023-11-19T23:47:05.0108232Z [1A[2K[1A[2KChrome Headless 119.0.6045.159 (Linux x86_64): Executed 306 of 306 (1 FAILED) (3.66 secs / 3.6 secs)
2023-11-19T23:47:05.0110953Z Firefox 120.0 (Ubuntu 0.0.0): Executed 147 of 306 SUCCESS (0 secs / 0.608 secs)
2023-11-19T23:47:05.0113593Z [1A[2K[1A[2KChrome Headless 119.0.6045.159 (Linux x86_64): Executed 306 of 306 (1 FAILED) (3.66 secs / 3.6 secs)
2023-11-19T23:47:05.0115426Z Firefox 120.0 (Ubuntu 0.0.0): Executed 148 of 306 SUCCESS (0 secs / 0.608 secs)
2023-11-19T23:47:05.0117562Z [1A[2K[1A[2KChrome Headless 119.0.6045.159 (Linux x86_64): Executed 306 of 306 (1 FAILED) (3.66 secs / 3.6 secs)
2023-11-19T23:47:05.0119156Z Firefox 120.0 (Ubuntu 0.0.0): Executed 149 of 306 SUCCESS (0 secs / 0.609 secs)
2023-11-19T23:47:05.0143788Z [1A[2K[1A[2KChrome Headless 119.0.6045.159 (Linux x86_64): Executed 306 of 306 (1 FAILED) (3.66 secs / 3.6 secs)
2023-11-19T23:47:05.0145573Z Firefox 120.0 (Ubuntu 0.0.0): Executed 150 of 306 SUCCESS (0 secs / 0.609 secs)
2023-11-19T23:47:05.0156595Z [1A[2K[1A[2KChrome Headless 119.0.6045.159 (Linux x86_64): Executed 306 of 306 (1 FAILED) (3.66 secs / 3.6 secs)
2023-11-19T23:47:05.0158997Z Firefox 120.0 (Ubuntu 0.0.0): Executed 151 of 306 SUCCESS (0 secs / 0.61 secs)
2023-11-19T23:47:05.0160916Z [1A[2K[1A[2KChrome Headless 119.0.6045.159 (Linux x86_64): Executed 306 of 306 (1 FAILED) (3.66 secs / 3.6 secs)
2023-11-19T23:47:05.0162731Z Firefox 120.0 (Ubuntu 0.0.0): Executed 152 of 306 SUCCESS (0 secs / 0.61 secs)
2023-11-19T23:47:05.0164918Z [1A[2K[1A[2KChrome Headless 119.0.6045.159 (Linux x86_64): Executed 306 of 306 (1 FAILED) (3.66 secs / 3.6 secs)
2023-11-19T23:47:05.0166793Z Firefox 120.0 (Ubuntu 0.0.0): Executed 153 of 306 SUCCESS (0 secs / 0.61 secs)
2023-11-19T23:47:05.0169155Z [1A[2K[1A[2KChrome Headless 119.0.6045.159 (Linux x86_64): Executed 306 of 306 (1 FAILED) (3.66 secs / 3.6 secs)
2023-11-19T23:47:05.0171132Z Firefox 120.0 (Ubuntu 0.0.0): Executed 154 of 306 SUCCESS (0 secs / 0.61 secs)
2023-11-19T23:47:05.0172977Z [1A[2K[1A[2KChrome Headless 119.0.6045.159 (Linux x86_64): Executed 306 of 306 (1 FAILED) (3.66 secs / 3.6 secs)
2023-11-19T23:47:05.0175131Z Firefox 120.0 (Ubuntu 0.0.0): Executed 155 of 306 SUCCESS (0 secs / 0.61 secs)
2023-11-19T23:47:05.0176989Z [1A[2K[1A[2KChrome Headless 119.0.6045.159 (Linux x86_64): Executed 306 of 306 (1 FAILED) (3.66 secs / 3.6 secs)
2023-11-19T23:47:05.0179279Z Firefox 120.0 (Ubuntu 0.0.0): Executed 156 of 306 SUCCESS (0 secs / 0.61 secs)
2023-11-19T23:47:05.0181831Z [1A[2K[1A[2KChrome Headless 119.0.6045.159 (Linux x86_64): Executed 306 of 306 (1 FAILED) (3.66 secs / 3.6 secs)
2023-11-19T23:47:05.0183627Z Firefox 120.0 (Ubuntu 0.0.0): Executed 157 of 306 SUCCESS (0 secs / 0.61 secs)
2023-11-19T23:47:05.0185617Z [1A[2K[1A[2KChrome Headless 119.0.6045.159 (Linux x86_64): Executed 306 of 306 (1 FAILED) (3.66 secs / 3.6 secs)
2023-11-19T23:47:05.0187645Z Firefox 120.0 (Ubuntu 0.0.0): Executed 158 of 306 SUCCESS (0 secs / 0.61 secs)
2023-11-19T23:47:05.0193237Z [1A[2K[1A[2KChrome Headless 119.0.6045.159 (Linux x86_64): Executed 306 of 306 (1 FAILED) (3.66 secs / 3.6 secs)
2023-11-19T23:47:05.0195043Z Firefox 120.0 (Ubuntu 0.0.0): Executed 159 of 306 SUCCESS (0 secs / 0.61 secs)
2023-11-19T23:47:05.0197361Z [1A[2K[1A[2KChrome Headless 119.0.6045.159 (Linux x86_64): Executed 306 of 306 (1 FAILED) (3.66 secs / 3.6 secs)
2023-11-19T23:47:05.0199280Z Firefox 120.0 (Ubuntu 0.0.0): Executed 160 of 306 SUCCESS (0 secs / 0.61 secs)
2023-11-19T23:47:05.0203818Z [1A[2K[1A[2KChrome Headless 119.0.6045.159 (Linux x86_64): Executed 306 of 306 (1 FAILED) (3.66 secs / 3.6 secs)
2023-11-19T23:47:05.0205755Z Firefox 120.0 (Ubuntu 0.0.0): Executed 161 of 306 SUCCESS (0 secs / 0.61 secs)
2023-11-19T23:47:05.0207754Z [1A[2K[1A[2KChrome Headless 119.0.6045.159 (Linux x86_64): Executed 306 of 306 (1 FAILED) (3.66 secs / 3.6 secs)
2023-11-19T23:47:05.0209477Z Firefox 120.0 (Ubuntu 0.0.0): Executed 162 of 306 SUCCESS (0 secs / 0.61 secs)
2023-11-19T23:47:05.0211336Z [1A[2K[1A[2KChrome Headless 119.0.6045.159 (Linux x86_64): Executed 306 of 306 (1 FAILED) (3.66 secs / 3.6 secs)
2023-11-19T23:47:05.0213369Z Firefox 120.0 (Ubuntu 0.0.0): Executed 163 of 306 SUCCESS (0 secs / 0.611 secs)
2023-11-19T23:47:05.0215387Z [1A[2K[1A[2KChrome Headless 119.0.6045.159 (Linux x86_64): Executed 306 of 306 (1 FAILED) (3.66 secs / 3.6 secs)
2023-11-19T23:47:05.0217049Z Firefox 120.0 (Ubuntu 0.0.0): Executed 164 of 306 SUCCESS (0 secs / 0.611 secs)
2023-11-19T23:47:05.0246880Z [1A[2K[1A[2KChrome Headless 119.0.6045.159 (Linux x86_64): Executed 306 of 306 (1 FAILED) (3.66 secs / 3.6 secs)
2023-11-19T23:47:05.0248938Z Firefox 120.0 (Ubuntu 0.0.0): Executed 165 of 306 SUCCESS (0 secs / 0.611 secs)
2023-11-19T23:47:05.0251023Z [1A[2K[1A[2KChrome Headless 119.0.6045.159 (Linux x86_64): Executed 306 of 306 (1 FAILED) (3.66 secs / 3.6 secs)
2023-11-19T23:47:05.0252972Z Firefox 120.0 (Ubuntu 0.0.0): Executed 166 of 306 SUCCESS (0 secs / 0.611 secs)
2023-11-19T23:47:05.0254865Z [1A[2K[1A[2KChrome Headless 119.0.6045.159 (Linux x86_64): Executed 306 of 306 (1 FAILED) (3.66 secs / 3.6 secs)
2023-11-19T23:47:05.0256018Z Firefox 120.0 (Ubuntu 0.0.0): Executed 167 of 306 SUCCESS (0 secs / 0.612 secs)
2023-11-19T23:47:05.0257275Z [1A[2K[1A[2KChrome Headless 119.0.6045.159 (Linux x86_64): Executed 306 of 306 (1 FAILED) (3.66 secs / 3.6 secs)
2023-11-19T23:47:05.0258330Z Firefox 120.0 (Ubuntu 0.0.0): Executed 168 of 306 SUCCESS (0 secs / 0.612 secs)
2023-11-19T23:47:05.0259485Z [1A[2K[1A[2KChrome Headless 119.0.6045.159 (Linux x86_64): Executed 306 of 306 (1 FAILED) (3.66 secs / 3.6 secs)
2023-11-19T23:47:05.0260557Z Firefox 120.0 (Ubuntu 0.0.0): Executed 169 of 306 SUCCESS (0 secs / 0.612 secs)
2023-11-19T23:47:05.0261654Z [1A[2K[1A[2KChrome Headless 119.0.6045.159 (Linux x86_64): Executed 306 of 306 (1 FAILED) (3.66 secs / 3.6 secs)
2023-11-19T23:47:05.0262684Z Firefox 120.0 (Ubuntu 0.0.0): Executed 170 of 306 SUCCESS (0 secs / 0.612 secs)
2023-11-19T23:47:05.0263875Z [1A[2K[1A[2KChrome Headless 119.0.6045.159 (Linux x86_64): Executed 306 of 306 (1 FAILED) (3.66 secs / 3.6 secs)
2023-11-19T23:47:05.0264870Z Firefox 120.0 (Ubuntu 0.0.0): Executed 171 of 306 SUCCESS (0 secs / 0.613 secs)
2023-11-19T23:47:05.0265956Z [1A[2K[1A[2KChrome Headless 119.0.6045.159 (Linux x86_64): Executed 306 of 306 (1 FAILED) (3.66 secs / 3.6 secs)
2023-11-19T23:47:05.0267326Z Firefox 120.0 (Ubuntu 0.0.0): Executed 172 of 306 SUCCESS (0 secs / 0.613 secs)
2023-11-19T23:47:05.0268697Z [1A[2K[1A[2KChrome Headless 119.0.6045.159 (Linux x86_64): Executed 306 of 306 (1 FAILED) (3.66 secs / 3.6 secs)
2023-11-19T23:47:05.0269786Z Firefox 120.0 (Ubuntu 0.0.0): Executed 173 of 306 SUCCESS (0 secs / 0.613 secs)
2023-11-19T23:47:05.0270935Z [1A[2K[1A[2KChrome Headless 119.0.6045.159 (Linux x86_64): Executed 306 of 306 (1 FAILED) (3.66 secs / 3.6 secs)
2023-11-19T23:47:05.0271903Z Firefox 120.0 (Ubuntu 0.0.0): Executed 174 of 306 SUCCESS (0 secs / 0.613 secs)
2023-11-19T23:47:05.0273095Z [1A[2K[1A[2KChrome Headless 119.0.6045.159 (Linux x86_64): Executed 306 of 306 (1 FAILED) (3.66 secs / 3.6 secs)
2023-11-19T23:47:05.0274107Z Firefox 120.0 (Ubuntu 0.0.0): Executed 175 of 306 SUCCESS (0 secs / 0.613 secs)
2023-11-19T23:47:05.0275213Z [1A[2K[1A[2KChrome Headless 119.0.6045.159 (Linux x86_64): Executed 306 of 306 (1 FAILED) (3.66 secs / 3.6 secs)
2023-11-19T23:47:05.0276533Z Firefox 120.0 (Ubuntu 0.0.0): Executed 176 of 306 SUCCESS (0 secs / 0.613 secs)
2023-11-19T23:47:05.0278548Z [1A[2K[1A[2KChrome Headless 119.0.6045.159 (Linux x86_64): Executed 306 of 306 (1 FAILED) (3.66 secs / 3.6 secs)
2023-11-19T23:47:05.0280258Z Firefox 120.0 (Ubuntu 0.0.0): Executed 177 of 306 SUCCESS (0 secs / 0.614 secs)
2023-11-19T23:47:05.0282368Z [1A[2K[1A[2KChrome Headless 119.0.6045.159 (Linux x86_64): Executed 306 of 306 (1 FAILED) (3.66 secs / 3.6 secs)
2023-11-19T23:47:05.0284248Z Firefox 120.0 (Ubuntu 0.0.0): Executed 178 of 306 SUCCESS (0 secs / 0.614 secs)
2023-11-19T23:47:05.0286187Z [1A[2K[1A[2KChrome Headless 119.0.6045.159 (Linux x86_64): Executed 306 of 306 (1 FAILED) (3.66 secs / 3.6 secs)
2023-11-19T23:47:05.0288127Z Firefox 120.0 (Ubuntu 0.0.0): Executed 179 of 306 SUCCESS (0 secs / 0.615 secs)
2023-11-19T23:47:05.0290076Z [1A[2K[1A[2KChrome Headless 119.0.6045.159 (Linux x86_64): Executed 306 of 306 (1 FAILED) (3.66 secs / 3.6 secs)
2023-11-19T23:47:05.0291877Z Firefox 120.0 (Ubuntu 0.0.0): Executed 180 of 306 SUCCESS (0 secs / 0.615 secs)
2023-11-19T23:47:05.0294112Z [1A[2K[1A[2KChrome Headless 119.0.6045.159 (Linux x86_64): Executed 306 of 306 (1 FAILED) (3.66 secs / 3.6 secs)
2023-11-19T23:47:05.0295842Z Firefox 120.0 (Ubuntu 0.0.0): Executed 181 of 306 SUCCESS (0 secs / 0.616 secs)
2023-11-19T23:47:05.0297877Z [1A[2K[1A[2KChrome Headless 119.0.6045.159 (Linux x86_64): Executed 306 of 306 (1 FAILED) (3.66 secs / 3.6 secs)
2023-11-19T23:47:05.0299754Z Firefox 120.0 (Ubuntu 0.0.0): Executed 182 of 306 SUCCESS (0 secs / 0.617 secs)
2023-11-19T23:47:05.0301181Z [1A[2K[1A[2KChrome Headless 119.0.6045.159 (Linux x86_64): Executed 306 of 306 (1 FAILED) (3.66 secs / 3.6 secs)
2023-11-19T23:47:05.0302172Z Firefox 120.0 (Ubuntu 0.0.0): Executed 183 of 306 SUCCESS (0 secs / 0.617 secs)
2023-11-19T23:47:05.1257119Z [1A[2K[1A[2KChrome Headless 119.0.6045.159 (Linux x86_64): Executed 306 of 306 (1 FAILED) (3.66 secs / 3.6 secs)
2023-11-19T23:47:05.1258989Z Firefox 120.0 (Ubuntu 0.0.0): Executed 184 of 306 SUCCESS (0 secs / 0.717 secs)
2023-11-19T23:47:05.1276350Z [1A[2K[1A[2KChrome Headless 119.0.6045.159 (Linux x86_64): Executed 306 of 306 (1 FAILED) (3.66 secs / 3.6 secs)
2023-11-19T23:47:05.1278410Z Firefox 120.0 (Ubuntu 0.0.0): Executed 185 of 306 SUCCESS (0 secs / 0.718 secs)
2023-11-19T23:47:05.1280674Z [1A[2K[1A[2KChrome Headless 119.0.6045.159 (Linux x86_64): Executed 306 of 306 (1 FAILED) (3.66 secs / 3.6 secs)
2023-11-19T23:47:05.1282631Z Firefox 120.0 (Ubuntu 0.0.0): Executed 186 of 306 SUCCESS (0 secs / 0.718 secs)
2023-11-19T23:47:05.1284861Z [1A[2K[1A[2KChrome Headless 119.0.6045.159 (Linux x86_64): Executed 306 of 306 (1 FAILED) (3.66 secs / 3.6 secs)
2023-11-19T23:47:05.1286784Z Firefox 120.0 (Ubuntu 0.0.0): Executed 187 of 306 SUCCESS (0 secs / 0.719 secs)
2023-11-19T23:47:05.1288987Z [1A[2K[1A[2KChrome Headless 119.0.6045.159 (Linux x86_64): Executed 306 of 306 (1 FAILED) (3.66 secs / 3.6 secs)
2023-11-19T23:47:05.1291309Z Firefox 120.0 (Ubuntu 0.0.0): Executed 188 of 306 SUCCESS (0 secs / 0.719 secs)
2023-11-19T23:47:05.1293729Z [1A[2K[1A[2KChrome Headless 119.0.6045.159 (Linux x86_64): Executed 306 of 306 (1 FAILED) (3.66 secs / 3.6 secs)
2023-11-19T23:47:05.1295751Z Firefox 120.0 (Ubuntu 0.0.0): Executed 189 of 306 SUCCESS (0 secs / 0.719 secs)
2023-11-19T23:47:05.1300681Z [1A[2K[1A[2KChrome Headless 119.0.6045.159 (Linux x86_64): Executed 306 of 306 (1 FAILED) (3.66 secs / 3.6 secs)
2023-11-19T23:47:05.1302798Z Firefox 120.0 (Ubuntu 0.0.0): Executed 190 of 306 SUCCESS (0 secs / 0.721 secs)
2023-11-19T23:47:05.1311137Z [1A[2K[1A[2KChrome Headless 119.0.6045.159 (Linux x86_64): Executed 306 of 306 (1 FAILED) (3.66 secs / 3.6 secs)
2023-11-19T23:47:05.1313389Z Firefox 120.0 (Ubuntu 0.0.0): Executed 191 of 306 SUCCESS (0 secs / 0.721 secs)
2023-11-19T23:47:05.1318118Z [1A[2K[1A[2KChrome Headless 119.0.6045.159 (Linux x86_64): Executed 306 of 306 (1 FAILED) (3.66 secs / 3.6 secs)
2023-11-19T23:47:05.1320503Z Firefox 120.0 (Ubuntu 0.0.0): Executed 192 of 306 SUCCESS (0 secs / 0.721 secs)
2023-11-19T23:47:05.1324064Z [1A[2K[1A[2KChrome Headless 119.0.6045.159 (Linux x86_64): Executed 306 of 306 (1 FAILED) (3.66 secs / 3.6 secs)
2023-11-19T23:47:05.1325928Z Firefox 120.0 (Ubuntu 0.0.0): Executed 193 of 306 SUCCESS (0 secs / 0.721 secs)
2023-11-19T23:47:05.1328471Z [1A[2K[1A[2KChrome Headless 119.0.6045.159 (Linux x86_64): Executed 306 of 306 (1 FAILED) (3.66 secs / 3.6 secs)
2023-11-19T23:47:05.1330521Z Firefox 120.0 (Ubuntu 0.0.0): Executed 194 of 306 SUCCESS (0 secs / 0.722 secs)
2023-11-19T23:47:05.1332526Z [1A[2K[1A[2KChrome Headless 119.0.6045.159 (Linux x86_64): Executed 306 of 306 (1 FAILED) (3.66 secs / 3.6 secs)
2023-11-19T23:47:05.1334469Z Firefox 120.0 (Ubuntu 0.0.0): Executed 195 of 306 SUCCESS (0 secs / 0.722 secs)
2023-11-19T23:47:05.1360700Z [1A[2K[1A[2KChrome Headless 119.0.6045.159 (Linux x86_64): Executed 306 of 306 (1 FAILED) (3.66 secs / 3.6 secs)
2023-11-19T23:47:05.1362519Z Firefox 120.0 (Ubuntu 0.0.0): Executed 196 of 306 SUCCESS (0 secs / 0.723 secs)
2023-11-19T23:47:05.2849207Z [1A[2K[1A[2KChrome Headless 119.0.6045.159 (Linux x86_64): Executed 306 of 306 (1 FAILED) (3.66 secs / 3.6 secs)
2023-11-19T23:47:05.2851089Z Firefox 120.0 (Ubuntu 0.0.0): Executed 197 of 306 SUCCESS (0 secs / 0.873 secs)
2023-11-19T23:47:05.2858143Z [1A[2K[1A[2KChrome Headless 119.0.6045.159 (Linux x86_64): Executed 306 of 306 (1 FAILED) (3.66 secs / 3.6 secs)
2023-11-19T23:47:05.2859581Z Firefox 120.0 (Ubuntu 0.0.0): Executed 198 of 306 SUCCESS (0 secs / 0.874 secs)
2023-11-19T23:47:05.3870404Z [1A[2K[1A[2KChrome Headless 119.0.6045.159 (Linux x86_64): Executed 306 of 306 (1 FAILED) (3.66 secs / 3.6 secs)
2023-11-19T23:47:05.3871875Z Firefox 120.0 (Ubuntu 0.0.0): Executed 199 of 306 SUCCESS (0 secs / 0.975 secs)
2023-11-19T23:47:05.4887306Z [1A[2K[1A[2KChrome Headless 119.0.6045.159 (Linux x86_64): Executed 306 of 306 (1 FAILED) (3.66 secs / 3.6 secs)
2023-11-19T23:47:05.4888830Z Firefox 120.0 (Ubuntu 0.0.0): Executed 200 of 306 SUCCESS (0 secs / 1.077 secs)
2023-11-19T23:47:05.5902879Z [1A[2K[1A[2KChrome Headless 119.0.6045.159 (Linux x86_64): Executed 306 of 306 (1 FAILED) (3.66 secs / 3.6 secs)
2023-11-19T23:47:05.5904189Z Firefox 120.0 (Ubuntu 0.0.0): Executed 201 of 306 SUCCESS (0 secs / 1.178 secs)
2023-11-19T23:47:05.6919509Z [1A[2K[1A[2KChrome Headless 119.0.6045.159 (Linux x86_64): Executed 306 of 306 (1 FAILED) (3.66 secs / 3.6 secs)
2023-11-19T23:47:05.6920743Z Firefox 120.0 (Ubuntu 0.0.0): Executed 202 of 306 SUCCESS (0 secs / 1.279 secs)
2023-11-19T23:47:05.7935745Z [1A[2K[1A[2KChrome Headless 119.0.6045.159 (Linux x86_64): Executed 306 of 306 (1 FAILED) (3.66 secs / 3.6 secs)
2023-11-19T23:47:05.7936882Z Firefox 120.0 (Ubuntu 0.0.0): Executed 203 of 306 SUCCESS (0 secs / 1.381 secs)
2023-11-19T23:47:05.8954301Z [1A[2K[1A[2KChrome Headless 119.0.6045.159 (Linux x86_64): Executed 306 of 306 (1 FAILED) (3.66 secs / 3.6 secs)
2023-11-19T23:47:05.8957255Z Firefox 120.0 (Ubuntu 0.0.0): Executed 204 of 306 SUCCESS (0 secs / 1.482 secs)
2023-11-19T23:47:05.9971520Z [1A[2K[1A[2KChrome Headless 119.0.6045.159 (Linux x86_64): Executed 306 of 306 (1 FAILED) (3.66 secs / 3.6 secs)
2023-11-19T23:47:05.9973198Z Firefox 120.0 (Ubuntu 0.0.0): Executed 205 of 306 SUCCESS (0 secs / 1.584 secs)
2023-11-19T23:47:06.0989205Z [1A[2K[1A[2KChrome Headless 119.0.6045.159 (Linux x86_64): Executed 306 of 306 (1 FAILED) (3.66 secs / 3.6 secs)
2023-11-19T23:47:06.2007390Z Firefox 120.0 (Ubuntu 0.0.0): Executed 206 of 306 SUCCESS (0 secs / 1.685 secs)
2023-11-19T23:47:06.2010410Z [1A[2K[1A[2KChrome Headless 119.0.6045.159 (Linux x86_64): Executed 306 of 306 (1 FAILED) (3.66 secs / 3.6 secs)
2023-11-19T23:47:06.2012596Z Firefox 120.0 (Ubuntu 0.0.0): Executed 207 of 306 SUCCESS (0 secs / 1.787 secs)
2023-11-19T23:47:06.3022443Z [1A[2K[1A[2KChrome Headless 119.0.6045.159 (Linux x86_64): Executed 306 of 306 (1 FAILED) (3.66 secs / 3.6 secs)
2023-11-19T23:47:06.3024308Z Firefox 120.0 (Ubuntu 0.0.0): Executed 208 of 306 SUCCESS (0 secs / 1.889 secs)
2023-11-19T23:47:06.4040805Z [1A[2K[1A[2KChrome Headless 119.0.6045.159 (Linux x86_64): Executed 306 of 306 (1 FAILED) (3.66 secs / 3.6 secs)
2023-11-19T23:47:06.4042510Z Firefox 120.0 (Ubuntu 0.0.0): Executed 209 of 306 SUCCESS (0 secs / 1.99 secs)
2023-11-19T23:47:06.5060068Z [1A[2K[1A[2KChrome Headless 119.0.6045.159 (Linux x86_64): Executed 306 of 306 (1 FAILED) (3.66 secs / 3.6 secs)
2023-11-19T23:47:06.5062049Z Firefox 120.0 (Ubuntu 0.0.0): Executed 210 of 306 SUCCESS (0 secs / 2.091 secs)
2023-11-19T23:47:06.5068169Z [1A[2K[1A[2KChrome Headless 119.0.6045.159 (Linux x86_64): Executed 306 of 306 (1 FAILED) (3.66 secs / 3.6 secs)
2023-11-19T23:47:06.5069882Z Firefox 120.0 (Ubuntu 0.0.0): Executed 211 of 306 SUCCESS (0 secs / 2.092 secs)
2023-11-19T23:47:06.5091856Z [1A[2K[1A[2KChrome Headless 119.0.6045.159 (Linux x86_64): Executed 306 of 306 (1 FAILED) (3.66 secs / 3.6 secs)
2023-11-19T23:47:06.5093775Z Firefox 120.0 (Ubuntu 0.0.0): Executed 212 of 306 SUCCESS (0 secs / 2.095 secs)
2023-11-19T23:47:06.5096653Z [1A[2K[1A[2KChrome Headless 119.0.6045.159 (Linux x86_64): Executed 306 of 306 (1 FAILED) (3.66 secs / 3.6 secs)
2023-11-19T23:47:06.5098690Z Firefox 120.0 (Ubuntu 0.0.0): Executed 213 of 306 SUCCESS (0 secs / 2.096 secs)
2023-11-19T23:47:06.5100788Z [1A[2K[1A[2KChrome Headless 119.0.6045.159 (Linux x86_64): Executed 306 of 306 (1 FAILED) (3.66 secs / 3.6 secs)
2023-11-19T23:47:06.5102604Z Firefox 120.0 (Ubuntu 0.0.0): Executed 214 of 306 SUCCESS (0 secs / 2.096 secs)
2023-11-19T23:47:06.5104856Z [1A[2K[1A[2KChrome Headless 119.0.6045.159 (Linux x86_64): Executed 306 of 306 (1 FAILED) (3.66 secs / 3.6 secs)
2023-11-19T23:47:06.5106709Z Firefox 120.0 (Ubuntu 0.0.0): Executed 215 of 306 SUCCESS (0 secs / 2.096 secs)
2023-11-19T23:47:06.5108868Z [1A[2K[1A[2KChrome Headless 119.0.6045.159 (Linux x86_64): Executed 306 of 306 (1 FAILED) (3.66 secs / 3.6 secs)
2023-11-19T23:47:06.5110809Z Firefox 120.0 (Ubuntu 0.0.0): Executed 216 of 306 SUCCESS (0 secs / 2.096 secs)
2023-11-19T23:47:06.5113178Z [1A[2K[1A[2KChrome Headless 119.0.6045.159 (Linux x86_64): Executed 306 of 306 (1 FAILED) (3.66 secs / 3.6 secs)
2023-11-19T23:47:06.5114467Z Firefox 120.0 (Ubuntu 0.0.0): Executed 217 of 306 SUCCESS (0 secs / 2.096 secs)
2023-11-19T23:47:06.5120430Z [1A[2K[1A[2KChrome Headless 119.0.6045.159 (Linux x86_64): Executed 306 of 306 (1 FAILED) (3.66 secs / 3.6 secs)
2023-11-19T23:47:06.5122069Z Firefox 120.0 (Ubuntu 0.0.0): Executed 218 of 306 SUCCESS (0 secs / 2.097 secs)
2023-11-19T23:47:06.5128879Z [1A[2K[1A[2KChrome Headless 119.0.6045.159 (Linux x86_64): Executed 306 of 306 (1 FAILED) (3.66 secs / 3.6 secs)
2023-11-19T23:47:06.5130667Z Firefox 120.0 (Ubuntu 0.0.0): Executed 219 of 306 SUCCESS (0 secs / 2.097 secs)
2023-11-19T23:47:06.5133393Z [1A[2K[1A[2KChrome Headless 119.0.6045.159 (Linux x86_64): Executed 306 of 306 (1 FAILED) (3.66 secs / 3.6 secs)
2023-11-19T23:47:06.5135674Z Firefox 120.0 (Ubuntu 0.0.0): Executed 220 of 306 SUCCESS (0 secs / 2.097 secs)
2023-11-19T23:47:06.5137911Z [1A[2K[1A[2KChrome Headless 119.0.6045.159 (Linux x86_64): Executed 306 of 306 (1 FAILED) (3.66 secs / 3.6 secs)
2023-11-19T23:47:06.5139559Z Firefox 120.0 (Ubuntu 0.0.0): Executed 221 of 306 SUCCESS (0 secs / 2.098 secs)
2023-11-19T23:47:06.5141784Z [1A[2K[1A[2KChrome Headless 119.0.6045.159 (Linux x86_64): Executed 306 of 306 (1 FAILED) (3.66 secs / 3.6 secs)
2023-11-19T23:47:06.5143767Z Firefox 120.0 (Ubuntu 0.0.0): Executed 222 of 306 SUCCESS (0 secs / 2.098 secs)
2023-11-19T23:47:06.5145531Z [1A[2K[1A[2KChrome Headless 119.0.6045.159 (Linux x86_64): Executed 306 of 306 (1 FAILED) (3.66 secs / 3.6 secs)
2023-11-19T23:47:06.5146877Z Firefox 120.0 (Ubuntu 0.0.0): Executed 223 of 306 SUCCESS (0 secs / 2.098 secs)
2023-11-19T23:47:06.5149720Z [1A[2K[1A[2KChrome Headless 119.0.6045.159 (Linux x86_64): Executed 306 of 306 (1 FAILED) (3.66 secs / 3.6 secs)
2023-11-19T23:47:06.5151366Z Firefox 120.0 (Ubuntu 0.0.0): Executed 224 of 306 SUCCESS (0 secs / 2.099 secs)
2023-11-19T23:47:06.5155428Z [1A[2K[1A[2KChrome Headless 119.0.6045.159 (Linux x86_64): Executed 306 of 306 (1 FAILED) (3.66 secs / 3.6 secs)
2023-11-19T23:47:06.5157765Z Firefox 120.0 (Ubuntu 0.0.0): Executed 225 of 306 SUCCESS (0 secs / 2.1 secs)
2023-11-19T23:47:06.5159243Z [1A[2K[1A[2KChrome Headless 119.0.6045.159 (Linux x86_64): Executed 306 of 306 (1 FAILED) (3.66 secs / 3.6 secs)
2023-11-19T23:47:06.5161190Z Firefox 120.0 (Ubuntu 0.0.0): Executed 226 of 306 SUCCESS (0 secs / 2.1 secs)
2023-11-19T23:47:06.5163953Z [1A[2K[1A[2KChrome Headless 119.0.6045.159 (Linux x86_64): Executed 306 of 306 (1 FAILED) (3.66 secs / 3.6 secs)
2023-11-19T23:47:06.5165708Z Firefox 120.0 (Ubuntu 0.0.0): Executed 227 of 306 SUCCESS (0 secs / 2.101 secs)
2023-11-19T23:47:06.5168459Z [1A[2K[1A[2KChrome Headless 119.0.6045.159 (Linux x86_64): Executed 306 of 306 (1 FAILED) (3.66 secs / 3.6 secs)
2023-11-19T23:47:06.5169561Z Firefox 120.0 (Ubuntu 0.0.0): Executed 228 of 306 SUCCESS (0 secs / 2.101 secs)
2023-11-19T23:47:06.5173273Z [1A[2K[1A[2KChrome Headless 119.0.6045.159 (Linux x86_64): Executed 306 of 306 (1 FAILED) (3.66 secs / 3.6 secs)
2023-11-19T23:47:06.5174359Z Firefox 120.0 (Ubuntu 0.0.0): Executed 229 of 306 SUCCESS (0 secs / 2.101 secs)
2023-11-19T23:47:06.6182918Z [1A[2K[1A[2KChrome Headless 119.0.6045.159 (Linux x86_64): Executed 306 of 306 (1 FAILED) (3.66 secs / 3.6 secs)
2023-11-19T23:47:06.6185005Z Firefox 120.0 (Ubuntu 0.0.0): Executed 230 of 306 SUCCESS (0 secs / 2.201 secs)
2023-11-19T23:47:06.7240545Z [1A[2K[1A[2KChrome Headless 119.0.6045.159 (Linux x86_64): Executed 306 of 306 (1 FAILED) (3.66 secs / 3.6 secs)
2023-11-19T23:47:06.7242306Z Firefox 120.0 (Ubuntu 0.0.0): Executed 231 of 306 SUCCESS (0 secs / 2.302 secs)
2023-11-19T23:47:06.8198624Z [1A[2K[1A[2KChrome Headless 119.0.6045.159 (Linux x86_64): Executed 306 of 306 (1 FAILED) (3.66 secs / 3.6 secs)
2023-11-19T23:47:06.8200287Z Firefox 120.0 (Ubuntu 0.0.0): Executed 232 of 306 SUCCESS (0 secs / 2.402 secs)
2023-11-19T23:47:06.8220747Z [1A[2K[1A[2KChrome Headless 119.0.6045.159 (Linux x86_64): Executed 306 of 306 (1 FAILED) (3.66 secs / 3.6 secs)
2023-11-19T23:47:06.8222941Z Firefox 120.0 (Ubuntu 0.0.0): Executed 233 of 306 SUCCESS (0 secs / 2.403 secs)
2023-11-19T23:47:06.8230517Z [1A[2K[1A[2KChrome Headless 119.0.6045.159 (Linux x86_64): Executed 306 of 306 (1 FAILED) (3.66 secs / 3.6 secs)
2023-11-19T23:47:06.8232233Z Firefox 120.0 (Ubuntu 0.0.0): Executed 234 of 306 SUCCESS (0 secs / 2.403 secs)
2023-11-19T23:47:06.8235252Z [1A[2K[1A[2KChrome Headless 119.0.6045.159 (Linux x86_64): Executed 306 of 306 (1 FAILED) (3.66 secs / 3.6 secs)
2023-11-19T23:47:06.8244689Z Firefox 120.0 (Ubuntu 0.0.0): Executed 235 of 306 SUCCESS (0 secs / 2.404 secs)
2023-11-19T23:47:06.8246848Z [1A[2K[1A[2KChrome Headless 119.0.6045.159 (Linux x86_64): Executed 306 of 306 (1 FAILED) (3.66 secs / 3.6 secs)
2023-11-19T23:47:06.8249403Z Firefox 120.0 (Ubuntu 0.0.0): Executed 236 of 306 SUCCESS (0 secs / 2.404 secs)
2023-11-19T23:47:06.8259224Z [1A[2K[1A[2KChrome Headless 119.0.6045.159 (Linux x86_64): Executed 306 of 306 (1 FAILED) (3.66 secs / 3.6 secs)
2023-11-19T23:47:06.8261647Z Firefox 120.0 (Ubuntu 0.0.0): Executed 237 of 306 SUCCESS (0 secs / 2.404 secs)
2023-11-19T23:47:06.8270252Z [1A[2K[1A[2KChrome Headless 119.0.6045.159 (Linux x86_64): Executed 306 of 306 (1 FAILED) (3.66 secs / 3.6 secs)
2023-11-19T23:47:06.8271938Z Firefox 120.0 (Ubuntu 0.0.0): Executed 238 of 306 SUCCESS (0 secs / 2.404 secs)
2023-11-19T23:47:06.8273826Z [1A[2K[1A[2KChrome Headless 119.0.6045.159 (Linux x86_64): Executed 306 of 306 (1 FAILED) (3.66 secs / 3.6 secs)
2023-11-19T23:47:06.8275645Z Firefox 120.0 (Ubuntu 0.0.0): Executed 239 of 306 SUCCESS (0 secs / 2.405 secs)
2023-11-19T23:47:06.8511868Z [1A[2K[1A[2KChrome Headless 119.0.6045.159 (Linux x86_64): Executed 306 of 306 (1 FAILED) (3.66 secs / 3.6 secs)
2023-11-19T23:47:06.8513553Z Firefox 120.0 (Ubuntu 0.0.0): Executed 240 of 306 SUCCESS (0 secs / 2.43 secs)
2023-11-19T23:47:06.8517812Z [1A[2K[1A[2KChrome Headless 119.0.6045.159 (Linux x86_64): Executed 306 of 306 (1 FAILED) (3.66 secs / 3.6 secs)
2023-11-19T23:47:06.8519007Z Firefox 120.0 (Ubuntu 0.0.0): Executed 241 of 306 SUCCESS (0 secs / 2.431 secs)
2023-11-19T23:47:06.8525436Z [1A[2K[1A[2KChrome Headless 119.0.6045.159 (Linux x86_64): Executed 306 of 306 (1 FAILED) (3.66 secs / 3.6 secs)
2023-11-19T23:47:06.8526757Z Firefox 120.0 (Ubuntu 0.0.0): Executed 242 of 306 SUCCESS (0 secs / 2.432 secs)
2023-11-19T23:47:06.8530963Z [1A[2K[1A[2KChrome Headless 119.0.6045.159 (Linux x86_64): Executed 306 of 306 (1 FAILED) (3.66 secs / 3.6 secs)
2023-11-19T23:47:06.8532542Z Firefox 120.0 (Ubuntu 0.0.0): Executed 243 of 306 SUCCESS (0 secs / 2.432 secs)
2023-11-19T23:47:06.8536151Z [1A[2K[1A[2KChrome Headless 119.0.6045.159 (Linux x86_64): Executed 306 of 306 (1 FAILED) (3.66 secs / 3.6 secs)
2023-11-19T23:47:06.8537668Z Firefox 120.0 (Ubuntu 0.0.0): Executed 244 of 306 SUCCESS (0 secs / 2.432 secs)
2023-11-19T23:47:06.8541009Z [1A[2K[1A[2KChrome Headless 119.0.6045.159 (Linux x86_64): Executed 306 of 306 (1 FAILED) (3.66 secs / 3.6 secs)
2023-11-19T23:47:06.8542336Z Firefox 120.0 (Ubuntu 0.0.0): Executed 245 of 306 SUCCESS (0 secs / 2.432 secs)
2023-11-19T23:47:06.8545864Z [1A[2K[1A[2KChrome Headless 119.0.6045.159 (Linux x86_64): Executed 306 of 306 (1 FAILED) (3.66 secs / 3.6 secs)
2023-11-19T23:47:06.8547039Z Firefox 120.0 (Ubuntu 0.0.0): Executed 246 of 306 SUCCESS (0 secs / 2.433 secs)
2023-11-19T23:47:06.9558484Z [1A[2K[1A[2KChrome Headless 119.0.6045.159 (Linux x86_64): Executed 306 of 306 (1 FAILED) (3.66 secs / 3.6 secs)
2023-11-19T23:47:06.9560576Z Firefox 120.0 (Ubuntu 0.0.0): Executed 247 of 306 SUCCESS (0 secs / 2.533 secs)
2023-11-19T23:47:07.0573087Z [1A[2K[1A[2KChrome Headless 119.0.6045.159 (Linux x86_64): Executed 306 of 306 (1 FAILED) (3.66 secs / 3.6 secs)
2023-11-19T23:47:07.0574793Z Firefox 120.0 (Ubuntu 0.0.0): Executed 248 of 306 SUCCESS (0 secs / 2.635 secs)
2023-11-19T23:47:07.1591849Z [1A[2K[1A[2KChrome Headless 119.0.6045.159 (Linux x86_64): Executed 306 of 306 (1 FAILED) (3.66 secs / 3.6 secs)
2023-11-19T23:47:07.1594223Z Firefox 120.0 (Ubuntu 0.0.0): Executed 249 of 306 SUCCESS (0 secs / 2.736 secs)
2023-11-19T23:47:07.2607454Z [1A[2K[1A[2KChrome Headless 119.0.6045.159 (Linux x86_64): Executed 306 of 306 (1 FAILED) (3.66 secs / 3.6 secs)
2023-11-19T23:47:07.2609586Z Firefox 120.0 (Ubuntu 0.0.0): Executed 250 of 306 SUCCESS (0 secs / 2.838 secs)
2023-11-19T23:47:07.2616588Z [1A[2K[1A[2KChrome Headless 119.0.6045.159 (Linux x86_64): Executed 306 of 306 (1 FAILED) (3.66 secs / 3.6 secs)
2023-11-19T23:47:07.2618472Z Firefox 120.0 (Ubuntu 0.0.0): Executed 251 of 306 SUCCESS (0 secs / 2.839 secs)
2023-11-19T23:47:07.2623555Z [1A[2K[1A[2KChrome Headless 119.0.6045.159 (Linux x86_64): Executed 306 of 306 (1 FAILED) (3.66 secs / 3.6 secs)
2023-11-19T23:47:07.2625877Z Firefox 120.0 (Ubuntu 0.0.0): Executed 252 of 306 SUCCESS (0 secs / 2.839 secs)
2023-11-19T23:47:07.2627926Z [1A[2K[1A[2KChrome Headless 119.0.6045.159 (Linux x86_64): Executed 306 of 306 (1 FAILED) (3.66 secs / 3.6 secs)
2023-11-19T23:47:07.2629026Z Firefox 120.0 (Ubuntu 0.0.0): Executed 253 of 306 SUCCESS (0 secs / 2.841 secs)
2023-11-19T23:47:07.3642056Z [1A[2K[1A[2KChrome Headless 119.0.6045.159 (Linux x86_64): Executed 306 of 306 (1 FAILED) (3.66 secs / 3.6 secs)
2023-11-19T23:47:07.3643436Z Firefox 120.0 (Ubuntu 0.0.0): Executed 254 of 306 SUCCESS (0 secs / 2.941 secs)
2023-11-19T23:47:07.3649899Z [1A[2K[1A[2KChrome Headless 119.0.6045.159 (Linux x86_64): Executed 306 of 306 (1 FAILED) (3.66 secs / 3.6 secs)
2023-11-19T23:47:07.3651154Z Firefox 120.0 (Ubuntu 0.0.0): Executed 255 of 306 SUCCESS (0 secs / 2.942 secs)
2023-11-19T23:47:07.3655655Z [1A[2K[1A[2KChrome Headless 119.0.6045.159 (Linux x86_64): Executed 306 of 306 (1 FAILED) (3.66 secs / 3.6 secs)
2023-11-19T23:47:07.3657660Z Firefox 120.0 (Ubuntu 0.0.0): Executed 256 of 306 SUCCESS (0 secs / 2.942 secs)
2023-11-19T23:47:07.3663367Z [1A[2K[1A[2KChrome Headless 119.0.6045.159 (Linux x86_64): Executed 306 of 306 (1 FAILED) (3.66 secs / 3.6 secs)
2023-11-19T23:47:07.3665258Z Firefox 120.0 (Ubuntu 0.0.0): Executed 257 of 306 SUCCESS (0 secs / 2.943 secs)
2023-11-19T23:47:07.3667515Z [1A[2K[1A[2KChrome Headless 119.0.6045.159 (Linux x86_64): Executed 306 of 306 (1 FAILED) (3.66 secs / 3.6 secs)
2023-11-19T23:47:07.3669357Z Firefox 120.0 (Ubuntu 0.0.0): Executed 258 of 306 SUCCESS (0 secs / 2.943 secs)
2023-11-19T23:47:07.3671001Z [1A[2K[1A[2KChrome Headless 119.0.6045.159 (Linux x86_64): Executed 306 of 306 (1 FAILED) (3.66 secs / 3.6 secs)
2023-11-19T23:47:07.3672181Z Firefox 120.0 (Ubuntu 0.0.0): Executed 259 of 306 SUCCESS (0 secs / 2.944 secs)
2023-11-19T23:47:07.4684288Z [1A[2K[1A[2KChrome Headless 119.0.6045.159 (Linux x86_64): Executed 306 of 306 (1 FAILED) (3.66 secs / 3.6 secs)
2023-11-19T23:47:07.4686673Z Firefox 120.0 (Ubuntu 0.0.0): Executed 260 of 306 SUCCESS (0 secs / 3.044 secs)
2023-11-19T23:47:07.5701878Z [1A[2K[1A[2KChrome Headless 119.0.6045.159 (Linux x86_64): Executed 306 of 306 (1 FAILED) (3.66 secs / 3.6 secs)
2023-11-19T23:47:07.5703024Z Firefox 120.0 (Ubuntu 0.0.0): Executed 261 of 306 SUCCESS (0 secs / 3.146 secs)
2023-11-19T23:47:07.6718521Z [1A[2K[1A[2KChrome Headless 119.0.6045.159 (Linux x86_64): Executed 306 of 306 (1 FAILED) (3.66 secs / 3.6 secs)
2023-11-19T23:47:07.6720010Z Firefox 120.0 (Ubuntu 0.0.0): Executed 262 of 306 SUCCESS (0 secs / 3.246 secs)
2023-11-19T23:47:07.7735164Z [1A[2K[1A[2KChrome Headless 119.0.6045.159 (Linux x86_64): Executed 306 of 306 (1 FAILED) (3.66 secs / 3.6 secs)
2023-11-19T23:47:07.7744131Z Firefox 120.0 (Ubuntu 0.0.0): Executed 263 of 306 SUCCESS (0 secs / 3.348 secs)
2023-11-19T23:47:07.7747072Z [1A[2K[1A[2KChrome Headless 119.0.6045.159 (Linux x86_64): Executed 306 of 306 (1 FAILED) (3.66 secs / 3.6 secs)
2023-11-19T23:47:07.7748875Z Firefox 120.0 (Ubuntu 0.0.0): Executed 264 of 306 SUCCESS (0 secs / 3.348 secs)
2023-11-19T23:47:07.7751934Z [1A[2K[1A[2KChrome Headless 119.0.6045.159 (Linux x86_64): Executed 306 of 306 (1 FAILED) (3.66 secs / 3.6 secs)
2023-11-19T23:47:07.7753157Z Firefox 120.0 (Ubuntu 0.0.0): Executed 265 of 306 SUCCESS (0 secs / 3.349 secs)
2023-11-19T23:47:07.7758340Z [1A[2K[1A[2KChrome Headless 119.0.6045.159 (Linux x86_64): Executed 306 of 306 (1 FAILED) (3.66 secs / 3.6 secs)
2023-11-19T23:47:07.7760077Z Firefox 120.0 (Ubuntu 0.0.0): Executed 266 of 306 SUCCESS (0 secs / 3.349 secs)
2023-11-19T23:47:07.7762825Z [1A[2K[1A[2KChrome Headless 119.0.6045.159 (Linux x86_64): Executed 306 of 306 (1 FAILED) (3.66 secs / 3.6 secs)
2023-11-19T23:47:07.7764653Z Firefox 120.0 (Ubuntu 0.0.0): Executed 267 of 306 SUCCESS (0 secs / 3.349 secs)
2023-11-19T23:47:07.7766740Z [1A[2K[1A[2KChrome Headless 119.0.6045.159 (Linux x86_64): Executed 306 of 306 (1 FAILED) (3.66 secs / 3.6 secs)
2023-11-19T23:47:07.7768669Z Firefox 120.0 (Ubuntu 0.0.0): Executed 268 of 306 SUCCESS (0 secs / 3.35 secs)
2023-11-19T23:47:07.7770093Z [1A[2K[1A[2KChrome Headless 119.0.6045.159 (Linux x86_64): Executed 306 of 306 (1 FAILED) (3.66 secs / 3.6 secs)
2023-11-19T23:47:07.7771482Z Firefox 120.0 (Ubuntu 0.0.0): Executed 269 of 306 SUCCESS (0 secs / 3.35 secs)
2023-11-19T23:47:07.7777110Z [1A[2K[1A[2KChrome Headless 119.0.6045.159 (Linux x86_64): Executed 306 of 306 (1 FAILED) (3.66 secs / 3.6 secs)
2023-11-19T23:47:07.7778495Z Firefox 120.0 (Ubuntu 0.0.0): Executed 270 of 306 SUCCESS (0 secs / 3.35 secs)
2023-11-19T23:47:07.7782016Z [1A[2K[1A[2KChrome Headless 119.0.6045.159 (Linux x86_64): Executed 306 of 306 (1 FAILED) (3.66 secs / 3.6 secs)
2023-11-19T23:47:07.7783804Z Firefox 120.0 (Ubuntu 0.0.0): Executed 271 of 306 SUCCESS (0 secs / 3.35 secs)
2023-11-19T23:47:07.7791534Z [1A[2K[1A[2KChrome Headless 119.0.6045.159 (Linux x86_64): Executed 306 of 306 (1 FAILED) (3.66 secs / 3.6 secs)
2023-11-19T23:47:07.7793429Z Firefox 120.0 (Ubuntu 0.0.0): Executed 272 of 306 SUCCESS (0 secs / 3.351 secs)
2023-11-19T23:47:07.7796600Z [1A[2K[1A[2KChrome Headless 119.0.6045.159 (Linux x86_64): Executed 306 of 306 (1 FAILED) (3.66 secs / 3.6 secs)
2023-11-19T23:47:07.7798267Z Firefox 120.0 (Ubuntu 0.0.0): Executed 273 of 306 SUCCESS (0 secs / 3.351 secs)
2023-11-19T23:47:07.7802293Z [1A[2K[1A[2KChrome Headless 119.0.6045.159 (Linux x86_64): Executed 306 of 306 (1 FAILED) (3.66 secs / 3.6 secs)
2023-11-19T23:47:07.7804042Z Firefox 120.0 (Ubuntu 0.0.0): Executed 274 of 306 SUCCESS (0 secs / 3.351 secs)
2023-11-19T23:47:07.7805917Z [1A[2K[1A[2KChrome Headless 119.0.6045.159 (Linux x86_64): Executed 306 of 306 (1 FAILED) (3.66 secs / 3.6 secs)
2023-11-19T23:47:07.7807405Z Firefox 120.0 (Ubuntu 0.0.0): Executed 275 of 306 SUCCESS (0 secs / 3.351 secs)
2023-11-19T23:47:07.7809185Z [1A[2K[1A[2KChrome Headless 119.0.6045.159 (Linux x86_64): Executed 306 of 306 (1 FAILED) (3.66 secs / 3.6 secs)
2023-11-19T23:47:07.7810885Z Firefox 120.0 (Ubuntu 0.0.0): Executed 276 of 306 SUCCESS (0 secs / 3.351 secs)
2023-11-19T23:47:07.7814186Z [1A[2K[1A[2KChrome Headless 119.0.6045.159 (Linux x86_64): Executed 306 of 306 (1 FAILED) (3.66 secs / 3.6 secs)
2023-11-19T23:47:07.7815912Z Firefox 120.0 (Ubuntu 0.0.0): Executed 277 of 306 SUCCESS (0 secs / 3.351 secs)
2023-11-19T23:47:07.7817768Z [1A[2K[1A[2KChrome Headless 119.0.6045.159 (Linux x86_64): Executed 306 of 306 (1 FAILED) (3.66 secs / 3.6 secs)
2023-11-19T23:47:07.7819511Z Firefox 120.0 (Ubuntu 0.0.0): Executed 278 of 306 SUCCESS (0 secs / 3.351 secs)
2023-11-19T23:47:07.7821477Z [1A[2K[1A[2KChrome Headless 119.0.6045.159 (Linux x86_64): Executed 306 of 306 (1 FAILED) (3.66 secs / 3.6 secs)
2023-11-19T23:47:07.7823135Z Firefox 120.0 (Ubuntu 0.0.0): Executed 279 of 306 SUCCESS (0 secs / 3.351 secs)
2023-11-19T23:47:07.7827737Z [1A[2K[1A[2KChrome Headless 119.0.6045.159 (Linux x86_64): Executed 306 of 306 (1 FAILED) (3.66 secs / 3.6 secs)
2023-11-19T23:47:07.7829345Z Firefox 120.0 (Ubuntu 0.0.0): Executed 280 of 306 SUCCESS (0 secs / 3.351 secs)
2023-11-19T23:47:07.7831308Z [1A[2K[1A[2KChrome Headless 119.0.6045.159 (Linux x86_64): Executed 306 of 306 (1 FAILED) (3.66 secs / 3.6 secs)
2023-11-19T23:47:07.7832903Z Firefox 120.0 (Ubuntu 0.0.0): Executed 281 of 306 SUCCESS (0 secs / 3.352 secs)
2023-11-19T23:47:07.7834667Z [1A[2K[1A[2KChrome Headless 119.0.6045.159 (Linux x86_64): Executed 306 of 306 (1 FAILED) (3.66 secs / 3.6 secs)
2023-11-19T23:47:07.7836649Z Firefox 120.0 (Ubuntu 0.0.0): Executed 282 of 306 SUCCESS (0 secs / 3.352 secs)
2023-11-19T23:47:07.7838464Z [1A[2K[1A[2KChrome Headless 119.0.6045.159 (Linux x86_64): Executed 306 of 306 (1 FAILED) (3.66 secs / 3.6 secs)
2023-11-19T23:47:07.7840042Z Firefox 120.0 (Ubuntu 0.0.0): Executed 283 of 306 SUCCESS (0 secs / 3.352 secs)
2023-11-19T23:47:07.7841960Z [1A[2K[1A[2KChrome Headless 119.0.6045.159 (Linux x86_64): Executed 306 of 306 (1 FAILED) (3.66 secs / 3.6 secs)
2023-11-19T23:47:07.7843569Z Firefox 120.0 (Ubuntu 0.0.0): Executed 284 of 306 SUCCESS (0 secs / 3.352 secs)
2023-11-19T23:47:07.7845829Z [1A[2K[1A[2KChrome Headless 119.0.6045.159 (Linux x86_64): Executed 306 of 306 (1 FAILED) (3.66 secs / 3.6 secs)
2023-11-19T23:47:07.7847814Z Firefox 120.0 (Ubuntu 0.0.0): Executed 285 of 306 SUCCESS (0 secs / 3.352 secs)
2023-11-19T23:47:07.7849785Z [1A[2K[1A[2KChrome Headless 119.0.6045.159 (Linux x86_64): Executed 306 of 306 (1 FAILED) (3.66 secs / 3.6 secs)
2023-11-19T23:47:07.7851498Z Firefox 120.0 (Ubuntu 0.0.0): Executed 286 of 306 SUCCESS (0 secs / 3.353 secs)
2023-11-19T23:47:07.7853648Z [1A[2K[1A[2KChrome Headless 119.0.6045.159 (Linux x86_64): Executed 306 of 306 (1 FAILED) (3.66 secs / 3.6 secs)
2023-11-19T23:47:07.7855453Z Firefox 120.0 (Ubuntu 0.0.0): Executed 287 of 306 SUCCESS (0 secs / 3.353 secs)
2023-11-19T23:47:07.7857650Z [1A[2K[1A[2KChrome Headless 119.0.6045.159 (Linux x86_64): Executed 306 of 306 (1 FAILED) (3.66 secs / 3.6 secs)
2023-11-19T23:47:07.7859413Z Firefox 120.0 (Ubuntu 0.0.0): Executed 288 of 306 SUCCESS (0 secs / 3.353 secs)
2023-11-19T23:47:07.7861347Z [1A[2K[1A[2KChrome Headless 119.0.6045.159 (Linux x86_64): Executed 306 of 306 (1 FAILED) (3.66 secs / 3.6 secs)
2023-11-19T23:47:07.7863170Z Firefox 120.0 (Ubuntu 0.0.0): Executed 289 of 306 SUCCESS (0 secs / 3.353 secs)
2023-11-19T23:47:07.7865169Z [1A[2K[1A[2KChrome Headless 119.0.6045.159 (Linux x86_64): Executed 306 of 306 (1 FAILED) (3.66 secs / 3.6 secs)
2023-11-19T23:47:07.7866960Z Firefox 120.0 (Ubuntu 0.0.0): Executed 290 of 306 SUCCESS (0 secs / 3.353 secs)
2023-11-19T23:47:07.7869120Z [1A[2K[1A[2KChrome Headless 119.0.6045.159 (Linux x86_64): Executed 306 of 306 (1 FAILED) (3.66 secs / 3.6 secs)
2023-11-19T23:47:07.7870868Z Firefox 120.0 (Ubuntu 0.0.0): Executed 291 of 306 SUCCESS (0 secs / 3.353 secs)
2023-11-19T23:47:07.7872929Z [1A[2K[1A[2KChrome Headless 119.0.6045.159 (Linux x86_64): Executed 306 of 306 (1 FAILED) (3.66 secs / 3.6 secs)
2023-11-19T23:47:07.7874865Z Firefox 120.0 (Ubuntu 0.0.0): Executed 292 of 306 SUCCESS (0 secs / 3.353 secs)
2023-11-19T23:47:07.7878100Z [1A[2K[1A[2KChrome Headless 119.0.6045.159 (Linux x86_64): Executed 306 of 306 (1 FAILED) (3.66 secs / 3.6 secs)
2023-11-19T23:47:07.7879639Z Firefox 120.0 (Ubuntu 0.0.0): Executed 293 of 306 SUCCESS (0 secs / 3.353 secs)
2023-11-19T23:47:07.7881090Z [1A[2K[1A[2KChrome Headless 119.0.6045.159 (Linux x86_64): Executed 306 of 306 (1 FAILED) (3.66 secs / 3.6 secs)
2023-11-19T23:47:07.7882846Z Firefox 120.0 (Ubuntu 0.0.0): Executed 294 of 306 SUCCESS (0 secs / 3.353 secs)
2023-11-19T23:47:07.7884899Z [1A[2K[1A[2KChrome Headless 119.0.6045.159 (Linux x86_64): Executed 306 of 306 (1 FAILED) (3.66 secs / 3.6 secs)
2023-11-19T23:47:07.7886793Z Firefox 120.0 (Ubuntu 0.0.0): Executed 295 of 306 SUCCESS (0 secs / 3.353 secs)
2023-11-19T23:47:07.7889062Z [1A[2K[1A[2KChrome Headless 119.0.6045.159 (Linux x86_64): Executed 306 of 306 (1 FAILED) (3.66 secs / 3.6 secs)
2023-11-19T23:47:07.7890939Z Firefox 120.0 (Ubuntu 0.0.0): Executed 296 of 306 SUCCESS (0 secs / 3.353 secs)
2023-11-19T23:47:07.7892972Z [1A[2K[1A[2KChrome Headless 119.0.6045.159 (Linux x86_64): Executed 306 of 306 (1 FAILED) (3.66 secs / 3.6 secs)
2023-11-19T23:47:07.7894666Z Firefox 120.0 (Ubuntu 0.0.0): Executed 297 of 306 SUCCESS (0 secs / 3.353 secs)
2023-11-19T23:47:07.7896728Z [1A[2K[1A[2KChrome Headless 119.0.6045.159 (Linux x86_64): Executed 306 of 306 (1 FAILED) (3.66 secs / 3.6 secs)
2023-11-19T23:47:07.7898423Z Firefox 120.0 (Ubuntu 0.0.0): Executed 298 of 306 SUCCESS (0 secs / 3.354 secs)
2023-11-19T23:47:07.7900385Z [1A[2K[1A[2KChrome Headless 119.0.6045.159 (Linux x86_64): Executed 306 of 306 (1 FAILED) (3.66 secs / 3.6 secs)
2023-11-19T23:47:07.7902171Z Firefox 120.0 (Ubuntu 0.0.0): Executed 299 of 306 SUCCESS (0 secs / 3.354 secs)
2023-11-19T23:47:07.7904024Z [1A[2K[1A[2KChrome Headless 119.0.6045.159 (Linux x86_64): Executed 306 of 306 (1 FAILED) (3.66 secs / 3.6 secs)
2023-11-19T23:47:07.7905619Z Firefox 120.0 (Ubuntu 0.0.0): Executed 300 of 306 SUCCESS (0 secs / 3.354 secs)
2023-11-19T23:47:07.7908050Z [1A[2K[1A[2KChrome Headless 119.0.6045.159 (Linux x86_64): Executed 306 of 306 (1 FAILED) (3.66 secs / 3.6 secs)
2023-11-19T23:47:07.7909980Z Firefox 120.0 (Ubuntu 0.0.0): Executed 301 of 306 SUCCESS (0 secs / 3.355 secs)
2023-11-19T23:47:07.7916392Z [1A[2K[1A[2KChrome Headless 119.0.6045.159 (Linux x86_64): Executed 306 of 306 (1 FAILED) (3.66 secs / 3.6 secs)
2023-11-19T23:47:07.7918215Z Firefox 120.0 (Ubuntu 0.0.0): Executed 302 of 306 SUCCESS (0 secs / 3.356 secs)
2023-11-19T23:47:07.7919896Z [1A[2K[1A[2KChrome Headless 119.0.6045.159 (Linux x86_64): Executed 306 of 306 (1 FAILED) (3.66 secs / 3.6 secs)
2023-11-19T23:47:07.7921369Z Firefox 120.0 (Ubuntu 0.0.0): Executed 303 of 306 SUCCESS (0 secs / 3.356 secs)
2023-11-19T23:47:07.7923207Z [1A[2K[1A[2KChrome Headless 119.0.6045.159 (Linux x86_64): Executed 306 of 306 (1 FAILED) (3.66 secs / 3.6 secs)
2023-11-19T23:47:07.7924742Z Firefox 120.0 (Ubuntu 0.0.0): Executed 304 of 306 SUCCESS (0 secs / 3.358 secs)
2023-11-19T23:47:07.7926591Z [1A[2K[1A[2KChrome Headless 119.0.6045.159 (Linux x86_64): Executed 306 of 306 (1 FAILED) (3.66 secs / 3.6 secs)
2023-11-19T23:47:07.7928058Z Firefox 120.0 (Ubuntu 0.0.0): Executed 305 of 306 SUCCESS (0 secs / 3.358 secs)
2023-11-19T23:47:07.7929916Z [1A[2K[1A[2KFirefox 120.0 (Ubuntu 0.0.0) xsrf should set xsrf header for cross origin when using withCredentials FAILED
2023-11-19T23:47:07.7931343Z 	Expected undefined to equal '12345'.
2023-11-19T23:47:07.7932346Z 	@test/specs/xsrf.spec.js:78:69 <- test/specs/xsrf.spec.js:1279:71
2023-11-19T23:47:07.7933714Z Chrome Headless 119.0.6045.159 (Linux x86_64): Executed 306 of 306 (1 FAILED) (3.66 secs / 3.6 secs)
2023-11-19T23:47:07.7935244Z Firefox 120.0 (Ubuntu 0.0.0): Executed 306 of 306 (1 FAILED) (0 secs / 3.359 secs)
2023-11-19T23:47:07.7937030Z [1A[2K[1A[2KChrome Headless 119.0.6045.159 (Linux x86_64): Executed 306 of 306 (1 FAILED) (3.66 secs / 3.6 secs)
2023-11-19T23:47:07.7938542Z Firefox 120.0 (Ubuntu 0.0.0): Executed 306 of 306 (1 FAILED) (3.4 secs / 3.359 secs)
2023-11-19T23:47:07.7939551Z TOTAL: 2 FAILED, 610 SUCCESS
2023-11-19T23:47:07.8925457Z ##[error]The operation was canceled.
2023-11-19T23:47:07.9014184Z Post job cleanup.
2023-11-19T23:47:07.9855694Z [command]/usr/bin/git version
2023-11-19T23:47:07.9902565Z git version 2.42.0
2023-11-19T23:47:07.9945874Z Temporarily overriding HOME='/home/runner/work/_temp/c59ee8f5-96d1-434b-9095-ab5f15e0b616' before making global git config changes
2023-11-19T23:47:07.9948392Z Adding repository directory to the temporary git global config as a safe directory
2023-11-19T23:47:07.9953659Z [command]/usr/bin/git config --global --add safe.directory /home/runner/work/axios-microprint-example/axios-microprint-example
2023-11-19T23:47:07.9996959Z [command]/usr/bin/git config --local --name-only --get-regexp core\.sshCommand
2023-11-19T23:47:08.0042844Z [command]/usr/bin/git submodule foreach --recursive sh -c "git config --local --name-only --get-regexp 'core\.sshCommand' && git config --local --unset-all 'core.sshCommand' || :"
2023-11-19T23:47:08.0288139Z [command]/usr/bin/git config --local --name-only --get-regexp http\.https\:\/\/github\.com\/\.extraheader
2023-11-19T23:47:08.0329928Z [command]/usr/bin/git submodule foreach --recursive sh -c "git config --local --name-only --get-regexp 'http\.https\:\/\/github\.com\/\.extraheader' && git config --local --unset-all 'http.https://github.com/.extraheader' || :"
2023-11-19T23:47:08.0816889Z Cleaning up orphan processes
