2023-11-25T23:01:24.5187580Z Requested labels: ubuntu-latest
2023-11-25T23:01:24.5187770Z Job defined at: AlphaSteam/axios-microprint-example/.github/workflows/ci.yml@refs/heads/microprint_test
2023-11-25T23:01:24.5187879Z Waiting for a runner to pick up this job...
2023-11-25T23:01:25.3464563Z Job is waiting for a hosted runner to come online.
2023-11-25T23:01:29.3054245Z Job is about to start running on the hosted runner: GitHub Actions 2 (hosted)
2023-11-25T23:01:31.6756964Z Current runner version: '2.311.0'
2023-11-25T23:01:31.6781405Z ##[group]Operating System
2023-11-25T23:01:31.6782053Z Ubuntu
2023-11-25T23:01:31.6782410Z 22.04.3
2023-11-25T23:01:31.6782864Z LTS
2023-11-25T23:01:31.6783175Z ##[endgroup]
2023-11-25T23:01:31.6783562Z ##[group]Runner Image
2023-11-25T23:01:31.6784097Z Image: ubuntu-22.04
2023-11-25T23:01:31.6784473Z Version: 20231115.7.0
2023-11-25T23:01:31.6785580Z Included Software: https://github.com/actions/runner-images/blob/ubuntu22/20231115.7/images/ubuntu/Ubuntu2204-Readme.md
2023-11-25T23:01:31.6787237Z Image Release: https://github.com/actions/runner-images/releases/tag/ubuntu22%2F20231115.7
2023-11-25T23:01:31.6788154Z ##[endgroup]
2023-11-25T23:01:31.6788547Z ##[group]Runner Image Provisioner
2023-11-25T23:01:31.6789117Z 2.0.321.1
2023-11-25T23:01:31.6789475Z ##[endgroup]
2023-11-25T23:01:31.6790354Z ##[group]GITHUB_TOKEN Permissions
2023-11-25T23:01:31.6792077Z Contents: read
2023-11-25T23:01:31.6792516Z Metadata: read
2023-11-25T23:01:31.6793187Z ##[endgroup]
2023-11-25T23:01:31.6796277Z Secret source: Actions
2023-11-25T23:01:31.6797013Z Prepare workflow directory
2023-11-25T23:01:31.7424254Z Prepare all required actions
2023-11-25T23:01:31.7579585Z Getting action download info
2023-11-25T23:01:31.9709641Z Download action repository 'actions/checkout@v3' (SHA:f43a0e5ff2bd294095638e18286ca9a3d1956744)
2023-11-25T23:01:32.0807936Z Download action repository 'actions/setup-node@v3' (SHA:1a4442cacd436585916779262731d5b162bc6ec7)
2023-11-25T23:01:32.2924394Z Complete job name: build (20.x)
2023-11-25T23:01:32.4099013Z ##[group]Run actions/checkout@v3
2023-11-25T23:01:32.4099674Z with:
2023-11-25T23:01:32.4100122Z   persist-credentials: false
2023-11-25T23:01:32.4100797Z   repository: AlphaSteam/axios-microprint-example
2023-11-25T23:01:32.4101703Z   token: ***
2023-11-25T23:01:32.4102124Z   ssh-strict: true
2023-11-25T23:01:32.4102580Z   clean: true
2023-11-25T23:01:32.4103033Z   sparse-checkout-cone-mode: true
2023-11-25T23:01:32.4103570Z   fetch-depth: 1
2023-11-25T23:01:32.4104038Z   fetch-tags: false
2023-11-25T23:01:32.4104474Z   lfs: false
2023-11-25T23:01:32.4104860Z   submodules: false
2023-11-25T23:01:32.4105316Z   set-safe-directory: true
2023-11-25T23:01:32.4105795Z ##[endgroup]
2023-11-25T23:01:32.5690680Z Syncing repository: AlphaSteam/axios-microprint-example
2023-11-25T23:01:32.5692830Z ##[group]Getting Git version info
2023-11-25T23:01:32.5694104Z Working directory is '/home/runner/work/axios-microprint-example/axios-microprint-example'
2023-11-25T23:01:32.5695679Z [command]/usr/bin/git version
2023-11-25T23:01:32.5696273Z git version 2.42.0
2023-11-25T23:01:32.5698048Z ##[endgroup]
2023-11-25T23:01:32.5709397Z Temporarily overriding HOME='/home/runner/work/_temp/f967e200-b8b8-4de6-8769-3b351585d1f1' before making global git config changes
2023-11-25T23:01:32.5711214Z Adding repository directory to the temporary git global config as a safe directory
2023-11-25T23:01:32.5712951Z [command]/usr/bin/git config --global --add safe.directory /home/runner/work/axios-microprint-example/axios-microprint-example
2023-11-25T23:01:32.5734274Z Deleting the contents of '/home/runner/work/axios-microprint-example/axios-microprint-example'
2023-11-25T23:01:32.5737819Z ##[group]Initializing the repository
2023-11-25T23:01:32.5741521Z [command]/usr/bin/git init /home/runner/work/axios-microprint-example/axios-microprint-example
2023-11-25T23:01:32.5806183Z hint: Using 'master' as the name for the initial branch. This default branch name
2023-11-25T23:01:32.5808255Z hint: is subject to change. To configure the initial branch name to use in all
2023-11-25T23:01:32.5809956Z hint: of your new repositories, which will suppress this warning, call:
2023-11-25T23:01:32.5811272Z hint: 
2023-11-25T23:01:32.5812351Z hint: 	git config --global init.defaultBranch <name>
2023-11-25T23:01:32.5813789Z hint: 
2023-11-25T23:01:32.5815052Z hint: Names commonly chosen instead of 'master' are 'main', 'trunk' and
2023-11-25T23:01:32.5816976Z hint: 'development'. The just-created branch can be renamed via this command:
2023-11-25T23:01:32.5818452Z hint: 
2023-11-25T23:01:32.5818919Z hint: 	git branch -m <name>
2023-11-25T23:01:32.5820116Z Initialized empty Git repository in /home/runner/work/axios-microprint-example/axios-microprint-example/.git/
2023-11-25T23:01:32.5825955Z [command]/usr/bin/git remote add origin https://github.com/AlphaSteam/axios-microprint-example
2023-11-25T23:01:32.5865747Z ##[endgroup]
2023-11-25T23:01:32.5866562Z ##[group]Disabling automatic garbage collection
2023-11-25T23:01:32.5868726Z [command]/usr/bin/git config --local gc.auto 0
2023-11-25T23:01:32.5904424Z ##[endgroup]
2023-11-25T23:01:32.5905171Z ##[group]Setting up auth
2023-11-25T23:01:32.5910166Z [command]/usr/bin/git config --local --name-only --get-regexp core\.sshCommand
2023-11-25T23:01:32.5947420Z [command]/usr/bin/git submodule foreach --recursive sh -c "git config --local --name-only --get-regexp 'core\.sshCommand' && git config --local --unset-all 'core.sshCommand' || :"
2023-11-25T23:01:32.6244530Z [command]/usr/bin/git config --local --name-only --get-regexp http\.https\:\/\/github\.com\/\.extraheader
2023-11-25T23:01:32.6292234Z [command]/usr/bin/git submodule foreach --recursive sh -c "git config --local --name-only --get-regexp 'http\.https\:\/\/github\.com\/\.extraheader' && git config --local --unset-all 'http.https://github.com/.extraheader' || :"
2023-11-25T23:01:32.6541293Z [command]/usr/bin/git config --local http.https://github.com/.extraheader AUTHORIZATION: basic ***
2023-11-25T23:01:32.6584316Z ##[endgroup]
2023-11-25T23:01:32.6585535Z ##[group]Fetching the repository
2023-11-25T23:01:32.6593093Z [command]/usr/bin/git -c protocol.version=2 fetch --no-tags --prune --progress --no-recurse-submodules --depth=1 origin +760a288b66f7da38c3c6c65271b593d44b215bbf:refs/remotes/origin/microprint_test
2023-11-25T23:01:33.0417165Z remote: Enumerating objects: 292, done.        
2023-11-25T23:01:33.0418172Z remote: Counting objects:   0% (1/292)        
2023-11-25T23:01:33.0419367Z remote: Counting objects:   1% (3/292)        
2023-11-25T23:01:33.0420153Z remote: Counting objects:   2% (6/292)        
2023-11-25T23:01:33.0420934Z remote: Counting objects:   3% (9/292)        
2023-11-25T23:01:33.0421575Z remote: Counting objects:   4% (12/292)        
2023-11-25T23:01:33.0422229Z remote: Counting objects:   5% (15/292)        
2023-11-25T23:01:33.0422954Z remote: Counting objects:   6% (18/292)        
2023-11-25T23:01:33.0423604Z remote: Counting objects:   7% (21/292)        
2023-11-25T23:01:33.0424263Z remote: Counting objects:   8% (24/292)        
2023-11-25T23:01:33.0425006Z remote: Counting objects:   9% (27/292)        
2023-11-25T23:01:33.0425678Z remote: Counting objects:  10% (30/292)        
2023-11-25T23:01:33.0426292Z remote: Counting objects:  11% (33/292)        
2023-11-25T23:01:33.0427014Z remote: Counting objects:  12% (36/292)        
2023-11-25T23:01:33.0427689Z remote: Counting objects:  13% (38/292)        
2023-11-25T23:01:33.0428291Z remote: Counting objects:  14% (41/292)        
2023-11-25T23:01:33.0429025Z remote: Counting objects:  15% (44/292)        
2023-11-25T23:01:33.0429669Z remote: Counting objects:  16% (47/292)        
2023-11-25T23:01:33.0430268Z remote: Counting objects:  17% (50/292)        
2023-11-25T23:01:33.0430983Z remote: Counting objects:  18% (53/292)        
2023-11-25T23:01:33.0431620Z remote: Counting objects:  19% (56/292)        
2023-11-25T23:01:33.0432221Z remote: Counting objects:  20% (59/292)        
2023-11-25T23:01:33.0432947Z remote: Counting objects:  21% (62/292)        
2023-11-25T23:01:33.0433594Z remote: Counting objects:  22% (65/292)        
2023-11-25T23:01:33.0434190Z remote: Counting objects:  23% (68/292)        
2023-11-25T23:01:33.0434916Z remote: Counting objects:  24% (71/292)        
2023-11-25T23:01:33.0435580Z remote: Counting objects:  25% (73/292)        
2023-11-25T23:01:33.0436178Z remote: Counting objects:  26% (76/292)        
2023-11-25T23:01:33.0436896Z remote: Counting objects:  27% (79/292)        
2023-11-25T23:01:33.0438256Z remote: Counting objects:  28% (82/292)        
2023-11-25T23:01:33.0438913Z remote: Counting objects:  29% (85/292)        
2023-11-25T23:01:33.0439665Z remote: Counting objects:  30% (88/292)        
2023-11-25T23:01:33.0440319Z remote: Counting objects:  31% (91/292)        
2023-11-25T23:01:33.0440938Z remote: Counting objects:  32% (94/292)        
2023-11-25T23:01:33.0441637Z remote: Counting objects:  33% (97/292)        
2023-11-25T23:01:33.0442297Z remote: Counting objects:  34% (100/292)        
2023-11-25T23:01:33.0442975Z remote: Counting objects:  35% (103/292)        
2023-11-25T23:01:33.0443681Z remote: Counting objects:  36% (106/292)        
2023-11-25T23:01:33.0444352Z remote: Counting objects:  37% (109/292)        
2023-11-25T23:01:33.0445010Z remote: Counting objects:  38% (111/292)        
2023-11-25T23:01:33.0445683Z remote: Counting objects:  39% (114/292)        
2023-11-25T23:01:33.0446349Z remote: Counting objects:  40% (117/292)        
2023-11-25T23:01:33.0446993Z remote: Counting objects:  41% (120/292)        
2023-11-25T23:01:33.0447671Z remote: Counting objects:  42% (123/292)        
2023-11-25T23:01:33.0448336Z remote: Counting objects:  43% (126/292)        
2023-11-25T23:01:33.0448978Z remote: Counting objects:  44% (129/292)        
2023-11-25T23:01:33.0449660Z remote: Counting objects:  45% (132/292)        
2023-11-25T23:01:33.0450340Z remote: Counting objects:  46% (135/292)        
2023-11-25T23:01:33.0450998Z remote: Counting objects:  47% (138/292)        
2023-11-25T23:01:33.0451914Z remote: Counting objects:  48% (141/292)        
2023-11-25T23:01:33.0452603Z remote: Counting objects:  49% (144/292)        
2023-11-25T23:01:33.0453258Z remote: Counting objects:  50% (146/292)        
2023-11-25T23:01:33.0453960Z remote: Counting objects:  51% (149/292)        
2023-11-25T23:01:33.0454618Z remote: Counting objects:  52% (152/292)        
2023-11-25T23:01:33.0455260Z remote: Counting objects:  53% (155/292)        
2023-11-25T23:01:33.0455951Z remote: Counting objects:  54% (158/292)        
2023-11-25T23:01:33.0456606Z remote: Counting objects:  55% (161/292)        
2023-11-25T23:01:33.0457266Z remote: Counting objects:  56% (164/292)        
2023-11-25T23:01:33.0457942Z remote: Counting objects:  57% (167/292)        
2023-11-25T23:01:33.0458586Z remote: Counting objects:  58% (170/292)        
2023-11-25T23:01:33.0459276Z remote: Counting objects:  59% (173/292)        
2023-11-25T23:01:33.0459983Z remote: Counting objects:  60% (176/292)        
2023-11-25T23:01:33.0460610Z remote: Counting objects:  61% (179/292)        
2023-11-25T23:01:33.0461267Z remote: Counting objects:  62% (182/292)        
2023-11-25T23:01:33.0461969Z remote: Counting objects:  63% (184/292)        
2023-11-25T23:01:33.0462739Z remote: Counting objects:  64% (187/292)        
2023-11-25T23:01:33.0463373Z remote: Counting objects:  65% (190/292)        
2023-11-25T23:01:33.0464084Z remote: Counting objects:  66% (193/292)        
2023-11-25T23:01:33.0464747Z remote: Counting objects:  67% (196/292)        
2023-11-25T23:01:33.0465360Z remote: Counting objects:  68% (199/292)        
2023-11-25T23:01:33.0466071Z remote: Counting objects:  69% (202/292)        
2023-11-25T23:01:33.0466730Z remote: Counting objects:  70% (205/292)        
2023-11-25T23:01:33.0467360Z remote: Counting objects:  71% (208/292)        
2023-11-25T23:01:33.0468079Z remote: Counting objects:  72% (211/292)        
2023-11-25T23:01:33.0468746Z remote: Counting objects:  73% (214/292)        
2023-11-25T23:01:33.0469357Z remote: Counting objects:  74% (217/292)        
2023-11-25T23:01:33.0470069Z remote: Counting objects:  75% (219/292)        
2023-11-25T23:01:33.0470733Z remote: Counting objects:  76% (222/292)        
2023-11-25T23:01:33.0471341Z remote: Counting objects:  77% (225/292)        
2023-11-25T23:01:33.0472050Z remote: Counting objects:  78% (228/292)        
2023-11-25T23:01:33.0472711Z remote: Counting objects:  79% (231/292)        
2023-11-25T23:01:33.0473325Z remote: Counting objects:  80% (234/292)        
2023-11-25T23:01:33.0474230Z remote: Counting objects:  81% (237/292)        
2023-11-25T23:01:33.0474892Z remote: Counting objects:  82% (240/292)        
2023-11-25T23:01:33.0475500Z remote: Counting objects:  83% (243/292)        
2023-11-25T23:01:33.0476226Z remote: Counting objects:  84% (246/292)        
2023-11-25T23:01:33.0476867Z remote: Counting objects:  85% (249/292)        
2023-11-25T23:01:33.0477751Z remote: Counting objects:  86% (252/292)        
2023-11-25T23:01:33.0478491Z remote: Counting objects:  87% (255/292)        
2023-11-25T23:01:33.0633648Z remote: Counting objects:  88% (257/292)        
2023-11-25T23:01:33.0635045Z remote: Counting objects:  89% (260/292)        
2023-11-25T23:01:33.0636149Z remote: Counting objects:  90% (263/292)        
2023-11-25T23:01:33.0637022Z remote: Counting objects:  91% (266/292)        
2023-11-25T23:01:33.0638613Z remote: Counting objects:  92% (269/292)        
2023-11-25T23:01:33.0639560Z remote: Counting objects:  93% (272/292)        
2023-11-25T23:01:33.0640296Z remote: Counting objects:  94% (275/292)        
2023-11-25T23:01:33.0640985Z remote: Counting objects:  95% (278/292)        
2023-11-25T23:01:33.0641701Z remote: Counting objects:  96% (281/292)        
2023-11-25T23:01:33.0642419Z remote: Counting objects:  97% (284/292)        
2023-11-25T23:01:33.0643082Z remote: Counting objects:  98% (287/292)        
2023-11-25T23:01:33.0643826Z remote: Counting objects:  99% (290/292)        
2023-11-25T23:01:33.0644486Z remote: Counting objects: 100% (292/292)        
2023-11-25T23:01:33.0645436Z remote: Counting objects: 100% (292/292), done.        
2023-11-25T23:01:33.0646304Z remote: Compressing objects:   0% (1/266)        
2023-11-25T23:01:33.0646983Z remote: Compressing objects:   1% (3/266)        
2023-11-25T23:01:33.0647705Z remote: Compressing objects:   2% (6/266)        
2023-11-25T23:01:33.0648489Z remote: Compressing objects:   3% (8/266)        
2023-11-25T23:01:33.0649164Z remote: Compressing objects:   4% (11/266)        
2023-11-25T23:01:33.0649897Z remote: Compressing objects:   5% (14/266)        
2023-11-25T23:01:33.0650684Z remote: Compressing objects:   6% (16/266)        
2023-11-25T23:01:33.0651351Z remote: Compressing objects:   7% (19/266)        
2023-11-25T23:01:33.0652046Z remote: Compressing objects:   8% (22/266)        
2023-11-25T23:01:33.0652823Z remote: Compressing objects:   9% (24/266)        
2023-11-25T23:01:33.0653479Z remote: Compressing objects:  10% (27/266)        
2023-11-25T23:01:33.0654215Z remote: Compressing objects:  11% (30/266)        
2023-11-25T23:01:33.0719748Z remote: Compressing objects:  12% (32/266)        
2023-11-25T23:01:33.0720843Z remote: Compressing objects:  13% (35/266)        
2023-11-25T23:01:33.0721668Z remote: Compressing objects:  14% (38/266)        
2023-11-25T23:01:33.0722438Z remote: Compressing objects:  15% (40/266)        
2023-11-25T23:01:33.0723147Z remote: Compressing objects:  16% (43/266)        
2023-11-25T23:01:33.0723877Z remote: Compressing objects:  17% (46/266)        
2023-11-25T23:01:33.0724604Z remote: Compressing objects:  18% (48/266)        
2023-11-25T23:01:33.0725309Z remote: Compressing objects:  19% (51/266)        
2023-11-25T23:01:33.0726055Z remote: Compressing objects:  20% (54/266)        
2023-11-25T23:01:33.0726780Z remote: Compressing objects:  21% (56/266)        
2023-11-25T23:01:33.0727471Z remote: Compressing objects:  22% (59/266)        
2023-11-25T23:01:33.0728209Z remote: Compressing objects:  23% (62/266)        
2023-11-25T23:01:33.0728920Z remote: Compressing objects:  24% (64/266)        
2023-11-25T23:01:33.0729623Z remote: Compressing objects:  25% (67/266)        
2023-11-25T23:01:33.0730395Z remote: Compressing objects:  26% (70/266)        
2023-11-25T23:01:33.0731094Z remote: Compressing objects:  27% (72/266)        
2023-11-25T23:01:33.0731788Z remote: Compressing objects:  28% (75/266)        
2023-11-25T23:01:33.0732521Z remote: Compressing objects:  29% (78/266)        
2023-11-25T23:01:33.0733216Z remote: Compressing objects:  30% (80/266)        
2023-11-25T23:01:33.0734147Z remote: Compressing objects:  31% (83/266)        
2023-11-25T23:01:33.0734881Z remote: Compressing objects:  32% (86/266)        
2023-11-25T23:01:33.0776180Z remote: Compressing objects:  33% (88/266)        
2023-11-25T23:01:33.0777379Z remote: Compressing objects:  34% (91/266)        
2023-11-25T23:01:33.0778356Z remote: Compressing objects:  35% (94/266)        
2023-11-25T23:01:33.0779046Z remote: Compressing objects:  36% (96/266)        
2023-11-25T23:01:33.0779773Z remote: Compressing objects:  37% (99/266)        
2023-11-25T23:01:33.0780590Z remote: Compressing objects:  38% (102/266)        
2023-11-25T23:01:33.0781266Z remote: Compressing objects:  39% (104/266)        
2023-11-25T23:01:33.0781983Z remote: Compressing objects:  40% (107/266)        
2023-11-25T23:01:33.0782743Z remote: Compressing objects:  41% (110/266)        
2023-11-25T23:01:33.0783399Z remote: Compressing objects:  42% (112/266)        
2023-11-25T23:01:33.0784123Z remote: Compressing objects:  43% (115/266)        
2023-11-25T23:01:33.0784888Z remote: Compressing objects:  44% (118/266)        
2023-11-25T23:01:33.0785567Z remote: Compressing objects:  45% (120/266)        
2023-11-25T23:01:33.0786268Z remote: Compressing objects:  46% (123/266)        
2023-11-25T23:01:33.0787028Z remote: Compressing objects:  47% (126/266)        
2023-11-25T23:01:33.0787751Z remote: Compressing objects:  48% (128/266)        
2023-11-25T23:01:33.0788431Z remote: Compressing objects:  49% (131/266)        
2023-11-25T23:01:33.0789405Z remote: Compressing objects:  50% (133/266)        
2023-11-25T23:01:33.0790127Z remote: Compressing objects:  51% (136/266)        
2023-11-25T23:01:33.0790804Z remote: Compressing objects:  52% (139/266)        
2023-11-25T23:01:33.0791611Z remote: Compressing objects:  53% (141/266)        
2023-11-25T23:01:33.1046341Z remote: Compressing objects:  54% (144/266)        
2023-11-25T23:01:33.1047823Z remote: Compressing objects:  55% (147/266)        
2023-11-25T23:01:33.1049043Z remote: Compressing objects:  56% (149/266)        
2023-11-25T23:01:33.1050008Z remote: Compressing objects:  57% (152/266)        
2023-11-25T23:01:33.1050687Z remote: Compressing objects:  58% (155/266)        
2023-11-25T23:01:33.1051481Z remote: Compressing objects:  59% (157/266)        
2023-11-25T23:01:33.1052193Z remote: Compressing objects:  60% (160/266)        
2023-11-25T23:01:33.1053019Z remote: Compressing objects:  61% (163/266)        
2023-11-25T23:01:33.1053691Z remote: Compressing objects:  62% (165/266)        
2023-11-25T23:01:33.1054383Z remote: Compressing objects:  63% (168/266)        
2023-11-25T23:01:33.1055273Z remote: Compressing objects:  64% (171/266)        
2023-11-25T23:01:33.1055940Z remote: Compressing objects:  65% (173/266)        
2023-11-25T23:01:33.1056627Z remote: Compressing objects:  66% (176/266)        
2023-11-25T23:01:33.1057390Z remote: Compressing objects:  67% (179/266)        
2023-11-25T23:01:33.1058062Z remote: Compressing objects:  68% (181/266)        
2023-11-25T23:01:33.1058763Z remote: Compressing objects:  69% (184/266)        
2023-11-25T23:01:33.1059554Z remote: Compressing objects:  70% (187/266)        
2023-11-25T23:01:33.1060215Z remote: Compressing objects:  71% (189/266)        
2023-11-25T23:01:33.1181326Z remote: Compressing objects:  72% (192/266)        
2023-11-25T23:01:33.1183028Z remote: Compressing objects:  73% (195/266)        
2023-11-25T23:01:33.1184338Z remote: Compressing objects:  74% (197/266)        
2023-11-25T23:01:33.1185230Z remote: Compressing objects:  75% (200/266)        
2023-11-25T23:01:33.1186199Z remote: Compressing objects:  76% (203/266)        
2023-11-25T23:01:33.1187067Z remote: Compressing objects:  77% (205/266)        
2023-11-25T23:01:33.1188288Z remote: Compressing objects:  78% (208/266)        
2023-11-25T23:01:33.1189761Z remote: Compressing objects:  79% (211/266)        
2023-11-25T23:01:33.1190619Z remote: Compressing objects:  80% (213/266)        
2023-11-25T23:01:33.1191651Z remote: Compressing objects:  81% (216/266)        
2023-11-25T23:01:33.1192468Z remote: Compressing objects:  82% (219/266)        
2023-11-25T23:01:33.1193220Z remote: Compressing objects:  83% (221/266)        
2023-11-25T23:01:33.1193901Z remote: Compressing objects:  84% (224/266)        
2023-11-25T23:01:33.1194673Z remote: Compressing objects:  85% (227/266)        
2023-11-25T23:01:33.1195392Z remote: Compressing objects:  86% (229/266)        
2023-11-25T23:01:33.1196064Z remote: Compressing objects:  87% (232/266)        
2023-11-25T23:01:33.1196830Z remote: Compressing objects:  88% (235/266)        
2023-11-25T23:01:33.1197955Z remote: Compressing objects:  89% (237/266)        
2023-11-25T23:01:33.1198707Z remote: Compressing objects:  90% (240/266)        
2023-11-25T23:01:33.1199741Z remote: Compressing objects:  91% (243/266)        
2023-11-25T23:01:33.1200470Z remote: Compressing objects:  92% (245/266)        
2023-11-25T23:01:33.1201259Z remote: Compressing objects:  93% (248/266)        
2023-11-25T23:01:33.1202086Z remote: Compressing objects:  94% (251/266)        
2023-11-25T23:01:33.1202793Z remote: Compressing objects:  95% (253/266)        
2023-11-25T23:01:33.1203479Z remote: Compressing objects:  96% (256/266)        
2023-11-25T23:01:33.1204255Z remote: Compressing objects:  97% (259/266)        
2023-11-25T23:01:33.1204948Z remote: Compressing objects:  98% (261/266)        
2023-11-25T23:01:33.1205600Z remote: Compressing objects:  99% (264/266)        
2023-11-25T23:01:33.1206547Z remote: Compressing objects: 100% (266/266)        
2023-11-25T23:01:33.1207340Z remote: Compressing objects: 100% (266/266), done.        
2023-11-25T23:01:33.1222530Z Receiving objects:   0% (1/292)
2023-11-25T23:01:33.1223872Z Receiving objects:   1% (3/292)
2023-11-25T23:01:33.1224915Z Receiving objects:   2% (6/292)
2023-11-25T23:01:33.1225912Z Receiving objects:   3% (9/292)
2023-11-25T23:01:33.1226908Z Receiving objects:   4% (12/292)
2023-11-25T23:01:33.1227458Z Receiving objects:   5% (15/292)
2023-11-25T23:01:33.1378900Z Receiving objects:   6% (18/292)
2023-11-25T23:01:33.1380169Z Receiving objects:   7% (21/292)
2023-11-25T23:01:33.1385122Z Receiving objects:   8% (24/292)
2023-11-25T23:01:33.1390644Z Receiving objects:   9% (27/292)
2023-11-25T23:01:33.1569828Z Receiving objects:  10% (30/292)
2023-11-25T23:01:33.1571049Z Receiving objects:  11% (33/292)
2023-11-25T23:01:33.1572287Z Receiving objects:  12% (36/292)
2023-11-25T23:01:33.1573121Z Receiving objects:  13% (38/292)
2023-11-25T23:01:33.1574156Z Receiving objects:  14% (41/292)
2023-11-25T23:01:33.1766442Z Receiving objects:  15% (44/292)
2023-11-25T23:01:33.1773202Z Receiving objects:  16% (47/292)
2023-11-25T23:01:33.1807590Z Receiving objects:  17% (50/292)
2023-11-25T23:01:33.1948428Z Receiving objects:  18% (53/292)
2023-11-25T23:01:33.1954229Z Receiving objects:  19% (56/292)
2023-11-25T23:01:33.1955181Z Receiving objects:  20% (59/292)
2023-11-25T23:01:33.1956067Z Receiving objects:  21% (62/292)
2023-11-25T23:01:33.1959926Z Receiving objects:  22% (65/292)
2023-11-25T23:01:33.1960854Z Receiving objects:  23% (68/292)
2023-11-25T23:01:33.1961797Z Receiving objects:  24% (71/292)
2023-11-25T23:01:33.1962795Z Receiving objects:  25% (73/292)
2023-11-25T23:01:33.1963656Z Receiving objects:  26% (76/292)
2023-11-25T23:01:33.1964529Z Receiving objects:  27% (79/292)
2023-11-25T23:01:33.1965506Z Receiving objects:  28% (82/292)
2023-11-25T23:01:33.1966307Z Receiving objects:  29% (85/292)
2023-11-25T23:01:33.1967935Z Receiving objects:  30% (88/292)
2023-11-25T23:01:33.1969588Z Receiving objects:  31% (91/292)
2023-11-25T23:01:33.1970590Z Receiving objects:  32% (94/292)
2023-11-25T23:01:33.1971723Z Receiving objects:  33% (97/292)
2023-11-25T23:01:33.1972786Z Receiving objects:  34% (100/292)
2023-11-25T23:01:33.1973679Z Receiving objects:  35% (103/292)
2023-11-25T23:01:33.1974661Z Receiving objects:  36% (106/292)
2023-11-25T23:01:33.1975684Z Receiving objects:  37% (109/292)
2023-11-25T23:01:33.1976548Z Receiving objects:  38% (111/292)
2023-11-25T23:01:33.1977888Z Receiving objects:  39% (114/292)
2023-11-25T23:01:33.1978809Z Receiving objects:  40% (117/292)
2023-11-25T23:01:33.1979734Z Receiving objects:  41% (120/292)
2023-11-25T23:01:33.1980731Z Receiving objects:  42% (123/292)
2023-11-25T23:01:33.1981656Z Receiving objects:  43% (126/292)
2023-11-25T23:01:33.1982567Z Receiving objects:  44% (129/292)
2023-11-25T23:01:33.1983556Z Receiving objects:  45% (132/292)
2023-11-25T23:01:33.1984536Z Receiving objects:  46% (135/292)
2023-11-25T23:01:33.1985454Z Receiving objects:  47% (138/292)
2023-11-25T23:01:33.1986376Z Receiving objects:  48% (141/292)
2023-11-25T23:01:33.1987287Z Receiving objects:  49% (144/292)
2023-11-25T23:01:33.1988130Z Receiving objects:  50% (146/292)
2023-11-25T23:01:33.1989035Z Receiving objects:  51% (149/292)
2023-11-25T23:01:33.1989922Z Receiving objects:  52% (152/292)
2023-11-25T23:01:33.1991422Z Receiving objects:  53% (155/292)
2023-11-25T23:01:33.2001133Z Receiving objects:  54% (158/292)
2023-11-25T23:01:33.2005577Z Receiving objects:  55% (161/292)
2023-11-25T23:01:33.2038178Z Receiving objects:  56% (164/292)
2023-11-25T23:01:33.2412217Z Receiving objects:  57% (167/292)
2023-11-25T23:01:33.2412936Z Receiving objects:  58% (170/292)
2023-11-25T23:01:33.2652324Z Receiving objects:  59% (173/292)
2023-11-25T23:01:33.2653322Z Receiving objects:  60% (176/292)
2023-11-25T23:01:33.2654389Z Receiving objects:  61% (179/292)
2023-11-25T23:01:33.2655513Z Receiving objects:  62% (182/292)
2023-11-25T23:01:33.2656955Z Receiving objects:  63% (184/292)
2023-11-25T23:01:33.2658035Z Receiving objects:  64% (187/292)
2023-11-25T23:01:33.2659076Z Receiving objects:  65% (190/292)
2023-11-25T23:01:33.2660633Z remote: Total 292 (delta 41), reused 107 (delta 12), pack-reused 0        
2023-11-25T23:01:33.2661607Z Receiving objects:  66% (193/292)
2023-11-25T23:01:33.2662802Z Receiving objects:  67% (196/292)
2023-11-25T23:01:33.2663850Z Receiving objects:  68% (199/292)
2023-11-25T23:01:33.2664463Z Receiving objects:  69% (202/292)
2023-11-25T23:01:33.2665690Z Receiving objects:  70% (205/292)
2023-11-25T23:01:33.2666712Z Receiving objects:  71% (208/292)
2023-11-25T23:01:33.2667689Z Receiving objects:  72% (211/292)
2023-11-25T23:01:33.2668916Z Receiving objects:  73% (214/292)
2023-11-25T23:01:33.2670016Z Receiving objects:  74% (217/292)
2023-11-25T23:01:33.2670596Z Receiving objects:  75% (219/292)
2023-11-25T23:01:33.2671438Z Receiving objects:  76% (222/292)
2023-11-25T23:01:33.2672446Z Receiving objects:  77% (225/292)
2023-11-25T23:01:33.2673063Z Receiving objects:  78% (228/292)
2023-11-25T23:01:33.2674159Z Receiving objects:  79% (231/292)
2023-11-25T23:01:33.2675198Z Receiving objects:  80% (234/292)
2023-11-25T23:01:33.2676143Z Receiving objects:  81% (237/292)
2023-11-25T23:01:33.2677533Z Receiving objects:  82% (240/292)
2023-11-25T23:01:33.2678120Z Receiving objects:  83% (243/292)
2023-11-25T23:01:33.2678638Z Receiving objects:  84% (246/292)
2023-11-25T23:01:33.2679263Z Receiving objects:  85% (249/292)
2023-11-25T23:01:33.2679796Z Receiving objects:  86% (252/292)
2023-11-25T23:01:33.2680297Z Receiving objects:  87% (255/292)
2023-11-25T23:01:33.2680891Z Receiving objects:  88% (257/292)
2023-11-25T23:01:33.2681720Z Receiving objects:  89% (260/292)
2023-11-25T23:01:33.2682686Z Receiving objects:  90% (263/292)
2023-11-25T23:01:33.2683899Z Receiving objects:  91% (266/292)
2023-11-25T23:01:33.2684926Z Receiving objects:  92% (269/292)
2023-11-25T23:01:33.2685902Z Receiving objects:  93% (272/292)
2023-11-25T23:01:33.2686915Z Receiving objects:  94% (275/292)
2023-11-25T23:01:33.2687469Z Receiving objects:  95% (278/292)
2023-11-25T23:01:33.2688246Z Receiving objects:  96% (281/292)
2023-11-25T23:01:33.2689415Z Receiving objects:  97% (284/292)
2023-11-25T23:01:33.2690487Z Receiving objects:  98% (287/292)
2023-11-25T23:01:33.2691365Z Receiving objects:  99% (290/292)
2023-11-25T23:01:33.2692368Z Receiving objects: 100% (292/292)
2023-11-25T23:01:33.2693467Z Receiving objects: 100% (292/292), 925.01 KiB | 6.17 MiB/s, done.
2023-11-25T23:01:33.2695050Z Resolving deltas:   0% (0/41)
2023-11-25T23:01:33.2695807Z Resolving deltas:   2% (1/41)
2023-11-25T23:01:33.2696332Z Resolving deltas:   4% (2/41)
2023-11-25T23:01:33.2707609Z Resolving deltas:   7% (3/41)
2023-11-25T23:01:33.2711833Z Resolving deltas:  12% (5/41)
2023-11-25T23:01:33.2712662Z Resolving deltas:  14% (6/41)
2023-11-25T23:01:33.2720820Z Resolving deltas:  17% (7/41)
2023-11-25T23:01:33.2721697Z Resolving deltas:  19% (8/41)
2023-11-25T23:01:33.2722604Z Resolving deltas:  21% (9/41)
2023-11-25T23:01:33.2723590Z Resolving deltas:  24% (10/41)
2023-11-25T23:01:33.2724368Z Resolving deltas:  26% (11/41)
2023-11-25T23:01:33.2725177Z Resolving deltas:  29% (12/41)
2023-11-25T23:01:33.2726088Z Resolving deltas:  34% (14/41)
2023-11-25T23:01:33.2726835Z Resolving deltas:  36% (15/41)
2023-11-25T23:01:33.2736434Z Resolving deltas:  39% (16/41)
2023-11-25T23:01:33.2749078Z Resolving deltas:  41% (17/41)
2023-11-25T23:01:33.2760014Z Resolving deltas:  43% (18/41)
2023-11-25T23:01:33.2760849Z Resolving deltas:  46% (19/41)
2023-11-25T23:01:33.2761801Z Resolving deltas:  48% (20/41)
2023-11-25T23:01:33.2763700Z Resolving deltas:  51% (21/41)
2023-11-25T23:01:33.2771017Z Resolving deltas:  53% (22/41)
2023-11-25T23:01:33.2772198Z Resolving deltas:  56% (23/41)
2023-11-25T23:01:33.2773137Z Resolving deltas:  58% (24/41)
2023-11-25T23:01:33.2773967Z Resolving deltas:  60% (25/41)
2023-11-25T23:01:33.2774885Z Resolving deltas:  63% (26/41)
2023-11-25T23:01:33.2776018Z Resolving deltas:  65% (27/41)
2023-11-25T23:01:33.2776978Z Resolving deltas:  68% (28/41)
2023-11-25T23:01:33.2777906Z Resolving deltas:  70% (29/41)
2023-11-25T23:01:33.2778516Z Resolving deltas:  73% (30/41)
2023-11-25T23:01:33.2779039Z Resolving deltas:  75% (31/41)
2023-11-25T23:01:33.2779693Z Resolving deltas:  78% (32/41)
2023-11-25T23:01:33.2780202Z Resolving deltas:  80% (33/41)
2023-11-25T23:01:33.2780740Z Resolving deltas:  82% (34/41)
2023-11-25T23:01:33.2781288Z Resolving deltas:  85% (35/41)
2023-11-25T23:01:33.2781905Z Resolving deltas:  87% (36/41)
2023-11-25T23:01:33.2782671Z Resolving deltas:  90% (37/41)
2023-11-25T23:01:33.2783549Z Resolving deltas:  92% (38/41)
2023-11-25T23:01:33.2784170Z Resolving deltas:  95% (39/41)
2023-11-25T23:01:33.2784687Z Resolving deltas:  97% (40/41)
2023-11-25T23:01:33.2785218Z Resolving deltas: 100% (41/41)
2023-11-25T23:01:33.2785731Z Resolving deltas: 100% (41/41), done.
2023-11-25T23:01:33.2855988Z From https://github.com/AlphaSteam/axios-microprint-example
2023-11-25T23:01:33.2857401Z  * [new ref]         760a288b66f7da38c3c6c65271b593d44b215bbf -> origin/microprint_test
2023-11-25T23:01:33.2882485Z ##[endgroup]
2023-11-25T23:01:33.2884073Z ##[group]Determining the checkout info
2023-11-25T23:01:33.2885786Z ##[endgroup]
2023-11-25T23:01:33.2887024Z ##[group]Checking out the ref
2023-11-25T23:01:33.2891367Z [command]/usr/bin/git checkout --progress --force -B microprint_test refs/remotes/origin/microprint_test
2023-11-25T23:01:33.3224264Z Switched to a new branch 'microprint_test'
2023-11-25T23:01:33.3225773Z branch 'microprint_test' set up to track 'origin/microprint_test'.
2023-11-25T23:01:33.3234191Z ##[endgroup]
2023-11-25T23:01:33.3288603Z [command]/usr/bin/git log -1 --format='%H'
2023-11-25T23:01:33.3326523Z '760a288b66f7da38c3c6c65271b593d44b215bbf'
2023-11-25T23:01:33.3337962Z ##[group]Removing auth
2023-11-25T23:01:33.3342697Z [command]/usr/bin/git config --local --name-only --get-regexp core\.sshCommand
2023-11-25T23:01:33.3383824Z [command]/usr/bin/git submodule foreach --recursive sh -c "git config --local --name-only --get-regexp 'core\.sshCommand' && git config --local --unset-all 'core.sshCommand' || :"
2023-11-25T23:01:33.3648474Z [command]/usr/bin/git config --local --name-only --get-regexp http\.https\:\/\/github\.com\/\.extraheader
2023-11-25T23:01:33.3677464Z http.https://github.com/.extraheader
2023-11-25T23:01:33.3685920Z [command]/usr/bin/git config --local --unset-all http.https://github.com/.extraheader
2023-11-25T23:01:33.3724704Z [command]/usr/bin/git submodule foreach --recursive sh -c "git config --local --name-only --get-regexp 'http\.https\:\/\/github\.com\/\.extraheader' && git config --local --unset-all 'http.https://github.com/.extraheader' || :"
2023-11-25T23:01:33.3955168Z ##[endgroup]
2023-11-25T23:01:33.4248187Z ##[group]Run actions/setup-node@v3
2023-11-25T23:01:33.4248694Z with:
2023-11-25T23:01:33.4248990Z   node-version: 20.x
2023-11-25T23:01:33.4249469Z   cache: npm
2023-11-25T23:01:33.4249820Z   always-auth: false
2023-11-25T23:01:33.4250155Z   check-latest: false
2023-11-25T23:01:33.4250752Z   token: ***
2023-11-25T23:01:33.4251086Z ##[endgroup]
2023-11-25T23:01:33.6262445Z Found in cache @ /opt/hostedtoolcache/node/20.9.0/x64
2023-11-25T23:01:33.6271718Z ##[group]Environment details
2023-11-25T23:01:34.0562801Z node: v20.9.0
2023-11-25T23:01:34.0564128Z npm: 10.1.0
2023-11-25T23:01:34.0564761Z yarn: 1.22.21
2023-11-25T23:01:34.0565985Z ##[endgroup]
2023-11-25T23:01:34.0578270Z [command]/opt/hostedtoolcache/node/20.9.0/x64/bin/npm config get cache
2023-11-25T23:01:34.3122693Z /home/runner/.npm
2023-11-25T23:01:34.6759904Z npm cache is not found
2023-11-25T23:01:34.6923460Z ##[group]Run npm ci
2023-11-25T23:01:34.6923909Z [36;1mnpm ci[0m
2023-11-25T23:01:34.7000441Z shell: /usr/bin/bash -e {0}
2023-11-25T23:01:34.7000989Z ##[endgroup]
2023-11-25T23:01:45.0463116Z npm WARN deprecated resolve-url@0.2.1: https://github.com/lydell/resolve-url#deprecated
2023-11-25T23:01:45.0603448Z npm WARN deprecated har-validator@5.1.5: this library is no longer supported
2023-11-25T23:01:45.1218383Z npm WARN deprecated source-map-url@0.4.1: See https://github.com/lydell/source-map-url#deprecated
2023-11-25T23:01:45.5099077Z npm WARN deprecated urix@0.1.0: Please see https://github.com/lydell/urix#deprecated
2023-11-25T23:01:45.5344075Z npm WARN deprecated source-map-resolve@0.5.3: See https://github.com/lydell/source-map-resolve#deprecated
2023-11-25T23:01:45.7246537Z npm WARN deprecated querystring@0.2.0: The querystring API is considered Legacy. new code should use the URLSearchParams API instead.
2023-11-25T23:01:45.9964315Z npm WARN deprecated uuid@3.4.0: Please upgrade  to version 7 or higher.  Older versions may use Math.random() in certain circumstances, which is known to be problematic.  See https://v8.dev/blog/math-random for details.
2023-11-25T23:01:46.1562139Z npm WARN deprecated samsam@1.3.0: This package has been deprecated in favour of @sinonjs/samsam
2023-11-25T23:01:46.4010740Z npm WARN deprecated chokidar@2.1.8: Chokidar 2 does not receive security updates since 2019. Upgrade to chokidar 3 with 15x fewer dependencies
2023-11-25T23:01:46.4746570Z npm WARN deprecated chokidar@2.1.8: Chokidar 2 does not receive security updates since 2019. Upgrade to chokidar 3 with 15x fewer dependencies
2023-11-25T23:01:47.0805169Z npm WARN deprecated request@2.88.2: request has been deprecated, see https://github.com/request/request/issues/3142
2023-11-25T23:01:47.9484644Z npm WARN deprecated tar@2.2.2: This version of tar is no longer supported, and will not receive security updates. Please upgrade asap.
2023-11-25T23:01:49.1711394Z npm WARN deprecated core-js@2.6.12: core-js@<3.4 is no longer maintained and not recommended for usage due to the number of issues. Because of the V8 engine whims, feature detection in old core-js versions could cause a slowdown up to 100x even if nothing is polyfilled. Please, upgrade your dependencies to the actual version of core-js.
2023-11-25T23:01:51.0397270Z 
2023-11-25T23:01:51.0398564Z > axios@1.6.0 prepare
2023-11-25T23:01:51.0399763Z > husky install && npm run prepare:hooks
2023-11-25T23:01:51.0400660Z 
2023-11-25T23:01:51.0880298Z husky - Git hooks installed
2023-11-25T23:01:51.3253611Z 
2023-11-25T23:01:51.3254291Z > axios@1.6.0 prepare:hooks
2023-11-25T23:01:51.3255979Z > npx husky set .husky/commit-msg "npx commitlint --edit $1"
2023-11-25T23:01:51.3256786Z 
2023-11-25T23:01:51.6923455Z husky - created .husky/commit-msg
2023-11-25T23:01:51.7355145Z 
2023-11-25T23:01:51.7356650Z added 2053 packages, and audited 2054 packages in 17s
2023-11-25T23:01:51.7358256Z 
2023-11-25T23:01:51.7358740Z 197 packages are looking for funding
2023-11-25T23:01:51.7359531Z   run `npm fund` for details
2023-11-25T23:01:51.7632354Z 
2023-11-25T23:01:51.7633681Z 47 vulnerabilities (17 moderate, 28 high, 2 critical)
2023-11-25T23:01:51.7634819Z 
2023-11-25T23:01:51.7635491Z To address issues that do not require attention, run:
2023-11-25T23:01:51.7636704Z   npm audit fix
2023-11-25T23:01:51.7637342Z 
2023-11-25T23:01:51.7637884Z To address all issues possible (including breaking changes), run:
2023-11-25T23:01:51.7638794Z   npm audit fix --force
2023-11-25T23:01:51.7639111Z 
2023-11-25T23:01:51.7639994Z Some issues need review, and may require choosing
2023-11-25T23:01:51.7640822Z a different dependency.
2023-11-25T23:01:51.7641173Z 
2023-11-25T23:01:51.7641634Z Run `npm audit` for details.
2023-11-25T23:01:51.8213089Z ##[group]Run npm test
2023-11-25T23:01:51.8213588Z [36;1mnpm test[0m
2023-11-25T23:01:51.8276594Z shell: /usr/bin/bash -e {0}
2023-11-25T23:01:51.8277004Z ##[endgroup]
2023-11-25T23:01:52.1103753Z 
2023-11-25T23:01:52.1104409Z > axios@1.6.0 test
2023-11-25T23:01:52.1106327Z > npm run test:eslint && npm run test:mocha && npm run test:karma && npm run test:dtslint && npm run test:exports
2023-11-25T23:01:52.1107362Z 
2023-11-25T23:01:52.3480428Z 
2023-11-25T23:01:52.3480919Z > axios@1.6.0 test:eslint
2023-11-25T23:01:52.3482085Z > node bin/ssl_hotfix.js eslint lib/**/*.js
2023-11-25T23:01:52.3482777Z 
2023-11-25T23:01:52.3822028Z Running eslint lib/adapters/adapters.js lib/adapters/http.js lib/adapters/xhr.js lib/cancel/CancelToken.js lib/cancel/CanceledError.js lib/cancel/isCancel.js lib/core/Axios.js lib/core/AxiosError.js lib/core/AxiosHeaders.js lib/core/InterceptorManager.js lib/core/buildFullPath.js lib/core/dispatchRequest.js lib/core/mergeConfig.js lib/core/settle.js lib/core/transformData.js lib/defaults/index.js lib/defaults/transitional.js lib/env/data.js lib/helpers/AxiosTransformStream.js lib/helpers/AxiosURLSearchParams.js lib/helpers/HttpStatusCode.js lib/helpers/ZlibHeaderTransformStream.js lib/helpers/bind.js lib/helpers/buildURL.js lib/helpers/callbackify.js lib/helpers/combineURLs.js lib/helpers/cookies.js lib/helpers/deprecatedMethod.js lib/helpers/formDataToJSON.js lib/helpers/formDataToStream.js lib/helpers/fromDataURI.js lib/helpers/isAbsoluteURL.js lib/helpers/isAxiosError.js lib/helpers/isURLSameOrigin.js lib/helpers/null.js lib/helpers/parseHeaders.js lib/helpers/parseProtocol.js lib/helpers/readBlob.js lib/helpers/speedometer.js lib/helpers/spread.js lib/helpers/throttle.js lib/helpers/toFormData.js lib/helpers/toURLEncodedForm.js lib/helpers/validator.js lib/platform/index.js on v20.9.0
2023-11-25T23:01:52.3834308Z Setting --openssl-legacy-provider as ssl hotfix
2023-11-25T23:01:52.3834820Z 
2023-11-25T23:01:53.3064261Z 
2023-11-25T23:01:53.3065299Z > axios@1.6.0 test:mocha
2023-11-25T23:01:53.3066864Z > node bin/ssl_hotfix.js mocha test/unit/**/*.js --timeout 30000 --exit
2023-11-25T23:01:53.3067783Z 
2023-11-25T23:01:53.3408551Z Running mocha test/unit/adapters/adapters.js test/unit/adapters/http.js test/unit/core/AxiosHeaders.js test/unit/defaults/transformReponse.js test/unit/helpers/fromDataURI.js test/unit/helpers/parseProtocol.js test/unit/regression/SNYK-JS-AXIOS-1038255.js test/unit/regression/bugs.js test/unit/utils/utils.js --timeout 30000 --exit on v20.9.0
2023-11-25T23:01:53.3412275Z Setting --openssl-legacy-provider as ssl hotfix
2023-11-25T23:01:53.3412797Z 
2023-11-25T23:01:53.6861657Z 
2023-11-25T23:01:53.6867931Z 
2023-11-25T23:01:53.6872627Z   adapters
2023-11-25T23:01:53.6884468Z     ✔ should support loading by fn handle
2023-11-25T23:01:53.6886892Z     ✔ should support loading by name
2023-11-25T23:01:53.6894596Z     ✔ should detect adapter unavailable status
2023-11-25T23:01:53.6896972Z     ✔ should detect adapter unsupported status
2023-11-25T23:01:53.6900109Z     ✔ should pick suitable adapter from the list
2023-11-25T23:01:53.6901542Z 
2023-11-25T23:01:53.6906598Z   supports http with nodejs
2023-11-25T23:01:54.0038518Z     ✔ should throw an error if the timeout property is not parsable as a number (313ms)
2023-11-25T23:01:54.3078067Z     ✔ should parse the timeout property (302ms)
2023-11-25T23:01:54.6097341Z     ✔ should respect the timeout property (302ms)
2023-11-25T23:01:54.9123227Z     ✔ should respect the timeoutErrorMessage property (302ms)
2023-11-25T23:01:54.9176871Z     ✔ should allow passing JSON
2023-11-25T23:01:54.9202987Z     ✔ should allow passing JSON with BOM
2023-11-25T23:01:54.9245963Z     ✔ should redirect
2023-11-25T23:01:54.9268576Z     ✔ should not redirect
2023-11-25T23:01:54.9327274Z     ✔ should support max redirects
2023-11-25T23:01:54.9349323Z     ✔ should support beforeRedirect
2023-11-25T23:01:54.9488531Z     ✔ should support beforeRedirect and proxy with redirect
2023-11-25T23:01:54.9518912Z     ✔ should preserve the HTTP verb on redirect
2023-11-25T23:01:54.9565597Z     ✔ should support UTF8
2023-11-25T23:01:54.9587250Z     ✔ should support basic auth
2023-11-25T23:01:54.9607766Z     ✔ should support basic auth with a header
2023-11-25T23:01:54.9626872Z     ✔ should provides a default User-Agent header
2023-11-25T23:01:54.9644280Z     ✔ should allow the User-Agent header to be overridden
2023-11-25T23:01:54.9663060Z     ✔ should allow the Content-Length header to be overridden
2023-11-25T23:01:54.9687617Z     ✔ should support max content length
2023-11-25T23:01:55.0704268Z     ✔ should support max content length for redirected (102ms)
2023-11-25T23:01:55.1737964Z     ✔ should support max body length (103ms)
2023-11-25T23:01:55.5227058Z     ✔ should properly support default max body length (follow-redirects as well) (349ms)
2023-11-25T23:01:55.5240274Z     ✔ should display error while parsing params
2023-11-25T23:01:55.5258106Z     ✔ should support sockets
2023-11-25T23:01:55.5279937Z     ✔ should support buffers
2023-11-25T23:01:55.5305555Z     ✔ should support HTTP proxies
2023-11-25T23:01:55.5666843Z     ✔ should support HTTPS proxies
2023-11-25T23:01:55.5686221Z     ✔ should not pass through disabled proxy
2023-11-25T23:01:55.5708933Z     ✔ should support proxy set via env var
2023-11-25T23:01:55.5807619Z     ✔ should support HTTPS proxy set via env var
2023-11-25T23:01:55.5835947Z     ✔ should re-evaluate proxy on redirect when proxy set via env var
2023-11-25T23:01:55.5851849Z     ✔ should not use proxy for domains in no_proxy
2023-11-25T23:01:55.5873295Z     ✔ should use proxy for domains not in no_proxy
2023-11-25T23:01:55.5895937Z     ✔ should support HTTP proxy auth
2023-11-25T23:01:55.5918723Z     ✔ should support proxy auth from env
2023-11-25T23:01:55.5941128Z     ✔ should support proxy auth with header
2023-11-25T23:01:55.5956659Z     ✔ should support cancel
2023-11-25T23:01:55.5977936Z     ✔ should combine baseURL and url
2023-11-25T23:01:56.6012138Z     ✔ should support HTTP protocol (1002ms)
2023-11-25T23:01:56.7152271Z     ✔ should support HTTPS protocol (113ms)
2023-11-25T23:01:57.0155990Z     ✔ should return malformed URL (300ms)
2023-11-25T23:01:57.3170095Z     ✔ should return unsupported protocol (301ms)
2023-11-25T23:01:57.3187389Z     ✔ should supply a user-agent if one is not specified
2023-11-25T23:01:57.3202056Z     ✔ should omit a user-agent if one is explicitly disclaimed
2023-11-25T23:01:57.5219019Z     ✔ should throw an error if http server that aborts a chunked request (201ms)
2023-11-25T23:01:57.5241616Z     ✔ should able to cancel multiple requests with CancelToken
2023-11-25T23:01:57.5283290Z     ✔ should respect formSerializer config
2023-11-25T23:01:57.5288877Z     ✔ should properly handle synchronous errors inside the adapter
2023-11-25T23:01:57.5303679Z     ✔ should support function as paramsSerializer value
2023-11-25T23:01:57.5306734Z     compression
2023-11-25T23:01:57.5326898Z       ✔ should support transparent gunzip
2023-11-25T23:01:57.5346475Z       ✔ should support gunzip error handling
2023-11-25T23:01:57.5365137Z       ✔ should support disabling automatic decompression of response data
2023-11-25T23:01:57.5370932Z       algorithms
2023-11-25T23:01:57.5372225Z         gzip decompression
2023-11-25T23:01:57.5387632Z           ✔ should support decompression
2023-11-25T23:01:57.5405848Z           ✔ should not fail if response content-length header is missing (gzip)
2023-11-25T23:01:57.5421370Z           ✔ should not fail with chunked responses (without Content-Length header)
2023-11-25T23:01:57.5436073Z           ✔ should not fail with an empty response without content-length header (Z_BUF_ERROR)
2023-11-25T23:01:57.5450364Z           ✔ should not fail with an empty response with content-length header (Z_BUF_ERROR)
2023-11-25T23:01:57.5452640Z         GZIP decompression
2023-11-25T23:01:57.5465217Z           ✔ should support decompression
2023-11-25T23:01:57.5481079Z           ✔ should not fail if response content-length header is missing (GZIP)
2023-11-25T23:01:57.5495393Z           ✔ should not fail with chunked responses (without Content-Length header)
2023-11-25T23:01:57.5509009Z           ✔ should not fail with an empty response without content-length header (Z_BUF_ERROR)
2023-11-25T23:01:57.5522683Z           ✔ should not fail with an empty response with content-length header (Z_BUF_ERROR)
2023-11-25T23:01:57.5525048Z         compress decompression
2023-11-25T23:01:57.5537838Z           ✔ should support decompression
2023-11-25T23:01:57.5552892Z           ✔ should not fail if response content-length header is missing (compress)
2023-11-25T23:01:57.5569807Z           ✔ should not fail with chunked responses (without Content-Length header)
2023-11-25T23:01:57.5582932Z           ✔ should not fail with an empty response without content-length header (Z_BUF_ERROR)
2023-11-25T23:01:57.5596294Z           ✔ should not fail with an empty response with content-length header (Z_BUF_ERROR)
2023-11-25T23:01:57.5598889Z         deflate decompression
2023-11-25T23:01:57.5614070Z           ✔ should support decompression
2023-11-25T23:01:57.5628805Z           ✔ should not fail if response content-length header is missing (deflate)
2023-11-25T23:01:57.5644048Z           ✔ should not fail with chunked responses (without Content-Length header)
2023-11-25T23:01:57.5657549Z           ✔ should not fail with an empty response without content-length header (Z_BUF_ERROR)
2023-11-25T23:01:57.5671631Z           ✔ should not fail with an empty response with content-length header (Z_BUF_ERROR)
2023-11-25T23:01:57.5674182Z         deflate-raw decompression
2023-11-25T23:01:57.5687037Z           ✔ should support decompression
2023-11-25T23:01:57.5701778Z           ✔ should not fail if response content-length header is missing (deflate)
2023-11-25T23:01:57.5716523Z           ✔ should not fail with chunked responses (without Content-Length header)
2023-11-25T23:01:57.5730072Z           ✔ should not fail with an empty response without content-length header (Z_BUF_ERROR)
2023-11-25T23:01:57.5743880Z           ✔ should not fail with an empty response with content-length header (Z_BUF_ERROR)
2023-11-25T23:01:57.5747134Z         br decompression
2023-11-25T23:01:57.5764985Z           ✔ should support decompression
2023-11-25T23:01:57.5782666Z           ✔ should not fail if response content-length header is missing (br)
2023-11-25T23:01:57.5799029Z           ✔ should not fail with chunked responses (without Content-Length header)
2023-11-25T23:01:57.5811934Z           ✔ should not fail with an empty response without content-length header (Z_BUF_ERROR)
2023-11-25T23:01:57.5824615Z           ✔ should not fail with an empty response with content-length header (Z_BUF_ERROR)
2023-11-25T23:01:57.5827028Z     streams
2023-11-25T23:01:57.5865178Z       ✔ should support streams
2023-11-25T23:01:57.5877512Z       ✔ should pass errors for a failed stream
2023-11-25T23:01:58.5976326Z pipeline error: CanceledError: Request stream has been aborted
2023-11-25T23:01:58.5977733Z       ✔ should destroy the response stream with an error on request stream destroying (1009ms)
2023-11-25T23:01:58.5980981Z Server warning: Premature close
2023-11-25T23:01:58.5984004Z     different options for direct proxy configuration (without env variables)
2023-11-25T23:01:58.5985689Z       ✔ hostname and trailing colon in protocol
2023-11-25T23:01:58.5987393Z       ✔ hostname and no trailing colon in protocol
2023-11-25T23:01:58.5988968Z       ✔ both hostname and host -> hostname takes precedence
2023-11-25T23:01:58.5991279Z       ✔ only host and https protocol
2023-11-25T23:01:58.5992757Z     FormData
2023-11-25T23:01:58.5993315Z       form-data instance (https://www.npmjs.com/package/form-data)
2023-11-25T23:01:58.6073403Z         ✔ should allow passing FormData
2023-11-25T23:01:58.6080055Z       SpecCompliant FormData
2023-11-25T23:01:58.6139166Z         ✔ should allow passing FormData
2023-11-25T23:01:58.6141912Z       toFormData helper
2023-11-25T23:01:58.6340665Z         ✔ should properly serialize nested objects for parsing with multer.js (express.js)
2023-11-25T23:01:58.6344480Z     Blob
2023-11-25T23:01:58.6364332Z       ✔ should support Blob
2023-11-25T23:01:58.6367012Z     URLEncoded Form
2023-11-25T23:01:58.6466936Z       ✔ should post object data as url-encoded form if content-type is application/x-www-form-urlencoded
2023-11-25T23:01:58.6468918Z     Data URL
2023-11-25T23:01:58.6475478Z       ✔ should support requesting data URL as a Buffer
2023-11-25T23:01:58.6482623Z       ✔ should support requesting data URL as a Blob (if supported by the environment)
2023-11-25T23:01:58.6485952Z       ✔ should support requesting data URL as a String (text)
2023-11-25T23:01:58.6490341Z       ✔ should support requesting data URL as a Stream
2023-11-25T23:01:58.6491503Z     progress
2023-11-25T23:01:58.6492079Z       upload
2023-11-25T23:02:09.6592978Z         ✔ should support upload progress capturing (11009ms)
2023-11-25T23:02:09.6596209Z       download
2023-11-25T23:02:20.6735723Z         ✔ should support download progress capturing (11014ms)
2023-11-25T23:02:20.6739767Z     Rate limit
2023-11-25T23:02:30.1878463Z       ✔ should support upload rate limit (9514ms)
2023-11-25T23:02:39.7072451Z       ✔ should support download rate limit (9518ms)
2023-11-25T23:02:39.7073476Z     request aborting
2023-11-25T23:02:40.3142921Z pipeline error: CanceledError: canceled
2023-11-25T23:02:40.3144388Z       ✔ should be able to abort the response stream (607ms)
2023-11-25T23:02:40.3146598Z Server warning: Premature close
2023-11-25T23:02:40.3148732Z     DNS
2023-11-25T23:02:40.3169506Z       ✔ should support a custom DNS lookup function
2023-11-25T23:02:40.3183309Z       ✔ should support a custom DNS lookup function with address entry passing
2023-11-25T23:02:40.3196954Z       ✔ should support a custom DNS lookup function (async)
2023-11-25T23:02:40.3274478Z       ✔ should support a custom DNS lookup function with address entry (async)
2023-11-25T23:02:40.3281682Z       ✔ should support a custom DNS lookup function that returns only IP address (async)
2023-11-25T23:02:40.3282635Z 
2023-11-25T23:02:40.3282922Z   AxiosHeaders
2023-11-25T23:02:40.3283571Z     ✔ should support headers argument
2023-11-25T23:02:40.3284774Z     ✔ should support uppercase name mapping for names overlapped by class methods
2023-11-25T23:02:40.3285961Z     ✔ should be caseless
2023-11-25T23:02:40.3304533Z     set
2023-11-25T23:02:40.3306785Z       ✔ should support adding a single header
2023-11-25T23:02:40.3308417Z       ✔ should support adding multiple headers
2023-11-25T23:02:40.3311774Z       ✔ should support adding multiple headers from raw headers string
2023-11-25T23:02:40.3313193Z       ✔ should not rewrite header the header if the value is false
2023-11-25T23:02:40.3315074Z       ✔ should not rewrite the header if its value is false, unless rewrite options is set to true
2023-11-25T23:02:40.3316393Z     get
2023-11-25T23:02:40.3317053Z       filter
2023-11-25T23:02:40.3318553Z         ✔ should support RegExp
2023-11-25T23:02:40.3320913Z         ✔ should support function
2023-11-25T23:02:40.3321845Z     has
2023-11-25T23:02:40.3323475Z       ✔ should return true if the header is defined, otherwise false
2023-11-25T23:02:40.3324520Z       filter
2023-11-25T23:02:40.3326719Z         ✔ should support RegExp
2023-11-25T23:02:40.3329114Z         ✔ should support function
2023-11-25T23:02:40.3330587Z         ✔ should support string pattern
2023-11-25T23:02:40.3331672Z     delete
2023-11-25T23:02:40.3333814Z       ✔ should delete the header
2023-11-25T23:02:40.3335451Z       ✔ should return true if the header has been deleted, otherwise false
2023-11-25T23:02:40.3337035Z       ✔ should support headers array
2023-11-25T23:02:40.3337681Z       filter
2023-11-25T23:02:40.3339286Z         ✔ should support RegExp
2023-11-25T23:02:40.3341173Z         ✔ should support function
2023-11-25T23:02:40.3342843Z         ✔ should support string pattern
2023-11-25T23:02:40.3343620Z     clear
2023-11-25T23:02:40.3346130Z       ✔ should clear all headers
2023-11-25T23:02:40.3349386Z       ✔ should clear matching headers if a matcher was specified
2023-11-25T23:02:40.3350356Z     toJSON
2023-11-25T23:02:40.3351557Z       ✔ should return headers object with original headers case
2023-11-25T23:02:40.3352553Z     accessors
2023-11-25T23:02:40.3355692Z       ✔ should support get accessor
2023-11-25T23:02:40.3357709Z       ✔ should support set accessor
2023-11-25T23:02:40.3359971Z       ✔ should support has accessor
2023-11-25T23:02:40.3360795Z     normalize()
2023-11-25T23:02:40.3363779Z       ✔ should support auto-formatting
2023-11-25T23:02:40.3365688Z       ✔ should support external defined values
2023-11-25T23:02:40.3368063Z       ✔ should support array values
2023-11-25T23:02:40.3368858Z     AxiosHeaders.concat
2023-11-25T23:02:40.3370842Z       ✔ should concatenate plain headers into an AxiosHeader instance
2023-11-25T23:02:40.3373071Z       ✔ should concatenate raw headers into an AxiosHeader instance
2023-11-25T23:02:40.3375302Z       ✔ should concatenate Axios headers into a new AxiosHeader instance
2023-11-25T23:02:40.3376361Z     toString
2023-11-25T23:02:40.3378177Z       ✔ should serialize AxiosHeader instance to a raw headers string
2023-11-25T23:02:40.3378995Z 
2023-11-25T23:02:40.3379272Z   transformResponse
2023-11-25T23:02:40.3379928Z     200 request
2023-11-25T23:02:40.3381240Z       ✔ parses json
2023-11-25T23:02:40.3383428Z       ✔ ignores XML
2023-11-25T23:02:40.3384114Z     204 request
2023-11-25T23:02:40.3385848Z       ✔ does not parse the empty string
2023-11-25T23:02:40.3387308Z       ✔ does not parse undefined
2023-11-25T23:02:40.3387883Z 
2023-11-25T23:02:40.3388164Z   helpers::fromDataURI
2023-11-25T23:02:40.3391004Z     ✔ should return buffer from data uri
2023-11-25T23:02:40.3391603Z 
2023-11-25T23:02:40.3391880Z   helpers::parseProtocol
2023-11-25T23:02:40.3394279Z     ✔ should parse protocol part if it exists
2023-11-25T23:02:40.3395094Z 
2023-11-25T23:02:40.3395531Z   Server-Side Request Forgery (SSRF)
2023-11-25T23:02:40.3430011Z     ✔ obeys proxy settings when following redirects
2023-11-25T23:02:40.3432764Z 
2023-11-25T23:02:40.3433155Z   issues
2023-11-25T23:02:40.3433936Z     4999
2023-11-25T23:02:40.6678703Z       ✔ should not fail with query parsing (324ms)
2023-11-25T23:02:40.6679403Z     5028
2023-11-25T23:02:40.6700286Z       ✔ should handle set-cookie headers as an array
2023-11-25T23:02:40.6701612Z 
2023-11-25T23:02:40.6702327Z   utils
2023-11-25T23:02:40.6704045Z     ✔ should validate Stream
2023-11-25T23:02:40.6705585Z     ✔ should validate Buffer
2023-11-25T23:02:40.6706558Z     utils::isFormData
2023-11-25T23:02:40.6709382Z       ✔ should detect the FormData instance provided by the `form-data` package
2023-11-25T23:02:40.6710984Z       ✔ should not call toString method on built-in objects instances
2023-11-25T23:02:40.6713044Z       ✔ should not call toString method on built-in objects instances, even if append method exists
2023-11-25T23:02:40.6715010Z       ✔ should detect custom FormData instances by toStringTag signature and append method presence
2023-11-25T23:02:40.6716288Z     toJSON
2023-11-25T23:02:40.6719694Z       ✔ should convert to a plain object without circular references
2023-11-25T23:02:40.6721706Z       ✔ should use objects with defined toJSON method without rebuilding
2023-11-25T23:02:40.6722875Z 
2023-11-25T23:02:40.6724164Z 
2023-11-25T23:02:40.6725986Z   163 passing (47s)
2023-11-25T23:02:40.6726381Z 
2023-11-25T23:02:40.9166417Z 
2023-11-25T23:02:40.9167164Z > axios@1.6.0 test:karma
2023-11-25T23:02:40.9169016Z > node bin/ssl_hotfix.js cross-env LISTEN_ADDR=:: karma start karma.conf.cjs --single-run
2023-11-25T23:02:40.9170000Z 
2023-11-25T23:02:40.9496249Z Running cross-env LISTEN_ADDR=:: karma start karma.conf.cjs --single-run on v20.9.0
2023-11-25T23:02:40.9497067Z 
2023-11-25T23:02:40.9501056Z Setting --openssl-legacy-provider as ssl hotfix
2023-11-25T23:02:41.2250344Z Running ci on GitHub Actions.
2023-11-25T23:02:41.5175814Z (node:2271) MaxListenersExceededWarning: Possible EventEmitter memory leak detected. 11 beforeExit listeners added to [process]. Use emitter.setMaxListeners() to increase limit
2023-11-25T23:02:41.5178941Z (Use `node --trace-warnings ...` to show where the warning was created)
2023-11-25T23:02:41.5846419Z [32m25 11 2023 23:02:41.583:INFO [preprocessor.rollup]: [39mGenerating bundle for ./test/specs/adapter.spec.js
2023-11-25T23:02:41.6220529Z [32m25 11 2023 23:02:41.621:INFO [preprocessor.rollup]: [39mGenerating bundle for ./test/specs/formdata.spec.js
2023-11-25T23:02:41.6274660Z [32m25 11 2023 23:02:41.627:INFO [preprocessor.rollup]: [39mGenerating bundle for ./test/specs/api.spec.js
2023-11-25T23:02:41.6507755Z [32m25 11 2023 23:02:41.650:INFO [preprocessor.rollup]: [39mGenerating bundle for ./test/specs/instance.spec.js
2023-11-25T23:02:41.6817560Z [32m25 11 2023 23:02:41.681:INFO [preprocessor.rollup]: [39mGenerating bundle for ./test/specs/interceptors.spec.js
2023-11-25T23:02:41.7006859Z [32m25 11 2023 23:02:41.700:INFO [preprocessor.rollup]: [39mGenerating bundle for ./test/specs/progress.spec.js
2023-11-25T23:02:41.7048049Z [32m25 11 2023 23:02:41.704:INFO [preprocessor.rollup]: [39mGenerating bundle for ./test/specs/promise.spec.js
2023-11-25T23:02:41.7226161Z [32m25 11 2023 23:02:41.722:INFO [preprocessor.rollup]: [39mGenerating bundle for ./test/specs/requests.spec.js
2023-11-25T23:02:41.7407683Z [32m25 11 2023 23:02:41.740:INFO [preprocessor.rollup]: [39mGenerating bundle for ./test/specs/core/enhanceError.spec.js
2023-11-25T23:02:41.7412951Z Generated an empty chunk: "enhanceError.spec"
2023-11-25T23:02:41.8978269Z [32m25 11 2023 23:02:41.897:INFO [preprocessor.rollup]: [39mGenerating bundle for ./test/specs/helpers/bind.spec.js
2023-11-25T23:02:41.9034230Z [32m25 11 2023 23:02:41.903:INFO [preprocessor.rollup]: [39mGenerating bundle for ./test/specs/helpers/combineURLs.spec.js
2023-11-25T23:02:41.9064154Z [32m25 11 2023 23:02:41.906:INFO [preprocessor.rollup]: [39mGenerating bundle for ./test/specs/helpers/isAbsoluteURL.spec.js
2023-11-25T23:02:41.9152656Z [32m25 11 2023 23:02:41.915:INFO [preprocessor.rollup]: [39mGenerating bundle for ./test/specs/helpers/spread.spec.js
2023-11-25T23:02:41.9203864Z preferring built-in module 'assert' over local alternative at '/home/runner/work/axios-microprint-example/axios-microprint-example/node_modules/assert/assert.js', pass 'preferBuiltins: false' to disable this behavior or 'preferBuiltins: true' to disable this warning
2023-11-25T23:02:41.9607859Z [32m25 11 2023 23:02:41.960:INFO [preprocessor.rollup]: [39mGenerating bundle for ./test/specs/cancel.spec.js
2023-11-25T23:02:42.1561873Z [32m25 11 2023 23:02:42.155:INFO [preprocessor.rollup]: [39mGenerating bundle for ./test/specs/utils/extend.spec.js
2023-11-25T23:02:42.1739534Z [32m25 11 2023 23:02:42.173:INFO [preprocessor.rollup]: [39mGenerating bundle for ./test/specs/utils/forEach.spec.js
2023-11-25T23:02:42.1930823Z [32m25 11 2023 23:02:42.192:INFO [preprocessor.rollup]: [39mGenerating bundle for ./test/specs/utils/isX.spec.js
2023-11-25T23:02:42.2094560Z [32m25 11 2023 23:02:42.209:INFO [preprocessor.rollup]: [39mGenerating bundle for ./test/specs/utils/merge.spec.js
2023-11-25T23:02:42.2230787Z [32m25 11 2023 23:02:42.222:INFO [preprocessor.rollup]: [39mGenerating bundle for ./test/specs/utils/trim.spec.js
2023-11-25T23:02:42.2464664Z [32m25 11 2023 23:02:42.246:INFO [preprocessor.rollup]: [39mGenerating bundle for ./test/specs/core/buildFullPath.spec.js
2023-11-25T23:02:42.3835910Z preferring built-in module 'assert' over local alternative at '/home/runner/work/axios-microprint-example/axios-microprint-example/node_modules/assert/assert.js', pass 'preferBuiltins: false' to disable this behavior or 'preferBuiltins: true' to disable this warning
2023-11-25T23:02:42.3888729Z 'assert' is imported by test/specs/headers.spec.js, but could not be resolved – treating it as an external dependency
2023-11-25T23:02:42.3923094Z "default" is imported from external module "assert" but never used in "test/specs/headers.spec.js".
2023-11-25T23:02:42.3928286Z [32m25 11 2023 23:02:42.392:INFO [preprocessor.rollup]: [39mGenerating bundle for ./test/specs/headers.spec.js
2023-11-25T23:02:42.3940559Z Creating a browser bundle that depends on Node.js built-in modules ("assert"). You might need to include https://github.com/snowpackjs/rollup-plugin-polyfill-node
2023-11-25T23:02:42.4370737Z [32m25 11 2023 23:02:42.436:INFO [preprocessor.rollup]: [39mGenerating bundle for ./test/specs/options.spec.js
2023-11-25T23:02:42.4469184Z [32m25 11 2023 23:02:42.446:INFO [preprocessor.rollup]: [39mGenerating bundle for ./test/specs/helpers/isAxiosError.spec.js
2023-11-25T23:02:42.4635991Z [32m25 11 2023 23:02:42.463:INFO [preprocessor.rollup]: [39mGenerating bundle for ./test/specs/core/AxiosError.spec.js
2023-11-25T23:02:42.4781528Z [32m25 11 2023 23:02:42.477:INFO [preprocessor.rollup]: [39mGenerating bundle for ./test/specs/transform.spec.js
2023-11-25T23:02:42.4924326Z [32m25 11 2023 23:02:42.492:INFO [preprocessor.rollup]: [39mGenerating bundle for ./test/specs/helpers/formDataToJSON.spec.js
2023-11-25T23:02:42.5089450Z [32m25 11 2023 23:02:42.508:INFO [preprocessor.rollup]: [39mGenerating bundle for ./test/specs/helpers/parseHeaders.spec.js
2023-11-25T23:02:42.5211152Z [32m25 11 2023 23:02:42.520:INFO [preprocessor.rollup]: [39mGenerating bundle for ./test/specs/cancel/CanceledError.spec.js
2023-11-25T23:02:42.5377491Z [32m25 11 2023 23:02:42.537:INFO [preprocessor.rollup]: [39mGenerating bundle for ./test/specs/cancel/CancelToken.spec.js
2023-11-25T23:02:42.5526955Z [32m25 11 2023 23:02:42.552:INFO [preprocessor.rollup]: [39mGenerating bundle for ./test/specs/cancel/isCancel.spec.js
2023-11-25T23:02:42.5715188Z [32m25 11 2023 23:02:42.571:INFO [preprocessor.rollup]: [39mGenerating bundle for ./test/specs/helpers/toFormData.spec.js
2023-11-25T23:02:42.6731357Z [32m25 11 2023 23:02:42.672:INFO [preprocessor.rollup]: [39mGenerating bundle for ./test/specs/core/settle.spec.js
2023-11-25T23:02:42.6855692Z [32m25 11 2023 23:02:42.685:INFO [preprocessor.rollup]: [39mGenerating bundle for ./test/specs/helpers/validator.spec.js
2023-11-25T23:02:42.7431623Z [32m25 11 2023 23:02:42.742:INFO [preprocessor.rollup]: [39mGenerating bundle for ./test/specs/helpers/buildURL.spec.js
2023-11-25T23:02:42.7909822Z [32m25 11 2023 23:02:42.790:INFO [preprocessor.rollup]: [39mGenerating bundle for ./test/specs/core/mergeConfig.spec.js
2023-11-25T23:02:42.8370927Z [32m25 11 2023 23:02:42.836:INFO [preprocessor.rollup]: [39mGenerating bundle for ./test/specs/defaults.spec.js
2023-11-25T23:02:42.8795442Z [32m25 11 2023 23:02:42.879:INFO [preprocessor.rollup]: [39mGenerating bundle for ./test/specs/basicAuth.spec.js
2023-11-25T23:02:42.9257982Z [32m25 11 2023 23:02:42.925:INFO [preprocessor.rollup]: [39mGenerating bundle for ./test/specs/__helpers.js
2023-11-25T23:02:42.9831020Z [32m25 11 2023 23:02:42.982:INFO [preprocessor.rollup]: [39mGenerating bundle for ./test/specs/core/transformData.spec.js
2023-11-25T23:02:43.0099134Z [32m25 11 2023 23:02:43.009:INFO [preprocessor.rollup]: [39mGenerating bundle for ./test/specs/xsrf.spec.js
2023-11-25T23:02:43.0298433Z [32m25 11 2023 23:02:43.029:INFO [preprocessor.rollup]: [39mGenerating bundle for ./test/specs/helpers/isURLSameOrigin.spec.js
2023-11-25T23:02:43.0460947Z [32m25 11 2023 23:02:43.045:INFO [preprocessor.rollup]: [39mGenerating bundle for ./test/specs/helpers/cookies.spec.js
2023-11-25T23:02:43.0539464Z [32m25 11 2023 23:02:43.053:INFO [karma-server]: [39mKarma v6.3.20 server started at http://localhost:9876/
2023-11-25T23:02:43.0541913Z [32m25 11 2023 23:02:43.053:INFO [launcher]: [39mLaunching browsers FirefoxHeadless, ChromeHeadless with concurrency unlimited
2023-11-25T23:02:43.0575429Z [32m25 11 2023 23:02:43.057:INFO [launcher]: [39mStarting browser FirefoxHeadless
2023-11-25T23:02:43.0640057Z [32m25 11 2023 23:02:43.063:INFO [launcher]: [39mStarting browser ChromeHeadless
2023-11-25T23:02:43.6062123Z [32m25 11 2023 23:02:43.605:INFO [Chrome Headless 119.0.6045.159 (Linux x86_64)]: [39mConnected on socket 9QgyACHNxx8IargdAAAB with id 54281924
2023-11-25T23:02:43.7648481Z Chrome Headless 119.0.6045.159 (Linux x86_64): Executed 0 of 306 SUCCESS (0 secs / 0 secs)
2023-11-25T23:02:43.7659102Z [1A[2KChrome Headless 119.0.6045.159 (Linux x86_64): Executed 1 of 306 SUCCESS (0 secs / 0.002 secs)
2023-11-25T23:02:43.7664425Z [1A[2KChrome Headless 119.0.6045.159 (Linux x86_64): Executed 2 of 306 SUCCESS (0 secs / 0.002 secs)
2023-11-25T23:02:43.7668901Z [1A[2KChrome Headless 119.0.6045.159 (Linux x86_64): Executed 3 of 306 SUCCESS (0 secs / 0.003 secs)
2023-11-25T23:02:43.7678966Z [1A[2KChrome Headless 119.0.6045.159 (Linux x86_64): Executed 4 of 306 SUCCESS (0 secs / 0.004 secs)
2023-11-25T23:02:43.7693086Z [1A[2KChrome Headless 119.0.6045.159 (Linux x86_64): Executed 5 of 306 SUCCESS (0 secs / 0.005 secs)
2023-11-25T23:02:43.7702658Z [1A[2KChrome Headless 119.0.6045.159 (Linux x86_64): Executed 6 of 306 SUCCESS (0 secs / 0.005 secs)
2023-11-25T23:02:43.7707021Z [1A[2KChrome Headless 119.0.6045.159 (Linux x86_64): Executed 7 of 306 SUCCESS (0 secs / 0.006 secs)
2023-11-25T23:02:43.7711260Z [1A[2KChrome Headless 119.0.6045.159 (Linux x86_64): Executed 8 of 306 SUCCESS (0 secs / 0.006 secs)
2023-11-25T23:02:43.7721086Z [33m25 11 2023 23:02:43.771:WARN [web-server]: [39m404: /test
2023-11-25T23:02:43.7736555Z [1A[2KChrome Headless 119.0.6045.159 (Linux x86_64): Executed 9 of 306 SUCCESS (0 secs / 0.006 secs)
2023-11-25T23:02:43.7738877Z [1A[2KChrome Headless 119.0.6045.159 (Linux x86_64): Executed 10 of 306 SUCCESS (0 secs / 0.006 secs)
2023-11-25T23:02:43.7742981Z [1A[2KChrome Headless 119.0.6045.159 (Linux x86_64): Executed 11 of 306 SUCCESS (0 secs / 0.007 secs)
2023-11-25T23:02:43.7745026Z [1A[2KChrome Headless 119.0.6045.159 (Linux x86_64): Executed 12 of 306 SUCCESS (0 secs / 0.007 secs)
2023-11-25T23:02:43.7747511Z [1A[2KChrome Headless 119.0.6045.159 (Linux x86_64): Executed 13 of 306 SUCCESS (0 secs / 0.007 secs)
2023-11-25T23:02:43.7749474Z [1A[2KChrome Headless 119.0.6045.159 (Linux x86_64): Executed 14 of 306 SUCCESS (0 secs / 0.007 secs)
2023-11-25T23:02:43.7753378Z [1A[2KChrome Headless 119.0.6045.159 (Linux x86_64): Executed 15 of 306 SUCCESS (0 secs / 0.007 secs)
2023-11-25T23:02:43.7755251Z [1A[2KChrome Headless 119.0.6045.159 (Linux x86_64): Executed 16 of 306 SUCCESS (0 secs / 0.007 secs)
2023-11-25T23:02:43.8760529Z [1A[2KChrome Headless 119.0.6045.159 (Linux x86_64): Executed 17 of 306 SUCCESS (0 secs / 0.111 secs)
2023-11-25T23:02:43.9769192Z [1A[2KChrome Headless 119.0.6045.159 (Linux x86_64): Executed 18 of 306 SUCCESS (0 secs / 0.212 secs)
2023-11-25T23:02:44.0778760Z [1A[2KChrome Headless 119.0.6045.159 (Linux x86_64): Executed 19 of 306 SUCCESS (0 secs / 0.313 secs)
2023-11-25T23:02:44.0788415Z [1A[2KChrome Headless 119.0.6045.159 (Linux x86_64): Executed 20 of 306 SUCCESS (0 secs / 0.314 secs)
2023-11-25T23:02:44.0794603Z [1A[2KChrome Headless 119.0.6045.159 (Linux x86_64): Executed 21 of 306 SUCCESS (0 secs / 0.315 secs)
2023-11-25T23:02:44.0805816Z [1A[2KChrome Headless 119.0.6045.159 (Linux x86_64): Executed 22 of 306 SUCCESS (0 secs / 0.316 secs)
2023-11-25T23:02:44.0812313Z [1A[2KChrome Headless 119.0.6045.159 (Linux x86_64): Executed 23 of 306 SUCCESS (0 secs / 0.316 secs)
2023-11-25T23:02:44.0820463Z [1A[2KChrome Headless 119.0.6045.159 (Linux x86_64): Executed 24 of 306 SUCCESS (0 secs / 0.317 secs)
2023-11-25T23:02:44.0825089Z [1A[2KChrome Headless 119.0.6045.159 (Linux x86_64): Executed 25 of 306 SUCCESS (0 secs / 0.318 secs)
2023-11-25T23:02:44.0827161Z [1A[2KChrome Headless 119.0.6045.159 (Linux x86_64): Executed 26 of 306 SUCCESS (0 secs / 0.318 secs)
2023-11-25T23:02:44.0832012Z [1A[2KChrome Headless 119.0.6045.159 (Linux x86_64): Executed 27 of 306 SUCCESS (0 secs / 0.318 secs)
2023-11-25T23:02:44.0834021Z [1A[2KChrome Headless 119.0.6045.159 (Linux x86_64): Executed 28 of 306 SUCCESS (0 secs / 0.318 secs)
2023-11-25T23:02:44.0845135Z [1A[2KChrome Headless 119.0.6045.159 (Linux x86_64): Executed 29 of 306 SUCCESS (0 secs / 0.319 secs)
2023-11-25T23:02:44.0848853Z [1A[2KChrome Headless 119.0.6045.159 (Linux x86_64): Executed 30 of 306 SUCCESS (0 secs / 0.319 secs)
2023-11-25T23:02:44.0850996Z [1A[2KChrome Headless 119.0.6045.159 (Linux x86_64): Executed 31 of 306 SUCCESS (0 secs / 0.319 secs)
2023-11-25T23:02:44.0855388Z [1A[2KChrome Headless 119.0.6045.159 (Linux x86_64): Executed 32 of 306 SUCCESS (0 secs / 0.319 secs)
2023-11-25T23:02:44.0858492Z [1A[2KChrome Headless 119.0.6045.159 (Linux x86_64): Executed 33 of 306 SUCCESS (0 secs / 0.319 secs)
2023-11-25T23:02:44.0861637Z [1A[2KChrome Headless 119.0.6045.159 (Linux x86_64): Executed 34 of 306 SUCCESS (0 secs / 0.319 secs)
2023-11-25T23:02:44.0863318Z [1A[2KChrome Headless 119.0.6045.159 (Linux x86_64): Executed 35 of 306 SUCCESS (0 secs / 0.319 secs)
2023-11-25T23:02:44.0864382Z [1A[2KChrome Headless 119.0.6045.159 (Linux x86_64): Executed 36 of 306 SUCCESS (0 secs / 0.319 secs)
2023-11-25T23:02:44.0872404Z [1A[2KChrome Headless 119.0.6045.159 (Linux x86_64): Executed 37 of 306 SUCCESS (0 secs / 0.319 secs)
2023-11-25T23:02:44.0876612Z [1A[2KChrome Headless 119.0.6045.159 (Linux x86_64): Executed 38 of 306 SUCCESS (0 secs / 0.32 secs)
2023-11-25T23:02:44.0881490Z [1A[2KChrome Headless 119.0.6045.159 (Linux x86_64): Executed 39 of 306 SUCCESS (0 secs / 0.32 secs)
2023-11-25T23:02:44.0883412Z [1A[2KChrome Headless 119.0.6045.159 (Linux x86_64): Executed 40 of 306 SUCCESS (0 secs / 0.32 secs)
2023-11-25T23:02:44.0888228Z [1A[2KChrome Headless 119.0.6045.159 (Linux x86_64): Executed 41 of 306 SUCCESS (0 secs / 0.32 secs)
2023-11-25T23:02:44.0893843Z [1A[2KChrome Headless 119.0.6045.159 (Linux x86_64): Executed 42 of 306 SUCCESS (0 secs / 0.32 secs)
2023-11-25T23:02:44.0895302Z [1A[2KChrome Headless 119.0.6045.159 (Linux x86_64): Executed 43 of 306 SUCCESS (0 secs / 0.32 secs)
2023-11-25T23:02:44.0897287Z [1A[2KChrome Headless 119.0.6045.159 (Linux x86_64): Executed 44 of 306 SUCCESS (0 secs / 0.32 secs)
2023-11-25T23:02:44.0903628Z [1A[2KChrome Headless 119.0.6045.159 (Linux x86_64): Executed 45 of 306 SUCCESS (0 secs / 0.32 secs)
2023-11-25T23:02:44.0905864Z [1A[2KChrome Headless 119.0.6045.159 (Linux x86_64): Executed 46 of 306 SUCCESS (0 secs / 0.321 secs)
2023-11-25T23:02:44.0910932Z [1A[2KChrome Headless 119.0.6045.159 (Linux x86_64): Executed 47 of 306 SUCCESS (0 secs / 0.321 secs)
2023-11-25T23:02:44.0913202Z [1A[2KChrome Headless 119.0.6045.159 (Linux x86_64): Executed 48 of 306 SUCCESS (0 secs / 0.321 secs)
2023-11-25T23:02:44.0915282Z [1A[2KChrome Headless 119.0.6045.159 (Linux x86_64): Executed 49 of 306 SUCCESS (0 secs / 0.321 secs)
2023-11-25T23:02:44.0917577Z [1A[2KChrome Headless 119.0.6045.159 (Linux x86_64): Executed 50 of 306 SUCCESS (0 secs / 0.321 secs)
2023-11-25T23:02:44.0920964Z [1A[2KChrome Headless 119.0.6045.159 (Linux x86_64): Executed 51 of 306 SUCCESS (0 secs / 0.321 secs)
2023-11-25T23:02:44.0925292Z [1A[2KChrome Headless 119.0.6045.159 (Linux x86_64): Executed 52 of 306 SUCCESS (0 secs / 0.321 secs)
2023-11-25T23:02:44.0927439Z [1A[2KChrome Headless 119.0.6045.159 (Linux x86_64): Executed 53 of 306 SUCCESS (0 secs / 0.321 secs)
2023-11-25T23:02:44.0929713Z [1A[2KChrome Headless 119.0.6045.159 (Linux x86_64): Executed 54 of 306 SUCCESS (0 secs / 0.322 secs)
2023-11-25T23:02:44.0932156Z [1A[2KChrome Headless 119.0.6045.159 (Linux x86_64): Executed 55 of 306 SUCCESS (0 secs / 0.322 secs)
2023-11-25T23:02:44.0934426Z [1A[2KChrome Headless 119.0.6045.159 (Linux x86_64): Executed 56 of 306 SUCCESS (0 secs / 0.322 secs)
2023-11-25T23:02:44.0936296Z [1A[2KChrome Headless 119.0.6045.159 (Linux x86_64): Executed 57 of 306 SUCCESS (0 secs / 0.322 secs)
2023-11-25T23:02:44.0938404Z [1A[2KChrome Headless 119.0.6045.159 (Linux x86_64): Executed 58 of 306 SUCCESS (0 secs / 0.322 secs)
2023-11-25T23:02:44.0940663Z [1A[2KChrome Headless 119.0.6045.159 (Linux x86_64): Executed 59 of 306 SUCCESS (0 secs / 0.322 secs)
2023-11-25T23:02:44.0942272Z [1A[2KChrome Headless 119.0.6045.159 (Linux x86_64): Executed 60 of 306 SUCCESS (0 secs / 0.322 secs)
2023-11-25T23:02:44.0943825Z [1A[2KChrome Headless 119.0.6045.159 (Linux x86_64): Executed 61 of 306 SUCCESS (0 secs / 0.322 secs)
2023-11-25T23:02:44.0946102Z [1A[2KChrome Headless 119.0.6045.159 (Linux x86_64): Executed 62 of 306 SUCCESS (0 secs / 0.322 secs)
2023-11-25T23:02:44.0948237Z [1A[2KChrome Headless 119.0.6045.159 (Linux x86_64): Executed 63 of 306 SUCCESS (0 secs / 0.322 secs)
2023-11-25T23:02:44.0950387Z [1A[2KChrome Headless 119.0.6045.159 (Linux x86_64): Executed 64 of 306 SUCCESS (0 secs / 0.322 secs)
2023-11-25T23:02:44.0952648Z [1A[2KChrome Headless 119.0.6045.159 (Linux x86_64): Executed 65 of 306 SUCCESS (0 secs / 0.322 secs)
2023-11-25T23:02:44.0954714Z [1A[2KChrome Headless 119.0.6045.159 (Linux x86_64): Executed 66 of 306 SUCCESS (0 secs / 0.323 secs)
2023-11-25T23:02:44.0956849Z [1A[2KChrome Headless 119.0.6045.159 (Linux x86_64): Executed 67 of 306 SUCCESS (0 secs / 0.323 secs)
2023-11-25T23:02:44.0959299Z [1A[2KChrome Headless 119.0.6045.159 (Linux x86_64): Executed 68 of 306 SUCCESS (0 secs / 0.323 secs)
2023-11-25T23:02:44.0961474Z [1A[2KChrome Headless 119.0.6045.159 (Linux x86_64): Executed 69 of 306 SUCCESS (0 secs / 0.323 secs)
2023-11-25T23:02:44.0963722Z [1A[2KChrome Headless 119.0.6045.159 (Linux x86_64): Executed 70 of 306 SUCCESS (0 secs / 0.323 secs)
2023-11-25T23:02:44.0965788Z [1A[2KChrome Headless 119.0.6045.159 (Linux x86_64): Executed 71 of 306 SUCCESS (0 secs / 0.323 secs)
2023-11-25T23:02:44.0969019Z [1A[2KChrome Headless 119.0.6045.159 (Linux x86_64): Executed 72 of 306 SUCCESS (0 secs / 0.323 secs)
2023-11-25T23:02:44.0971462Z [1A[2KChrome Headless 119.0.6045.159 (Linux x86_64): Executed 73 of 306 SUCCESS (0 secs / 0.323 secs)
2023-11-25T23:02:44.0973600Z [1A[2KChrome Headless 119.0.6045.159 (Linux x86_64): Executed 74 of 306 SUCCESS (0 secs / 0.323 secs)
2023-11-25T23:02:44.0975693Z [1A[2KChrome Headless 119.0.6045.159 (Linux x86_64): Executed 75 of 306 SUCCESS (0 secs / 0.323 secs)
2023-11-25T23:02:44.0978092Z [1A[2KChrome Headless 119.0.6045.159 (Linux x86_64): Executed 76 of 306 SUCCESS (0 secs / 0.323 secs)
2023-11-25T23:02:44.0982092Z [1A[2KChrome Headless 119.0.6045.159 (Linux x86_64): Executed 77 of 306 SUCCESS (0 secs / 0.323 secs)
2023-11-25T23:02:44.0983203Z [1A[2KChrome Headless 119.0.6045.159 (Linux x86_64): Executed 78 of 306 SUCCESS (0 secs / 0.323 secs)
2023-11-25T23:02:44.0984394Z [1A[2KChrome Headless 119.0.6045.159 (Linux x86_64): Executed 79 of 306 SUCCESS (0 secs / 0.323 secs)
2023-11-25T23:02:44.0986052Z [1A[2KChrome Headless 119.0.6045.159 (Linux x86_64): Executed 80 of 306 SUCCESS (0 secs / 0.323 secs)
2023-11-25T23:02:44.0988076Z [1A[2KChrome Headless 119.0.6045.159 (Linux x86_64): Executed 81 of 306 SUCCESS (0 secs / 0.323 secs)
2023-11-25T23:02:44.0990324Z [1A[2KChrome Headless 119.0.6045.159 (Linux x86_64): Executed 82 of 306 SUCCESS (0 secs / 0.323 secs)
2023-11-25T23:02:44.0998504Z [1A[2KChrome Headless 119.0.6045.159 (Linux x86_64): Executed 83 of 306 SUCCESS (0 secs / 0.323 secs)
2023-11-25T23:02:44.1000890Z [1A[2KChrome Headless 119.0.6045.159 (Linux x86_64): Executed 84 of 306 SUCCESS (0 secs / 0.323 secs)
2023-11-25T23:02:44.1003141Z [1A[2KChrome Headless 119.0.6045.159 (Linux x86_64): Executed 85 of 306 SUCCESS (0 secs / 0.323 secs)
2023-11-25T23:02:44.1005471Z [1A[2KChrome Headless 119.0.6045.159 (Linux x86_64): Executed 86 of 306 SUCCESS (0 secs / 0.323 secs)
2023-11-25T23:02:44.1007570Z [1A[2KChrome Headless 119.0.6045.159 (Linux x86_64): Executed 87 of 306 SUCCESS (0 secs / 0.323 secs)
2023-11-25T23:02:44.1009798Z [1A[2KChrome Headless 119.0.6045.159 (Linux x86_64): Executed 88 of 306 SUCCESS (0 secs / 0.323 secs)
2023-11-25T23:02:44.1011884Z [1A[2KChrome Headless 119.0.6045.159 (Linux x86_64): Executed 89 of 306 SUCCESS (0 secs / 0.323 secs)
2023-11-25T23:02:44.1014122Z [1A[2KChrome Headless 119.0.6045.159 (Linux x86_64): Executed 90 of 306 SUCCESS (0 secs / 0.323 secs)
2023-11-25T23:02:44.1016162Z [1A[2KChrome Headless 119.0.6045.159 (Linux x86_64): Executed 91 of 306 SUCCESS (0 secs / 0.323 secs)
2023-11-25T23:02:44.1018527Z [1A[2KChrome Headless 119.0.6045.159 (Linux x86_64): Executed 92 of 306 SUCCESS (0 secs / 0.323 secs)
2023-11-25T23:02:44.1020795Z [1A[2KChrome Headless 119.0.6045.159 (Linux x86_64): Executed 93 of 306 SUCCESS (0 secs / 0.323 secs)
2023-11-25T23:02:44.1022808Z [1A[2KChrome Headless 119.0.6045.159 (Linux x86_64): Executed 94 of 306 SUCCESS (0 secs / 0.323 secs)
2023-11-25T23:02:44.1024697Z [1A[2KChrome Headless 119.0.6045.159 (Linux x86_64): Executed 95 of 306 SUCCESS (0 secs / 0.323 secs)
2023-11-25T23:02:44.1026682Z [1A[2KChrome Headless 119.0.6045.159 (Linux x86_64): Executed 96 of 306 SUCCESS (0 secs / 0.324 secs)
2023-11-25T23:02:44.1028520Z [1A[2KChrome Headless 119.0.6045.159 (Linux x86_64): Executed 97 of 306 SUCCESS (0 secs / 0.324 secs)
2023-11-25T23:02:44.1030596Z [1A[2KChrome Headless 119.0.6045.159 (Linux x86_64): Executed 98 of 306 SUCCESS (0 secs / 0.324 secs)
2023-11-25T23:02:44.1032858Z [1A[2KChrome Headless 119.0.6045.159 (Linux x86_64): Executed 99 of 306 SUCCESS (0 secs / 0.324 secs)
2023-11-25T23:02:44.1034920Z [1A[2KChrome Headless 119.0.6045.159 (Linux x86_64): Executed 100 of 306 SUCCESS (0 secs / 0.324 secs)
2023-11-25T23:02:44.1037034Z [1A[2KChrome Headless 119.0.6045.159 (Linux x86_64): Executed 101 of 306 SUCCESS (0 secs / 0.325 secs)
2023-11-25T23:02:44.1039789Z [1A[2KChrome Headless 119.0.6045.159 (Linux x86_64): Executed 102 of 306 SUCCESS (0 secs / 0.325 secs)
2023-11-25T23:02:44.1067230Z [1A[2KChrome Headless 119.0.6045.159 (Linux x86_64): Executed 103 of 306 SUCCESS (0 secs / 0.328 secs)
2023-11-25T23:02:44.1072988Z [1A[2KChrome Headless 119.0.6045.159 (Linux x86_64): Executed 104 of 306 SUCCESS (0 secs / 0.328 secs)
2023-11-25T23:02:44.1084550Z [1A[2KChrome Headless 119.0.6045.159 (Linux x86_64): Executed 105 of 306 SUCCESS (0 secs / 0.33 secs)
2023-11-25T23:02:44.1087917Z [1A[2KChrome Headless 119.0.6045.159 (Linux x86_64): Executed 106 of 306 SUCCESS (0 secs / 0.33 secs)
2023-11-25T23:02:44.1091816Z [1A[2KChrome Headless 119.0.6045.159 (Linux x86_64): Executed 107 of 306 SUCCESS (0 secs / 0.33 secs)
2023-11-25T23:02:44.1094350Z [1A[2KChrome Headless 119.0.6045.159 (Linux x86_64): Executed 108 of 306 SUCCESS (0 secs / 0.331 secs)
2023-11-25T23:02:44.1100650Z [1A[2KChrome Headless 119.0.6045.159 (Linux x86_64): Executed 109 of 306 SUCCESS (0 secs / 0.331 secs)
2023-11-25T23:02:44.1106795Z [1A[2KChrome Headless 119.0.6045.159 (Linux x86_64): Executed 110 of 306 SUCCESS (0 secs / 0.332 secs)
2023-11-25T23:02:44.1112863Z [1A[2KChrome Headless 119.0.6045.159 (Linux x86_64): Executed 111 of 306 SUCCESS (0 secs / 0.332 secs)
2023-11-25T23:02:44.1121406Z [1A[2KChrome Headless 119.0.6045.159 (Linux x86_64): Executed 112 of 306 SUCCESS (0 secs / 0.333 secs)
2023-11-25T23:02:44.1127692Z [1A[2KChrome Headless 119.0.6045.159 (Linux x86_64): Executed 113 of 306 SUCCESS (0 secs / 0.334 secs)
2023-11-25T23:02:44.1134726Z [1A[2KChrome Headless 119.0.6045.159 (Linux x86_64): Executed 114 of 306 SUCCESS (0 secs / 0.335 secs)
2023-11-25T23:02:44.1142214Z [1A[2KChrome Headless 119.0.6045.159 (Linux x86_64): Executed 115 of 306 SUCCESS (0 secs / 0.335 secs)
2023-11-25T23:02:44.1148532Z [1A[2KChrome Headless 119.0.6045.159 (Linux x86_64): Executed 116 of 306 SUCCESS (0 secs / 0.336 secs)
2023-11-25T23:02:44.1153651Z [1A[2KChrome Headless 119.0.6045.159 (Linux x86_64): Executed 117 of 306 SUCCESS (0 secs / 0.336 secs)
2023-11-25T23:02:44.4123256Z [1A[2KChrome Headless 119.0.6045.159 (Linux x86_64): Executed 118 of 306 SUCCESS (0 secs / 0.632 secs)
2023-11-25T23:02:44.4128760Z [1A[2KChrome Headless 119.0.6045.159 (Linux x86_64): Executed 119 of 306 SUCCESS (0 secs / 0.633 secs)
2023-11-25T23:02:44.4132858Z [1A[2KChrome Headless 119.0.6045.159 (Linux x86_64): Executed 120 of 306 SUCCESS (0 secs / 0.633 secs)
2023-11-25T23:02:44.4137904Z [1A[2KChrome Headless 119.0.6045.159 (Linux x86_64): Executed 121 of 306 SUCCESS (0 secs / 0.634 secs)
2023-11-25T23:02:44.4144719Z [1A[2KChrome Headless 119.0.6045.159 (Linux x86_64): Executed 122 of 306 SUCCESS (0 secs / 0.635 secs)
2023-11-25T23:02:44.4149375Z [1A[2KChrome Headless 119.0.6045.159 (Linux x86_64): Executed 123 of 306 SUCCESS (0 secs / 0.635 secs)
2023-11-25T23:02:44.4153684Z [1A[2KChrome Headless 119.0.6045.159 (Linux x86_64): Executed 124 of 306 SUCCESS (0 secs / 0.635 secs)
2023-11-25T23:02:44.4158778Z [1A[2KChrome Headless 119.0.6045.159 (Linux x86_64): Executed 125 of 306 SUCCESS (0 secs / 0.635 secs)
2023-11-25T23:02:44.4165675Z [1A[2KChrome Headless 119.0.6045.159 (Linux x86_64): Executed 126 of 306 SUCCESS (0 secs / 0.636 secs)
2023-11-25T23:02:44.4168482Z [1A[2KChrome Headless 119.0.6045.159 (Linux x86_64): Executed 127 of 306 SUCCESS (0 secs / 0.636 secs)
2023-11-25T23:02:44.4170639Z [1A[2KChrome Headless 119.0.6045.159 (Linux x86_64): Executed 128 of 306 SUCCESS (0 secs / 0.636 secs)
2023-11-25T23:02:44.4177652Z [1A[2KChrome Headless 119.0.6045.159 (Linux x86_64): Executed 129 of 306 SUCCESS (0 secs / 0.637 secs)
2023-11-25T23:02:44.4187670Z [1A[2KChrome Headless 119.0.6045.159 (Linux x86_64): Executed 130 of 306 SUCCESS (0 secs / 0.638 secs)
2023-11-25T23:02:44.4189823Z [1A[2KChrome Headless 119.0.6045.159 (Linux x86_64): Executed 131 of 306 SUCCESS (0 secs / 0.638 secs)
2023-11-25T23:02:44.4191973Z [1A[2KChrome Headless 119.0.6045.159 (Linux x86_64): Executed 132 of 306 SUCCESS (0 secs / 0.638 secs)
2023-11-25T23:02:44.4195037Z [1A[2KChrome Headless 119.0.6045.159 (Linux x86_64): Executed 133 of 306 SUCCESS (0 secs / 0.639 secs)
2023-11-25T23:02:44.4197432Z [1A[2KChrome Headless 119.0.6045.159 (Linux x86_64): Executed 134 of 306 SUCCESS (0 secs / 0.639 secs)
2023-11-25T23:02:44.4199555Z [1A[2KChrome Headless 119.0.6045.159 (Linux x86_64): Executed 135 of 306 SUCCESS (0 secs / 0.639 secs)
2023-11-25T23:02:44.4207937Z [1A[2KChrome Headless 119.0.6045.159 (Linux x86_64): Executed 136 of 306 SUCCESS (0 secs / 0.639 secs)
2023-11-25T23:02:44.4210522Z [1A[2KChrome Headless 119.0.6045.159 (Linux x86_64): Executed 137 of 306 SUCCESS (0 secs / 0.639 secs)
2023-11-25T23:02:44.4212723Z [1A[2KChrome Headless 119.0.6045.159 (Linux x86_64): Executed 138 of 306 SUCCESS (0 secs / 0.64 secs)
2023-11-25T23:02:44.4215080Z [1A[2KChrome Headless 119.0.6045.159 (Linux x86_64): Executed 139 of 306 SUCCESS (0 secs / 0.64 secs)
2023-11-25T23:02:44.4217216Z [1A[2KChrome Headless 119.0.6045.159 (Linux x86_64): Executed 140 of 306 SUCCESS (0 secs / 0.64 secs)
2023-11-25T23:02:44.4219060Z [1A[2KChrome Headless 119.0.6045.159 (Linux x86_64): Executed 141 of 306 SUCCESS (0 secs / 0.64 secs)
2023-11-25T23:02:44.4220598Z [1A[2KChrome Headless 119.0.6045.159 (Linux x86_64): Executed 142 of 306 SUCCESS (0 secs / 0.64 secs)
2023-11-25T23:02:44.4222596Z [1A[2KChrome Headless 119.0.6045.159 (Linux x86_64): Executed 143 of 306 SUCCESS (0 secs / 0.64 secs)
2023-11-25T23:02:44.4224700Z [1A[2KChrome Headless 119.0.6045.159 (Linux x86_64): Executed 144 of 306 SUCCESS (0 secs / 0.64 secs)
2023-11-25T23:02:44.4227890Z [1A[2KChrome Headless 119.0.6045.159 (Linux x86_64): Executed 145 of 306 SUCCESS (0 secs / 0.641 secs)
2023-11-25T23:02:44.4238217Z [1A[2KChrome Headless 119.0.6045.159 (Linux x86_64): Executed 146 of 306 SUCCESS (0 secs / 0.642 secs)
2023-11-25T23:02:44.4244938Z [1A[2KChrome Headless 119.0.6045.159 (Linux x86_64): Executed 147 of 306 SUCCESS (0 secs / 0.643 secs)
2023-11-25T23:02:44.4250334Z [1A[2KChrome Headless 119.0.6045.159 (Linux x86_64): Executed 148 of 306 SUCCESS (0 secs / 0.643 secs)
2023-11-25T23:02:44.4259649Z [1A[2KChrome Headless 119.0.6045.159 (Linux x86_64): Executed 149 of 306 SUCCESS (0 secs / 0.644 secs)
2023-11-25T23:02:44.4262397Z [1A[2KChrome Headless 119.0.6045.159 (Linux x86_64): Executed 150 of 306 SUCCESS (0 secs / 0.644 secs)
2023-11-25T23:02:44.4265304Z [1A[2KChrome Headless 119.0.6045.159 (Linux x86_64): Executed 151 of 306 SUCCESS (0 secs / 0.644 secs)
2023-11-25T23:02:44.4267388Z [1A[2KChrome Headless 119.0.6045.159 (Linux x86_64): Executed 152 of 306 SUCCESS (0 secs / 0.645 secs)
2023-11-25T23:02:44.4271002Z [1A[2KChrome Headless 119.0.6045.159 (Linux x86_64): Executed 153 of 306 SUCCESS (0 secs / 0.645 secs)
2023-11-25T23:02:44.4273025Z [1A[2KChrome Headless 119.0.6045.159 (Linux x86_64): Executed 154 of 306 SUCCESS (0 secs / 0.645 secs)
2023-11-25T23:02:44.4275317Z [1A[2KChrome Headless 119.0.6045.159 (Linux x86_64): Executed 155 of 306 SUCCESS (0 secs / 0.645 secs)
2023-11-25T23:02:44.4277585Z [1A[2KChrome Headless 119.0.6045.159 (Linux x86_64): Executed 156 of 306 SUCCESS (0 secs / 0.645 secs)
2023-11-25T23:02:44.4279637Z [1A[2KChrome Headless 119.0.6045.159 (Linux x86_64): Executed 157 of 306 SUCCESS (0 secs / 0.645 secs)
2023-11-25T23:02:44.4281879Z [1A[2KChrome Headless 119.0.6045.159 (Linux x86_64): Executed 158 of 306 SUCCESS (0 secs / 0.645 secs)
2023-11-25T23:02:44.4283943Z [1A[2KChrome Headless 119.0.6045.159 (Linux x86_64): Executed 159 of 306 SUCCESS (0 secs / 0.645 secs)
2023-11-25T23:02:44.4286047Z [1A[2KChrome Headless 119.0.6045.159 (Linux x86_64): Executed 160 of 306 SUCCESS (0 secs / 0.645 secs)
2023-11-25T23:02:44.4288409Z [1A[2KChrome Headless 119.0.6045.159 (Linux x86_64): Executed 161 of 306 SUCCESS (0 secs / 0.645 secs)
2023-11-25T23:02:44.4290490Z [1A[2KChrome Headless 119.0.6045.159 (Linux x86_64): Executed 162 of 306 SUCCESS (0 secs / 0.646 secs)
2023-11-25T23:02:44.4292586Z [1A[2KChrome Headless 119.0.6045.159 (Linux x86_64): Executed 163 of 306 SUCCESS (0 secs / 0.646 secs)
2023-11-25T23:02:44.4294797Z [1A[2KChrome Headless 119.0.6045.159 (Linux x86_64): Executed 164 of 306 SUCCESS (0 secs / 0.646 secs)
2023-11-25T23:02:44.4296889Z [1A[2KChrome Headless 119.0.6045.159 (Linux x86_64): Executed 165 of 306 SUCCESS (0 secs / 0.646 secs)
2023-11-25T23:02:44.4299002Z [1A[2KChrome Headless 119.0.6045.159 (Linux x86_64): Executed 166 of 306 SUCCESS (0 secs / 0.647 secs)
2023-11-25T23:02:44.4301140Z [1A[2KChrome Headless 119.0.6045.159 (Linux x86_64): Executed 167 of 306 SUCCESS (0 secs / 0.647 secs)
2023-11-25T23:02:44.4304000Z [1A[2KChrome Headless 119.0.6045.159 (Linux x86_64): Executed 168 of 306 SUCCESS (0 secs / 0.648 secs)
2023-11-25T23:02:44.4306304Z [1A[2KChrome Headless 119.0.6045.159 (Linux x86_64): Executed 169 of 306 SUCCESS (0 secs / 0.648 secs)
2023-11-25T23:02:44.4310843Z [1A[2KChrome Headless 119.0.6045.159 (Linux x86_64): Executed 170 of 306 SUCCESS (0 secs / 0.648 secs)
2023-11-25T23:02:44.4313235Z [1A[2KChrome Headless 119.0.6045.159 (Linux x86_64): Executed 171 of 306 SUCCESS (0 secs / 0.648 secs)
2023-11-25T23:02:44.4316227Z [1A[2KChrome Headless 119.0.6045.159 (Linux x86_64): Executed 172 of 306 SUCCESS (0 secs / 0.648 secs)
2023-11-25T23:02:44.4319088Z [1A[2KChrome Headless 119.0.6045.159 (Linux x86_64): Executed 173 of 306 SUCCESS (0 secs / 0.648 secs)
2023-11-25T23:02:44.4322527Z [1A[2KChrome Headless 119.0.6045.159 (Linux x86_64): Executed 174 of 306 SUCCESS (0 secs / 0.648 secs)
2023-11-25T23:02:44.4324746Z [1A[2KChrome Headless 119.0.6045.159 (Linux x86_64): Executed 175 of 306 SUCCESS (0 secs / 0.648 secs)
2023-11-25T23:02:44.4328392Z [1A[2KChrome Headless 119.0.6045.159 (Linux x86_64): Executed 176 of 306 SUCCESS (0 secs / 0.648 secs)
2023-11-25T23:02:44.4330234Z [1A[2KChrome Headless 119.0.6045.159 (Linux x86_64): Executed 177 of 306 SUCCESS (0 secs / 0.648 secs)
2023-11-25T23:02:44.4334970Z [1A[2KChrome Headless 119.0.6045.159 (Linux x86_64): Executed 178 of 306 SUCCESS (0 secs / 0.649 secs)
2023-11-25T23:02:44.4339963Z [1A[2KChrome Headless 119.0.6045.159 (Linux x86_64): Executed 179 of 306 SUCCESS (0 secs / 0.649 secs)
2023-11-25T23:02:44.4345117Z [1A[2KChrome Headless 119.0.6045.159 (Linux x86_64): Executed 180 of 306 SUCCESS (0 secs / 0.65 secs)
2023-11-25T23:02:44.4350694Z [1A[2KChrome Headless 119.0.6045.159 (Linux x86_64): Executed 181 of 306 SUCCESS (0 secs / 0.65 secs)
2023-11-25T23:02:44.4353247Z [1A[2KChrome Headless 119.0.6045.159 (Linux x86_64): Executed 182 of 306 SUCCESS (0 secs / 0.65 secs)
2023-11-25T23:02:44.4355228Z [1A[2KChrome Headless 119.0.6045.159 (Linux x86_64): Executed 183 of 306 SUCCESS (0 secs / 0.65 secs)
2023-11-25T23:02:44.5368580Z [1A[2KChrome Headless 119.0.6045.159 (Linux x86_64): Executed 184 of 306 SUCCESS (0 secs / 0.751 secs)
2023-11-25T23:02:44.5371322Z [1A[2KChrome Headless 119.0.6045.159 (Linux x86_64): Executed 185 of 306 SUCCESS (0 secs / 0.751 secs)
2023-11-25T23:02:44.5374772Z [1A[2KChrome Headless 119.0.6045.159 (Linux x86_64): Executed 186 of 306 SUCCESS (0 secs / 0.752 secs)
2023-11-25T23:02:44.5377818Z [1A[2KChrome Headless 119.0.6045.159 (Linux x86_64): Executed 187 of 306 SUCCESS (0 secs / 0.752 secs)
2023-11-25T23:02:44.5385637Z [1A[2KChrome Headless 119.0.6045.159 (Linux x86_64): Executed 188 of 306 SUCCESS (0 secs / 0.753 secs)
2023-11-25T23:02:44.5391252Z [1A[2KChrome Headless 119.0.6045.159 (Linux x86_64): Executed 189 of 306 SUCCESS (0 secs / 0.753 secs)
2023-11-25T23:02:44.5395242Z [1A[2KChrome Headless 119.0.6045.159 (Linux x86_64): Executed 190 of 306 SUCCESS (0 secs / 0.754 secs)
2023-11-25T23:02:44.5400588Z [1A[2KChrome Headless 119.0.6045.159 (Linux x86_64): Executed 191 of 306 SUCCESS (0 secs / 0.754 secs)
2023-11-25T23:02:44.5405353Z [1A[2KChrome Headless 119.0.6045.159 (Linux x86_64): Executed 192 of 306 SUCCESS (0 secs / 0.755 secs)
2023-11-25T23:02:44.5441508Z [1A[2KChrome Headless 119.0.6045.159 (Linux x86_64): Executed 193 of 306 SUCCESS (0 secs / 0.758 secs)
2023-11-25T23:02:44.5447910Z [1A[2KChrome Headless 119.0.6045.159 (Linux x86_64): Executed 194 of 306 SUCCESS (0 secs / 0.759 secs)
2023-11-25T23:02:44.5461826Z [1A[2KChrome Headless 119.0.6045.159 (Linux x86_64): Executed 195 of 306 SUCCESS (0 secs / 0.76 secs)
2023-11-25T23:02:44.5749463Z [1A[2KChrome Headless 119.0.6045.159 (Linux x86_64): Executed 196 of 306 SUCCESS (0 secs / 0.789 secs)
2023-11-25T23:02:44.7315650Z [1A[2KChrome Headless 119.0.6045.159 (Linux x86_64): Executed 197 of 306 SUCCESS (0 secs / 0.945 secs)
2023-11-25T23:02:44.7318811Z [1A[2KChrome Headless 119.0.6045.159 (Linux x86_64): Executed 198 of 306 SUCCESS (0 secs / 0.946 secs)
2023-11-25T23:02:44.8328950Z [1A[2KChrome Headless 119.0.6045.159 (Linux x86_64): Executed 199 of 306 SUCCESS (0 secs / 1.047 secs)
2023-11-25T23:02:44.9339617Z [1A[2KChrome Headless 119.0.6045.159 (Linux x86_64): Executed 200 of 306 SUCCESS (0 secs / 1.148 secs)
2023-11-25T23:02:45.0350575Z [1A[2KChrome Headless 119.0.6045.159 (Linux x86_64): Executed 201 of 306 SUCCESS (0 secs / 1.249 secs)
2023-11-25T23:02:45.1359664Z [1A[2KChrome Headless 119.0.6045.159 (Linux x86_64): Executed 202 of 306 SUCCESS (0 secs / 1.35 secs)
2023-11-25T23:02:45.2369535Z [1A[2KChrome Headless 119.0.6045.159 (Linux x86_64): Executed 203 of 306 SUCCESS (0 secs / 1.451 secs)
2023-11-25T23:02:45.3380458Z [1A[2KChrome Headless 119.0.6045.159 (Linux x86_64): Executed 204 of 306 SUCCESS (0 secs / 1.552 secs)
2023-11-25T23:02:45.4389184Z [1A[2KChrome Headless 119.0.6045.159 (Linux x86_64): Executed 205 of 306 SUCCESS (0 secs / 1.653 secs)
2023-11-25T23:02:45.5397911Z [1A[2KChrome Headless 119.0.6045.159 (Linux x86_64): Executed 206 of 306 SUCCESS (0 secs / 1.754 secs)
2023-11-25T23:02:45.6407320Z [1A[2KChrome Headless 119.0.6045.159 (Linux x86_64): Executed 207 of 306 SUCCESS (0 secs / 1.855 secs)
2023-11-25T23:02:45.7417943Z [1A[2KChrome Headless 119.0.6045.159 (Linux x86_64): Executed 208 of 306 SUCCESS (0 secs / 1.955 secs)
2023-11-25T23:02:45.8427546Z [1A[2KChrome Headless 119.0.6045.159 (Linux x86_64): Executed 209 of 306 SUCCESS (0 secs / 2.055 secs)
2023-11-25T23:02:45.9438297Z [1A[2KChrome Headless 119.0.6045.159 (Linux x86_64): Executed 210 of 306 SUCCESS (0 secs / 2.155 secs)
2023-11-25T23:02:45.9440879Z [1A[2KChrome Headless 119.0.6045.159 (Linux x86_64): Executed 211 of 306 SUCCESS (0 secs / 2.155 secs)
2023-11-25T23:02:45.9445544Z [1A[2KChrome Headless 119.0.6045.159 (Linux x86_64): Executed 212 of 306 SUCCESS (0 secs / 2.156 secs)
2023-11-25T23:02:45.9450432Z [1A[2KChrome Headless 119.0.6045.159 (Linux x86_64): Executed 213 of 306 SUCCESS (0 secs / 2.156 secs)
2023-11-25T23:02:45.9452900Z [1A[2KChrome Headless 119.0.6045.159 (Linux x86_64): Executed 214 of 306 SUCCESS (0 secs / 2.156 secs)
2023-11-25T23:02:45.9455083Z [1A[2KChrome Headless 119.0.6045.159 (Linux x86_64): Executed 215 of 306 SUCCESS (0 secs / 2.156 secs)
2023-11-25T23:02:45.9457362Z [1A[2KChrome Headless 119.0.6045.159 (Linux x86_64): Executed 216 of 306 SUCCESS (0 secs / 2.156 secs)
2023-11-25T23:02:45.9464477Z [1A[2KChrome Headless 119.0.6045.159 (Linux x86_64): Executed 217 of 306 SUCCESS (0 secs / 2.157 secs)
2023-11-25T23:02:45.9469684Z [1A[2KChrome Headless 119.0.6045.159 (Linux x86_64): Executed 218 of 306 SUCCESS (0 secs / 2.157 secs)
2023-11-25T23:02:45.9473651Z [1A[2KChrome Headless 119.0.6045.159 (Linux x86_64): Executed 219 of 306 SUCCESS (0 secs / 2.157 secs)
2023-11-25T23:02:45.9476310Z [1A[2KChrome Headless 119.0.6045.159 (Linux x86_64): Executed 220 of 306 SUCCESS (0 secs / 2.158 secs)
2023-11-25T23:02:45.9480587Z [1A[2KChrome Headless 119.0.6045.159 (Linux x86_64): Executed 221 of 306 SUCCESS (0 secs / 2.158 secs)
2023-11-25T23:02:45.9483128Z [1A[2KChrome Headless 119.0.6045.159 (Linux x86_64): Executed 222 of 306 SUCCESS (0 secs / 2.158 secs)
2023-11-25T23:02:45.9485492Z [1A[2KChrome Headless 119.0.6045.159 (Linux x86_64): Executed 223 of 306 SUCCESS (0 secs / 2.159 secs)
2023-11-25T23:02:45.9493447Z [1A[2KChrome Headless 119.0.6045.159 (Linux x86_64): Executed 224 of 306 SUCCESS (0 secs / 2.159 secs)
2023-11-25T23:02:45.9497700Z [1A[2KChrome Headless 119.0.6045.159 (Linux x86_64): Executed 225 of 306 SUCCESS (0 secs / 2.16 secs)
2023-11-25T23:02:45.9502907Z [1A[2KChrome Headless 119.0.6045.159 (Linux x86_64): Executed 226 of 306 SUCCESS (0 secs / 2.16 secs)
2023-11-25T23:02:45.9507885Z [1A[2KChrome Headless 119.0.6045.159 (Linux x86_64): Executed 227 of 306 SUCCESS (0 secs / 2.161 secs)
2023-11-25T23:02:45.9513389Z [1A[2KChrome Headless 119.0.6045.159 (Linux x86_64): Executed 228 of 306 SUCCESS (0 secs / 2.161 secs)
2023-11-25T23:02:45.9518414Z [1A[2KChrome Headless 119.0.6045.159 (Linux x86_64): Executed 229 of 306 SUCCESS (0 secs / 2.162 secs)
2023-11-25T23:02:46.0529984Z [1A[2KChrome Headless 119.0.6045.159 (Linux x86_64): Executed 230 of 306 SUCCESS (0 secs / 2.263 secs)
2023-11-25T23:02:46.1534797Z [1A[2KChrome Headless 119.0.6045.159 (Linux x86_64): Executed 231 of 306 SUCCESS (0 secs / 2.363 secs)
2023-11-25T23:02:46.2541519Z [1A[2KChrome Headless 119.0.6045.159 (Linux x86_64): Executed 232 of 306 SUCCESS (0 secs / 2.464 secs)
2023-11-25T23:02:46.2546092Z [1A[2KChrome Headless 119.0.6045.159 (Linux x86_64): Executed 233 of 306 SUCCESS (0 secs / 2.464 secs)
2023-11-25T23:02:46.2551838Z [1A[2KChrome Headless 119.0.6045.159 (Linux x86_64): Executed 234 of 306 SUCCESS (0 secs / 2.464 secs)
2023-11-25T23:02:46.2556735Z [1A[2KChrome Headless 119.0.6045.159 (Linux x86_64): Executed 235 of 306 SUCCESS (0 secs / 2.465 secs)
2023-11-25T23:02:46.2560847Z [1A[2KChrome Headless 119.0.6045.159 (Linux x86_64): Executed 236 of 306 SUCCESS (0 secs / 2.465 secs)
2023-11-25T23:02:46.2567387Z [1A[2KChrome Headless 119.0.6045.159 (Linux x86_64): Executed 237 of 306 SUCCESS (0 secs / 2.466 secs)
2023-11-25T23:02:46.2577522Z [1A[2KChrome Headless 119.0.6045.159 (Linux x86_64): Executed 238 of 306 SUCCESS (0 secs / 2.466 secs)
2023-11-25T23:02:46.2580080Z [1A[2KChrome Headless 119.0.6045.159 (Linux x86_64): Executed 239 of 306 SUCCESS (0 secs / 2.466 secs)
2023-11-25T23:02:46.2921863Z [1A[2KChrome Headless 119.0.6045.159 (Linux x86_64): Executed 240 of 306 SUCCESS (0 secs / 2.5 secs)
2023-11-25T23:02:46.2926350Z [1A[2KChrome Headless 119.0.6045.159 (Linux x86_64): Executed 241 of 306 SUCCESS (0 secs / 2.501 secs)
2023-11-25T23:02:46.2931498Z [1A[2KChrome Headless 119.0.6045.159 (Linux x86_64): Executed 242 of 306 SUCCESS (0 secs / 2.501 secs)
2023-11-25T23:02:46.2936616Z [1A[2KChrome Headless 119.0.6045.159 (Linux x86_64): Executed 243 of 306 SUCCESS (0 secs / 2.502 secs)
2023-11-25T23:02:46.2940944Z [1A[2KChrome Headless 119.0.6045.159 (Linux x86_64): Executed 244 of 306 SUCCESS (0 secs / 2.502 secs)
2023-11-25T23:02:46.2945989Z [1A[2KChrome Headless 119.0.6045.159 (Linux x86_64): Executed 245 of 306 SUCCESS (0 secs / 2.503 secs)
2023-11-25T23:02:46.2950635Z [1A[2KChrome Headless 119.0.6045.159 (Linux x86_64): Executed 246 of 306 SUCCESS (0 secs / 2.503 secs)
2023-11-25T23:02:46.3963231Z [1A[2KChrome Headless 119.0.6045.159 (Linux x86_64): Executed 247 of 306 SUCCESS (0 secs / 2.604 secs)
2023-11-25T23:02:46.4973676Z [1A[2KChrome Headless 119.0.6045.159 (Linux x86_64): Executed 248 of 306 SUCCESS (0 secs / 2.705 secs)
2023-11-25T23:02:46.5982926Z [1A[2KChrome Headless 119.0.6045.159 (Linux x86_64): Executed 249 of 306 SUCCESS (0 secs / 2.806 secs)
2023-11-25T23:02:46.6994401Z [1A[2KChrome Headless 119.0.6045.159 (Linux x86_64): Executed 250 of 306 SUCCESS (0 secs / 2.907 secs)
2023-11-25T23:02:46.6999555Z [1A[2KChrome Headless 119.0.6045.159 (Linux x86_64): Executed 251 of 306 SUCCESS (0 secs / 2.908 secs)
2023-11-25T23:02:46.7004441Z [1A[2KChrome Headless 119.0.6045.159 (Linux x86_64): Executed 252 of 306 SUCCESS (0 secs / 2.909 secs)
2023-11-25T23:02:46.7009530Z [1A[2KChrome Headless 119.0.6045.159 (Linux x86_64): Executed 253 of 306 SUCCESS (0 secs / 2.909 secs)
2023-11-25T23:02:46.8021150Z [1A[2KChrome Headless 119.0.6045.159 (Linux x86_64): Executed 254 of 306 SUCCESS (0 secs / 3.01 secs)
2023-11-25T23:02:46.8026526Z [1A[2KChrome Headless 119.0.6045.159 (Linux x86_64): Executed 255 of 306 SUCCESS (0 secs / 3.01 secs)
2023-11-25T23:02:46.8029340Z [1A[2KChrome Headless 119.0.6045.159 (Linux x86_64): Executed 256 of 306 SUCCESS (0 secs / 3.01 secs)
2023-11-25T23:02:46.8033534Z [1A[2KChrome Headless 119.0.6045.159 (Linux x86_64): Executed 257 of 306 SUCCESS (0 secs / 3.01 secs)
2023-11-25T23:02:46.8039550Z [1A[2KChrome Headless 119.0.6045.159 (Linux x86_64): Executed 258 of 306 SUCCESS (0 secs / 3.011 secs)
2023-11-25T23:02:46.8045262Z [1A[2KChrome Headless 119.0.6045.159 (Linux x86_64): Executed 259 of 306 SUCCESS (0 secs / 3.012 secs)
2023-11-25T23:02:46.9058007Z [1A[2KChrome Headless 119.0.6045.159 (Linux x86_64): Executed 260 of 306 SUCCESS (0 secs / 3.112 secs)
2023-11-25T23:02:47.0068775Z [1A[2KChrome Headless 119.0.6045.159 (Linux x86_64): Executed 261 of 306 SUCCESS (0 secs / 3.212 secs)
2023-11-25T23:02:47.1079391Z [1A[2KChrome Headless 119.0.6045.159 (Linux x86_64): Executed 262 of 306 SUCCESS (0 secs / 3.313 secs)
2023-11-25T23:02:47.2088977Z [1A[2KChrome Headless 119.0.6045.159 (Linux x86_64): Executed 263 of 306 SUCCESS (0 secs / 3.414 secs)
2023-11-25T23:02:47.2093450Z [1A[2KChrome Headless 119.0.6045.159 (Linux x86_64): Executed 264 of 306 SUCCESS (0 secs / 3.414 secs)
2023-11-25T23:02:47.2099006Z [1A[2KChrome Headless 119.0.6045.159 (Linux x86_64): Executed 265 of 306 SUCCESS (0 secs / 3.415 secs)
2023-11-25T23:02:47.2103272Z [1A[2KChrome Headless 119.0.6045.159 (Linux x86_64): Executed 266 of 306 SUCCESS (0 secs / 3.415 secs)
2023-11-25T23:02:47.2108171Z [1A[2KChrome Headless 119.0.6045.159 (Linux x86_64): Executed 267 of 306 SUCCESS (0 secs / 3.415 secs)
2023-11-25T23:02:47.2111398Z [1A[2KChrome Headless 119.0.6045.159 (Linux x86_64): Executed 268 of 306 SUCCESS (0 secs / 3.415 secs)
2023-11-25T23:02:47.2117473Z [1A[2KChrome Headless 119.0.6045.159 (Linux x86_64): Executed 269 of 306 SUCCESS (0 secs / 3.415 secs)
2023-11-25T23:02:47.2120704Z [1A[2KChrome Headless 119.0.6045.159 (Linux x86_64): Executed 270 of 306 SUCCESS (0 secs / 3.415 secs)
2023-11-25T23:02:47.2126109Z [1A[2KChrome Headless 119.0.6045.159 (Linux x86_64): Executed 271 of 306 SUCCESS (0 secs / 3.415 secs)
2023-11-25T23:02:47.2127926Z [1A[2KChrome Headless 119.0.6045.159 (Linux x86_64): Executed 272 of 306 SUCCESS (0 secs / 3.415 secs)
2023-11-25T23:02:47.2129784Z [1A[2KChrome Headless 119.0.6045.159 (Linux x86_64): Executed 273 of 306 SUCCESS (0 secs / 3.415 secs)
2023-11-25T23:02:47.2131773Z [1A[2KChrome Headless 119.0.6045.159 (Linux x86_64): Executed 274 of 306 SUCCESS (0 secs / 3.415 secs)
2023-11-25T23:02:47.2133797Z [1A[2KChrome Headless 119.0.6045.159 (Linux x86_64): Executed 275 of 306 SUCCESS (0 secs / 3.415 secs)
2023-11-25T23:02:47.2135762Z [1A[2KChrome Headless 119.0.6045.159 (Linux x86_64): Executed 276 of 306 SUCCESS (0 secs / 3.415 secs)
2023-11-25T23:02:47.2137788Z [1A[2KChrome Headless 119.0.6045.159 (Linux x86_64): Executed 277 of 306 SUCCESS (0 secs / 3.415 secs)
2023-11-25T23:02:47.2139597Z [1A[2KChrome Headless 119.0.6045.159 (Linux x86_64): Executed 278 of 306 SUCCESS (0 secs / 3.415 secs)
2023-11-25T23:02:47.2141307Z [1A[2KChrome Headless 119.0.6045.159 (Linux x86_64): Executed 279 of 306 SUCCESS (0 secs / 3.415 secs)
2023-11-25T23:02:47.2143146Z [1A[2KChrome Headless 119.0.6045.159 (Linux x86_64): Executed 280 of 306 SUCCESS (0 secs / 3.415 secs)
2023-11-25T23:02:47.2149121Z [1A[2KChrome Headless 119.0.6045.159 (Linux x86_64): Executed 281 of 306 SUCCESS (0 secs / 3.415 secs)
2023-11-25T23:02:47.2155508Z [1A[2KChrome Headless 119.0.6045.159 (Linux x86_64): Executed 282 of 306 SUCCESS (0 secs / 3.415 secs)
2023-11-25T23:02:47.2157922Z [1A[2KChrome Headless 119.0.6045.159 (Linux x86_64): Executed 283 of 306 SUCCESS (0 secs / 3.416 secs)
2023-11-25T23:02:47.2159779Z [1A[2KChrome Headless 119.0.6045.159 (Linux x86_64): Executed 284 of 306 SUCCESS (0 secs / 3.416 secs)
2023-11-25T23:02:47.2161523Z [1A[2KChrome Headless 119.0.6045.159 (Linux x86_64): Executed 285 of 306 SUCCESS (0 secs / 3.416 secs)
2023-11-25T23:02:47.2163369Z [1A[2KChrome Headless 119.0.6045.159 (Linux x86_64): Executed 286 of 306 SUCCESS (0 secs / 3.416 secs)
2023-11-25T23:02:47.2165185Z [1A[2KChrome Headless 119.0.6045.159 (Linux x86_64): Executed 287 of 306 SUCCESS (0 secs / 3.416 secs)
2023-11-25T23:02:47.2167118Z [1A[2KChrome Headless 119.0.6045.159 (Linux x86_64): Executed 288 of 306 SUCCESS (0 secs / 3.417 secs)
2023-11-25T23:02:47.2168945Z [1A[2KChrome Headless 119.0.6045.159 (Linux x86_64): Executed 289 of 306 SUCCESS (0 secs / 3.417 secs)
2023-11-25T23:02:47.2170745Z [1A[2KChrome Headless 119.0.6045.159 (Linux x86_64): Executed 290 of 306 SUCCESS (0 secs / 3.417 secs)
2023-11-25T23:02:47.2172702Z [1A[2KChrome Headless 119.0.6045.159 (Linux x86_64): Executed 291 of 306 SUCCESS (0 secs / 3.417 secs)
2023-11-25T23:02:47.2174530Z [1A[2KChrome Headless 119.0.6045.159 (Linux x86_64): Executed 292 of 306 SUCCESS (0 secs / 3.417 secs)
2023-11-25T23:02:47.2176390Z [1A[2KChrome Headless 119.0.6045.159 (Linux x86_64): Executed 293 of 306 SUCCESS (0 secs / 3.417 secs)
2023-11-25T23:02:47.2178364Z [1A[2KChrome Headless 119.0.6045.159 (Linux x86_64): Executed 294 of 306 SUCCESS (0 secs / 3.417 secs)
2023-11-25T23:02:47.2180145Z [1A[2KChrome Headless 119.0.6045.159 (Linux x86_64): Executed 295 of 306 SUCCESS (0 secs / 3.418 secs)
2023-11-25T23:02:47.2182091Z [1A[2KChrome Headless 119.0.6045.159 (Linux x86_64): Executed 296 of 306 SUCCESS (0 secs / 3.418 secs)
2023-11-25T23:02:47.2183908Z [1A[2KChrome Headless 119.0.6045.159 (Linux x86_64): Executed 297 of 306 SUCCESS (0 secs / 3.418 secs)
2023-11-25T23:02:47.2185566Z [1A[2KChrome Headless 119.0.6045.159 (Linux x86_64): Executed 298 of 306 SUCCESS (0 secs / 3.418 secs)
2023-11-25T23:02:47.2187756Z [1A[2KChrome Headless 119.0.6045.159 (Linux x86_64): Executed 299 of 306 SUCCESS (0 secs / 3.419 secs)
2023-11-25T23:02:47.2189845Z [1A[2KChrome Headless 119.0.6045.159 (Linux x86_64): Executed 300 of 306 SUCCESS (0 secs / 3.419 secs)
2023-11-25T23:02:47.2195014Z [1A[2KChrome Headless 119.0.6045.159 (Linux x86_64): Executed 301 of 306 SUCCESS (0 secs / 3.42 secs)
2023-11-25T23:02:47.2201337Z [1A[2KChrome Headless 119.0.6045.159 (Linux x86_64): Executed 302 of 306 SUCCESS (0 secs / 3.42 secs)
2023-11-25T23:02:47.2207009Z [1A[2KChrome Headless 119.0.6045.159 (Linux x86_64): Executed 303 of 306 SUCCESS (0 secs / 3.421 secs)
2023-11-25T23:02:47.2212334Z [1A[2KChrome Headless 119.0.6045.159 (Linux x86_64): Executed 304 of 306 SUCCESS (0 secs / 3.421 secs)
2023-11-25T23:02:47.2217202Z [1A[2KChrome Headless 119.0.6045.159 (Linux x86_64): Executed 305 of 306 SUCCESS (0 secs / 3.422 secs)
2023-11-25T23:02:47.2455668Z [1A[2KChrome Headless 119.0.6045.159 (Linux x86_64) xsrf should set xsrf header for cross origin when using withCredentials FAILED
2023-11-25T23:02:47.2457485Z 	Expected undefined to equal '12345'.
2023-11-25T23:02:47.2458243Z 	    at test/specs/xsrf.spec.js:78:69 <- test/specs/xsrf.spec.js:1279:71
2023-11-25T23:02:47.2459764Z Chrome Headless 119.0.6045.159 (Linux x86_64): Executed 306 of 306 (1 FAILED) (0 secs / 3.424 secs)
2023-11-25T23:02:47.2461792Z [1A[2KChrome Headless 119.0.6045.159 (Linux x86_64): Executed 306 of 306 (1 FAILED) (3.481 secs / 3.424 secs)
2023-11-25T23:02:55.5591456Z [32m25 11 2023 23:02:55.558:INFO [Firefox 120.0 (Ubuntu 0.0.0)]: [39mConnected on socket HL1xOP1tmvVOO-bIAAAD with id 68185417
2023-11-25T23:02:55.9596463Z 
2023-11-25T23:02:55.9599163Z [1A[2K[1A[2KChrome Headless 119.0.6045.159 (Linux x86_64): Executed 306 of 306 (1 FAILED) (3.481 secs / 3.424 secs)
2023-11-25T23:02:55.9601152Z Firefox 120.0 (Ubuntu 0.0.0): Executed 0 of 306 SUCCESS (0 secs / 0 secs)
2023-11-25T23:02:55.9606939Z [1A[2K[1A[2KChrome Headless 119.0.6045.159 (Linux x86_64): Executed 306 of 306 (1 FAILED) (3.481 secs / 3.424 secs)
2023-11-25T23:02:55.9609008Z Firefox 120.0 (Ubuntu 0.0.0): Executed 1 of 306 SUCCESS (0 secs / 0.002 secs)
2023-11-25T23:02:55.9611198Z [1A[2K[1A[2KChrome Headless 119.0.6045.159 (Linux x86_64): Executed 306 of 306 (1 FAILED) (3.481 secs / 3.424 secs)
2023-11-25T23:02:55.9613343Z Firefox 120.0 (Ubuntu 0.0.0): Executed 2 of 306 SUCCESS (0 secs / 0.003 secs)
2023-11-25T23:02:55.9615191Z [1A[2K[1A[2KChrome Headless 119.0.6045.159 (Linux x86_64): Executed 306 of 306 (1 FAILED) (3.481 secs / 3.424 secs)
2023-11-25T23:02:55.9617034Z Firefox 120.0 (Ubuntu 0.0.0): Executed 3 of 306 SUCCESS (0 secs / 0.003 secs)
2023-11-25T23:02:55.9618898Z [1A[2K[1A[2KChrome Headless 119.0.6045.159 (Linux x86_64): Executed 306 of 306 (1 FAILED) (3.481 secs / 3.424 secs)
2023-11-25T23:02:55.9620605Z Firefox 120.0 (Ubuntu 0.0.0): Executed 4 of 306 SUCCESS (0 secs / 0.003 secs)
2023-11-25T23:02:55.9622945Z [1A[2K[1A[2KChrome Headless 119.0.6045.159 (Linux x86_64): Executed 306 of 306 (1 FAILED) (3.481 secs / 3.424 secs)
2023-11-25T23:02:55.9625433Z Firefox 120.0 (Ubuntu 0.0.0): Executed 5 of 306 SUCCESS (0 secs / 0.004 secs)
2023-11-25T23:02:55.9627617Z [1A[2K[1A[2KChrome Headless 119.0.6045.159 (Linux x86_64): Executed 306 of 306 (1 FAILED) (3.481 secs / 3.424 secs)
2023-11-25T23:02:55.9629324Z Firefox 120.0 (Ubuntu 0.0.0): Executed 6 of 306 SUCCESS (0 secs / 0.004 secs)
2023-11-25T23:02:55.9631388Z [1A[2K[1A[2KChrome Headless 119.0.6045.159 (Linux x86_64): Executed 306 of 306 (1 FAILED) (3.481 secs / 3.424 secs)
2023-11-25T23:02:55.9633291Z Firefox 120.0 (Ubuntu 0.0.0): Executed 7 of 306 SUCCESS (0 secs / 0.004 secs)
2023-11-25T23:02:55.9635346Z [1A[2K[1A[2KChrome Headless 119.0.6045.159 (Linux x86_64): Executed 306 of 306 (1 FAILED) (3.481 secs / 3.424 secs)
2023-11-25T23:02:55.9637488Z Firefox 120.0 (Ubuntu 0.0.0): Executed 8 of 306 SUCCESS (0 secs / 0.004 secs)
2023-11-25T23:02:55.9639519Z [1A[2K[1A[2KChrome Headless 119.0.6045.159 (Linux x86_64): Executed 306 of 306 (1 FAILED) (3.481 secs / 3.424 secs)
2023-11-25T23:02:55.9641621Z Firefox 120.0 (Ubuntu 0.0.0): Executed 9 of 306 SUCCESS (0 secs / 0.004 secs)
2023-11-25T23:02:55.9643700Z [1A[2K[1A[2KChrome Headless 119.0.6045.159 (Linux x86_64): Executed 306 of 306 (1 FAILED) (3.481 secs / 3.424 secs)
2023-11-25T23:02:55.9645464Z Firefox 120.0 (Ubuntu 0.0.0): Executed 10 of 306 SUCCESS (0 secs / 0.004 secs)
2023-11-25T23:02:55.9647419Z [1A[2K[1A[2KChrome Headless 119.0.6045.159 (Linux x86_64): Executed 306 of 306 (1 FAILED) (3.481 secs / 3.424 secs)
2023-11-25T23:02:55.9649292Z Firefox 120.0 (Ubuntu 0.0.0): Executed 11 of 306 SUCCESS (0 secs / 0.004 secs)
2023-11-25T23:02:55.9651343Z [1A[2K[1A[2KChrome Headless 119.0.6045.159 (Linux x86_64): Executed 306 of 306 (1 FAILED) (3.481 secs / 3.424 secs)
2023-11-25T23:02:55.9653062Z Firefox 120.0 (Ubuntu 0.0.0): Executed 12 of 306 SUCCESS (0 secs / 0.004 secs)
2023-11-25T23:02:55.9655562Z [1A[2K[1A[2KChrome Headless 119.0.6045.159 (Linux x86_64): Executed 306 of 306 (1 FAILED) (3.481 secs / 3.424 secs)
2023-11-25T23:02:55.9657305Z Firefox 120.0 (Ubuntu 0.0.0): Executed 13 of 306 SUCCESS (0 secs / 0.004 secs)
2023-11-25T23:02:55.9659335Z [1A[2K[1A[2KChrome Headless 119.0.6045.159 (Linux x86_64): Executed 306 of 306 (1 FAILED) (3.481 secs / 3.424 secs)
2023-11-25T23:02:55.9661252Z Firefox 120.0 (Ubuntu 0.0.0): Executed 14 of 306 SUCCESS (0 secs / 0.004 secs)
2023-11-25T23:02:55.9663223Z [1A[2K[1A[2KChrome Headless 119.0.6045.159 (Linux x86_64): Executed 306 of 306 (1 FAILED) (3.481 secs / 3.424 secs)
2023-11-25T23:02:55.9664888Z Firefox 120.0 (Ubuntu 0.0.0): Executed 15 of 306 SUCCESS (0 secs / 0.004 secs)
2023-11-25T23:02:55.9667104Z [1A[2K[1A[2KChrome Headless 119.0.6045.159 (Linux x86_64): Executed 306 of 306 (1 FAILED) (3.481 secs / 3.424 secs)
2023-11-25T23:02:55.9668821Z Firefox 120.0 (Ubuntu 0.0.0): Executed 16 of 306 SUCCESS (0 secs / 0.005 secs)
2023-11-25T23:02:55.9973468Z [33m25 11 2023 23:02:55.996:WARN [web-server]: [39m404: /test
2023-11-25T23:02:56.0461104Z [1A[2K[1A[2KChrome Headless 119.0.6045.159 (Linux x86_64): Executed 306 of 306 (1 FAILED) (3.481 secs / 3.424 secs)
2023-11-25T23:02:56.0463489Z Firefox 120.0 (Ubuntu 0.0.0): Executed 17 of 306 SUCCESS (0 secs / 0.106 secs)
2023-11-25T23:02:56.1523301Z [1A[2K[1A[2KChrome Headless 119.0.6045.159 (Linux x86_64): Executed 306 of 306 (1 FAILED) (3.481 secs / 3.424 secs)
2023-11-25T23:02:56.1525107Z Firefox 120.0 (Ubuntu 0.0.0): Executed 18 of 306 SUCCESS (0 secs / 0.206 secs)
2023-11-25T23:02:56.2580664Z [1A[2K[1A[2KChrome Headless 119.0.6045.159 (Linux x86_64): Executed 306 of 306 (1 FAILED) (3.481 secs / 3.424 secs)
2023-11-25T23:02:56.2592068Z Firefox 120.0 (Ubuntu 0.0.0): Executed 19 of 306 SUCCESS (0 secs / 0.307 secs)
2023-11-25T23:02:56.2594929Z [1A[2K[1A[2KChrome Headless 119.0.6045.159 (Linux x86_64): Executed 306 of 306 (1 FAILED) (3.481 secs / 3.424 secs)
2023-11-25T23:02:56.2596652Z Firefox 120.0 (Ubuntu 0.0.0): Executed 20 of 306 SUCCESS (0 secs / 0.308 secs)
2023-11-25T23:02:56.2600057Z [1A[2K[1A[2KChrome Headless 119.0.6045.159 (Linux x86_64): Executed 306 of 306 (1 FAILED) (3.481 secs / 3.424 secs)
2023-11-25T23:02:56.2601919Z Firefox 120.0 (Ubuntu 0.0.0): Executed 21 of 306 SUCCESS (0 secs / 0.309 secs)
2023-11-25T23:02:56.2603767Z [1A[2K[1A[2KChrome Headless 119.0.6045.159 (Linux x86_64): Executed 306 of 306 (1 FAILED) (3.481 secs / 3.424 secs)
2023-11-25T23:02:56.2605581Z Firefox 120.0 (Ubuntu 0.0.0): Executed 22 of 306 SUCCESS (0 secs / 0.31 secs)
2023-11-25T23:02:56.2635915Z [1A[2K[1A[2KChrome Headless 119.0.6045.159 (Linux x86_64): Executed 306 of 306 (1 FAILED) (3.481 secs / 3.424 secs)
2023-11-25T23:02:56.2637879Z Firefox 120.0 (Ubuntu 0.0.0): Executed 23 of 306 SUCCESS (0 secs / 0.311 secs)
2023-11-25T23:02:56.2655865Z [1A[2K[1A[2KChrome Headless 119.0.6045.159 (Linux x86_64): Executed 306 of 306 (1 FAILED) (3.481 secs / 3.424 secs)
2023-11-25T23:02:56.2657938Z Firefox 120.0 (Ubuntu 0.0.0): Executed 24 of 306 SUCCESS (0 secs / 0.312 secs)
2023-11-25T23:02:56.2660512Z [1A[2K[1A[2KChrome Headless 119.0.6045.159 (Linux x86_64): Executed 306 of 306 (1 FAILED) (3.481 secs / 3.424 secs)
2023-11-25T23:02:56.2670419Z Firefox 120.0 (Ubuntu 0.0.0): Executed 25 of 306 SUCCESS (0 secs / 0.312 secs)
2023-11-25T23:02:56.2672415Z [1A[2K[1A[2KChrome Headless 119.0.6045.159 (Linux x86_64): Executed 306 of 306 (1 FAILED) (3.481 secs / 3.424 secs)
2023-11-25T23:02:56.2674317Z Firefox 120.0 (Ubuntu 0.0.0): Executed 26 of 306 SUCCESS (0 secs / 0.312 secs)
2023-11-25T23:02:56.2676308Z [1A[2K[1A[2KChrome Headless 119.0.6045.159 (Linux x86_64): Executed 306 of 306 (1 FAILED) (3.481 secs / 3.424 secs)
2023-11-25T23:02:56.2678328Z Firefox 120.0 (Ubuntu 0.0.0): Executed 27 of 306 SUCCESS (0 secs / 0.312 secs)
2023-11-25T23:02:56.2680412Z [1A[2K[1A[2KChrome Headless 119.0.6045.159 (Linux x86_64): Executed 306 of 306 (1 FAILED) (3.481 secs / 3.424 secs)
2023-11-25T23:02:56.2682460Z Firefox 120.0 (Ubuntu 0.0.0): Executed 28 of 306 SUCCESS (0 secs / 0.312 secs)
2023-11-25T23:02:56.2684512Z [1A[2K[1A[2KChrome Headless 119.0.6045.159 (Linux x86_64): Executed 306 of 306 (1 FAILED) (3.481 secs / 3.424 secs)
2023-11-25T23:02:56.2686401Z Firefox 120.0 (Ubuntu 0.0.0): Executed 29 of 306 SUCCESS (0 secs / 0.313 secs)
2023-11-25T23:02:56.2688487Z [1A[2K[1A[2KChrome Headless 119.0.6045.159 (Linux x86_64): Executed 306 of 306 (1 FAILED) (3.481 secs / 3.424 secs)
2023-11-25T23:02:56.2690142Z Firefox 120.0 (Ubuntu 0.0.0): Executed 30 of 306 SUCCESS (0 secs / 0.313 secs)
2023-11-25T23:02:56.2692309Z [1A[2K[1A[2KChrome Headless 119.0.6045.159 (Linux x86_64): Executed 306 of 306 (1 FAILED) (3.481 secs / 3.424 secs)
2023-11-25T23:02:56.2704400Z Firefox 120.0 (Ubuntu 0.0.0): Executed 31 of 306 SUCCESS (0 secs / 0.313 secs)
2023-11-25T23:02:56.2706439Z [1A[2K[1A[2KChrome Headless 119.0.6045.159 (Linux x86_64): Executed 306 of 306 (1 FAILED) (3.481 secs / 3.424 secs)
2023-11-25T23:02:56.2709104Z Firefox 120.0 (Ubuntu 0.0.0): Executed 32 of 306 SUCCESS (0 secs / 0.314 secs)
2023-11-25T23:02:56.2711100Z [1A[2K[1A[2KChrome Headless 119.0.6045.159 (Linux x86_64): Executed 306 of 306 (1 FAILED) (3.481 secs / 3.424 secs)
2023-11-25T23:02:56.2712901Z Firefox 120.0 (Ubuntu 0.0.0): Executed 33 of 306 SUCCESS (0 secs / 0.314 secs)
2023-11-25T23:02:56.2714967Z [1A[2K[1A[2KChrome Headless 119.0.6045.159 (Linux x86_64): Executed 306 of 306 (1 FAILED) (3.481 secs / 3.424 secs)
2023-11-25T23:02:56.2716678Z Firefox 120.0 (Ubuntu 0.0.0): Executed 34 of 306 SUCCESS (0 secs / 0.314 secs)
2023-11-25T23:02:56.2718795Z [1A[2K[1A[2KChrome Headless 119.0.6045.159 (Linux x86_64): Executed 306 of 306 (1 FAILED) (3.481 secs / 3.424 secs)
2023-11-25T23:02:56.2720536Z Firefox 120.0 (Ubuntu 0.0.0): Executed 35 of 306 SUCCESS (0 secs / 0.314 secs)
2023-11-25T23:02:56.2722498Z [1A[2K[1A[2KChrome Headless 119.0.6045.159 (Linux x86_64): Executed 306 of 306 (1 FAILED) (3.481 secs / 3.424 secs)
2023-11-25T23:02:56.2724303Z Firefox 120.0 (Ubuntu 0.0.0): Executed 36 of 306 SUCCESS (0 secs / 0.315 secs)
2023-11-25T23:02:56.2726162Z [1A[2K[1A[2KChrome Headless 119.0.6045.159 (Linux x86_64): Executed 306 of 306 (1 FAILED) (3.481 secs / 3.424 secs)
2023-11-25T23:02:56.2727844Z Firefox 120.0 (Ubuntu 0.0.0): Executed 37 of 306 SUCCESS (0 secs / 0.316 secs)
2023-11-25T23:02:56.2729797Z [1A[2K[1A[2KChrome Headless 119.0.6045.159 (Linux x86_64): Executed 306 of 306 (1 FAILED) (3.481 secs / 3.424 secs)
2023-11-25T23:02:56.2731406Z Firefox 120.0 (Ubuntu 0.0.0): Executed 38 of 306 SUCCESS (0 secs / 0.316 secs)
2023-11-25T23:02:56.2733253Z [1A[2K[1A[2KChrome Headless 119.0.6045.159 (Linux x86_64): Executed 306 of 306 (1 FAILED) (3.481 secs / 3.424 secs)
2023-11-25T23:02:56.2735021Z Firefox 120.0 (Ubuntu 0.0.0): Executed 39 of 306 SUCCESS (0 secs / 0.316 secs)
2023-11-25T23:02:56.2736955Z [1A[2K[1A[2KChrome Headless 119.0.6045.159 (Linux x86_64): Executed 306 of 306 (1 FAILED) (3.481 secs / 3.424 secs)
2023-11-25T23:02:56.2738621Z Firefox 120.0 (Ubuntu 0.0.0): Executed 40 of 306 SUCCESS (0 secs / 0.316 secs)
2023-11-25T23:02:56.2740866Z [1A[2K[1A[2KChrome Headless 119.0.6045.159 (Linux x86_64): Executed 306 of 306 (1 FAILED) (3.481 secs / 3.424 secs)
2023-11-25T23:02:56.2742870Z Firefox 120.0 (Ubuntu 0.0.0): Executed 41 of 306 SUCCESS (0 secs / 0.317 secs)
2023-11-25T23:02:56.2744680Z [1A[2K[1A[2KChrome Headless 119.0.6045.159 (Linux x86_64): Executed 306 of 306 (1 FAILED) (3.481 secs / 3.424 secs)
2023-11-25T23:02:56.2747024Z Firefox 120.0 (Ubuntu 0.0.0): Executed 42 of 306 SUCCESS (0 secs / 0.317 secs)
2023-11-25T23:02:56.2750020Z [1A[2K[1A[2KChrome Headless 119.0.6045.159 (Linux x86_64): Executed 306 of 306 (1 FAILED) (3.481 secs / 3.424 secs)
2023-11-25T23:02:56.2751740Z Firefox 120.0 (Ubuntu 0.0.0): Executed 43 of 306 SUCCESS (0 secs / 0.317 secs)
2023-11-25T23:02:56.2754702Z [1A[2K[1A[2KChrome Headless 119.0.6045.159 (Linux x86_64): Executed 306 of 306 (1 FAILED) (3.481 secs / 3.424 secs)
2023-11-25T23:02:56.2757830Z Firefox 120.0 (Ubuntu 0.0.0): Executed 44 of 306 SUCCESS (0 secs / 0.317 secs)
2023-11-25T23:02:56.2759831Z [1A[2K[1A[2KChrome Headless 119.0.6045.159 (Linux x86_64): Executed 306 of 306 (1 FAILED) (3.481 secs / 3.424 secs)
2023-11-25T23:02:56.2761698Z Firefox 120.0 (Ubuntu 0.0.0): Executed 45 of 306 SUCCESS (0 secs / 0.318 secs)
2023-11-25T23:02:56.2763619Z [1A[2K[1A[2KChrome Headless 119.0.6045.159 (Linux x86_64): Executed 306 of 306 (1 FAILED) (3.481 secs / 3.424 secs)
2023-11-25T23:02:56.2765244Z Firefox 120.0 (Ubuntu 0.0.0): Executed 46 of 306 SUCCESS (0 secs / 0.318 secs)
2023-11-25T23:02:56.2767306Z [1A[2K[1A[2KChrome Headless 119.0.6045.159 (Linux x86_64): Executed 306 of 306 (1 FAILED) (3.481 secs / 3.424 secs)
2023-11-25T23:02:56.2769016Z Firefox 120.0 (Ubuntu 0.0.0): Executed 47 of 306 SUCCESS (0 secs / 0.318 secs)
2023-11-25T23:02:56.2771798Z [1A[2K[1A[2KChrome Headless 119.0.6045.159 (Linux x86_64): Executed 306 of 306 (1 FAILED) (3.481 secs / 3.424 secs)
2023-11-25T23:02:56.2773574Z Firefox 120.0 (Ubuntu 0.0.0): Executed 48 of 306 SUCCESS (0 secs / 0.322 secs)
2023-11-25T23:02:56.2775764Z [1A[2K[1A[2KChrome Headless 119.0.6045.159 (Linux x86_64): Executed 306 of 306 (1 FAILED) (3.481 secs / 3.424 secs)
2023-11-25T23:02:56.2779024Z Firefox 120.0 (Ubuntu 0.0.0): Executed 49 of 306 SUCCESS (0 secs / 0.322 secs)
2023-11-25T23:02:56.2781180Z [1A[2K[1A[2KChrome Headless 119.0.6045.159 (Linux x86_64): Executed 306 of 306 (1 FAILED) (3.481 secs / 3.424 secs)
2023-11-25T23:02:56.2782957Z Firefox 120.0 (Ubuntu 0.0.0): Executed 50 of 306 SUCCESS (0 secs / 0.322 secs)
2023-11-25T23:02:56.2785195Z [1A[2K[1A[2KChrome Headless 119.0.6045.159 (Linux x86_64): Executed 306 of 306 (1 FAILED) (3.481 secs / 3.424 secs)
2023-11-25T23:02:56.2787729Z Firefox 120.0 (Ubuntu 0.0.0): Executed 51 of 306 SUCCESS (0 secs / 0.325 secs)
2023-11-25T23:02:56.2789806Z [1A[2K[1A[2KChrome Headless 119.0.6045.159 (Linux x86_64): Executed 306 of 306 (1 FAILED) (3.481 secs / 3.424 secs)
2023-11-25T23:02:56.2791540Z Firefox 120.0 (Ubuntu 0.0.0): Executed 52 of 306 SUCCESS (0 secs / 0.328 secs)
2023-11-25T23:02:56.2794002Z [1A[2K[1A[2KChrome Headless 119.0.6045.159 (Linux x86_64): Executed 306 of 306 (1 FAILED) (3.481 secs / 3.424 secs)
2023-11-25T23:02:56.2795543Z Firefox 120.0 (Ubuntu 0.0.0): Executed 53 of 306 SUCCESS (0 secs / 0.328 secs)
2023-11-25T23:02:56.2797658Z [1A[2K[1A[2KChrome Headless 119.0.6045.159 (Linux x86_64): Executed 306 of 306 (1 FAILED) (3.481 secs / 3.424 secs)
2023-11-25T23:02:56.2799245Z Firefox 120.0 (Ubuntu 0.0.0): Executed 54 of 306 SUCCESS (0 secs / 0.329 secs)
2023-11-25T23:02:56.2801125Z [1A[2K[1A[2KChrome Headless 119.0.6045.159 (Linux x86_64): Executed 306 of 306 (1 FAILED) (3.481 secs / 3.424 secs)
2023-11-25T23:02:56.2802792Z Firefox 120.0 (Ubuntu 0.0.0): Executed 55 of 306 SUCCESS (0 secs / 0.329 secs)
2023-11-25T23:02:56.2804610Z [1A[2K[1A[2KChrome Headless 119.0.6045.159 (Linux x86_64): Executed 306 of 306 (1 FAILED) (3.481 secs / 3.424 secs)
2023-11-25T23:02:56.2806303Z Firefox 120.0 (Ubuntu 0.0.0): Executed 56 of 306 SUCCESS (0 secs / 0.33 secs)
2023-11-25T23:02:56.2809053Z [1A[2K[1A[2KChrome Headless 119.0.6045.159 (Linux x86_64): Executed 306 of 306 (1 FAILED) (3.481 secs / 3.424 secs)
2023-11-25T23:02:56.2811351Z Firefox 120.0 (Ubuntu 0.0.0): Executed 57 of 306 SUCCESS (0 secs / 0.33 secs)
2023-11-25T23:02:56.2813550Z [1A[2K[1A[2KChrome Headless 119.0.6045.159 (Linux x86_64): Executed 306 of 306 (1 FAILED) (3.481 secs / 3.424 secs)
2023-11-25T23:02:56.2815372Z Firefox 120.0 (Ubuntu 0.0.0): Executed 58 of 306 SUCCESS (0 secs / 0.33 secs)
2023-11-25T23:02:56.2817464Z [1A[2K[1A[2KChrome Headless 119.0.6045.159 (Linux x86_64): Executed 306 of 306 (1 FAILED) (3.481 secs / 3.424 secs)
2023-11-25T23:02:56.2819446Z Firefox 120.0 (Ubuntu 0.0.0): Executed 59 of 306 SUCCESS (0 secs / 0.331 secs)
2023-11-25T23:02:56.2821507Z [1A[2K[1A[2KChrome Headless 119.0.6045.159 (Linux x86_64): Executed 306 of 306 (1 FAILED) (3.481 secs / 3.424 secs)
2023-11-25T23:02:56.2823545Z Firefox 120.0 (Ubuntu 0.0.0): Executed 60 of 306 SUCCESS (0 secs / 0.331 secs)
2023-11-25T23:02:56.2825894Z [1A[2K[1A[2KChrome Headless 119.0.6045.159 (Linux x86_64): Executed 306 of 306 (1 FAILED) (3.481 secs / 3.424 secs)
2023-11-25T23:02:56.2827709Z Firefox 120.0 (Ubuntu 0.0.0): Executed 61 of 306 SUCCESS (0 secs / 0.332 secs)
2023-11-25T23:02:56.2829787Z [1A[2K[1A[2KChrome Headless 119.0.6045.159 (Linux x86_64): Executed 306 of 306 (1 FAILED) (3.481 secs / 3.424 secs)
2023-11-25T23:02:56.2832000Z Firefox 120.0 (Ubuntu 0.0.0): Executed 62 of 306 SUCCESS (0 secs / 0.332 secs)
2023-11-25T23:02:56.2834068Z [1A[2K[1A[2KChrome Headless 119.0.6045.159 (Linux x86_64): Executed 306 of 306 (1 FAILED) (3.481 secs / 3.424 secs)
2023-11-25T23:02:56.2835901Z Firefox 120.0 (Ubuntu 0.0.0): Executed 63 of 306 SUCCESS (0 secs / 0.332 secs)
2023-11-25T23:02:56.2838643Z [1A[2K[1A[2KChrome Headless 119.0.6045.159 (Linux x86_64): Executed 306 of 306 (1 FAILED) (3.481 secs / 3.424 secs)
2023-11-25T23:02:56.2840523Z Firefox 120.0 (Ubuntu 0.0.0): Executed 64 of 306 SUCCESS (0 secs / 0.332 secs)
2023-11-25T23:02:56.2915043Z [1A[2K[1A[2KChrome Headless 119.0.6045.159 (Linux x86_64): Executed 306 of 306 (1 FAILED) (3.481 secs / 3.424 secs)
2023-11-25T23:02:56.2917000Z Firefox 120.0 (Ubuntu 0.0.0): Executed 65 of 306 SUCCESS (0 secs / 0.332 secs)
2023-11-25T23:02:56.2919513Z [1A[2K[1A[2KChrome Headless 119.0.6045.159 (Linux x86_64): Executed 306 of 306 (1 FAILED) (3.481 secs / 3.424 secs)
2023-11-25T23:02:56.2923968Z Firefox 120.0 (Ubuntu 0.0.0): Executed 66 of 306 SUCCESS (0 secs / 0.332 secs)
2023-11-25T23:02:56.2926112Z [1A[2K[1A[2KChrome Headless 119.0.6045.159 (Linux x86_64): Executed 306 of 306 (1 FAILED) (3.481 secs / 3.424 secs)
2023-11-25T23:02:56.2928110Z Firefox 120.0 (Ubuntu 0.0.0): Executed 67 of 306 SUCCESS (0 secs / 0.332 secs)
2023-11-25T23:02:56.2930326Z [1A[2K[1A[2KChrome Headless 119.0.6045.159 (Linux x86_64): Executed 306 of 306 (1 FAILED) (3.481 secs / 3.424 secs)
2023-11-25T23:02:56.2932191Z Firefox 120.0 (Ubuntu 0.0.0): Executed 68 of 306 SUCCESS (0 secs / 0.332 secs)
2023-11-25T23:02:56.2934517Z [1A[2K[1A[2KChrome Headless 119.0.6045.159 (Linux x86_64): Executed 306 of 306 (1 FAILED) (3.481 secs / 3.424 secs)
2023-11-25T23:02:56.2936224Z Firefox 120.0 (Ubuntu 0.0.0): Executed 69 of 306 SUCCESS (0 secs / 0.332 secs)
2023-11-25T23:02:56.2938319Z [1A[2K[1A[2KChrome Headless 119.0.6045.159 (Linux x86_64): Executed 306 of 306 (1 FAILED) (3.481 secs / 3.424 secs)
2023-11-25T23:02:56.2940211Z Firefox 120.0 (Ubuntu 0.0.0): Executed 70 of 306 SUCCESS (0 secs / 0.333 secs)
2023-11-25T23:02:56.2942359Z [1A[2K[1A[2KChrome Headless 119.0.6045.159 (Linux x86_64): Executed 306 of 306 (1 FAILED) (3.481 secs / 3.424 secs)
2023-11-25T23:02:56.2944200Z Firefox 120.0 (Ubuntu 0.0.0): Executed 71 of 306 SUCCESS (0 secs / 0.333 secs)
2023-11-25T23:02:56.2946540Z [1A[2K[1A[2KChrome Headless 119.0.6045.159 (Linux x86_64): Executed 306 of 306 (1 FAILED) (3.481 secs / 3.424 secs)
2023-11-25T23:02:56.2948353Z Firefox 120.0 (Ubuntu 0.0.0): Executed 72 of 306 SUCCESS (0 secs / 0.334 secs)
2023-11-25T23:02:56.2950872Z [1A[2K[1A[2KChrome Headless 119.0.6045.159 (Linux x86_64): Executed 306 of 306 (1 FAILED) (3.481 secs / 3.424 secs)
2023-11-25T23:02:56.2953241Z Firefox 120.0 (Ubuntu 0.0.0): Executed 73 of 306 SUCCESS (0 secs / 0.334 secs)
2023-11-25T23:02:56.2955368Z [1A[2K[1A[2KChrome Headless 119.0.6045.159 (Linux x86_64): Executed 306 of 306 (1 FAILED) (3.481 secs / 3.424 secs)
2023-11-25T23:02:56.2957665Z Firefox 120.0 (Ubuntu 0.0.0): Executed 74 of 306 SUCCESS (0 secs / 0.334 secs)
2023-11-25T23:02:56.2959728Z [1A[2K[1A[2KChrome Headless 119.0.6045.159 (Linux x86_64): Executed 306 of 306 (1 FAILED) (3.481 secs / 3.424 secs)
2023-11-25T23:02:56.2961537Z Firefox 120.0 (Ubuntu 0.0.0): Executed 75 of 306 SUCCESS (0 secs / 0.334 secs)
2023-11-25T23:02:56.2964043Z [1A[2K[1A[2KChrome Headless 119.0.6045.159 (Linux x86_64): Executed 306 of 306 (1 FAILED) (3.481 secs / 3.424 secs)
2023-11-25T23:02:56.2965874Z Firefox 120.0 (Ubuntu 0.0.0): Executed 76 of 306 SUCCESS (0 secs / 0.334 secs)
2023-11-25T23:02:56.2967993Z [1A[2K[1A[2KChrome Headless 119.0.6045.159 (Linux x86_64): Executed 306 of 306 (1 FAILED) (3.481 secs / 3.424 secs)
2023-11-25T23:02:56.2969911Z Firefox 120.0 (Ubuntu 0.0.0): Executed 77 of 306 SUCCESS (0 secs / 0.334 secs)
2023-11-25T23:02:56.2972606Z [1A[2K[1A[2KChrome Headless 119.0.6045.159 (Linux x86_64): Executed 306 of 306 (1 FAILED) (3.481 secs / 3.424 secs)
2023-11-25T23:02:56.2974404Z Firefox 120.0 (Ubuntu 0.0.0): Executed 78 of 306 SUCCESS (0 secs / 0.334 secs)
2023-11-25T23:02:56.2976682Z [1A[2K[1A[2KChrome Headless 119.0.6045.159 (Linux x86_64): Executed 306 of 306 (1 FAILED) (3.481 secs / 3.424 secs)
2023-11-25T23:02:56.2978432Z Firefox 120.0 (Ubuntu 0.0.0): Executed 79 of 306 SUCCESS (0 secs / 0.334 secs)
2023-11-25T23:02:56.2980537Z [1A[2K[1A[2KChrome Headless 119.0.6045.159 (Linux x86_64): Executed 306 of 306 (1 FAILED) (3.481 secs / 3.424 secs)
2023-11-25T23:02:56.2982460Z Firefox 120.0 (Ubuntu 0.0.0): Executed 80 of 306 SUCCESS (0 secs / 0.334 secs)
2023-11-25T23:02:56.2984441Z [1A[2K[1A[2KChrome Headless 119.0.6045.159 (Linux x86_64): Executed 306 of 306 (1 FAILED) (3.481 secs / 3.424 secs)
2023-11-25T23:02:56.2986247Z Firefox 120.0 (Ubuntu 0.0.0): Executed 81 of 306 SUCCESS (0 secs / 0.334 secs)
2023-11-25T23:02:56.2988474Z [1A[2K[1A[2KChrome Headless 119.0.6045.159 (Linux x86_64): Executed 306 of 306 (1 FAILED) (3.481 secs / 3.424 secs)
2023-11-25T23:02:56.2990283Z Firefox 120.0 (Ubuntu 0.0.0): Executed 82 of 306 SUCCESS (0 secs / 0.334 secs)
2023-11-25T23:02:56.2992435Z [1A[2K[1A[2KChrome Headless 119.0.6045.159 (Linux x86_64): Executed 306 of 306 (1 FAILED) (3.481 secs / 3.424 secs)
2023-11-25T23:02:56.2994387Z Firefox 120.0 (Ubuntu 0.0.0): Executed 83 of 306 SUCCESS (0 secs / 0.335 secs)
2023-11-25T23:02:56.2996515Z [1A[2K[1A[2KChrome Headless 119.0.6045.159 (Linux x86_64): Executed 306 of 306 (1 FAILED) (3.481 secs / 3.424 secs)
2023-11-25T23:02:56.2998575Z Firefox 120.0 (Ubuntu 0.0.0): Executed 84 of 306 SUCCESS (0 secs / 0.335 secs)
2023-11-25T23:02:56.3000806Z [1A[2K[1A[2KChrome Headless 119.0.6045.159 (Linux x86_64): Executed 306 of 306 (1 FAILED) (3.481 secs / 3.424 secs)
2023-11-25T23:02:56.3002524Z Firefox 120.0 (Ubuntu 0.0.0): Executed 85 of 306 SUCCESS (0 secs / 0.335 secs)
2023-11-25T23:02:56.3004590Z [1A[2K[1A[2KChrome Headless 119.0.6045.159 (Linux x86_64): Executed 306 of 306 (1 FAILED) (3.481 secs / 3.424 secs)
2023-11-25T23:02:56.3006206Z Firefox 120.0 (Ubuntu 0.0.0): Executed 86 of 306 SUCCESS (0 secs / 0.335 secs)
2023-11-25T23:02:56.3008037Z [1A[2K[1A[2KChrome Headless 119.0.6045.159 (Linux x86_64): Executed 306 of 306 (1 FAILED) (3.481 secs / 3.424 secs)
2023-11-25T23:02:56.3009770Z Firefox 120.0 (Ubuntu 0.0.0): Executed 87 of 306 SUCCESS (0 secs / 0.335 secs)
2023-11-25T23:02:56.3011655Z [1A[2K[1A[2KChrome Headless 119.0.6045.159 (Linux x86_64): Executed 306 of 306 (1 FAILED) (3.481 secs / 3.424 secs)
2023-11-25T23:02:56.3013319Z Firefox 120.0 (Ubuntu 0.0.0): Executed 88 of 306 SUCCESS (0 secs / 0.335 secs)
2023-11-25T23:02:56.3015603Z [1A[2K[1A[2KChrome Headless 119.0.6045.159 (Linux x86_64): Executed 306 of 306 (1 FAILED) (3.481 secs / 3.424 secs)
2023-11-25T23:02:56.3017233Z Firefox 120.0 (Ubuntu 0.0.0): Executed 89 of 306 SUCCESS (0 secs / 0.336 secs)
2023-11-25T23:02:56.3019232Z [1A[2K[1A[2KChrome Headless 119.0.6045.159 (Linux x86_64): Executed 306 of 306 (1 FAILED) (3.481 secs / 3.424 secs)
2023-11-25T23:02:56.3021070Z Firefox 120.0 (Ubuntu 0.0.0): Executed 90 of 306 SUCCESS (0 secs / 0.336 secs)
2023-11-25T23:02:56.3023148Z [1A[2K[1A[2KChrome Headless 119.0.6045.159 (Linux x86_64): Executed 306 of 306 (1 FAILED) (3.481 secs / 3.424 secs)
2023-11-25T23:02:56.3024833Z Firefox 120.0 (Ubuntu 0.0.0): Executed 91 of 306 SUCCESS (0 secs / 0.336 secs)
2023-11-25T23:02:56.3027241Z [1A[2K[1A[2KChrome Headless 119.0.6045.159 (Linux x86_64): Executed 306 of 306 (1 FAILED) (3.481 secs / 3.424 secs)
2023-11-25T23:02:56.3028967Z Firefox 120.0 (Ubuntu 0.0.0): Executed 92 of 306 SUCCESS (0 secs / 0.336 secs)
2023-11-25T23:02:56.3031060Z [1A[2K[1A[2KChrome Headless 119.0.6045.159 (Linux x86_64): Executed 306 of 306 (1 FAILED) (3.481 secs / 3.424 secs)
2023-11-25T23:02:56.3032794Z Firefox 120.0 (Ubuntu 0.0.0): Executed 93 of 306 SUCCESS (0 secs / 0.336 secs)
2023-11-25T23:02:56.3034692Z [1A[2K[1A[2KChrome Headless 119.0.6045.159 (Linux x86_64): Executed 306 of 306 (1 FAILED) (3.481 secs / 3.424 secs)
2023-11-25T23:02:56.3036532Z Firefox 120.0 (Ubuntu 0.0.0): Executed 94 of 306 SUCCESS (0 secs / 0.337 secs)
2023-11-25T23:02:56.3038769Z [1A[2K[1A[2KChrome Headless 119.0.6045.159 (Linux x86_64): Executed 306 of 306 (1 FAILED) (3.481 secs / 3.424 secs)
2023-11-25T23:02:56.3041438Z Firefox 120.0 (Ubuntu 0.0.0): Executed 95 of 306 SUCCESS (0 secs / 0.337 secs)
2023-11-25T23:02:56.3043864Z [1A[2K[1A[2KChrome Headless 119.0.6045.159 (Linux x86_64): Executed 306 of 306 (1 FAILED) (3.481 secs / 3.424 secs)
2023-11-25T23:02:56.3045707Z Firefox 120.0 (Ubuntu 0.0.0): Executed 96 of 306 SUCCESS (0 secs / 0.337 secs)
2023-11-25T23:02:56.3047709Z [1A[2K[1A[2KChrome Headless 119.0.6045.159 (Linux x86_64): Executed 306 of 306 (1 FAILED) (3.481 secs / 3.424 secs)
2023-11-25T23:02:56.3050007Z Firefox 120.0 (Ubuntu 0.0.0): Executed 97 of 306 SUCCESS (0 secs / 0.338 secs)
2023-11-25T23:02:56.3051977Z [1A[2K[1A[2KChrome Headless 119.0.6045.159 (Linux x86_64): Executed 306 of 306 (1 FAILED) (3.481 secs / 3.424 secs)
2023-11-25T23:02:56.3053616Z Firefox 120.0 (Ubuntu 0.0.0): Executed 98 of 306 SUCCESS (0 secs / 0.338 secs)
2023-11-25T23:02:56.3055823Z [1A[2K[1A[2KChrome Headless 119.0.6045.159 (Linux x86_64): Executed 306 of 306 (1 FAILED) (3.481 secs / 3.424 secs)
2023-11-25T23:02:56.3057558Z Firefox 120.0 (Ubuntu 0.0.0): Executed 99 of 306 SUCCESS (0 secs / 0.338 secs)
2023-11-25T23:02:56.3059524Z [1A[2K[1A[2KChrome Headless 119.0.6045.159 (Linux x86_64): Executed 306 of 306 (1 FAILED) (3.481 secs / 3.424 secs)
2023-11-25T23:02:56.3061642Z Firefox 120.0 (Ubuntu 0.0.0): Executed 100 of 306 SUCCESS (0 secs / 0.339 secs)
2023-11-25T23:02:56.3063747Z [1A[2K[1A[2KChrome Headless 119.0.6045.159 (Linux x86_64): Executed 306 of 306 (1 FAILED) (3.481 secs / 3.424 secs)
2023-11-25T23:02:56.3065538Z Firefox 120.0 (Ubuntu 0.0.0): Executed 101 of 306 SUCCESS (0 secs / 0.339 secs)
2023-11-25T23:02:56.3068045Z [1A[2K[1A[2KChrome Headless 119.0.6045.159 (Linux x86_64): Executed 306 of 306 (1 FAILED) (3.481 secs / 3.424 secs)
2023-11-25T23:02:56.3069790Z Firefox 120.0 (Ubuntu 0.0.0): Executed 102 of 306 SUCCESS (0 secs / 0.339 secs)
2023-11-25T23:02:56.3073797Z [1A[2K[1A[2KChrome Headless 119.0.6045.159 (Linux x86_64): Executed 306 of 306 (1 FAILED) (3.481 secs / 3.424 secs)
2023-11-25T23:02:56.3076035Z Firefox 120.0 (Ubuntu 0.0.0): Executed 103 of 306 SUCCESS (0 secs / 0.34 secs)
2023-11-25T23:02:56.3077562Z [1A[2K[1A[2KChrome Headless 119.0.6045.159 (Linux x86_64): Executed 306 of 306 (1 FAILED) (3.481 secs / 3.424 secs)
2023-11-25T23:02:56.3078683Z Firefox 120.0 (Ubuntu 0.0.0): Executed 104 of 306 SUCCESS (0 secs / 0.341 secs)
2023-11-25T23:02:56.3080050Z [1A[2K[1A[2KChrome Headless 119.0.6045.159 (Linux x86_64): Executed 306 of 306 (1 FAILED) (3.481 secs / 3.424 secs)
2023-11-25T23:02:56.3080950Z Firefox 120.0 (Ubuntu 0.0.0): Executed 105 of 306 SUCCESS (0 secs / 0.342 secs)
2023-11-25T23:02:56.3082101Z [1A[2K[1A[2KChrome Headless 119.0.6045.159 (Linux x86_64): Executed 306 of 306 (1 FAILED) (3.481 secs / 3.424 secs)
2023-11-25T23:02:56.3083058Z Firefox 120.0 (Ubuntu 0.0.0): Executed 106 of 306 SUCCESS (0 secs / 0.342 secs)
2023-11-25T23:02:56.3084099Z [1A[2K[1A[2KChrome Headless 119.0.6045.159 (Linux x86_64): Executed 306 of 306 (1 FAILED) (3.481 secs / 3.424 secs)
2023-11-25T23:02:56.3085194Z Firefox 120.0 (Ubuntu 0.0.0): Executed 107 of 306 SUCCESS (0 secs / 0.342 secs)
2023-11-25T23:02:56.3087563Z [1A[2K[1A[2KChrome Headless 119.0.6045.159 (Linux x86_64): Executed 306 of 306 (1 FAILED) (3.481 secs / 3.424 secs)
2023-11-25T23:02:56.3089398Z Firefox 120.0 (Ubuntu 0.0.0): Executed 108 of 306 SUCCESS (0 secs / 0.343 secs)
2023-11-25T23:02:56.3091530Z [1A[2K[1A[2KChrome Headless 119.0.6045.159 (Linux x86_64): Executed 306 of 306 (1 FAILED) (3.481 secs / 3.424 secs)
2023-11-25T23:02:56.3093578Z Firefox 120.0 (Ubuntu 0.0.0): Executed 109 of 306 SUCCESS (0 secs / 0.344 secs)
2023-11-25T23:02:56.3095318Z [1A[2K[1A[2KChrome Headless 119.0.6045.159 (Linux x86_64): Executed 306 of 306 (1 FAILED) (3.481 secs / 3.424 secs)
2023-11-25T23:02:56.3096456Z Firefox 120.0 (Ubuntu 0.0.0): Executed 110 of 306 SUCCESS (0 secs / 0.345 secs)
2023-11-25T23:02:56.3097948Z [1A[2K[1A[2KChrome Headless 119.0.6045.159 (Linux x86_64): Executed 306 of 306 (1 FAILED) (3.481 secs / 3.424 secs)
2023-11-25T23:02:56.3099375Z Firefox 120.0 (Ubuntu 0.0.0): Executed 111 of 306 SUCCESS (0 secs / 0.346 secs)
2023-11-25T23:02:56.3101438Z [1A[2K[1A[2KChrome Headless 119.0.6045.159 (Linux x86_64): Executed 306 of 306 (1 FAILED) (3.481 secs / 3.424 secs)
2023-11-25T23:02:56.3103087Z Firefox 120.0 (Ubuntu 0.0.0): Executed 112 of 306 SUCCESS (0 secs / 0.347 secs)
2023-11-25T23:02:56.3104325Z [1A[2K[1A[2KChrome Headless 119.0.6045.159 (Linux x86_64): Executed 306 of 306 (1 FAILED) (3.481 secs / 3.424 secs)
2023-11-25T23:02:56.3105396Z Firefox 120.0 (Ubuntu 0.0.0): Executed 113 of 306 SUCCESS (0 secs / 0.348 secs)
2023-11-25T23:02:56.3106670Z [1A[2K[1A[2KChrome Headless 119.0.6045.159 (Linux x86_64): Executed 306 of 306 (1 FAILED) (3.481 secs / 3.424 secs)
2023-11-25T23:02:56.3107596Z Firefox 120.0 (Ubuntu 0.0.0): Executed 114 of 306 SUCCESS (0 secs / 0.349 secs)
2023-11-25T23:02:56.3108768Z [1A[2K[1A[2KChrome Headless 119.0.6045.159 (Linux x86_64): Executed 306 of 306 (1 FAILED) (3.481 secs / 3.424 secs)
2023-11-25T23:02:56.3109689Z Firefox 120.0 (Ubuntu 0.0.0): Executed 115 of 306 SUCCESS (0 secs / 0.35 secs)
2023-11-25T23:02:56.3111122Z [1A[2K[1A[2KChrome Headless 119.0.6045.159 (Linux x86_64): Executed 306 of 306 (1 FAILED) (3.481 secs / 3.424 secs)
2023-11-25T23:02:56.3112121Z Firefox 120.0 (Ubuntu 0.0.0): Executed 116 of 306 SUCCESS (0 secs / 0.35 secs)
2023-11-25T23:02:56.3113597Z [1A[2K[1A[2KChrome Headless 119.0.6045.159 (Linux x86_64): Executed 306 of 306 (1 FAILED) (3.481 secs / 3.424 secs)
2023-11-25T23:02:56.3116766Z Firefox 120.0 (Ubuntu 0.0.0): Executed 117 of 306 SUCCESS (0 secs / 0.35 secs)
2023-11-25T23:02:56.5622660Z [1A[2K[1A[2KChrome Headless 119.0.6045.159 (Linux x86_64): Executed 306 of 306 (1 FAILED) (3.481 secs / 3.424 secs)
2023-11-25T23:02:56.5624733Z Firefox 120.0 (Ubuntu 0.0.0): Executed 118 of 306 SUCCESS (0 secs / 0.602 secs)
2023-11-25T23:02:56.5669218Z [1A[2K[1A[2KChrome Headless 119.0.6045.159 (Linux x86_64): Executed 306 of 306 (1 FAILED) (3.481 secs / 3.424 secs)
2023-11-25T23:02:56.5671280Z Firefox 120.0 (Ubuntu 0.0.0): Executed 119 of 306 SUCCESS (0 secs / 0.602 secs)
2023-11-25T23:02:56.5673838Z [1A[2K[1A[2KChrome Headless 119.0.6045.159 (Linux x86_64): Executed 306 of 306 (1 FAILED) (3.481 secs / 3.424 secs)
2023-11-25T23:02:56.5675857Z Firefox 120.0 (Ubuntu 0.0.0): Executed 120 of 306 SUCCESS (0 secs / 0.603 secs)
2023-11-25T23:02:56.5678420Z [1A[2K[1A[2KChrome Headless 119.0.6045.159 (Linux x86_64): Executed 306 of 306 (1 FAILED) (3.481 secs / 3.424 secs)
2023-11-25T23:02:56.5680129Z Firefox 120.0 (Ubuntu 0.0.0): Executed 121 of 306 SUCCESS (0 secs / 0.604 secs)
2023-11-25T23:02:56.5682345Z [1A[2K[1A[2KChrome Headless 119.0.6045.159 (Linux x86_64): Executed 306 of 306 (1 FAILED) (3.481 secs / 3.424 secs)
2023-11-25T23:02:56.5684145Z Firefox 120.0 (Ubuntu 0.0.0): Executed 122 of 306 SUCCESS (0 secs / 0.605 secs)
2023-11-25T23:02:56.5686369Z [1A[2K[1A[2KChrome Headless 119.0.6045.159 (Linux x86_64): Executed 306 of 306 (1 FAILED) (3.481 secs / 3.424 secs)
2023-11-25T23:02:56.5688125Z Firefox 120.0 (Ubuntu 0.0.0): Executed 123 of 306 SUCCESS (0 secs / 0.605 secs)
2023-11-25T23:02:56.5690578Z [1A[2K[1A[2KChrome Headless 119.0.6045.159 (Linux x86_64): Executed 306 of 306 (1 FAILED) (3.481 secs / 3.424 secs)
2023-11-25T23:02:56.5692536Z Firefox 120.0 (Ubuntu 0.0.0): Executed 124 of 306 SUCCESS (0 secs / 0.606 secs)
2023-11-25T23:02:56.5694657Z [1A[2K[1A[2KChrome Headless 119.0.6045.159 (Linux x86_64): Executed 306 of 306 (1 FAILED) (3.481 secs / 3.424 secs)
2023-11-25T23:02:56.5696527Z Firefox 120.0 (Ubuntu 0.0.0): Executed 125 of 306 SUCCESS (0 secs / 0.607 secs)
2023-11-25T23:02:56.5698913Z [1A[2K[1A[2KChrome Headless 119.0.6045.159 (Linux x86_64): Executed 306 of 306 (1 FAILED) (3.481 secs / 3.424 secs)
2023-11-25T23:02:56.5706800Z Firefox 120.0 (Ubuntu 0.0.0): Executed 126 of 306 SUCCESS (0 secs / 0.608 secs)
2023-11-25T23:02:56.5712796Z [1A[2K[1A[2KChrome Headless 119.0.6045.159 (Linux x86_64): Executed 306 of 306 (1 FAILED) (3.481 secs / 3.424 secs)
2023-11-25T23:02:56.5714593Z Firefox 120.0 (Ubuntu 0.0.0): Executed 127 of 306 SUCCESS (0 secs / 0.608 secs)
2023-11-25T23:02:56.5716484Z [1A[2K[1A[2KChrome Headless 119.0.6045.159 (Linux x86_64): Executed 306 of 306 (1 FAILED) (3.481 secs / 3.424 secs)
2023-11-25T23:02:56.5718394Z Firefox 120.0 (Ubuntu 0.0.0): Executed 128 of 306 SUCCESS (0 secs / 0.608 secs)
2023-11-25T23:02:56.5720357Z [1A[2K[1A[2KChrome Headless 119.0.6045.159 (Linux x86_64): Executed 306 of 306 (1 FAILED) (3.481 secs / 3.424 secs)
2023-11-25T23:02:56.5721938Z Firefox 120.0 (Ubuntu 0.0.0): Executed 129 of 306 SUCCESS (0 secs / 0.609 secs)
2023-11-25T23:02:56.5723780Z [1A[2K[1A[2KChrome Headless 119.0.6045.159 (Linux x86_64): Executed 306 of 306 (1 FAILED) (3.481 secs / 3.424 secs)
2023-11-25T23:02:56.5726408Z Firefox 120.0 (Ubuntu 0.0.0): Executed 130 of 306 SUCCESS (0 secs / 0.609 secs)
2023-11-25T23:02:56.5728335Z [1A[2K[1A[2KChrome Headless 119.0.6045.159 (Linux x86_64): Executed 306 of 306 (1 FAILED) (3.481 secs / 3.424 secs)
2023-11-25T23:02:56.5729845Z Firefox 120.0 (Ubuntu 0.0.0): Executed 131 of 306 SUCCESS (0 secs / 0.61 secs)
2023-11-25T23:02:56.5731789Z [1A[2K[1A[2KChrome Headless 119.0.6045.159 (Linux x86_64): Executed 306 of 306 (1 FAILED) (3.481 secs / 3.424 secs)
2023-11-25T23:02:56.5733750Z Firefox 120.0 (Ubuntu 0.0.0): Executed 132 of 306 SUCCESS (0 secs / 0.61 secs)
2023-11-25T23:02:56.5746059Z [1A[2K[1A[2KChrome Headless 119.0.6045.159 (Linux x86_64): Executed 306 of 306 (1 FAILED) (3.481 secs / 3.424 secs)
2023-11-25T23:02:56.5748246Z Firefox 120.0 (Ubuntu 0.0.0): Executed 133 of 306 SUCCESS (0 secs / 0.612 secs)
2023-11-25T23:02:56.5750271Z [1A[2K[1A[2KChrome Headless 119.0.6045.159 (Linux x86_64): Executed 306 of 306 (1 FAILED) (3.481 secs / 3.424 secs)
2023-11-25T23:02:56.5752123Z Firefox 120.0 (Ubuntu 0.0.0): Executed 134 of 306 SUCCESS (0 secs / 0.612 secs)
2023-11-25T23:02:56.5754082Z [1A[2K[1A[2KChrome Headless 119.0.6045.159 (Linux x86_64): Executed 306 of 306 (1 FAILED) (3.481 secs / 3.424 secs)
2023-11-25T23:02:56.5755750Z Firefox 120.0 (Ubuntu 0.0.0): Executed 135 of 306 SUCCESS (0 secs / 0.613 secs)
2023-11-25T23:02:56.5762637Z [1A[2K[1A[2KChrome Headless 119.0.6045.159 (Linux x86_64): Executed 306 of 306 (1 FAILED) (3.481 secs / 3.424 secs)
2023-11-25T23:02:56.5767558Z Firefox 120.0 (Ubuntu 0.0.0): Executed 136 of 306 SUCCESS (0 secs / 0.614 secs)
2023-11-25T23:02:56.5774096Z [1A[2K[1A[2KChrome Headless 119.0.6045.159 (Linux x86_64): Executed 306 of 306 (1 FAILED) (3.481 secs / 3.424 secs)
2023-11-25T23:02:56.5776366Z Firefox 120.0 (Ubuntu 0.0.0): Executed 137 of 306 SUCCESS (0 secs / 0.615 secs)
2023-11-25T23:02:56.5787840Z [1A[2K[1A[2KChrome Headless 119.0.6045.159 (Linux x86_64): Executed 306 of 306 (1 FAILED) (3.481 secs / 3.424 secs)
2023-11-25T23:02:56.5794350Z Firefox 120.0 (Ubuntu 0.0.0): Executed 138 of 306 SUCCESS (0 secs / 0.615 secs)
2023-11-25T23:02:56.5796437Z [1A[2K[1A[2KChrome Headless 119.0.6045.159 (Linux x86_64): Executed 306 of 306 (1 FAILED) (3.481 secs / 3.424 secs)
2023-11-25T23:02:56.5798515Z Firefox 120.0 (Ubuntu 0.0.0): Executed 139 of 306 SUCCESS (0 secs / 0.615 secs)
2023-11-25T23:02:56.5801204Z [1A[2K[1A[2KChrome Headless 119.0.6045.159 (Linux x86_64): Executed 306 of 306 (1 FAILED) (3.481 secs / 3.424 secs)
2023-11-25T23:02:56.5803049Z Firefox 120.0 (Ubuntu 0.0.0): Executed 140 of 306 SUCCESS (0 secs / 0.615 secs)
2023-11-25T23:02:56.5805160Z [1A[2K[1A[2KChrome Headless 119.0.6045.159 (Linux x86_64): Executed 306 of 306 (1 FAILED) (3.481 secs / 3.424 secs)
2023-11-25T23:02:56.5807160Z Firefox 120.0 (Ubuntu 0.0.0): Executed 141 of 306 SUCCESS (0 secs / 0.615 secs)
2023-11-25T23:02:56.5913353Z [1A[2K[1A[2KChrome Headless 119.0.6045.159 (Linux x86_64): Executed 306 of 306 (1 FAILED) (3.481 secs / 3.424 secs)
2023-11-25T23:02:56.5916491Z Firefox 120.0 (Ubuntu 0.0.0): Executed 142 of 306 SUCCESS (0 secs / 0.615 secs)
2023-11-25T23:02:56.5919219Z [1A[2K[1A[2KChrome Headless 119.0.6045.159 (Linux x86_64): Executed 306 of 306 (1 FAILED) (3.481 secs / 3.424 secs)
2023-11-25T23:02:56.5924820Z Firefox 120.0 (Ubuntu 0.0.0): Executed 143 of 306 SUCCESS (0 secs / 0.615 secs)
2023-11-25T23:02:56.5933901Z [1A[2K[1A[2KChrome Headless 119.0.6045.159 (Linux x86_64): Executed 306 of 306 (1 FAILED) (3.481 secs / 3.424 secs)
2023-11-25T23:02:56.5935742Z Firefox 120.0 (Ubuntu 0.0.0): Executed 144 of 306 SUCCESS (0 secs / 0.616 secs)
2023-11-25T23:02:56.5937779Z [1A[2K[1A[2KChrome Headless 119.0.6045.159 (Linux x86_64): Executed 306 of 306 (1 FAILED) (3.481 secs / 3.424 secs)
2023-11-25T23:02:56.5939653Z Firefox 120.0 (Ubuntu 0.0.0): Executed 145 of 306 SUCCESS (0 secs / 0.617 secs)
2023-11-25T23:02:56.5941581Z [1A[2K[1A[2KChrome Headless 119.0.6045.159 (Linux x86_64): Executed 306 of 306 (1 FAILED) (3.481 secs / 3.424 secs)
2023-11-25T23:02:56.5943540Z Firefox 120.0 (Ubuntu 0.0.0): Executed 146 of 306 SUCCESS (0 secs / 0.617 secs)
2023-11-25T23:02:56.5945704Z [1A[2K[1A[2KChrome Headless 119.0.6045.159 (Linux x86_64): Executed 306 of 306 (1 FAILED) (3.481 secs / 3.424 secs)
2023-11-25T23:02:56.5947507Z Firefox 120.0 (Ubuntu 0.0.0): Executed 147 of 306 SUCCESS (0 secs / 0.618 secs)
2023-11-25T23:02:56.5949704Z [1A[2K[1A[2KChrome Headless 119.0.6045.159 (Linux x86_64): Executed 306 of 306 (1 FAILED) (3.481 secs / 3.424 secs)
2023-11-25T23:02:56.5951401Z Firefox 120.0 (Ubuntu 0.0.0): Executed 148 of 306 SUCCESS (0 secs / 0.618 secs)
2023-11-25T23:02:56.5953406Z [1A[2K[1A[2KChrome Headless 119.0.6045.159 (Linux x86_64): Executed 306 of 306 (1 FAILED) (3.481 secs / 3.424 secs)
2023-11-25T23:02:56.5955308Z Firefox 120.0 (Ubuntu 0.0.0): Executed 149 of 306 SUCCESS (0 secs / 0.618 secs)
2023-11-25T23:02:56.5957577Z [1A[2K[1A[2KChrome Headless 119.0.6045.159 (Linux x86_64): Executed 306 of 306 (1 FAILED) (3.481 secs / 3.424 secs)
2023-11-25T23:02:56.5959334Z Firefox 120.0 (Ubuntu 0.0.0): Executed 150 of 306 SUCCESS (0 secs / 0.618 secs)
2023-11-25T23:02:56.5961452Z [1A[2K[1A[2KChrome Headless 119.0.6045.159 (Linux x86_64): Executed 306 of 306 (1 FAILED) (3.481 secs / 3.424 secs)
2023-11-25T23:02:56.5963118Z Firefox 120.0 (Ubuntu 0.0.0): Executed 151 of 306 SUCCESS (0 secs / 0.619 secs)
2023-11-25T23:02:56.5964323Z [1A[2K[1A[2KChrome Headless 119.0.6045.159 (Linux x86_64): Executed 306 of 306 (1 FAILED) (3.481 secs / 3.424 secs)
2023-11-25T23:02:56.5966105Z Firefox 120.0 (Ubuntu 0.0.0): Executed 152 of 306 SUCCESS (0 secs / 0.619 secs)
2023-11-25T23:02:56.5967232Z [1A[2K[1A[2KChrome Headless 119.0.6045.159 (Linux x86_64): Executed 306 of 306 (1 FAILED) (3.481 secs / 3.424 secs)
2023-11-25T23:02:56.5968169Z Firefox 120.0 (Ubuntu 0.0.0): Executed 153 of 306 SUCCESS (0 secs / 0.619 secs)
2023-11-25T23:02:56.5969719Z [1A[2K[1A[2KChrome Headless 119.0.6045.159 (Linux x86_64): Executed 306 of 306 (1 FAILED) (3.481 secs / 3.424 secs)
2023-11-25T23:02:56.5970724Z Firefox 120.0 (Ubuntu 0.0.0): Executed 154 of 306 SUCCESS (0 secs / 0.619 secs)
2023-11-25T23:02:56.5971783Z [1A[2K[1A[2KChrome Headless 119.0.6045.159 (Linux x86_64): Executed 306 of 306 (1 FAILED) (3.481 secs / 3.424 secs)
2023-11-25T23:02:56.5972759Z Firefox 120.0 (Ubuntu 0.0.0): Executed 155 of 306 SUCCESS (0 secs / 0.619 secs)
2023-11-25T23:02:56.5974023Z [1A[2K[1A[2KChrome Headless 119.0.6045.159 (Linux x86_64): Executed 306 of 306 (1 FAILED) (3.481 secs / 3.424 secs)
2023-11-25T23:02:56.5975436Z Firefox 120.0 (Ubuntu 0.0.0): Executed 156 of 306 SUCCESS (0 secs / 0.619 secs)
2023-11-25T23:02:56.5976825Z [1A[2K[1A[2KChrome Headless 119.0.6045.159 (Linux x86_64): Executed 306 of 306 (1 FAILED) (3.481 secs / 3.424 secs)
2023-11-25T23:02:56.5977757Z Firefox 120.0 (Ubuntu 0.0.0): Executed 157 of 306 SUCCESS (0 secs / 0.619 secs)
2023-11-25T23:02:56.5978922Z [1A[2K[1A[2KChrome Headless 119.0.6045.159 (Linux x86_64): Executed 306 of 306 (1 FAILED) (3.481 secs / 3.424 secs)
2023-11-25T23:02:56.5980707Z Firefox 120.0 (Ubuntu 0.0.0): Executed 158 of 306 SUCCESS (0 secs / 0.619 secs)
2023-11-25T23:02:56.5982664Z [1A[2K[1A[2KChrome Headless 119.0.6045.159 (Linux x86_64): Executed 306 of 306 (1 FAILED) (3.481 secs / 3.424 secs)
2023-11-25T23:02:56.5984571Z Firefox 120.0 (Ubuntu 0.0.0): Executed 159 of 306 SUCCESS (0 secs / 0.619 secs)
2023-11-25T23:02:56.5986579Z [1A[2K[1A[2KChrome Headless 119.0.6045.159 (Linux x86_64): Executed 306 of 306 (1 FAILED) (3.481 secs / 3.424 secs)
2023-11-25T23:02:56.5987548Z Firefox 120.0 (Ubuntu 0.0.0): Executed 160 of 306 SUCCESS (0 secs / 0.619 secs)
2023-11-25T23:02:56.5988763Z [1A[2K[1A[2KChrome Headless 119.0.6045.159 (Linux x86_64): Executed 306 of 306 (1 FAILED) (3.481 secs / 3.424 secs)
2023-11-25T23:02:56.5990093Z Firefox 120.0 (Ubuntu 0.0.0): Executed 161 of 306 SUCCESS (0 secs / 0.619 secs)
2023-11-25T23:02:56.5991565Z [1A[2K[1A[2KChrome Headless 119.0.6045.159 (Linux x86_64): Executed 306 of 306 (1 FAILED) (3.481 secs / 3.424 secs)
2023-11-25T23:02:56.5993394Z Firefox 120.0 (Ubuntu 0.0.0): Executed 162 of 306 SUCCESS (0 secs / 0.619 secs)
2023-11-25T23:02:56.5995380Z [1A[2K[1A[2KChrome Headless 119.0.6045.159 (Linux x86_64): Executed 306 of 306 (1 FAILED) (3.481 secs / 3.424 secs)
2023-11-25T23:02:56.5997428Z Firefox 120.0 (Ubuntu 0.0.0): Executed 163 of 306 SUCCESS (0 secs / 0.619 secs)
2023-11-25T23:02:56.5999667Z [1A[2K[1A[2KChrome Headless 119.0.6045.159 (Linux x86_64): Executed 306 of 306 (1 FAILED) (3.481 secs / 3.424 secs)
2023-11-25T23:02:56.6001428Z Firefox 120.0 (Ubuntu 0.0.0): Executed 164 of 306 SUCCESS (0 secs / 0.619 secs)
2023-11-25T23:02:56.6003037Z [1A[2K[1A[2KChrome Headless 119.0.6045.159 (Linux x86_64): Executed 306 of 306 (1 FAILED) (3.481 secs / 3.424 secs)
2023-11-25T23:02:56.6004134Z Firefox 120.0 (Ubuntu 0.0.0): Executed 165 of 306 SUCCESS (0 secs / 0.619 secs)
2023-11-25T23:02:56.6005205Z [1A[2K[1A[2KChrome Headless 119.0.6045.159 (Linux x86_64): Executed 306 of 306 (1 FAILED) (3.481 secs / 3.424 secs)
2023-11-25T23:02:56.6006845Z Firefox 120.0 (Ubuntu 0.0.0): Executed 166 of 306 SUCCESS (0 secs / 0.62 secs)
2023-11-25T23:02:56.6007946Z [1A[2K[1A[2KChrome Headless 119.0.6045.159 (Linux x86_64): Executed 306 of 306 (1 FAILED) (3.481 secs / 3.424 secs)
2023-11-25T23:02:56.6008839Z Firefox 120.0 (Ubuntu 0.0.0): Executed 167 of 306 SUCCESS (0 secs / 0.62 secs)
2023-11-25T23:02:56.6010528Z [1A[2K[1A[2KChrome Headless 119.0.6045.159 (Linux x86_64): Executed 306 of 306 (1 FAILED) (3.481 secs / 3.424 secs)
2023-11-25T23:02:56.6011755Z Firefox 120.0 (Ubuntu 0.0.0): Executed 168 of 306 SUCCESS (0 secs / 0.62 secs)
2023-11-25T23:02:56.6012857Z [1A[2K[1A[2KChrome Headless 119.0.6045.159 (Linux x86_64): Executed 306 of 306 (1 FAILED) (3.481 secs / 3.424 secs)
2023-11-25T23:02:56.6013881Z Firefox 120.0 (Ubuntu 0.0.0): Executed 169 of 306 SUCCESS (0 secs / 0.62 secs)
2023-11-25T23:02:56.6015576Z [1A[2K[1A[2KChrome Headless 119.0.6045.159 (Linux x86_64): Executed 306 of 306 (1 FAILED) (3.481 secs / 3.424 secs)
2023-11-25T23:02:56.6016544Z Firefox 120.0 (Ubuntu 0.0.0): Executed 170 of 306 SUCCESS (0 secs / 0.62 secs)
2023-11-25T23:02:56.6017685Z [1A[2K[1A[2KChrome Headless 119.0.6045.159 (Linux x86_64): Executed 306 of 306 (1 FAILED) (3.481 secs / 3.424 secs)
2023-11-25T23:02:56.6018882Z Firefox 120.0 (Ubuntu 0.0.0): Executed 171 of 306 SUCCESS (0 secs / 0.62 secs)
2023-11-25T23:02:56.6020782Z [1A[2K[1A[2KChrome Headless 119.0.6045.159 (Linux x86_64): Executed 306 of 306 (1 FAILED) (3.481 secs / 3.424 secs)
2023-11-25T23:02:56.6022632Z Firefox 120.0 (Ubuntu 0.0.0): Executed 172 of 306 SUCCESS (0 secs / 0.62 secs)
2023-11-25T23:02:56.6024672Z [1A[2K[1A[2KChrome Headless 119.0.6045.159 (Linux x86_64): Executed 306 of 306 (1 FAILED) (3.481 secs / 3.424 secs)
2023-11-25T23:02:56.6026361Z Firefox 120.0 (Ubuntu 0.0.0): Executed 173 of 306 SUCCESS (0 secs / 0.62 secs)
2023-11-25T23:02:56.6027910Z [1A[2K[1A[2KChrome Headless 119.0.6045.159 (Linux x86_64): Executed 306 of 306 (1 FAILED) (3.481 secs / 3.424 secs)
2023-11-25T23:02:56.6028823Z Firefox 120.0 (Ubuntu 0.0.0): Executed 174 of 306 SUCCESS (0 secs / 0.62 secs)
2023-11-25T23:02:56.6029923Z [1A[2K[1A[2KChrome Headless 119.0.6045.159 (Linux x86_64): Executed 306 of 306 (1 FAILED) (3.481 secs / 3.424 secs)
2023-11-25T23:02:56.6030988Z Firefox 120.0 (Ubuntu 0.0.0): Executed 175 of 306 SUCCESS (0 secs / 0.621 secs)
2023-11-25T23:02:56.6032056Z [1A[2K[1A[2KChrome Headless 119.0.6045.159 (Linux x86_64): Executed 306 of 306 (1 FAILED) (3.481 secs / 3.424 secs)
2023-11-25T23:02:56.6033692Z Firefox 120.0 (Ubuntu 0.0.0): Executed 176 of 306 SUCCESS (0 secs / 0.621 secs)
2023-11-25T23:02:56.6036520Z [1A[2K[1A[2KChrome Headless 119.0.6045.159 (Linux x86_64): Executed 306 of 306 (1 FAILED) (3.481 secs / 3.424 secs)
2023-11-25T23:02:56.6038364Z Firefox 120.0 (Ubuntu 0.0.0): Executed 177 of 306 SUCCESS (0 secs / 0.621 secs)
2023-11-25T23:02:56.6040799Z [1A[2K[1A[2KChrome Headless 119.0.6045.159 (Linux x86_64): Executed 306 of 306 (1 FAILED) (3.481 secs / 3.424 secs)
2023-11-25T23:02:56.6042594Z Firefox 120.0 (Ubuntu 0.0.0): Executed 178 of 306 SUCCESS (0 secs / 0.621 secs)
2023-11-25T23:02:56.6045510Z [1A[2K[1A[2KChrome Headless 119.0.6045.159 (Linux x86_64): Executed 306 of 306 (1 FAILED) (3.481 secs / 3.424 secs)
2023-11-25T23:02:56.6047373Z Firefox 120.0 (Ubuntu 0.0.0): Executed 179 of 306 SUCCESS (0 secs / 0.622 secs)
2023-11-25T23:02:56.6049332Z [1A[2K[1A[2KChrome Headless 119.0.6045.159 (Linux x86_64): Executed 306 of 306 (1 FAILED) (3.481 secs / 3.424 secs)
2023-11-25T23:02:56.6050442Z Firefox 120.0 (Ubuntu 0.0.0): Executed 180 of 306 SUCCESS (0 secs / 0.622 secs)
2023-11-25T23:02:56.6053080Z [1A[2K[1A[2KChrome Headless 119.0.6045.159 (Linux x86_64): Executed 306 of 306 (1 FAILED) (3.481 secs / 3.424 secs)
2023-11-25T23:02:56.6054224Z Firefox 120.0 (Ubuntu 0.0.0): Executed 181 of 306 SUCCESS (0 secs / 0.622 secs)
2023-11-25T23:02:56.6056208Z [1A[2K[1A[2KChrome Headless 119.0.6045.159 (Linux x86_64): Executed 306 of 306 (1 FAILED) (3.481 secs / 3.424 secs)
2023-11-25T23:02:56.6057781Z Firefox 120.0 (Ubuntu 0.0.0): Executed 182 of 306 SUCCESS (0 secs / 0.624 secs)
2023-11-25T23:02:56.6059136Z [1A[2K[1A[2KChrome Headless 119.0.6045.159 (Linux x86_64): Executed 306 of 306 (1 FAILED) (3.481 secs / 3.424 secs)
2023-11-25T23:02:56.6060727Z Firefox 120.0 (Ubuntu 0.0.0): Executed 183 of 306 SUCCESS (0 secs / 0.624 secs)
2023-11-25T23:02:56.6946805Z [1A[2K[1A[2KChrome Headless 119.0.6045.159 (Linux x86_64): Executed 306 of 306 (1 FAILED) (3.481 secs / 3.424 secs)
2023-11-25T23:02:56.6948904Z Firefox 120.0 (Ubuntu 0.0.0): Executed 184 of 306 SUCCESS (0 secs / 0.725 secs)
2023-11-25T23:02:56.6979181Z [1A[2K[1A[2KChrome Headless 119.0.6045.159 (Linux x86_64): Executed 306 of 306 (1 FAILED) (3.481 secs / 3.424 secs)
2023-11-25T23:02:56.6981440Z Firefox 120.0 (Ubuntu 0.0.0): Executed 185 of 306 SUCCESS (0 secs / 0.726 secs)
2023-11-25T23:02:56.6983901Z [1A[2K[1A[2KChrome Headless 119.0.6045.159 (Linux x86_64): Executed 306 of 306 (1 FAILED) (3.481 secs / 3.424 secs)
2023-11-25T23:02:56.6986555Z Firefox 120.0 (Ubuntu 0.0.0): Executed 186 of 306 SUCCESS (0 secs / 0.727 secs)
2023-11-25T23:02:56.6992454Z [1A[2K[1A[2KChrome Headless 119.0.6045.159 (Linux x86_64): Executed 306 of 306 (1 FAILED) (3.481 secs / 3.424 secs)
2023-11-25T23:02:56.6994769Z Firefox 120.0 (Ubuntu 0.0.0): Executed 187 of 306 SUCCESS (0 secs / 0.727 secs)
2023-11-25T23:02:56.6996760Z [1A[2K[1A[2KChrome Headless 119.0.6045.159 (Linux x86_64): Executed 306 of 306 (1 FAILED) (3.481 secs / 3.424 secs)
2023-11-25T23:02:56.6998591Z Firefox 120.0 (Ubuntu 0.0.0): Executed 188 of 306 SUCCESS (0 secs / 0.727 secs)
2023-11-25T23:02:56.7000631Z [1A[2K[1A[2KChrome Headless 119.0.6045.159 (Linux x86_64): Executed 306 of 306 (1 FAILED) (3.481 secs / 3.424 secs)
2023-11-25T23:02:56.7002119Z Firefox 120.0 (Ubuntu 0.0.0): Executed 189 of 306 SUCCESS (0 secs / 0.728 secs)
2023-11-25T23:02:56.7004037Z [1A[2K[1A[2KChrome Headless 119.0.6045.159 (Linux x86_64): Executed 306 of 306 (1 FAILED) (3.481 secs / 3.424 secs)
2023-11-25T23:02:56.7005784Z Firefox 120.0 (Ubuntu 0.0.0): Executed 190 of 306 SUCCESS (0 secs / 0.728 secs)
2023-11-25T23:02:56.7007639Z [1A[2K[1A[2KChrome Headless 119.0.6045.159 (Linux x86_64): Executed 306 of 306 (1 FAILED) (3.481 secs / 3.424 secs)
2023-11-25T23:02:56.7009397Z Firefox 120.0 (Ubuntu 0.0.0): Executed 191 of 306 SUCCESS (0 secs / 0.729 secs)
2023-11-25T23:02:56.7011448Z [1A[2K[1A[2KChrome Headless 119.0.6045.159 (Linux x86_64): Executed 306 of 306 (1 FAILED) (3.481 secs / 3.424 secs)
2023-11-25T23:02:56.7013217Z Firefox 120.0 (Ubuntu 0.0.0): Executed 192 of 306 SUCCESS (0 secs / 0.73 secs)
2023-11-25T23:02:56.7015217Z [1A[2K[1A[2KChrome Headless 119.0.6045.159 (Linux x86_64): Executed 306 of 306 (1 FAILED) (3.481 secs / 3.424 secs)
2023-11-25T23:02:56.7016942Z Firefox 120.0 (Ubuntu 0.0.0): Executed 193 of 306 SUCCESS (0 secs / 0.731 secs)
2023-11-25T23:02:56.7018755Z [1A[2K[1A[2KChrome Headless 119.0.6045.159 (Linux x86_64): Executed 306 of 306 (1 FAILED) (3.481 secs / 3.424 secs)
2023-11-25T23:02:56.7020194Z Firefox 120.0 (Ubuntu 0.0.0): Executed 194 of 306 SUCCESS (0 secs / 0.731 secs)
2023-11-25T23:02:56.7026850Z [1A[2K[1A[2KChrome Headless 119.0.6045.159 (Linux x86_64): Executed 306 of 306 (1 FAILED) (3.481 secs / 3.424 secs)
2023-11-25T23:02:56.7028524Z Firefox 120.0 (Ubuntu 0.0.0): Executed 195 of 306 SUCCESS (0 secs / 0.731 secs)
2023-11-25T23:02:56.7033148Z [1A[2K[1A[2KChrome Headless 119.0.6045.159 (Linux x86_64): Executed 306 of 306 (1 FAILED) (3.481 secs / 3.424 secs)
2023-11-25T23:02:56.7034197Z Firefox 120.0 (Ubuntu 0.0.0): Executed 196 of 306 SUCCESS (0 secs / 0.731 secs)
2023-11-25T23:02:56.8546553Z [1A[2K[1A[2KChrome Headless 119.0.6045.159 (Linux x86_64): Executed 306 of 306 (1 FAILED) (3.481 secs / 3.424 secs)
2023-11-25T23:02:56.8549153Z Firefox 120.0 (Ubuntu 0.0.0): Executed 197 of 306 SUCCESS (0 secs / 0.882 secs)
2023-11-25T23:02:56.8566880Z [1A[2K[1A[2KChrome Headless 119.0.6045.159 (Linux x86_64): Executed 306 of 306 (1 FAILED) (3.481 secs / 3.424 secs)
2023-11-25T23:02:56.8568121Z Firefox 120.0 (Ubuntu 0.0.0): Executed 198 of 306 SUCCESS (0 secs / 0.883 secs)
2023-11-25T23:02:56.9570152Z [1A[2K[1A[2KChrome Headless 119.0.6045.159 (Linux x86_64): Executed 306 of 306 (1 FAILED) (3.481 secs / 3.424 secs)
2023-11-25T23:02:56.9571263Z Firefox 120.0 (Ubuntu 0.0.0): Executed 199 of 306 SUCCESS (0 secs / 0.984 secs)
2023-11-25T23:02:57.0586777Z [1A[2K[1A[2KChrome Headless 119.0.6045.159 (Linux x86_64): Executed 306 of 306 (1 FAILED) (3.481 secs / 3.424 secs)
2023-11-25T23:02:57.0588649Z Firefox 120.0 (Ubuntu 0.0.0): Executed 200 of 306 SUCCESS (0 secs / 1.085 secs)
2023-11-25T23:02:57.1603570Z [1A[2K[1A[2KChrome Headless 119.0.6045.159 (Linux x86_64): Executed 306 of 306 (1 FAILED) (3.481 secs / 3.424 secs)
2023-11-25T23:02:57.1604658Z Firefox 120.0 (Ubuntu 0.0.0): Executed 201 of 306 SUCCESS (0 secs / 1.187 secs)
2023-11-25T23:02:57.2621478Z [1A[2K[1A[2KChrome Headless 119.0.6045.159 (Linux x86_64): Executed 306 of 306 (1 FAILED) (3.481 secs / 3.424 secs)
2023-11-25T23:02:57.2622750Z Firefox 120.0 (Ubuntu 0.0.0): Executed 202 of 306 SUCCESS (0 secs / 1.288 secs)
2023-11-25T23:02:57.3639895Z [1A[2K[1A[2KChrome Headless 119.0.6045.159 (Linux x86_64): Executed 306 of 306 (1 FAILED) (3.481 secs / 3.424 secs)
2023-11-25T23:02:57.4657626Z Firefox 120.0 (Ubuntu 0.0.0): Executed 203 of 306 SUCCESS (0 secs / 1.389 secs)
2023-11-25T23:02:57.4659918Z [1A[2K[1A[2KChrome Headless 119.0.6045.159 (Linux x86_64): Executed 306 of 306 (1 FAILED) (3.481 secs / 3.424 secs)
2023-11-25T23:02:57.4661618Z Firefox 120.0 (Ubuntu 0.0.0): Executed 204 of 306 SUCCESS (0 secs / 1.49 secs)
2023-11-25T23:02:57.5677472Z [1A[2K[1A[2KChrome Headless 119.0.6045.159 (Linux x86_64): Executed 306 of 306 (1 FAILED) (3.481 secs / 3.424 secs)
2023-11-25T23:02:57.5679676Z Firefox 120.0 (Ubuntu 0.0.0): Executed 205 of 306 SUCCESS (0 secs / 1.592 secs)
2023-11-25T23:02:57.6694782Z [1A[2K[1A[2KChrome Headless 119.0.6045.159 (Linux x86_64): Executed 306 of 306 (1 FAILED) (3.481 secs / 3.424 secs)
2023-11-25T23:02:57.6696770Z Firefox 120.0 (Ubuntu 0.0.0): Executed 206 of 306 SUCCESS (0 secs / 1.693 secs)
2023-11-25T23:02:57.7724663Z [1A[2K[1A[2KChrome Headless 119.0.6045.159 (Linux x86_64): Executed 306 of 306 (1 FAILED) (3.481 secs / 3.424 secs)
2023-11-25T23:02:57.7726606Z Firefox 120.0 (Ubuntu 0.0.0): Executed 207 of 306 SUCCESS (0 secs / 1.795 secs)
2023-11-25T23:02:57.8730012Z [1A[2K[1A[2KChrome Headless 119.0.6045.159 (Linux x86_64): Executed 306 of 306 (1 FAILED) (3.481 secs / 3.424 secs)
2023-11-25T23:02:57.8731696Z Firefox 120.0 (Ubuntu 0.0.0): Executed 208 of 306 SUCCESS (0 secs / 1.897 secs)
2023-11-25T23:02:57.9748982Z [1A[2K[1A[2KChrome Headless 119.0.6045.159 (Linux x86_64): Executed 306 of 306 (1 FAILED) (3.481 secs / 3.424 secs)
2023-11-25T23:02:57.9750616Z Firefox 120.0 (Ubuntu 0.0.0): Executed 209 of 306 SUCCESS (0 secs / 1.998 secs)
2023-11-25T23:02:58.0770445Z [1A[2K[1A[2KChrome Headless 119.0.6045.159 (Linux x86_64): Executed 306 of 306 (1 FAILED) (3.481 secs / 3.424 secs)
2023-11-25T23:02:58.0772402Z Firefox 120.0 (Ubuntu 0.0.0): Executed 210 of 306 SUCCESS (0 secs / 2.099 secs)
2023-11-25T23:02:58.0779119Z [1A[2K[1A[2KChrome Headless 119.0.6045.159 (Linux x86_64): Executed 306 of 306 (1 FAILED) (3.481 secs / 3.424 secs)
2023-11-25T23:02:58.0781266Z Firefox 120.0 (Ubuntu 0.0.0): Executed 211 of 306 SUCCESS (0 secs / 2.101 secs)
2023-11-25T23:02:58.0801343Z [1A[2K[1A[2KChrome Headless 119.0.6045.159 (Linux x86_64): Executed 306 of 306 (1 FAILED) (3.481 secs / 3.424 secs)
2023-11-25T23:02:58.0802341Z Firefox 120.0 (Ubuntu 0.0.0): Executed 212 of 306 SUCCESS (0 secs / 2.102 secs)
2023-11-25T23:02:58.0807218Z [1A[2K[1A[2KChrome Headless 119.0.6045.159 (Linux x86_64): Executed 306 of 306 (1 FAILED) (3.481 secs / 3.424 secs)
2023-11-25T23:02:58.0809627Z Firefox 120.0 (Ubuntu 0.0.0): Executed 213 of 306 SUCCESS (0 secs / 2.103 secs)
2023-11-25T23:02:58.0812199Z [1A[2K[1A[2KChrome Headless 119.0.6045.159 (Linux x86_64): Executed 306 of 306 (1 FAILED) (3.481 secs / 3.424 secs)
2023-11-25T23:02:58.0813978Z Firefox 120.0 (Ubuntu 0.0.0): Executed 214 of 306 SUCCESS (0 secs / 2.103 secs)
2023-11-25T23:02:58.0815893Z [1A[2K[1A[2KChrome Headless 119.0.6045.159 (Linux x86_64): Executed 306 of 306 (1 FAILED) (3.481 secs / 3.424 secs)
2023-11-25T23:02:58.0817725Z Firefox 120.0 (Ubuntu 0.0.0): Executed 215 of 306 SUCCESS (0 secs / 2.103 secs)
2023-11-25T23:02:58.0819980Z [1A[2K[1A[2KChrome Headless 119.0.6045.159 (Linux x86_64): Executed 306 of 306 (1 FAILED) (3.481 secs / 3.424 secs)
2023-11-25T23:02:58.0822102Z Firefox 120.0 (Ubuntu 0.0.0): Executed 216 of 306 SUCCESS (0 secs / 2.104 secs)
2023-11-25T23:02:58.0823438Z [1A[2K[1A[2KChrome Headless 119.0.6045.159 (Linux x86_64): Executed 306 of 306 (1 FAILED) (3.481 secs / 3.424 secs)
2023-11-25T23:02:58.0824359Z Firefox 120.0 (Ubuntu 0.0.0): Executed 217 of 306 SUCCESS (0 secs / 2.104 secs)
2023-11-25T23:02:58.0831768Z [1A[2K[1A[2KChrome Headless 119.0.6045.159 (Linux x86_64): Executed 306 of 306 (1 FAILED) (3.481 secs / 3.424 secs)
2023-11-25T23:02:58.0833826Z Firefox 120.0 (Ubuntu 0.0.0): Executed 218 of 306 SUCCESS (0 secs / 2.104 secs)
2023-11-25T23:02:58.0838613Z [1A[2K[1A[2KChrome Headless 119.0.6045.159 (Linux x86_64): Executed 306 of 306 (1 FAILED) (3.481 secs / 3.424 secs)
2023-11-25T23:02:58.0842297Z Firefox 120.0 (Ubuntu 0.0.0): Executed 219 of 306 SUCCESS (0 secs / 2.104 secs)
2023-11-25T23:02:58.0845427Z [1A[2K[1A[2KChrome Headless 119.0.6045.159 (Linux x86_64): Executed 306 of 306 (1 FAILED) (3.481 secs / 3.424 secs)
2023-11-25T23:02:58.0847224Z Firefox 120.0 (Ubuntu 0.0.0): Executed 220 of 306 SUCCESS (0 secs / 2.104 secs)
2023-11-25T23:02:58.0851101Z [1A[2K[1A[2KChrome Headless 119.0.6045.159 (Linux x86_64): Executed 306 of 306 (1 FAILED) (3.481 secs / 3.424 secs)
2023-11-25T23:02:58.0852977Z Firefox 120.0 (Ubuntu 0.0.0): Executed 221 of 306 SUCCESS (0 secs / 2.105 secs)
2023-11-25T23:02:58.0854829Z [1A[2K[1A[2KChrome Headless 119.0.6045.159 (Linux x86_64): Executed 306 of 306 (1 FAILED) (3.481 secs / 3.424 secs)
2023-11-25T23:02:58.0856404Z Firefox 120.0 (Ubuntu 0.0.0): Executed 222 of 306 SUCCESS (0 secs / 2.105 secs)
2023-11-25T23:02:58.0857945Z [1A[2K[1A[2KChrome Headless 119.0.6045.159 (Linux x86_64): Executed 306 of 306 (1 FAILED) (3.481 secs / 3.424 secs)
2023-11-25T23:02:58.0858902Z Firefox 120.0 (Ubuntu 0.0.0): Executed 223 of 306 SUCCESS (0 secs / 2.105 secs)
2023-11-25T23:02:58.0864302Z [1A[2K[1A[2KChrome Headless 119.0.6045.159 (Linux x86_64): Executed 306 of 306 (1 FAILED) (3.481 secs / 3.424 secs)
2023-11-25T23:02:58.0866289Z Firefox 120.0 (Ubuntu 0.0.0): Executed 224 of 306 SUCCESS (0 secs / 2.106 secs)
2023-11-25T23:02:58.0868693Z [1A[2K[1A[2KChrome Headless 119.0.6045.159 (Linux x86_64): Executed 306 of 306 (1 FAILED) (3.481 secs / 3.424 secs)
2023-11-25T23:02:58.0870537Z Firefox 120.0 (Ubuntu 0.0.0): Executed 225 of 306 SUCCESS (0 secs / 2.106 secs)
2023-11-25T23:02:58.0874884Z [1A[2K[1A[2KChrome Headless 119.0.6045.159 (Linux x86_64): Executed 306 of 306 (1 FAILED) (3.481 secs / 3.424 secs)
2023-11-25T23:02:58.0876778Z Firefox 120.0 (Ubuntu 0.0.0): Executed 226 of 306 SUCCESS (0 secs / 2.107 secs)
2023-11-25T23:02:58.0882827Z [1A[2K[1A[2KChrome Headless 119.0.6045.159 (Linux x86_64): Executed 306 of 306 (1 FAILED) (3.481 secs / 3.424 secs)
2023-11-25T23:02:58.0884935Z Firefox 120.0 (Ubuntu 0.0.0): Executed 227 of 306 SUCCESS (0 secs / 2.108 secs)
2023-11-25T23:02:58.0894361Z [1A[2K[1A[2KChrome Headless 119.0.6045.159 (Linux x86_64): Executed 306 of 306 (1 FAILED) (3.481 secs / 3.424 secs)
2023-11-25T23:02:58.0896361Z Firefox 120.0 (Ubuntu 0.0.0): Executed 228 of 306 SUCCESS (0 secs / 2.109 secs)
2023-11-25T23:02:58.0900714Z [1A[2K[1A[2KChrome Headless 119.0.6045.159 (Linux x86_64): Executed 306 of 306 (1 FAILED) (3.481 secs / 3.424 secs)
2023-11-25T23:02:58.0901745Z Firefox 120.0 (Ubuntu 0.0.0): Executed 229 of 306 SUCCESS (0 secs / 2.11 secs)
2023-11-25T23:02:58.1914198Z [1A[2K[1A[2KChrome Headless 119.0.6045.159 (Linux x86_64): Executed 306 of 306 (1 FAILED) (3.481 secs / 3.424 secs)
2023-11-25T23:02:58.1915901Z Firefox 120.0 (Ubuntu 0.0.0): Executed 230 of 306 SUCCESS (0 secs / 2.21 secs)
2023-11-25T23:02:58.2919515Z [1A[2K[1A[2KChrome Headless 119.0.6045.159 (Linux x86_64): Executed 306 of 306 (1 FAILED) (3.481 secs / 3.424 secs)
2023-11-25T23:02:58.2921059Z Firefox 120.0 (Ubuntu 0.0.0): Executed 231 of 306 SUCCESS (0 secs / 2.311 secs)
2023-11-25T23:02:58.3930285Z [1A[2K[1A[2KChrome Headless 119.0.6045.159 (Linux x86_64): Executed 306 of 306 (1 FAILED) (3.481 secs / 3.424 secs)
2023-11-25T23:02:58.3931830Z Firefox 120.0 (Ubuntu 0.0.0): Executed 232 of 306 SUCCESS (0 secs / 2.411 secs)
2023-11-25T23:02:58.3936016Z [1A[2K[1A[2KChrome Headless 119.0.6045.159 (Linux x86_64): Executed 306 of 306 (1 FAILED) (3.481 secs / 3.424 secs)
2023-11-25T23:02:58.3937126Z Firefox 120.0 (Ubuntu 0.0.0): Executed 233 of 306 SUCCESS (0 secs / 2.411 secs)
2023-11-25T23:02:58.3942434Z [1A[2K[1A[2KChrome Headless 119.0.6045.159 (Linux x86_64): Executed 306 of 306 (1 FAILED) (3.481 secs / 3.424 secs)
2023-11-25T23:02:58.3944374Z Firefox 120.0 (Ubuntu 0.0.0): Executed 234 of 306 SUCCESS (0 secs / 2.412 secs)
2023-11-25T23:02:58.3947403Z [1A[2K[1A[2KChrome Headless 119.0.6045.159 (Linux x86_64): Executed 306 of 306 (1 FAILED) (3.481 secs / 3.424 secs)
2023-11-25T23:02:58.3948733Z Firefox 120.0 (Ubuntu 0.0.0): Executed 235 of 306 SUCCESS (0 secs / 2.413 secs)
2023-11-25T23:02:58.3953981Z [1A[2K[1A[2KChrome Headless 119.0.6045.159 (Linux x86_64): Executed 306 of 306 (1 FAILED) (3.481 secs / 3.424 secs)
2023-11-25T23:02:58.3955728Z Firefox 120.0 (Ubuntu 0.0.0): Executed 236 of 306 SUCCESS (0 secs / 2.413 secs)
2023-11-25T23:02:58.3959083Z [1A[2K[1A[2KChrome Headless 119.0.6045.159 (Linux x86_64): Executed 306 of 306 (1 FAILED) (3.481 secs / 3.424 secs)
2023-11-25T23:02:58.3960128Z Firefox 120.0 (Ubuntu 0.0.0): Executed 237 of 306 SUCCESS (0 secs / 2.413 secs)
2023-11-25T23:02:58.3966349Z [1A[2K[1A[2KChrome Headless 119.0.6045.159 (Linux x86_64): Executed 306 of 306 (1 FAILED) (3.481 secs / 3.424 secs)
2023-11-25T23:02:58.3967534Z Firefox 120.0 (Ubuntu 0.0.0): Executed 238 of 306 SUCCESS (0 secs / 2.413 secs)
2023-11-25T23:02:58.3971945Z [1A[2K[1A[2KChrome Headless 119.0.6045.159 (Linux x86_64): Executed 306 of 306 (1 FAILED) (3.481 secs / 3.424 secs)
2023-11-25T23:02:58.3974865Z Firefox 120.0 (Ubuntu 0.0.0): Executed 239 of 306 SUCCESS (0 secs / 2.414 secs)
2023-11-25T23:02:58.4224243Z [1A[2K[1A[2KChrome Headless 119.0.6045.159 (Linux x86_64): Executed 306 of 306 (1 FAILED) (3.481 secs / 3.424 secs)
2023-11-25T23:02:58.4225362Z Firefox 120.0 (Ubuntu 0.0.0): Executed 240 of 306 SUCCESS (0 secs / 2.439 secs)
2023-11-25T23:02:58.4233981Z [1A[2K[1A[2KChrome Headless 119.0.6045.159 (Linux x86_64): Executed 306 of 306 (1 FAILED) (3.481 secs / 3.424 secs)
2023-11-25T23:02:58.4235121Z Firefox 120.0 (Ubuntu 0.0.0): Executed 241 of 306 SUCCESS (0 secs / 2.44 secs)
2023-11-25T23:02:58.4244835Z [1A[2K[1A[2KChrome Headless 119.0.6045.159 (Linux x86_64): Executed 306 of 306 (1 FAILED) (3.481 secs / 3.424 secs)
2023-11-25T23:02:58.4248046Z Firefox 120.0 (Ubuntu 0.0.0): Executed 242 of 306 SUCCESS (0 secs / 2.44 secs)
2023-11-25T23:02:58.4250221Z [1A[2K[1A[2KChrome Headless 119.0.6045.159 (Linux x86_64): Executed 306 of 306 (1 FAILED) (3.481 secs / 3.424 secs)
2023-11-25T23:02:58.4253197Z Firefox 120.0 (Ubuntu 0.0.0): Executed 243 of 306 SUCCESS (0 secs / 2.44 secs)
2023-11-25T23:02:58.4255726Z [1A[2K[1A[2KChrome Headless 119.0.6045.159 (Linux x86_64): Executed 306 of 306 (1 FAILED) (3.481 secs / 3.424 secs)
2023-11-25T23:02:58.4258725Z Firefox 120.0 (Ubuntu 0.0.0): Executed 244 of 306 SUCCESS (0 secs / 2.44 secs)
2023-11-25T23:02:58.4260817Z [1A[2K[1A[2KChrome Headless 119.0.6045.159 (Linux x86_64): Executed 306 of 306 (1 FAILED) (3.481 secs / 3.424 secs)
2023-11-25T23:02:58.4263611Z Firefox 120.0 (Ubuntu 0.0.0): Executed 245 of 306 SUCCESS (0 secs / 2.44 secs)
2023-11-25T23:02:58.4264803Z [1A[2K[1A[2KChrome Headless 119.0.6045.159 (Linux x86_64): Executed 306 of 306 (1 FAILED) (3.481 secs / 3.424 secs)
2023-11-25T23:02:58.4265756Z Firefox 120.0 (Ubuntu 0.0.0): Executed 246 of 306 SUCCESS (0 secs / 2.441 secs)
2023-11-25T23:02:58.5274474Z [1A[2K[1A[2KChrome Headless 119.0.6045.159 (Linux x86_64): Executed 306 of 306 (1 FAILED) (3.481 secs / 3.424 secs)
2023-11-25T23:02:58.5275862Z Firefox 120.0 (Ubuntu 0.0.0): Executed 247 of 306 SUCCESS (0 secs / 2.541 secs)
2023-11-25T23:02:58.6290522Z [1A[2K[1A[2KChrome Headless 119.0.6045.159 (Linux x86_64): Executed 306 of 306 (1 FAILED) (3.481 secs / 3.424 secs)
2023-11-25T23:02:58.6292143Z Firefox 120.0 (Ubuntu 0.0.0): Executed 248 of 306 SUCCESS (0 secs / 2.642 secs)
2023-11-25T23:02:58.7305574Z [1A[2K[1A[2KChrome Headless 119.0.6045.159 (Linux x86_64): Executed 306 of 306 (1 FAILED) (3.481 secs / 3.424 secs)
2023-11-25T23:02:58.7306660Z Firefox 120.0 (Ubuntu 0.0.0): Executed 249 of 306 SUCCESS (0 secs / 2.743 secs)
2023-11-25T23:02:58.8324826Z [1A[2K[1A[2KChrome Headless 119.0.6045.159 (Linux x86_64): Executed 306 of 306 (1 FAILED) (3.481 secs / 3.424 secs)
2023-11-25T23:02:58.8326602Z Firefox 120.0 (Ubuntu 0.0.0): Executed 250 of 306 SUCCESS (0 secs / 2.845 secs)
2023-11-25T23:02:58.8333934Z [1A[2K[1A[2KChrome Headless 119.0.6045.159 (Linux x86_64): Executed 306 of 306 (1 FAILED) (3.481 secs / 3.424 secs)
2023-11-25T23:02:58.8335696Z Firefox 120.0 (Ubuntu 0.0.0): Executed 251 of 306 SUCCESS (0 secs / 2.846 secs)
2023-11-25T23:02:58.8337816Z [1A[2K[1A[2KChrome Headless 119.0.6045.159 (Linux x86_64): Executed 306 of 306 (1 FAILED) (3.481 secs / 3.424 secs)
2023-11-25T23:02:58.8339648Z Firefox 120.0 (Ubuntu 0.0.0): Executed 252 of 306 SUCCESS (0 secs / 2.847 secs)
2023-11-25T23:02:58.8342558Z [1A[2K[1A[2KChrome Headless 119.0.6045.159 (Linux x86_64): Executed 306 of 306 (1 FAILED) (3.481 secs / 3.424 secs)
2023-11-25T23:02:58.8344135Z Firefox 120.0 (Ubuntu 0.0.0): Executed 253 of 306 SUCCESS (0 secs / 2.847 secs)
2023-11-25T23:02:58.9358334Z [1A[2K[1A[2KChrome Headless 119.0.6045.159 (Linux x86_64): Executed 306 of 306 (1 FAILED) (3.481 secs / 3.424 secs)
2023-11-25T23:02:58.9360130Z Firefox 120.0 (Ubuntu 0.0.0): Executed 254 of 306 SUCCESS (0 secs / 2.948 secs)
2023-11-25T23:02:58.9365877Z [1A[2K[1A[2KChrome Headless 119.0.6045.159 (Linux x86_64): Executed 306 of 306 (1 FAILED) (3.481 secs / 3.424 secs)
2023-11-25T23:02:58.9367065Z Firefox 120.0 (Ubuntu 0.0.0): Executed 255 of 306 SUCCESS (0 secs / 2.949 secs)
2023-11-25T23:02:58.9372636Z [1A[2K[1A[2KChrome Headless 119.0.6045.159 (Linux x86_64): Executed 306 of 306 (1 FAILED) (3.481 secs / 3.424 secs)
2023-11-25T23:02:58.9375505Z Firefox 120.0 (Ubuntu 0.0.0): Executed 256 of 306 SUCCESS (0 secs / 2.95 secs)
2023-11-25T23:02:58.9378893Z [1A[2K[1A[2KChrome Headless 119.0.6045.159 (Linux x86_64): Executed 306 of 306 (1 FAILED) (3.481 secs / 3.424 secs)
2023-11-25T23:02:58.9380353Z Firefox 120.0 (Ubuntu 0.0.0): Executed 257 of 306 SUCCESS (0 secs / 2.95 secs)
2023-11-25T23:02:58.9388192Z [1A[2K[1A[2KChrome Headless 119.0.6045.159 (Linux x86_64): Executed 306 of 306 (1 FAILED) (3.481 secs / 3.424 secs)
2023-11-25T23:02:58.9390248Z Firefox 120.0 (Ubuntu 0.0.0): Executed 258 of 306 SUCCESS (0 secs / 2.952 secs)
2023-11-25T23:02:58.9393350Z [1A[2K[1A[2KChrome Headless 119.0.6045.159 (Linux x86_64): Executed 306 of 306 (1 FAILED) (3.481 secs / 3.424 secs)
2023-11-25T23:02:58.9394352Z Firefox 120.0 (Ubuntu 0.0.0): Executed 259 of 306 SUCCESS (0 secs / 2.952 secs)
2023-11-25T23:02:59.0409519Z [1A[2K[1A[2KChrome Headless 119.0.6045.159 (Linux x86_64): Executed 306 of 306 (1 FAILED) (3.481 secs / 3.424 secs)
2023-11-25T23:02:59.0411266Z Firefox 120.0 (Ubuntu 0.0.0): Executed 260 of 306 SUCCESS (0 secs / 3.053 secs)
2023-11-25T23:02:59.1427629Z [1A[2K[1A[2KChrome Headless 119.0.6045.159 (Linux x86_64): Executed 306 of 306 (1 FAILED) (3.481 secs / 3.424 secs)
2023-11-25T23:02:59.1429457Z Firefox 120.0 (Ubuntu 0.0.0): Executed 261 of 306 SUCCESS (0 secs / 3.155 secs)
2023-11-25T23:02:59.2445420Z [1A[2K[1A[2KChrome Headless 119.0.6045.159 (Linux x86_64): Executed 306 of 306 (1 FAILED) (3.481 secs / 3.424 secs)
2023-11-25T23:02:59.2447109Z Firefox 120.0 (Ubuntu 0.0.0): Executed 262 of 306 SUCCESS (0 secs / 3.257 secs)
2023-11-25T23:02:59.3464750Z [1A[2K[1A[2KChrome Headless 119.0.6045.159 (Linux x86_64): Executed 306 of 306 (1 FAILED) (3.481 secs / 3.424 secs)
2023-11-25T23:02:59.3466598Z Firefox 120.0 (Ubuntu 0.0.0): Executed 263 of 306 SUCCESS (0 secs / 3.358 secs)
2023-11-25T23:02:59.3473688Z [1A[2K[1A[2KChrome Headless 119.0.6045.159 (Linux x86_64): Executed 306 of 306 (1 FAILED) (3.481 secs / 3.424 secs)
2023-11-25T23:02:59.3475703Z Firefox 120.0 (Ubuntu 0.0.0): Executed 264 of 306 SUCCESS (0 secs / 3.36 secs)
2023-11-25T23:02:59.3480066Z [1A[2K[1A[2KChrome Headless 119.0.6045.159 (Linux x86_64): Executed 306 of 306 (1 FAILED) (3.481 secs / 3.424 secs)
2023-11-25T23:02:59.3481977Z Firefox 120.0 (Ubuntu 0.0.0): Executed 265 of 306 SUCCESS (0 secs / 3.36 secs)
2023-11-25T23:02:59.3485722Z [1A[2K[1A[2KChrome Headless 119.0.6045.159 (Linux x86_64): Executed 306 of 306 (1 FAILED) (3.481 secs / 3.424 secs)
2023-11-25T23:02:59.3487530Z Firefox 120.0 (Ubuntu 0.0.0): Executed 266 of 306 SUCCESS (0 secs / 3.361 secs)
2023-11-25T23:02:59.3489979Z [1A[2K[1A[2KChrome Headless 119.0.6045.159 (Linux x86_64): Executed 306 of 306 (1 FAILED) (3.481 secs / 3.424 secs)
2023-11-25T23:02:59.3491982Z Firefox 120.0 (Ubuntu 0.0.0): Executed 267 of 306 SUCCESS (0 secs / 3.361 secs)
2023-11-25T23:02:59.3501926Z [1A[2K[1A[2KChrome Headless 119.0.6045.159 (Linux x86_64): Executed 306 of 306 (1 FAILED) (3.481 secs / 3.424 secs)
2023-11-25T23:02:59.3503726Z Firefox 120.0 (Ubuntu 0.0.0): Executed 268 of 306 SUCCESS (0 secs / 3.361 secs)
2023-11-25T23:02:59.3505599Z [1A[2K[1A[2KChrome Headless 119.0.6045.159 (Linux x86_64): Executed 306 of 306 (1 FAILED) (3.481 secs / 3.424 secs)
2023-11-25T23:02:59.3507238Z Firefox 120.0 (Ubuntu 0.0.0): Executed 269 of 306 SUCCESS (0 secs / 3.361 secs)
2023-11-25T23:02:59.3509327Z [1A[2K[1A[2KChrome Headless 119.0.6045.159 (Linux x86_64): Executed 306 of 306 (1 FAILED) (3.481 secs / 3.424 secs)
2023-11-25T23:02:59.3510971Z Firefox 120.0 (Ubuntu 0.0.0): Executed 270 of 306 SUCCESS (0 secs / 3.361 secs)
2023-11-25T23:02:59.3512804Z [1A[2K[1A[2KChrome Headless 119.0.6045.159 (Linux x86_64): Executed 306 of 306 (1 FAILED) (3.481 secs / 3.424 secs)
2023-11-25T23:02:59.3514681Z Firefox 120.0 (Ubuntu 0.0.0): Executed 271 of 306 SUCCESS (0 secs / 3.361 secs)
2023-11-25T23:02:59.3516743Z [1A[2K[1A[2KChrome Headless 119.0.6045.159 (Linux x86_64): Executed 306 of 306 (1 FAILED) (3.481 secs / 3.424 secs)
2023-11-25T23:02:59.3518657Z Firefox 120.0 (Ubuntu 0.0.0): Executed 272 of 306 SUCCESS (0 secs / 3.361 secs)
2023-11-25T23:02:59.3520484Z [1A[2K[1A[2KChrome Headless 119.0.6045.159 (Linux x86_64): Executed 306 of 306 (1 FAILED) (3.481 secs / 3.424 secs)
2023-11-25T23:02:59.3522150Z Firefox 120.0 (Ubuntu 0.0.0): Executed 273 of 306 SUCCESS (0 secs / 3.361 secs)
2023-11-25T23:02:59.3524146Z [1A[2K[1A[2KChrome Headless 119.0.6045.159 (Linux x86_64): Executed 306 of 306 (1 FAILED) (3.481 secs / 3.424 secs)
2023-11-25T23:02:59.3525799Z Firefox 120.0 (Ubuntu 0.0.0): Executed 274 of 306 SUCCESS (0 secs / 3.361 secs)
2023-11-25T23:02:59.3527780Z [1A[2K[1A[2KChrome Headless 119.0.6045.159 (Linux x86_64): Executed 306 of 306 (1 FAILED) (3.481 secs / 3.424 secs)
2023-11-25T23:02:59.3529326Z Firefox 120.0 (Ubuntu 0.0.0): Executed 275 of 306 SUCCESS (0 secs / 3.361 secs)
2023-11-25T23:02:59.3536222Z [1A[2K[1A[2KChrome Headless 119.0.6045.159 (Linux x86_64): Executed 306 of 306 (1 FAILED) (3.481 secs / 3.424 secs)
2023-11-25T23:02:59.3538237Z Firefox 120.0 (Ubuntu 0.0.0): Executed 276 of 306 SUCCESS (0 secs / 3.361 secs)
2023-11-25T23:02:59.3541121Z [1A[2K[1A[2KChrome Headless 119.0.6045.159 (Linux x86_64): Executed 306 of 306 (1 FAILED) (3.481 secs / 3.424 secs)
2023-11-25T23:02:59.3542731Z Firefox 120.0 (Ubuntu 0.0.0): Executed 277 of 306 SUCCESS (0 secs / 3.361 secs)
2023-11-25T23:02:59.3550215Z [1A[2K[1A[2KChrome Headless 119.0.6045.159 (Linux x86_64): Executed 306 of 306 (1 FAILED) (3.481 secs / 3.424 secs)
2023-11-25T23:02:59.3553090Z Firefox 120.0 (Ubuntu 0.0.0): Executed 278 of 306 SUCCESS (0 secs / 3.362 secs)
2023-11-25T23:02:59.3555234Z [1A[2K[1A[2KChrome Headless 119.0.6045.159 (Linux x86_64): Executed 306 of 306 (1 FAILED) (3.481 secs / 3.424 secs)
2023-11-25T23:02:59.3558268Z Firefox 120.0 (Ubuntu 0.0.0): Executed 279 of 306 SUCCESS (0 secs / 3.362 secs)
2023-11-25T23:02:59.3560035Z [1A[2K[1A[2KChrome Headless 119.0.6045.159 (Linux x86_64): Executed 306 of 306 (1 FAILED) (3.481 secs / 3.424 secs)
2023-11-25T23:02:59.3562533Z Firefox 120.0 (Ubuntu 0.0.0): Executed 280 of 306 SUCCESS (0 secs / 3.362 secs)
2023-11-25T23:02:59.3564628Z [1A[2K[1A[2KChrome Headless 119.0.6045.159 (Linux x86_64): Executed 306 of 306 (1 FAILED) (3.481 secs / 3.424 secs)
2023-11-25T23:02:59.3566714Z Firefox 120.0 (Ubuntu 0.0.0): Executed 281 of 306 SUCCESS (0 secs / 3.362 secs)
2023-11-25T23:02:59.3568946Z [1A[2K[1A[2KChrome Headless 119.0.6045.159 (Linux x86_64): Executed 306 of 306 (1 FAILED) (3.481 secs / 3.424 secs)
2023-11-25T23:02:59.3570639Z Firefox 120.0 (Ubuntu 0.0.0): Executed 282 of 306 SUCCESS (0 secs / 3.363 secs)
2023-11-25T23:02:59.3578722Z [1A[2K[1A[2KChrome Headless 119.0.6045.159 (Linux x86_64): Executed 306 of 306 (1 FAILED) (3.481 secs / 3.424 secs)
2023-11-25T23:02:59.3579708Z Firefox 120.0 (Ubuntu 0.0.0): Executed 283 of 306 SUCCESS (0 secs / 3.363 secs)
2023-11-25T23:02:59.3583220Z [1A[2K[1A[2KChrome Headless 119.0.6045.159 (Linux x86_64): Executed 306 of 306 (1 FAILED) (3.481 secs / 3.424 secs)
2023-11-25T23:02:59.3585089Z Firefox 120.0 (Ubuntu 0.0.0): Executed 284 of 306 SUCCESS (0 secs / 3.363 secs)
2023-11-25T23:02:59.3587438Z [1A[2K[1A[2KChrome Headless 119.0.6045.159 (Linux x86_64): Executed 306 of 306 (1 FAILED) (3.481 secs / 3.424 secs)
2023-11-25T23:02:59.3589274Z Firefox 120.0 (Ubuntu 0.0.0): Executed 285 of 306 SUCCESS (0 secs / 3.363 secs)
2023-11-25T23:02:59.3591987Z [1A[2K[1A[2KChrome Headless 119.0.6045.159 (Linux x86_64): Executed 306 of 306 (1 FAILED) (3.481 secs / 3.424 secs)
2023-11-25T23:02:59.3598156Z Firefox 120.0 (Ubuntu 0.0.0): Executed 286 of 306 SUCCESS (0 secs / 3.363 secs)
2023-11-25T23:02:59.3600672Z [1A[2K[1A[2KChrome Headless 119.0.6045.159 (Linux x86_64): Executed 306 of 306 (1 FAILED) (3.481 secs / 3.424 secs)
2023-11-25T23:02:59.3603736Z Firefox 120.0 (Ubuntu 0.0.0): Executed 287 of 306 SUCCESS (0 secs / 3.363 secs)
2023-11-25T23:02:59.3606924Z [1A[2K[1A[2KChrome Headless 119.0.6045.159 (Linux x86_64): Executed 306 of 306 (1 FAILED) (3.481 secs / 3.424 secs)
2023-11-25T23:02:59.3609499Z Firefox 120.0 (Ubuntu 0.0.0): Executed 288 of 306 SUCCESS (0 secs / 3.364 secs)
2023-11-25T23:02:59.3613957Z [1A[2K[1A[2KChrome Headless 119.0.6045.159 (Linux x86_64): Executed 306 of 306 (1 FAILED) (3.481 secs / 3.424 secs)
2023-11-25T23:02:59.3617356Z Firefox 120.0 (Ubuntu 0.0.0): Executed 289 of 306 SUCCESS (0 secs / 3.364 secs)
2023-11-25T23:02:59.3622390Z [1A[2K[1A[2KChrome Headless 119.0.6045.159 (Linux x86_64): Executed 306 of 306 (1 FAILED) (3.481 secs / 3.424 secs)
2023-11-25T23:02:59.3623994Z Firefox 120.0 (Ubuntu 0.0.0): Executed 290 of 306 SUCCESS (0 secs / 3.365 secs)
2023-11-25T23:02:59.3626988Z [1A[2K[1A[2KChrome Headless 119.0.6045.159 (Linux x86_64): Executed 306 of 306 (1 FAILED) (3.481 secs / 3.424 secs)
2023-11-25T23:02:59.3630058Z Firefox 120.0 (Ubuntu 0.0.0): Executed 291 of 306 SUCCESS (0 secs / 3.365 secs)
2023-11-25T23:02:59.3634565Z [1A[2K[1A[2KChrome Headless 119.0.6045.159 (Linux x86_64): Executed 306 of 306 (1 FAILED) (3.481 secs / 3.424 secs)
2023-11-25T23:02:59.3645197Z Firefox 120.0 (Ubuntu 0.0.0): Executed 292 of 306 SUCCESS (0 secs / 3.366 secs)
2023-11-25T23:02:59.3647037Z [1A[2K[1A[2KChrome Headless 119.0.6045.159 (Linux x86_64): Executed 306 of 306 (1 FAILED) (3.481 secs / 3.424 secs)
2023-11-25T23:02:59.3648650Z Firefox 120.0 (Ubuntu 0.0.0): Executed 293 of 306 SUCCESS (0 secs / 3.366 secs)
2023-11-25T23:02:59.3650566Z [1A[2K[1A[2KChrome Headless 119.0.6045.159 (Linux x86_64): Executed 306 of 306 (1 FAILED) (3.481 secs / 3.424 secs)
2023-11-25T23:02:59.3652142Z Firefox 120.0 (Ubuntu 0.0.0): Executed 294 of 306 SUCCESS (0 secs / 3.366 secs)
2023-11-25T23:02:59.3653923Z [1A[2K[1A[2KChrome Headless 119.0.6045.159 (Linux x86_64): Executed 306 of 306 (1 FAILED) (3.481 secs / 3.424 secs)
2023-11-25T23:02:59.3655838Z Firefox 120.0 (Ubuntu 0.0.0): Executed 295 of 306 SUCCESS (0 secs / 3.367 secs)
2023-11-25T23:02:59.3657693Z [1A[2K[1A[2KChrome Headless 119.0.6045.159 (Linux x86_64): Executed 306 of 306 (1 FAILED) (3.481 secs / 3.424 secs)
2023-11-25T23:02:59.3659384Z Firefox 120.0 (Ubuntu 0.0.0): Executed 296 of 306 SUCCESS (0 secs / 3.367 secs)
2023-11-25T23:02:59.3661221Z [1A[2K[1A[2KChrome Headless 119.0.6045.159 (Linux x86_64): Executed 306 of 306 (1 FAILED) (3.481 secs / 3.424 secs)
2023-11-25T23:02:59.3662873Z Firefox 120.0 (Ubuntu 0.0.0): Executed 297 of 306 SUCCESS (0 secs / 3.367 secs)
2023-11-25T23:02:59.3666641Z [1A[2K[1A[2KChrome Headless 119.0.6045.159 (Linux x86_64): Executed 306 of 306 (1 FAILED) (3.481 secs / 3.424 secs)
2023-11-25T23:02:59.3669916Z Firefox 120.0 (Ubuntu 0.0.0): Executed 298 of 306 SUCCESS (0 secs / 3.368 secs)
2023-11-25T23:02:59.3672117Z [1A[2K[1A[2KChrome Headless 119.0.6045.159 (Linux x86_64): Executed 306 of 306 (1 FAILED) (3.481 secs / 3.424 secs)
2023-11-25T23:02:59.3673826Z Firefox 120.0 (Ubuntu 0.0.0): Executed 299 of 306 SUCCESS (0 secs / 3.368 secs)
2023-11-25T23:02:59.3675626Z [1A[2K[1A[2KChrome Headless 119.0.6045.159 (Linux x86_64): Executed 306 of 306 (1 FAILED) (3.481 secs / 3.424 secs)
2023-11-25T23:02:59.3678802Z Firefox 120.0 (Ubuntu 0.0.0): Executed 300 of 306 SUCCESS (0 secs / 3.368 secs)
2023-11-25T23:02:59.3688851Z [1A[2K[1A[2KChrome Headless 119.0.6045.159 (Linux x86_64): Executed 306 of 306 (1 FAILED) (3.481 secs / 3.424 secs)
2023-11-25T23:02:59.3690416Z Firefox 120.0 (Ubuntu 0.0.0): Executed 301 of 306 SUCCESS (0 secs / 3.368 secs)
2023-11-25T23:02:59.3692443Z [1A[2K[1A[2KChrome Headless 119.0.6045.159 (Linux x86_64): Executed 306 of 306 (1 FAILED) (3.481 secs / 3.424 secs)
2023-11-25T23:02:59.3693998Z Firefox 120.0 (Ubuntu 0.0.0): Executed 302 of 306 SUCCESS (0 secs / 3.369 secs)
2023-11-25T23:02:59.3695926Z [1A[2K[1A[2KChrome Headless 119.0.6045.159 (Linux x86_64): Executed 306 of 306 (1 FAILED) (3.481 secs / 3.424 secs)
2023-11-25T23:02:59.3697733Z Firefox 120.0 (Ubuntu 0.0.0): Executed 303 of 306 SUCCESS (0 secs / 3.37 secs)
2023-11-25T23:02:59.3699671Z [1A[2K[1A[2KChrome Headless 119.0.6045.159 (Linux x86_64): Executed 306 of 306 (1 FAILED) (3.481 secs / 3.424 secs)
2023-11-25T23:02:59.3701364Z Firefox 120.0 (Ubuntu 0.0.0): Executed 304 of 306 SUCCESS (0 secs / 3.371 secs)
2023-11-25T23:02:59.3703326Z [1A[2K[1A[2KChrome Headless 119.0.6045.159 (Linux x86_64): Executed 306 of 306 (1 FAILED) (3.481 secs / 3.424 secs)
2023-11-25T23:02:59.3705072Z Firefox 120.0 (Ubuntu 0.0.0): Executed 305 of 306 SUCCESS (0 secs / 3.371 secs)
2023-11-25T23:02:59.3707066Z [1A[2K[1A[2KFirefox 120.0 (Ubuntu 0.0.0) xsrf should set xsrf header for cross origin when using withCredentials FAILED
2023-11-25T23:02:59.3708697Z 	Expected undefined to equal '12345'.
2023-11-25T23:02:59.3709623Z 	@test/specs/xsrf.spec.js:78:69 <- test/specs/xsrf.spec.js:1279:71
2023-11-25T23:02:59.3710538Z Chrome Headless 119.0.6045.159 (Linux x86_64): Executed 306 of 306 (1 FAILED) (3.481 secs / 3.424 secs)
2023-11-25T23:02:59.3711633Z Firefox 120.0 (Ubuntu 0.0.0): Executed 306 of 306 (1 FAILED) (0 secs / 3.371 secs)
2023-11-25T23:02:59.3712722Z [1A[2K[1A[2KChrome Headless 119.0.6045.159 (Linux x86_64): Executed 306 of 306 (1 FAILED) (3.481 secs / 3.424 secs)
2023-11-25T23:02:59.3713655Z Firefox 120.0 (Ubuntu 0.0.0): Executed 306 of 306 (1 FAILED) (3.408 secs / 3.371 secs)
2023-11-25T23:02:59.3714380Z TOTAL: 2 FAILED, 610 SUCCESS
2023-11-25T23:02:59.4635710Z ##[error]Process completed with exit code 1.
2023-11-25T23:02:59.4729267Z Post job cleanup.
2023-11-25T23:02:59.5562966Z [command]/usr/bin/git version
2023-11-25T23:02:59.5606027Z git version 2.42.0
2023-11-25T23:02:59.5645039Z Temporarily overriding HOME='/home/runner/work/_temp/49ffabe7-eb1f-417b-b80b-7066d03c22b7' before making global git config changes
2023-11-25T23:02:59.5646662Z Adding repository directory to the temporary git global config as a safe directory
2023-11-25T23:02:59.5650873Z [command]/usr/bin/git config --global --add safe.directory /home/runner/work/axios-microprint-example/axios-microprint-example
2023-11-25T23:02:59.5691633Z [command]/usr/bin/git config --local --name-only --get-regexp core\.sshCommand
2023-11-25T23:02:59.5729675Z [command]/usr/bin/git submodule foreach --recursive sh -c "git config --local --name-only --get-regexp 'core\.sshCommand' && git config --local --unset-all 'core.sshCommand' || :"
2023-11-25T23:02:59.5985211Z [command]/usr/bin/git config --local --name-only --get-regexp http\.https\:\/\/github\.com\/\.extraheader
2023-11-25T23:02:59.6027521Z [command]/usr/bin/git submodule foreach --recursive sh -c "git config --local --name-only --get-regexp 'http\.https\:\/\/github\.com\/\.extraheader' && git config --local --unset-all 'http.https://github.com/.extraheader' || :"
2023-11-25T23:02:59.6503065Z Cleaning up orphan processes
