2023-11-20T03:55:55.8578091Z Requested labels: ubuntu-latest
2023-11-20T03:55:55.8578401Z Job defined at: AlphaSteam/axios-microprint-example/.github/workflows/ci.yml@refs/heads/microprint_test
2023-11-20T03:55:55.8578491Z Waiting for a runner to pick up this job...
2023-11-20T03:55:56.0485562Z Job is waiting for a hosted runner to come online.
2023-11-20T03:56:00.0857653Z Job is about to start running on the hosted runner: GitHub Actions 7 (hosted)
2023-11-20T03:56:01.7902028Z Current runner version: '2.311.0'
2023-11-20T03:56:01.7926473Z ##[group]Operating System
2023-11-20T03:56:01.7927068Z Ubuntu
2023-11-20T03:56:01.7927541Z 22.04.3
2023-11-20T03:56:01.7927864Z LTS
2023-11-20T03:56:01.7928156Z ##[endgroup]
2023-11-20T03:56:01.7928614Z ##[group]Runner Image
2023-11-20T03:56:01.7929036Z Image: ubuntu-22.04
2023-11-20T03:56:01.7929395Z Version: 20231030.2.0
2023-11-20T03:56:01.7930514Z Included Software: https://github.com/actions/runner-images/blob/ubuntu22/20231030.2/images/linux/Ubuntu2204-Readme.md
2023-11-20T03:56:01.7931998Z Image Release: https://github.com/actions/runner-images/releases/tag/ubuntu22%2F20231030.2
2023-11-20T03:56:01.7932849Z ##[endgroup]
2023-11-20T03:56:01.7933328Z ##[group]Runner Image Provisioner
2023-11-20T03:56:01.7933818Z 2.0.312.1
2023-11-20T03:56:01.7934119Z ##[endgroup]
2023-11-20T03:56:01.7935098Z ##[group]GITHUB_TOKEN Permissions
2023-11-20T03:56:01.7936614Z Contents: read
2023-11-20T03:56:01.7937274Z Metadata: read
2023-11-20T03:56:01.7937791Z ##[endgroup]
2023-11-20T03:56:01.7941475Z Secret source: Actions
2023-11-20T03:56:01.7942038Z Prepare workflow directory
2023-11-20T03:56:01.8554095Z Prepare all required actions
2023-11-20T03:56:01.8708055Z Getting action download info
2023-11-20T03:56:02.0841031Z Download action repository 'actions/checkout@v3' (SHA:f43a0e5ff2bd294095638e18286ca9a3d1956744)
2023-11-20T03:56:02.1950254Z Download action repository 'actions/setup-node@v3' (SHA:1a4442cacd436585916779262731d5b162bc6ec7)
2023-11-20T03:56:02.4325486Z Complete job name: build (20.x)
2023-11-20T03:56:02.5244865Z ##[group]Run actions/checkout@v3
2023-11-20T03:56:02.5245617Z with:
2023-11-20T03:56:02.5246020Z   persist-credentials: false
2023-11-20T03:56:02.5246573Z   repository: AlphaSteam/axios-microprint-example
2023-11-20T03:56:02.5247478Z   token: ***
2023-11-20T03:56:02.5247867Z   ssh-strict: true
2023-11-20T03:56:02.5248278Z   clean: true
2023-11-20T03:56:02.5248724Z   sparse-checkout-cone-mode: true
2023-11-20T03:56:02.5249232Z   fetch-depth: 1
2023-11-20T03:56:02.5249614Z   fetch-tags: false
2023-11-20T03:56:02.5250063Z   lfs: false
2023-11-20T03:56:02.5250425Z   submodules: false
2023-11-20T03:56:02.5250847Z   set-safe-directory: true
2023-11-20T03:56:02.5251356Z ##[endgroup]
2023-11-20T03:56:02.6789618Z Syncing repository: AlphaSteam/axios-microprint-example
2023-11-20T03:56:02.6791772Z ##[group]Getting Git version info
2023-11-20T03:56:02.6792920Z Working directory is '/home/runner/work/axios-microprint-example/axios-microprint-example'
2023-11-20T03:56:02.6794431Z [command]/usr/bin/git version
2023-11-20T03:56:02.6795564Z git version 2.42.0
2023-11-20T03:56:02.6819684Z ##[endgroup]
2023-11-20T03:56:02.6834856Z Temporarily overriding HOME='/home/runner/work/_temp/9c127351-af65-4461-b723-b6af49ddd562' before making global git config changes
2023-11-20T03:56:02.6836631Z Adding repository directory to the temporary git global config as a safe directory
2023-11-20T03:56:02.6840007Z [command]/usr/bin/git config --global --add safe.directory /home/runner/work/axios-microprint-example/axios-microprint-example
2023-11-20T03:56:02.6884458Z Deleting the contents of '/home/runner/work/axios-microprint-example/axios-microprint-example'
2023-11-20T03:56:02.6888232Z ##[group]Initializing the repository
2023-11-20T03:56:02.6891631Z [command]/usr/bin/git init /home/runner/work/axios-microprint-example/axios-microprint-example
2023-11-20T03:56:02.6988933Z hint: Using 'master' as the name for the initial branch. This default branch name
2023-11-20T03:56:02.6990149Z hint: is subject to change. To configure the initial branch name to use in all
2023-11-20T03:56:02.6991231Z hint: of your new repositories, which will suppress this warning, call:
2023-11-20T03:56:02.6992085Z hint: 
2023-11-20T03:56:02.6992597Z hint: 	git config --global init.defaultBranch <name>
2023-11-20T03:56:02.6993201Z hint: 
2023-11-20T03:56:02.6993912Z hint: Names commonly chosen instead of 'master' are 'main', 'trunk' and
2023-11-20T03:56:02.6995232Z hint: 'development'. The just-created branch can be renamed via this command:
2023-11-20T03:56:02.6996319Z hint: 
2023-11-20T03:56:02.6996837Z hint: 	git branch -m <name>
2023-11-20T03:56:02.6999201Z Initialized empty Git repository in /home/runner/work/axios-microprint-example/axios-microprint-example/.git/
2023-11-20T03:56:02.7008186Z [command]/usr/bin/git remote add origin https://github.com/AlphaSteam/axios-microprint-example
2023-11-20T03:56:02.7048945Z ##[endgroup]
2023-11-20T03:56:02.7049718Z ##[group]Disabling automatic garbage collection
2023-11-20T03:56:02.7052117Z [command]/usr/bin/git config --local gc.auto 0
2023-11-20T03:56:02.7088202Z ##[endgroup]
2023-11-20T03:56:02.7089006Z ##[group]Setting up auth
2023-11-20T03:56:02.7094291Z [command]/usr/bin/git config --local --name-only --get-regexp core\.sshCommand
2023-11-20T03:56:02.7131976Z [command]/usr/bin/git submodule foreach --recursive sh -c "git config --local --name-only --get-regexp 'core\.sshCommand' && git config --local --unset-all 'core.sshCommand' || :"
2023-11-20T03:56:02.7454097Z [command]/usr/bin/git config --local --name-only --get-regexp http\.https\:\/\/github\.com\/\.extraheader
2023-11-20T03:56:02.7503728Z [command]/usr/bin/git submodule foreach --recursive sh -c "git config --local --name-only --get-regexp 'http\.https\:\/\/github\.com\/\.extraheader' && git config --local --unset-all 'http.https://github.com/.extraheader' || :"
2023-11-20T03:56:02.7755371Z [command]/usr/bin/git config --local http.https://github.com/.extraheader AUTHORIZATION: basic ***
2023-11-20T03:56:02.7799562Z ##[endgroup]
2023-11-20T03:56:02.7801313Z ##[group]Fetching the repository
2023-11-20T03:56:02.7808330Z [command]/usr/bin/git -c protocol.version=2 fetch --no-tags --prune --progress --no-recurse-submodules --depth=1 origin +7d516dbf7dae46c455ec7c6d8e9b74024778373b:refs/remotes/origin/microprint_test
2023-11-20T03:56:03.0679091Z remote: Enumerating objects: 292, done.        
2023-11-20T03:56:03.0680791Z remote: Counting objects:   0% (1/292)        
2023-11-20T03:56:03.0682249Z remote: Counting objects:   1% (3/292)        
2023-11-20T03:56:03.0683366Z remote: Counting objects:   2% (6/292)        
2023-11-20T03:56:03.0684373Z remote: Counting objects:   3% (9/292)        
2023-11-20T03:56:03.0685093Z remote: Counting objects:   4% (12/292)        
2023-11-20T03:56:03.0685691Z remote: Counting objects:   5% (15/292)        
2023-11-20T03:56:03.0686404Z remote: Counting objects:   6% (18/292)        
2023-11-20T03:56:03.0687075Z remote: Counting objects:   7% (21/292)        
2023-11-20T03:56:03.0687709Z remote: Counting objects:   8% (24/292)        
2023-11-20T03:56:03.0688373Z remote: Counting objects:   9% (27/292)        
2023-11-20T03:56:03.0689018Z remote: Counting objects:  10% (30/292)        
2023-11-20T03:56:03.0689634Z remote: Counting objects:  11% (33/292)        
2023-11-20T03:56:03.0690282Z remote: Counting objects:  12% (36/292)        
2023-11-20T03:56:03.0690914Z remote: Counting objects:  13% (38/292)        
2023-11-20T03:56:03.0691523Z remote: Counting objects:  14% (41/292)        
2023-11-20T03:56:03.0692167Z remote: Counting objects:  15% (44/292)        
2023-11-20T03:56:03.0692787Z remote: Counting objects:  16% (47/292)        
2023-11-20T03:56:03.0693392Z remote: Counting objects:  17% (50/292)        
2023-11-20T03:56:03.0694272Z remote: Counting objects:  18% (53/292)        
2023-11-20T03:56:03.0695272Z remote: Counting objects:  19% (56/292)        
2023-11-20T03:56:03.0696273Z remote: Counting objects:  20% (59/292)        
2023-11-20T03:56:03.0697144Z remote: Counting objects:  21% (62/292)        
2023-11-20T03:56:03.0697820Z remote: Counting objects:  22% (65/292)        
2023-11-20T03:56:03.0698670Z remote: Counting objects:  23% (68/292)        
2023-11-20T03:56:03.0699352Z remote: Counting objects:  24% (71/292)        
2023-11-20T03:56:03.0699971Z remote: Counting objects:  25% (73/292)        
2023-11-20T03:56:03.0700606Z remote: Counting objects:  26% (76/292)        
2023-11-20T03:56:03.0701259Z remote: Counting objects:  27% (79/292)        
2023-11-20T03:56:03.0702235Z remote: Counting objects:  28% (82/292)        
2023-11-20T03:56:03.0702864Z remote: Counting objects:  29% (85/292)        
2023-11-20T03:56:03.0703522Z remote: Counting objects:  30% (88/292)        
2023-11-20T03:56:03.0704147Z remote: Counting objects:  31% (91/292)        
2023-11-20T03:56:03.0704769Z remote: Counting objects:  32% (94/292)        
2023-11-20T03:56:03.0705442Z remote: Counting objects:  33% (97/292)        
2023-11-20T03:56:03.0706026Z remote: Counting objects:  34% (100/292)        
2023-11-20T03:56:03.0706692Z remote: Counting objects:  35% (103/292)        
2023-11-20T03:56:03.0707394Z remote: Counting objects:  36% (106/292)        
2023-11-20T03:56:03.0707983Z remote: Counting objects:  37% (109/292)        
2023-11-20T03:56:03.0708635Z remote: Counting objects:  38% (111/292)        
2023-11-20T03:56:03.0709329Z remote: Counting objects:  39% (114/292)        
2023-11-20T03:56:03.0709933Z remote: Counting objects:  40% (117/292)        
2023-11-20T03:56:03.0710554Z remote: Counting objects:  41% (120/292)        
2023-11-20T03:56:03.0711667Z remote: Counting objects:  42% (123/292)        
2023-11-20T03:56:03.0712527Z remote: Counting objects:  43% (126/292)        
2023-11-20T03:56:03.0713353Z remote: Counting objects:  44% (129/292)        
2023-11-20T03:56:03.0714097Z remote: Counting objects:  45% (132/292)        
2023-11-20T03:56:03.0714712Z remote: Counting objects:  46% (135/292)        
2023-11-20T03:56:03.0715347Z remote: Counting objects:  47% (138/292)        
2023-11-20T03:56:03.0716271Z remote: Counting objects:  48% (141/292)        
2023-11-20T03:56:03.0716878Z remote: Counting objects:  49% (144/292)        
2023-11-20T03:56:03.0717498Z remote: Counting objects:  50% (146/292)        
2023-11-20T03:56:03.0718217Z remote: Counting objects:  51% (149/292)        
2023-11-20T03:56:03.0718802Z remote: Counting objects:  52% (152/292)        
2023-11-20T03:56:03.0719418Z remote: Counting objects:  53% (155/292)        
2023-11-20T03:56:03.0720133Z remote: Counting objects:  54% (158/292)        
2023-11-20T03:56:03.0720790Z remote: Counting objects:  55% (161/292)        
2023-11-20T03:56:03.0721370Z remote: Counting objects:  56% (164/292)        
2023-11-20T03:56:03.0722067Z remote: Counting objects:  57% (167/292)        
2023-11-20T03:56:03.0722676Z remote: Counting objects:  58% (170/292)        
2023-11-20T03:56:03.0723256Z remote: Counting objects:  59% (173/292)        
2023-11-20T03:56:03.0723950Z remote: Counting objects:  60% (176/292)        
2023-11-20T03:56:03.0724565Z remote: Counting objects:  61% (179/292)        
2023-11-20T03:56:03.0725160Z remote: Counting objects:  62% (182/292)        
2023-11-20T03:56:03.0725840Z remote: Counting objects:  63% (184/292)        
2023-11-20T03:56:03.0726457Z remote: Counting objects:  64% (187/292)        
2023-11-20T03:56:03.0727111Z remote: Counting objects:  65% (190/292)        
2023-11-20T03:56:03.0727755Z remote: Counting objects:  66% (193/292)        
2023-11-20T03:56:03.0728367Z remote: Counting objects:  67% (196/292)        
2023-11-20T03:56:03.0728998Z remote: Counting objects:  68% (199/292)        
2023-11-20T03:56:03.0729635Z remote: Counting objects:  69% (202/292)        
2023-11-20T03:56:03.0730252Z remote: Counting objects:  70% (205/292)        
2023-11-20T03:56:03.0730892Z remote: Counting objects:  71% (208/292)        
2023-11-20T03:56:03.0731562Z remote: Counting objects:  72% (211/292)        
2023-11-20T03:56:03.0732155Z remote: Counting objects:  73% (214/292)        
2023-11-20T03:56:03.0732768Z remote: Counting objects:  74% (217/292)        
2023-11-20T03:56:03.0733451Z remote: Counting objects:  75% (219/292)        
2023-11-20T03:56:03.0734047Z remote: Counting objects:  76% (222/292)        
2023-11-20T03:56:03.0734675Z remote: Counting objects:  77% (225/292)        
2023-11-20T03:56:03.0735344Z remote: Counting objects:  78% (228/292)        
2023-11-20T03:56:03.0735936Z remote: Counting objects:  79% (231/292)        
2023-11-20T03:56:03.0736549Z remote: Counting objects:  80% (234/292)        
2023-11-20T03:56:03.0737381Z remote: Counting objects:  81% (237/292)        
2023-11-20T03:56:03.0737966Z remote: Counting objects:  82% (240/292)        
2023-11-20T03:56:03.0738900Z remote: Counting objects:  83% (243/292)        
2023-11-20T03:56:03.0739626Z remote: Counting objects:  84% (246/292)        
2023-11-20T03:56:03.0740206Z remote: Counting objects:  85% (249/292)        
2023-11-20T03:56:03.0740817Z remote: Counting objects:  86% (252/292)        
2023-11-20T03:56:03.0741516Z remote: Counting objects:  87% (255/292)        
2023-11-20T03:56:03.0742091Z remote: Counting objects:  88% (257/292)        
2023-11-20T03:56:03.0742726Z remote: Counting objects:  89% (260/292)        
2023-11-20T03:56:03.0743428Z remote: Counting objects:  90% (263/292)        
2023-11-20T03:56:03.0744000Z remote: Counting objects:  91% (266/292)        
2023-11-20T03:56:03.0744610Z remote: Counting objects:  92% (269/292)        
2023-11-20T03:56:03.0745301Z remote: Counting objects:  93% (272/292)        
2023-11-20T03:56:03.0745921Z remote: Counting objects:  94% (275/292)        
2023-11-20T03:56:03.0746513Z remote: Counting objects:  95% (278/292)        
2023-11-20T03:56:03.0747190Z remote: Counting objects:  96% (281/292)        
2023-11-20T03:56:03.0747797Z remote: Counting objects:  97% (284/292)        
2023-11-20T03:56:03.0748387Z remote: Counting objects:  98% (287/292)        
2023-11-20T03:56:03.0749062Z remote: Counting objects:  99% (290/292)        
2023-11-20T03:56:03.0749696Z remote: Counting objects: 100% (292/292)        
2023-11-20T03:56:03.0750500Z remote: Counting objects: 100% (292/292), done.        
2023-11-20T03:56:03.0751283Z remote: Compressing objects:   0% (1/269)        
2023-11-20T03:56:03.0775941Z remote: Compressing objects:   1% (3/269)        
2023-11-20T03:56:03.0792182Z remote: Compressing objects:   2% (6/269)        
2023-11-20T03:56:03.0802431Z remote: Compressing objects:   3% (9/269)        
2023-11-20T03:56:03.0887697Z remote: Compressing objects:   4% (11/269)        
2023-11-20T03:56:03.0894057Z remote: Compressing objects:   5% (14/269)        
2023-11-20T03:56:03.0895640Z remote: Compressing objects:   6% (17/269)        
2023-11-20T03:56:03.0896481Z remote: Compressing objects:   7% (19/269)        
2023-11-20T03:56:03.0897818Z remote: Compressing objects:   8% (22/269)        
2023-11-20T03:56:03.0898796Z remote: Compressing objects:   9% (25/269)        
2023-11-20T03:56:03.0899841Z remote: Compressing objects:  10% (27/269)        
2023-11-20T03:56:03.0904131Z remote: Compressing objects:  11% (30/269)        
2023-11-20T03:56:03.0904949Z remote: Compressing objects:  12% (33/269)        
2023-11-20T03:56:03.0906037Z remote: Compressing objects:  13% (35/269)        
2023-11-20T03:56:03.0909227Z remote: Compressing objects:  14% (38/269)        
2023-11-20T03:56:03.0911455Z remote: Compressing objects:  15% (41/269)        
2023-11-20T03:56:03.0912382Z remote: Compressing objects:  16% (44/269)        
2023-11-20T03:56:03.0918813Z remote: Compressing objects:  17% (46/269)        
2023-11-20T03:56:03.0934010Z remote: Compressing objects:  18% (49/269)        
2023-11-20T03:56:03.0942218Z remote: Compressing objects:  19% (52/269)        
2023-11-20T03:56:03.0943701Z remote: Compressing objects:  20% (54/269)        
2023-11-20T03:56:03.0947043Z remote: Compressing objects:  21% (57/269)        
2023-11-20T03:56:03.0947869Z remote: Compressing objects:  22% (60/269)        
2023-11-20T03:56:03.0955159Z remote: Compressing objects:  23% (62/269)        
2023-11-20T03:56:03.0960384Z remote: Compressing objects:  24% (65/269)        
2023-11-20T03:56:03.1024720Z remote: Compressing objects:  25% (68/269)        
2023-11-20T03:56:03.1026245Z remote: Compressing objects:  26% (70/269)        
2023-11-20T03:56:03.1027423Z remote: Compressing objects:  27% (73/269)        
2023-11-20T03:56:03.1028536Z remote: Compressing objects:  28% (76/269)        
2023-11-20T03:56:03.1029556Z remote: Compressing objects:  29% (79/269)        
2023-11-20T03:56:03.1030628Z remote: Compressing objects:  30% (81/269)        
2023-11-20T03:56:03.1032003Z remote: Compressing objects:  31% (84/269)        
2023-11-20T03:56:03.1033055Z remote: Compressing objects:  32% (87/269)        
2023-11-20T03:56:03.1034088Z remote: Compressing objects:  33% (89/269)        
2023-11-20T03:56:03.1034904Z remote: Compressing objects:  34% (92/269)        
2023-11-20T03:56:03.1035578Z remote: Compressing objects:  35% (95/269)        
2023-11-20T03:56:03.1036241Z remote: Compressing objects:  36% (97/269)        
2023-11-20T03:56:03.1037035Z remote: Compressing objects:  37% (100/269)        
2023-11-20T03:56:03.1037677Z remote: Compressing objects:  38% (103/269)        
2023-11-20T03:56:03.1038331Z remote: Compressing objects:  39% (105/269)        
2023-11-20T03:56:03.1039093Z remote: Compressing objects:  40% (108/269)        
2023-11-20T03:56:03.1039699Z remote: Compressing objects:  41% (111/269)        
2023-11-20T03:56:03.1040941Z remote: Compressing objects:  42% (113/269)        
2023-11-20T03:56:03.1042360Z remote: Compressing objects:  43% (116/269)        
2023-11-20T03:56:03.1043572Z remote: Compressing objects:  44% (119/269)        
2023-11-20T03:56:03.1044490Z remote: Compressing objects:  45% (122/269)        
2023-11-20T03:56:03.1045870Z remote: Compressing objects:  46% (124/269)        
2023-11-20T03:56:03.1046765Z remote: Compressing objects:  47% (127/269)        
2023-11-20T03:56:03.1047932Z remote: Compressing objects:  48% (130/269)        
2023-11-20T03:56:03.1049260Z remote: Compressing objects:  49% (132/269)        
2023-11-20T03:56:03.1050598Z remote: Compressing objects:  50% (135/269)        
2023-11-20T03:56:03.1051535Z remote: Compressing objects:  51% (138/269)        
2023-11-20T03:56:03.1052323Z remote: Compressing objects:  52% (140/269)        
2023-11-20T03:56:03.1053467Z remote: Compressing objects:  53% (143/269)        
2023-11-20T03:56:03.1054557Z remote: Compressing objects:  54% (146/269)        
2023-11-20T03:56:03.1055819Z remote: Compressing objects:  55% (148/269)        
2023-11-20T03:56:03.1056590Z remote: Compressing objects:  56% (151/269)        
2023-11-20T03:56:03.1057858Z remote: Compressing objects:  57% (154/269)        
2023-11-20T03:56:03.1059317Z remote: Compressing objects:  58% (157/269)        
2023-11-20T03:56:03.1060537Z remote: Compressing objects:  59% (159/269)        
2023-11-20T03:56:03.1061177Z remote: Compressing objects:  60% (162/269)        
2023-11-20T03:56:03.1061911Z remote: Compressing objects:  61% (165/269)        
2023-11-20T03:56:03.1062556Z remote: Compressing objects:  62% (167/269)        
2023-11-20T03:56:03.1063156Z remote: Compressing objects:  63% (170/269)        
2023-11-20T03:56:03.1103869Z remote: Compressing objects:  64% (173/269)        
2023-11-20T03:56:03.1213055Z remote: Compressing objects:  65% (175/269)        
2023-11-20T03:56:03.1258732Z remote: Compressing objects:  66% (178/269)        
2023-11-20T03:56:03.1259885Z remote: Compressing objects:  67% (181/269)        
2023-11-20T03:56:03.1263405Z remote: Compressing objects:  68% (183/269)        
2023-11-20T03:56:03.1264830Z remote: Compressing objects:  69% (186/269)        
2023-11-20T03:56:03.1265800Z remote: Compressing objects:  70% (189/269)        
2023-11-20T03:56:03.1266550Z remote: Compressing objects:  71% (191/269)        
2023-11-20T03:56:03.1377561Z remote: Compressing objects:  72% (194/269)        
2023-11-20T03:56:03.1426466Z remote: Compressing objects:  73% (197/269)        
2023-11-20T03:56:03.1427019Z remote: Compressing objects:  74% (200/269)        
2023-11-20T03:56:03.1472224Z remote: Compressing objects:  75% (202/269)        
2023-11-20T03:56:03.1473677Z remote: Compressing objects:  76% (205/269)        
2023-11-20T03:56:03.1474625Z remote: Compressing objects:  77% (208/269)        
2023-11-20T03:56:03.1475588Z remote: Compressing objects:  78% (210/269)        
2023-11-20T03:56:03.1488337Z remote: Compressing objects:  79% (213/269)        
2023-11-20T03:56:03.1489424Z remote: Compressing objects:  80% (216/269)        
2023-11-20T03:56:03.1490926Z remote: Compressing objects:  81% (218/269)        
2023-11-20T03:56:03.1491673Z remote: Compressing objects:  82% (221/269)        
2023-11-20T03:56:03.1492228Z remote: Compressing objects:  83% (224/269)        
2023-11-20T03:56:03.1492882Z remote: Compressing objects:  84% (226/269)        
2023-11-20T03:56:03.1493370Z remote: Compressing objects:  85% (229/269)        
2023-11-20T03:56:03.1493885Z remote: Compressing objects:  86% (232/269)        
2023-11-20T03:56:03.1494504Z remote: Compressing objects:  87% (235/269)        
2023-11-20T03:56:03.1494985Z remote: Compressing objects:  88% (237/269)        
2023-11-20T03:56:03.1495496Z remote: Compressing objects:  89% (240/269)        
2023-11-20T03:56:03.1496104Z remote: Compressing objects:  90% (243/269)        
2023-11-20T03:56:03.1496621Z remote: Compressing objects:  91% (245/269)        
2023-11-20T03:56:03.1497262Z remote: Compressing objects:  92% (248/269)        
2023-11-20T03:56:03.1497754Z remote: Compressing objects:  93% (251/269)        
2023-11-20T03:56:03.1498598Z remote: Compressing objects:  94% (253/269)        
2023-11-20T03:56:03.1499260Z remote: Compressing objects:  95% (256/269)        
2023-11-20T03:56:03.1499752Z remote: Compressing objects:  96% (259/269)        
2023-11-20T03:56:03.1500258Z remote: Compressing objects:  97% (261/269)        
2023-11-20T03:56:03.1500850Z remote: Compressing objects:  98% (264/269)        
2023-11-20T03:56:03.1501329Z remote: Compressing objects:  99% (267/269)        
2023-11-20T03:56:03.1502041Z remote: Compressing objects: 100% (269/269)        
2023-11-20T03:56:03.1502694Z remote: Compressing objects: 100% (269/269), done.        
2023-11-20T03:56:03.1522393Z Receiving objects:   0% (1/292)
2023-11-20T03:56:03.1523980Z Receiving objects:   1% (3/292)
2023-11-20T03:56:03.1525637Z Receiving objects:   2% (6/292)
2023-11-20T03:56:03.1526275Z Receiving objects:   3% (9/292)
2023-11-20T03:56:03.1527075Z Receiving objects:   4% (12/292)
2023-11-20T03:56:03.1527634Z Receiving objects:   5% (15/292)
2023-11-20T03:56:03.1528107Z Receiving objects:   6% (18/292)
2023-11-20T03:56:03.1528481Z Receiving objects:   7% (21/292)
2023-11-20T03:56:03.1532051Z Receiving objects:   8% (24/292)
2023-11-20T03:56:03.1539132Z Receiving objects:   9% (27/292)
2023-11-20T03:56:03.1544434Z Receiving objects:  10% (30/292)
2023-11-20T03:56:03.1545372Z Receiving objects:  11% (33/292)
2023-11-20T03:56:03.1546074Z Receiving objects:  12% (36/292)
2023-11-20T03:56:03.1575914Z Receiving objects:  13% (38/292)
2023-11-20T03:56:03.1576794Z Receiving objects:  14% (41/292)
2023-11-20T03:56:03.1725690Z Receiving objects:  15% (44/292)
2023-11-20T03:56:03.1792272Z Receiving objects:  16% (47/292)
2023-11-20T03:56:03.1830049Z Receiving objects:  17% (50/292)
2023-11-20T03:56:03.1878923Z Receiving objects:  18% (53/292)
2023-11-20T03:56:03.1933571Z Receiving objects:  19% (56/292)
2023-11-20T03:56:03.1934424Z Receiving objects:  20% (59/292)
2023-11-20T03:56:03.1935128Z Receiving objects:  21% (62/292)
2023-11-20T03:56:03.1935867Z Receiving objects:  22% (65/292)
2023-11-20T03:56:03.1936900Z Receiving objects:  23% (68/292)
2023-11-20T03:56:03.1937720Z Receiving objects:  24% (71/292)
2023-11-20T03:56:03.1939109Z Receiving objects:  25% (73/292)
2023-11-20T03:56:03.1939888Z Receiving objects:  26% (76/292)
2023-11-20T03:56:03.1940572Z Receiving objects:  27% (79/292)
2023-11-20T03:56:03.1941420Z Receiving objects:  28% (82/292)
2023-11-20T03:56:03.1942168Z Receiving objects:  29% (85/292)
2023-11-20T03:56:03.1953310Z Receiving objects:  30% (88/292)
2023-11-20T03:56:03.1954047Z Receiving objects:  31% (91/292)
2023-11-20T03:56:03.1955197Z Receiving objects:  32% (94/292)
2023-11-20T03:56:03.1956590Z Receiving objects:  33% (97/292)
2023-11-20T03:56:03.1957450Z Receiving objects:  34% (100/292)
2023-11-20T03:56:03.1958383Z Receiving objects:  35% (103/292)
2023-11-20T03:56:03.1959051Z Receiving objects:  36% (106/292)
2023-11-20T03:56:03.1959729Z Receiving objects:  37% (109/292)
2023-11-20T03:56:03.1960552Z Receiving objects:  38% (111/292)
2023-11-20T03:56:03.1961130Z Receiving objects:  39% (114/292)
2023-11-20T03:56:03.1961544Z Receiving objects:  40% (117/292)
2023-11-20T03:56:03.1990777Z Receiving objects:  41% (120/292)
2023-11-20T03:56:03.1991764Z Receiving objects:  42% (123/292)
2023-11-20T03:56:03.1992776Z Receiving objects:  43% (126/292)
2023-11-20T03:56:03.1993997Z Receiving objects:  44% (129/292)
2023-11-20T03:56:03.1994979Z Receiving objects:  45% (132/292)
2023-11-20T03:56:03.1995856Z Receiving objects:  46% (135/292)
2023-11-20T03:56:03.1996838Z Receiving objects:  47% (138/292)
2023-11-20T03:56:03.1997443Z Receiving objects:  48% (141/292)
2023-11-20T03:56:03.1997837Z Receiving objects:  49% (144/292)
2023-11-20T03:56:03.1998319Z Receiving objects:  50% (146/292)
2023-11-20T03:56:03.1998732Z Receiving objects:  51% (149/292)
2023-11-20T03:56:03.1999091Z Receiving objects:  52% (152/292)
2023-11-20T03:56:03.1999564Z Receiving objects:  53% (155/292)
2023-11-20T03:56:03.2023671Z Receiving objects:  54% (158/292)
2023-11-20T03:56:03.2163929Z Receiving objects:  55% (161/292)
2023-11-20T03:56:03.2275377Z Receiving objects:  56% (164/292)
2023-11-20T03:56:03.2789817Z Receiving objects:  57% (167/292)
2023-11-20T03:56:03.2790735Z Receiving objects:  58% (170/292)
2023-11-20T03:56:03.2950830Z Receiving objects:  59% (173/292)
2023-11-20T03:56:03.2951630Z Receiving objects:  60% (176/292)
2023-11-20T03:56:03.2952460Z Receiving objects:  61% (179/292)
2023-11-20T03:56:03.2953133Z Receiving objects:  62% (182/292)
2023-11-20T03:56:03.2954053Z Receiving objects:  63% (184/292)
2023-11-20T03:56:03.2955375Z Receiving objects:  64% (187/292)
2023-11-20T03:56:03.2956473Z Receiving objects:  65% (190/292)
2023-11-20T03:56:03.2957171Z Receiving objects:  66% (193/292)
2023-11-20T03:56:03.2958382Z Receiving objects:  67% (196/292)
2023-11-20T03:56:03.2959099Z Receiving objects:  68% (199/292)
2023-11-20T03:56:03.2959715Z Receiving objects:  69% (202/292)
2023-11-20T03:56:03.2960495Z Receiving objects:  70% (205/292)
2023-11-20T03:56:03.2961223Z Receiving objects:  71% (208/292)
2023-11-20T03:56:03.2962200Z Receiving objects:  72% (211/292)
2023-11-20T03:56:03.2963005Z Receiving objects:  73% (214/292)
2023-11-20T03:56:03.2963690Z Receiving objects:  74% (217/292)
2023-11-20T03:56:03.2964311Z Receiving objects:  75% (219/292)
2023-11-20T03:56:03.2965126Z Receiving objects:  76% (222/292)
2023-11-20T03:56:03.2965817Z Receiving objects:  77% (225/292)
2023-11-20T03:56:03.2966419Z Receiving objects:  78% (228/292)
2023-11-20T03:56:03.2967233Z Receiving objects:  79% (231/292)
2023-11-20T03:56:03.2968678Z Receiving objects:  80% (234/292)
2023-11-20T03:56:03.2970188Z Receiving objects:  81% (237/292)
2023-11-20T03:56:03.2970977Z Receiving objects:  82% (240/292)
2023-11-20T03:56:03.2971625Z Receiving objects:  83% (243/292)
2023-11-20T03:56:03.2972243Z Receiving objects:  84% (246/292)
2023-11-20T03:56:03.2972741Z Receiving objects:  85% (249/292)
2023-11-20T03:56:03.2975903Z Receiving objects:  86% (252/292)
2023-11-20T03:56:03.2977421Z remote: Total 292 (delta 40), reused 106 (delta 9), pack-reused 0        
2023-11-20T03:56:03.2978792Z Receiving objects:  87% (255/292)
2023-11-20T03:56:03.2981187Z Receiving objects:  88% (257/292)
2023-11-20T03:56:03.2981902Z Receiving objects:  89% (260/292)
2023-11-20T03:56:03.2982675Z Receiving objects:  90% (263/292)
2023-11-20T03:56:03.2983256Z Receiving objects:  91% (266/292)
2023-11-20T03:56:03.2983901Z Receiving objects:  92% (269/292)
2023-11-20T03:56:03.2984597Z Receiving objects:  93% (272/292)
2023-11-20T03:56:03.2987253Z Receiving objects:  94% (275/292)
2023-11-20T03:56:03.2987935Z Receiving objects:  95% (278/292)
2023-11-20T03:56:03.2988750Z Receiving objects:  96% (281/292)
2023-11-20T03:56:03.2989543Z Receiving objects:  97% (284/292)
2023-11-20T03:56:03.2990228Z Receiving objects:  98% (287/292)
2023-11-20T03:56:03.2991165Z Receiving objects:  99% (290/292)
2023-11-20T03:56:03.2991906Z Receiving objects: 100% (292/292)
2023-11-20T03:56:03.2993086Z Receiving objects: 100% (292/292), 950.82 KiB | 6.34 MiB/s, done.
2023-11-20T03:56:03.2994338Z Resolving deltas:   0% (0/40)
2023-11-20T03:56:03.2994999Z Resolving deltas:   2% (1/40)
2023-11-20T03:56:03.2995634Z Resolving deltas:   5% (2/40)
2023-11-20T03:56:03.3011518Z Resolving deltas:   7% (3/40)
2023-11-20T03:56:03.3013754Z Resolving deltas:  10% (4/40)
2023-11-20T03:56:03.3014411Z Resolving deltas:  12% (5/40)
2023-11-20T03:56:03.3017000Z Resolving deltas:  15% (6/40)
2023-11-20T03:56:03.3027804Z Resolving deltas:  17% (7/40)
2023-11-20T03:56:03.3028644Z Resolving deltas:  20% (8/40)
2023-11-20T03:56:03.3029282Z Resolving deltas:  22% (9/40)
2023-11-20T03:56:03.3029899Z Resolving deltas:  25% (10/40)
2023-11-20T03:56:03.3031925Z Resolving deltas:  27% (11/40)
2023-11-20T03:56:03.3032550Z Resolving deltas:  30% (12/40)
2023-11-20T03:56:03.3033117Z Resolving deltas:  32% (13/40)
2023-11-20T03:56:03.3033873Z Resolving deltas:  35% (14/40)
2023-11-20T03:56:03.3034522Z Resolving deltas:  37% (15/40)
2023-11-20T03:56:03.3038087Z Resolving deltas:  40% (16/40)
2023-11-20T03:56:03.3039077Z Resolving deltas:  42% (17/40)
2023-11-20T03:56:03.3044226Z Resolving deltas:  47% (19/40)
2023-11-20T03:56:03.3052828Z Resolving deltas:  50% (20/40)
2023-11-20T03:56:03.3053690Z Resolving deltas:  52% (21/40)
2023-11-20T03:56:03.3054524Z Resolving deltas:  55% (22/40)
2023-11-20T03:56:03.3055157Z Resolving deltas:  57% (23/40)
2023-11-20T03:56:03.3055861Z Resolving deltas:  60% (24/40)
2023-11-20T03:56:03.3056537Z Resolving deltas:  62% (25/40)
2023-11-20T03:56:03.3057490Z Resolving deltas:  65% (26/40)
2023-11-20T03:56:03.3058435Z Resolving deltas:  67% (27/40)
2023-11-20T03:56:03.3058888Z Resolving deltas:  70% (28/40)
2023-11-20T03:56:03.3059311Z Resolving deltas:  72% (29/40)
2023-11-20T03:56:03.3059745Z Resolving deltas:  75% (30/40)
2023-11-20T03:56:03.3060148Z Resolving deltas:  77% (31/40)
2023-11-20T03:56:03.3070547Z Resolving deltas:  80% (32/40)
2023-11-20T03:56:03.3076340Z Resolving deltas:  82% (33/40)
2023-11-20T03:56:03.3077079Z Resolving deltas:  85% (34/40)
2023-11-20T03:56:03.3077739Z Resolving deltas:  87% (35/40)
2023-11-20T03:56:03.3078433Z Resolving deltas:  90% (36/40)
2023-11-20T03:56:03.3079097Z Resolving deltas:  92% (37/40)
2023-11-20T03:56:03.3079721Z Resolving deltas:  95% (38/40)
2023-11-20T03:56:03.3094461Z Resolving deltas:  97% (39/40)
2023-11-20T03:56:03.3095160Z Resolving deltas: 100% (40/40)
2023-11-20T03:56:03.3095837Z Resolving deltas: 100% (40/40), done.
2023-11-20T03:56:03.3178788Z From https://github.com/AlphaSteam/axios-microprint-example
2023-11-20T03:56:03.3179734Z  * [new ref]         7d516dbf7dae46c455ec7c6d8e9b74024778373b -> origin/microprint_test
2023-11-20T03:56:03.3203661Z ##[endgroup]
2023-11-20T03:56:03.3204672Z ##[group]Determining the checkout info
2023-11-20T03:56:03.3206555Z ##[endgroup]
2023-11-20T03:56:03.3207507Z ##[group]Checking out the ref
2023-11-20T03:56:03.3212230Z [command]/usr/bin/git checkout --progress --force -B microprint_test refs/remotes/origin/microprint_test
2023-11-20T03:56:03.3552681Z Switched to a new branch 'microprint_test'
2023-11-20T03:56:03.3553844Z branch 'microprint_test' set up to track 'origin/microprint_test'.
2023-11-20T03:56:03.3562136Z ##[endgroup]
2023-11-20T03:56:03.3605093Z [command]/usr/bin/git log -1 --format='%H'
2023-11-20T03:56:03.3637544Z '7d516dbf7dae46c455ec7c6d8e9b74024778373b'
2023-11-20T03:56:03.3646080Z ##[group]Removing auth
2023-11-20T03:56:03.3649984Z [command]/usr/bin/git config --local --name-only --get-regexp core\.sshCommand
2023-11-20T03:56:03.3687172Z [command]/usr/bin/git submodule foreach --recursive sh -c "git config --local --name-only --get-regexp 'core\.sshCommand' && git config --local --unset-all 'core.sshCommand' || :"
2023-11-20T03:56:03.3926787Z [command]/usr/bin/git config --local --name-only --get-regexp http\.https\:\/\/github\.com\/\.extraheader
2023-11-20T03:56:03.3955889Z http.https://github.com/.extraheader
2023-11-20T03:56:03.3963845Z [command]/usr/bin/git config --local --unset-all http.https://github.com/.extraheader
2023-11-20T03:56:03.4003449Z [command]/usr/bin/git submodule foreach --recursive sh -c "git config --local --name-only --get-regexp 'http\.https\:\/\/github\.com\/\.extraheader' && git config --local --unset-all 'http.https://github.com/.extraheader' || :"
2023-11-20T03:56:03.4240014Z ##[endgroup]
2023-11-20T03:56:03.4545831Z ##[group]Run actions/setup-node@v3
2023-11-20T03:56:03.4546265Z with:
2023-11-20T03:56:03.4546597Z   node-version: 20.x
2023-11-20T03:56:03.4547017Z   cache: npm
2023-11-20T03:56:03.4547303Z   always-auth: false
2023-11-20T03:56:03.4547666Z   check-latest: false
2023-11-20T03:56:03.4548243Z   token: ***
2023-11-20T03:56:03.4548526Z ##[endgroup]
2023-11-20T03:56:03.6573280Z Found in cache @ /opt/hostedtoolcache/node/20.9.0/x64
2023-11-20T03:56:03.6582562Z ##[group]Environment details
2023-11-20T03:56:04.1012498Z node: v20.9.0
2023-11-20T03:56:04.1013099Z npm: 10.1.0
2023-11-20T03:56:04.1013741Z yarn: 1.22.19
2023-11-20T03:56:04.1015233Z ##[endgroup]
2023-11-20T03:56:04.1033447Z [command]/opt/hostedtoolcache/node/20.9.0/x64/bin/npm config get cache
2023-11-20T03:56:04.3518133Z /home/runner/.npm
2023-11-20T03:56:04.4395301Z npm cache is not found
2023-11-20T03:56:04.4571150Z ##[group]Run npm ci
2023-11-20T03:56:04.4571551Z [36;1mnpm ci[0m
2023-11-20T03:56:04.4631663Z shell: /usr/bin/bash -e {0}
2023-11-20T03:56:04.4632079Z ##[endgroup]
2023-11-20T03:56:14.3528922Z npm WARN deprecated resolve-url@0.2.1: https://github.com/lydell/resolve-url#deprecated
2023-11-20T03:56:14.7077951Z npm WARN deprecated har-validator@5.1.5: this library is no longer supported
2023-11-20T03:56:14.8854542Z npm WARN deprecated source-map-url@0.4.1: See https://github.com/lydell/source-map-url#deprecated
2023-11-20T03:56:14.8919683Z npm WARN deprecated source-map-resolve@0.5.3: See https://github.com/lydell/source-map-resolve#deprecated
2023-11-20T03:56:14.9121179Z npm WARN deprecated urix@0.1.0: Please see https://github.com/lydell/urix#deprecated
2023-11-20T03:56:15.2792339Z npm WARN deprecated chokidar@2.1.8: Chokidar 2 does not receive security updates since 2019. Upgrade to chokidar 3 with 15x fewer dependencies
2023-11-20T03:56:15.2913519Z npm WARN deprecated samsam@1.3.0: This package has been deprecated in favour of @sinonjs/samsam
2023-11-20T03:56:15.2954643Z npm WARN deprecated querystring@0.2.0: The querystring API is considered Legacy. new code should use the URLSearchParams API instead.
2023-11-20T03:56:15.3898453Z npm WARN deprecated uuid@3.4.0: Please upgrade  to version 7 or higher.  Older versions may use Math.random() in certain circumstances, which is known to be problematic.  See https://v8.dev/blog/math-random for details.
2023-11-20T03:56:15.6677384Z npm WARN deprecated chokidar@2.1.8: Chokidar 2 does not receive security updates since 2019. Upgrade to chokidar 3 with 15x fewer dependencies
2023-11-20T03:56:15.6810706Z npm WARN deprecated request@2.88.2: request has been deprecated, see https://github.com/request/request/issues/3142
2023-11-20T03:56:16.7099103Z npm WARN deprecated tar@2.2.2: This version of tar is no longer supported, and will not receive security updates. Please upgrade asap.
2023-11-20T03:56:17.9962046Z npm WARN deprecated core-js@2.6.12: core-js@<3.4 is no longer maintained and not recommended for usage due to the number of issues. Because of the V8 engine whims, feature detection in old core-js versions could cause a slowdown up to 100x even if nothing is polyfilled. Please, upgrade your dependencies to the actual version of core-js.
2023-11-20T03:56:20.4577557Z 
2023-11-20T03:56:20.4578978Z > axios@1.6.0 prepare
2023-11-20T03:56:20.4579870Z > husky install && npm run prepare:hooks
2023-11-20T03:56:20.4580356Z 
2023-11-20T03:56:20.5051572Z husky - Git hooks installed
2023-11-20T03:56:20.7506880Z 
2023-11-20T03:56:20.7507736Z > axios@1.6.0 prepare:hooks
2023-11-20T03:56:20.7509022Z > npx husky set .husky/commit-msg "npx commitlint --edit $1"
2023-11-20T03:56:20.7509885Z 
2023-11-20T03:56:21.1148137Z husky - created .husky/commit-msg
2023-11-20T03:56:21.1572142Z 
2023-11-20T03:56:21.1573303Z added 2053 packages, and audited 2054 packages in 17s
2023-11-20T03:56:21.1574503Z 
2023-11-20T03:56:21.1574861Z 197 packages are looking for funding
2023-11-20T03:56:21.1575805Z   run `npm fund` for details
2023-11-20T03:56:21.1824193Z 
2023-11-20T03:56:21.1825085Z 47 vulnerabilities (17 moderate, 28 high, 2 critical)
2023-11-20T03:56:21.1826066Z 
2023-11-20T03:56:21.1827437Z To address issues that do not require attention, run:
2023-11-20T03:56:21.1828466Z   npm audit fix
2023-11-20T03:56:21.1828789Z 
2023-11-20T03:56:21.1829343Z To address all issues possible (including breaking changes), run:
2023-11-20T03:56:21.1830475Z   npm audit fix --force
2023-11-20T03:56:21.1830939Z 
2023-11-20T03:56:21.1831325Z Some issues need review, and may require choosing
2023-11-20T03:56:21.1832085Z a different dependency.
2023-11-20T03:56:21.1832425Z 
2023-11-20T03:56:21.1832758Z Run `npm audit` for details.
2023-11-20T03:56:21.2407767Z ##[group]Run npm test
2023-11-20T03:56:21.2408279Z [36;1mnpm test[0m
2023-11-20T03:56:21.2456839Z shell: /usr/bin/bash -e {0}
2023-11-20T03:56:21.2457369Z ##[endgroup]
2023-11-20T03:56:21.4825352Z 
2023-11-20T03:56:21.4826167Z > axios@1.6.0 test
2023-11-20T03:56:21.4828119Z > npm run test:eslint && npm run test:mocha && npm run test:karma && npm run test:dtslint && npm run test:exports
2023-11-20T03:56:21.4829519Z 
2023-11-20T03:56:21.7137893Z 
2023-11-20T03:56:21.7138752Z > axios@1.6.0 test:eslint
2023-11-20T03:56:21.7139875Z > node bin/ssl_hotfix.js eslint lib/**/*.js
2023-11-20T03:56:21.7140373Z 
2023-11-20T03:56:21.7484009Z Running eslint lib/adapters/adapters.js lib/adapters/http.js lib/adapters/xhr.js lib/cancel/CancelToken.js lib/cancel/CanceledError.js lib/cancel/isCancel.js lib/core/Axios.js lib/core/AxiosError.js lib/core/AxiosHeaders.js lib/core/InterceptorManager.js lib/core/buildFullPath.js lib/core/dispatchRequest.js lib/core/mergeConfig.js lib/core/settle.js lib/core/transformData.js lib/defaults/index.js lib/defaults/transitional.js lib/env/data.js lib/helpers/AxiosTransformStream.js lib/helpers/AxiosURLSearchParams.js lib/helpers/HttpStatusCode.js lib/helpers/ZlibHeaderTransformStream.js lib/helpers/bind.js lib/helpers/buildURL.js lib/helpers/callbackify.js lib/helpers/combineURLs.js lib/helpers/cookies.js lib/helpers/deprecatedMethod.js lib/helpers/formDataToJSON.js lib/helpers/formDataToStream.js lib/helpers/fromDataURI.js lib/helpers/isAbsoluteURL.js lib/helpers/isAxiosError.js lib/helpers/isURLSameOrigin.js lib/helpers/null.js lib/helpers/parseHeaders.js lib/helpers/parseProtocol.js lib/helpers/readBlob.js lib/helpers/speedometer.js lib/helpers/spread.js lib/helpers/throttle.js lib/helpers/toFormData.js lib/helpers/toURLEncodedForm.js lib/helpers/validator.js lib/platform/index.js on v20.9.0
2023-11-20T03:56:21.7497312Z Setting --openssl-legacy-provider as ssl hotfix
2023-11-20T03:56:21.7498509Z 
2023-11-20T03:56:22.6884536Z 
2023-11-20T03:56:22.6885357Z > axios@1.6.0 test:mocha
2023-11-20T03:56:22.6887120Z > node bin/ssl_hotfix.js mocha test/unit/**/*.js --timeout 30000 --exit
2023-11-20T03:56:22.6888111Z 
2023-11-20T03:56:22.7227461Z Running mocha test/unit/adapters/adapters.js test/unit/adapters/http.js test/unit/core/AxiosHeaders.js test/unit/defaults/transformReponse.js test/unit/helpers/fromDataURI.js test/unit/helpers/parseProtocol.js test/unit/regression/SNYK-JS-AXIOS-1038255.js test/unit/regression/bugs.js test/unit/utils/utils.js --timeout 30000 --exit on v20.9.0
2023-11-20T03:56:22.7229914Z 
2023-11-20T03:56:22.7230480Z Setting --openssl-legacy-provider as ssl hotfix
2023-11-20T03:56:23.0549552Z 
2023-11-20T03:56:23.0554345Z 
2023-11-20T03:56:23.0558674Z   adapters
2023-11-20T03:56:23.0569555Z     âœ” should support loading by fn handle
2023-11-20T03:56:23.0572052Z     âœ” should support loading by name
2023-11-20T03:56:23.0579086Z     âœ” should detect adapter unavailable status
2023-11-20T03:56:23.0582197Z     âœ” should detect adapter unsupported status
2023-11-20T03:56:23.0585637Z     âœ” should pick suitable adapter from the list
2023-11-20T03:56:23.0586955Z 
2023-11-20T03:56:23.0591103Z   supports http with nodejs
2023-11-20T03:56:23.3717634Z     âœ” should throw an error if the timeout property is not parsable as a number (312ms)
2023-11-20T03:56:23.6755900Z     âœ” should parse the timeout property (302ms)
2023-11-20T03:56:23.9775807Z     âœ” should respect the timeout property (302ms)
2023-11-20T03:56:24.2791617Z     âœ” should respect the timeoutErrorMessage property (301ms)
2023-11-20T03:56:24.2844206Z     âœ” should allow passing JSON
2023-11-20T03:56:24.2869506Z     âœ” should allow passing JSON with BOM
2023-11-20T03:56:24.2912499Z     âœ” should redirect
2023-11-20T03:56:24.2934793Z     âœ” should not redirect
2023-11-20T03:56:24.2995126Z     âœ” should support max redirects
2023-11-20T03:56:24.3016681Z     âœ” should support beforeRedirect
2023-11-20T03:56:24.3157482Z     âœ” should support beforeRedirect and proxy with redirect
2023-11-20T03:56:24.3188976Z     âœ” should preserve the HTTP verb on redirect
2023-11-20T03:56:24.3235813Z     âœ” should support UTF8
2023-11-20T03:56:24.3257078Z     âœ” should support basic auth
2023-11-20T03:56:24.3276064Z     âœ” should support basic auth with a header
2023-11-20T03:56:24.3293881Z     âœ” should provides a default User-Agent header
2023-11-20T03:56:24.3310502Z     âœ” should allow the User-Agent header to be overridden
2023-11-20T03:56:24.3328523Z     âœ” should allow the Content-Length header to be overridden
2023-11-20T03:56:24.3351965Z     âœ” should support max content length
2023-11-20T03:56:24.4379909Z     âœ” should support max content length for redirected (102ms)
2023-11-20T03:56:24.5414748Z     âœ” should support max body length (103ms)
2023-11-20T03:56:24.8906473Z     âœ” should properly support default max body length (follow-redirects as well) (349ms)
2023-11-20T03:56:24.8919040Z     âœ” should display error while parsing params
2023-11-20T03:56:24.8936052Z     âœ” should support sockets
2023-11-20T03:56:24.8957886Z     âœ” should support buffers
2023-11-20T03:56:24.8984005Z     âœ” should support HTTP proxies
2023-11-20T03:56:24.9324656Z     âœ” should support HTTPS proxies
2023-11-20T03:56:24.9344347Z     âœ” should not pass through disabled proxy
2023-11-20T03:56:24.9369122Z     âœ” should support proxy set via env var
2023-11-20T03:56:24.9467766Z     âœ” should support HTTPS proxy set via env var
2023-11-20T03:56:24.9496544Z     âœ” should re-evaluate proxy on redirect when proxy set via env var
2023-11-20T03:56:24.9512674Z     âœ” should not use proxy for domains in no_proxy
2023-11-20T03:56:24.9533408Z     âœ” should use proxy for domains not in no_proxy
2023-11-20T03:56:24.9555622Z     âœ” should support HTTP proxy auth
2023-11-20T03:56:24.9577420Z     âœ” should support proxy auth from env
2023-11-20T03:56:24.9600602Z     âœ” should support proxy auth with header
2023-11-20T03:56:24.9616223Z     âœ” should support cancel
2023-11-20T03:56:24.9634402Z     âœ” should combine baseURL and url
2023-11-20T03:56:25.9668092Z     âœ” should support HTTP protocol (1003ms)
2023-11-20T03:56:26.0389617Z     âœ” should support HTTPS protocol (72ms)
2023-11-20T03:56:26.3403080Z     âœ” should return malformed URL (300ms)
2023-11-20T03:56:26.6416312Z     âœ” should return unsupported protocol (301ms)
2023-11-20T03:56:26.6435758Z     âœ” should supply a user-agent if one is not specified
2023-11-20T03:56:26.6452772Z     âœ” should omit a user-agent if one is explicitly disclaimed
2023-11-20T03:56:26.8475160Z     âœ” should throw an error if http server that aborts a chunked request (202ms)
2023-11-20T03:56:26.8495540Z     âœ” should able to cancel multiple requests with CancelToken
2023-11-20T03:56:26.8539041Z     âœ” should respect formSerializer config
2023-11-20T03:56:26.8544837Z     âœ” should properly handle synchronous errors inside the adapter
2023-11-20T03:56:26.8559996Z     âœ” should support function as paramsSerializer value
2023-11-20T03:56:26.8563207Z     compression
2023-11-20T03:56:26.8583153Z       âœ” should support transparent gunzip
2023-11-20T03:56:26.8602779Z       âœ” should support gunzip error handling
2023-11-20T03:56:26.8622826Z       âœ” should support disabling automatic decompression of response data
2023-11-20T03:56:26.8626798Z       algorithms
2023-11-20T03:56:26.8627401Z         gzip decompression
2023-11-20T03:56:26.8643533Z           âœ” should support decompression
2023-11-20T03:56:26.8661786Z           âœ” should not fail if response content-length header is missing (gzip)
2023-11-20T03:56:26.8677665Z           âœ” should not fail with chunked responses (without Content-Length header)
2023-11-20T03:56:26.8692307Z           âœ” should not fail with an empty response without content-length header (Z_BUF_ERROR)
2023-11-20T03:56:26.8706823Z           âœ” should not fail with an empty response with content-length header (Z_BUF_ERROR)
2023-11-20T03:56:26.8709335Z         GZIP decompression
2023-11-20T03:56:26.8722114Z           âœ” should support decompression
2023-11-20T03:56:26.8738737Z           âœ” should not fail if response content-length header is missing (GZIP)
2023-11-20T03:56:26.8753823Z           âœ” should not fail with chunked responses (without Content-Length header)
2023-11-20T03:56:26.8767456Z           âœ” should not fail with an empty response without content-length header (Z_BUF_ERROR)
2023-11-20T03:56:26.8780622Z           âœ” should not fail with an empty response with content-length header (Z_BUF_ERROR)
2023-11-20T03:56:26.8783271Z         compress decompression
2023-11-20T03:56:26.8796636Z           âœ” should support decompression
2023-11-20T03:56:26.8812417Z           âœ” should not fail if response content-length header is missing (compress)
2023-11-20T03:56:26.8828341Z           âœ” should not fail with chunked responses (without Content-Length header)
2023-11-20T03:56:26.8841668Z           âœ” should not fail with an empty response without content-length header (Z_BUF_ERROR)
2023-11-20T03:56:26.8856244Z           âœ” should not fail with an empty response with content-length header (Z_BUF_ERROR)
2023-11-20T03:56:26.8859402Z         deflate decompression
2023-11-20T03:56:26.8875282Z           âœ” should support decompression
2023-11-20T03:56:26.8889644Z           âœ” should not fail if response content-length header is missing (deflate)
2023-11-20T03:56:26.8904908Z           âœ” should not fail with chunked responses (without Content-Length header)
2023-11-20T03:56:26.8918608Z           âœ” should not fail with an empty response without content-length header (Z_BUF_ERROR)
2023-11-20T03:56:26.8932750Z           âœ” should not fail with an empty response with content-length header (Z_BUF_ERROR)
2023-11-20T03:56:26.8935409Z         deflate-raw decompression
2023-11-20T03:56:26.8948780Z           âœ” should support decompression
2023-11-20T03:56:26.8963569Z           âœ” should not fail if response content-length header is missing (deflate)
2023-11-20T03:56:26.8978980Z           âœ” should not fail with chunked responses (without Content-Length header)
2023-11-20T03:56:26.8993629Z           âœ” should not fail with an empty response without content-length header (Z_BUF_ERROR)
2023-11-20T03:56:26.9007790Z           âœ” should not fail with an empty response with content-length header (Z_BUF_ERROR)
2023-11-20T03:56:26.9011388Z         br decompression
2023-11-20T03:56:26.9032190Z           âœ” should support decompression
2023-11-20T03:56:26.9050252Z           âœ” should not fail if response content-length header is missing (br)
2023-11-20T03:56:26.9066897Z           âœ” should not fail with chunked responses (without Content-Length header)
2023-11-20T03:56:26.9079448Z           âœ” should not fail with an empty response without content-length header (Z_BUF_ERROR)
2023-11-20T03:56:26.9092666Z           âœ” should not fail with an empty response with content-length header (Z_BUF_ERROR)
2023-11-20T03:56:26.9095570Z     streams
2023-11-20T03:56:26.9127775Z       âœ” should support streams
2023-11-20T03:56:26.9139865Z       âœ” should pass errors for a failed stream
2023-11-20T03:56:27.9226658Z pipeline error: CanceledError: Request stream has been aborted
2023-11-20T03:56:27.9232749Z       âœ” should destroy the response stream with an error on request stream destroying (1008ms)
2023-11-20T03:56:27.9234051Z Server warning: Premature close
2023-11-20T03:56:27.9235219Z     different options for direct proxy configuration (without env variables)
2023-11-20T03:56:27.9237425Z       âœ” hostname and trailing colon in protocol
2023-11-20T03:56:27.9238967Z       âœ” hostname and no trailing colon in protocol
2023-11-20T03:56:27.9240705Z       âœ” both hostname and host -> hostname takes precedence
2023-11-20T03:56:27.9243487Z       âœ” only host and https protocol
2023-11-20T03:56:27.9244563Z     FormData
2023-11-20T03:56:27.9245618Z       form-data instance (https://www.npmjs.com/package/form-data)
2023-11-20T03:56:27.9326720Z         âœ” should allow passing FormData
2023-11-20T03:56:27.9330681Z       SpecCompliant FormData
2023-11-20T03:56:27.9394302Z         âœ” should allow passing FormData
2023-11-20T03:56:27.9396931Z       toFormData helper
2023-11-20T03:56:27.9620248Z         âœ” should properly serialize nested objects for parsing with multer.js (express.js)
2023-11-20T03:56:27.9624202Z     Blob
2023-11-20T03:56:27.9645956Z       âœ” should support Blob
2023-11-20T03:56:27.9648654Z     URLEncoded Form
2023-11-20T03:56:27.9757816Z       âœ” should post object data as url-encoded form if content-type is application/x-www-form-urlencoded
2023-11-20T03:56:27.9761081Z     Data URL
2023-11-20T03:56:27.9769375Z       âœ” should support requesting data URL as a Buffer
2023-11-20T03:56:27.9777002Z       âœ” should support requesting data URL as a Blob (if supported by the environment)
2023-11-20T03:56:27.9780514Z       âœ” should support requesting data URL as a String (text)
2023-11-20T03:56:27.9785053Z       âœ” should support requesting data URL as a Stream
2023-11-20T03:56:27.9785992Z     progress
2023-11-20T03:56:27.9786647Z       upload
2023-11-20T03:56:38.9916204Z         âœ” should support upload progress capturing (11013ms)
2023-11-20T03:56:38.9918436Z       download
2023-11-20T03:56:50.0040275Z         âœ” should support download progress capturing (11012ms)
2023-11-20T03:56:50.0044575Z     Rate limit
2023-11-20T03:56:59.5200630Z       âœ” should support upload rate limit (9515ms)
2023-11-20T03:57:09.0363628Z       âœ” should support download rate limit (9516ms)
2023-11-20T03:57:09.0364621Z     request aborting
2023-11-20T03:57:09.6433307Z pipeline error: CanceledError: canceled
2023-11-20T03:57:09.6434930Z       âœ” should be able to abort the response stream (607ms)
2023-11-20T03:57:09.6437712Z Server warning: Premature close
2023-11-20T03:57:09.6439866Z     DNS
2023-11-20T03:57:09.6460134Z       âœ” should support a custom DNS lookup function
2023-11-20T03:57:09.6474537Z       âœ” should support a custom DNS lookup function with address entry passing
2023-11-20T03:57:09.6488116Z       âœ” should support a custom DNS lookup function (async)
2023-11-20T03:57:09.6566794Z       âœ” should support a custom DNS lookup function with address entry (async)
2023-11-20T03:57:09.6568419Z       âœ” should support a custom DNS lookup function that returns only IP address (async)
2023-11-20T03:57:09.6569406Z 
2023-11-20T03:57:09.6569696Z   AxiosHeaders
2023-11-20T03:57:09.6570369Z     âœ” should support headers argument
2023-11-20T03:57:09.6571535Z     âœ” should support uppercase name mapping for names overlapped by class methods
2023-11-20T03:57:09.6574976Z     âœ” should be caseless
2023-11-20T03:57:09.6598591Z     set
2023-11-20T03:57:09.6600293Z       âœ” should support adding a single header
2023-11-20T03:57:09.6602025Z       âœ” should support adding multiple headers
2023-11-20T03:57:09.6605379Z       âœ” should support adding multiple headers from raw headers string
2023-11-20T03:57:09.6606926Z       âœ” should not rewrite header the header if the value is false
2023-11-20T03:57:09.6608674Z       âœ” should not rewrite the header if its value is false, unless rewrite options is set to true
2023-11-20T03:57:09.6610017Z     get
2023-11-20T03:57:09.6610587Z       filter
2023-11-20T03:57:09.6611378Z         âœ” should support RegExp
2023-11-20T03:57:09.6613767Z         âœ” should support function
2023-11-20T03:57:09.6614618Z     has
2023-11-20T03:57:09.6616320Z       âœ” should return true if the header is defined, otherwise false
2023-11-20T03:57:09.6617528Z       filter
2023-11-20T03:57:09.6619328Z         âœ” should support RegExp
2023-11-20T03:57:09.6621945Z         âœ” should support function
2023-11-20T03:57:09.6623474Z         âœ” should support string pattern
2023-11-20T03:57:09.6624327Z     delete
2023-11-20T03:57:09.6626462Z       âœ” should delete the header
2023-11-20T03:57:09.6628061Z       âœ” should return true if the header has been deleted, otherwise false
2023-11-20T03:57:09.6629453Z       âœ” should support headers array
2023-11-20T03:57:09.6630080Z       filter
2023-11-20T03:57:09.6631779Z         âœ” should support RegExp
2023-11-20T03:57:09.6633542Z         âœ” should support function
2023-11-20T03:57:09.6636026Z         âœ” should support string pattern
2023-11-20T03:57:09.6636933Z     clear
2023-11-20T03:57:09.6639228Z       âœ” should clear all headers
2023-11-20T03:57:09.6642610Z       âœ” should clear matching headers if a matcher was specified
2023-11-20T03:57:09.6643660Z     toJSON
2023-11-20T03:57:09.6644734Z       âœ” should return headers object with original headers case
2023-11-20T03:57:09.6645884Z     accessors
2023-11-20T03:57:09.6648761Z       âœ” should support get accessor
2023-11-20T03:57:09.6650477Z       âœ” should support set accessor
2023-11-20T03:57:09.6652356Z       âœ” should support has accessor
2023-11-20T03:57:09.6653196Z     normalize()
2023-11-20T03:57:09.6656086Z       âœ” should support auto-formatting
2023-11-20T03:57:09.6658000Z       âœ” should support external defined values
2023-11-20T03:57:09.6660189Z       âœ” should support array values
2023-11-20T03:57:09.6661007Z     AxiosHeaders.concat
2023-11-20T03:57:09.6663633Z       âœ” should concatenate plain headers into an AxiosHeader instance
2023-11-20T03:57:09.6665434Z       âœ” should concatenate raw headers into an AxiosHeader instance
2023-11-20T03:57:09.6667595Z       âœ” should concatenate Axios headers into a new AxiosHeader instance
2023-11-20T03:57:09.6668861Z     toString
2023-11-20T03:57:09.6670364Z       âœ” should serialize AxiosHeader instance to a raw headers string
2023-11-20T03:57:09.6671180Z 
2023-11-20T03:57:09.6671447Z   transformResponse
2023-11-20T03:57:09.6672282Z     200 request
2023-11-20T03:57:09.6673469Z       âœ” parses json
2023-11-20T03:57:09.6675604Z       âœ” ignores XML
2023-11-20T03:57:09.6676445Z     204 request
2023-11-20T03:57:09.6677940Z       âœ” does not parse the empty string
2023-11-20T03:57:09.6679485Z       âœ” does not parse undefined
2023-11-20T03:57:09.6680225Z 
2023-11-20T03:57:09.6680521Z   helpers::fromDataURI
2023-11-20T03:57:09.6683017Z     âœ” should return buffer from data uri
2023-11-20T03:57:09.6683588Z 
2023-11-20T03:57:09.6684095Z   helpers::parseProtocol
2023-11-20T03:57:09.6686402Z     âœ” should parse protocol part if it exists
2023-11-20T03:57:09.6687056Z 
2023-11-20T03:57:09.6687483Z   Server-Side Request Forgery (SSRF)
2023-11-20T03:57:09.6719417Z     âœ” obeys proxy settings when following redirects
2023-11-20T03:57:09.6725597Z 
2023-11-20T03:57:09.6725912Z   issues
2023-11-20T03:57:09.6726345Z     4999
2023-11-20T03:57:09.7833603Z       âœ” should not fail with query parsing (111ms)
2023-11-20T03:57:09.7834534Z     5028
2023-11-20T03:57:09.7850479Z       âœ” should handle set-cookie headers as an array
2023-11-20T03:57:09.7851784Z 
2023-11-20T03:57:09.7852601Z   utils
2023-11-20T03:57:09.7854180Z     âœ” should validate Stream
2023-11-20T03:57:09.7855522Z     âœ” should validate Buffer
2023-11-20T03:57:09.7856230Z     utils::isFormData
2023-11-20T03:57:09.7858617Z       âœ” should detect the FormData instance provided by the `form-data` package
2023-11-20T03:57:09.7859994Z       âœ” should not call toString method on built-in objects instances
2023-11-20T03:57:09.7861683Z       âœ” should not call toString method on built-in objects instances, even if append method exists
2023-11-20T03:57:09.7863387Z       âœ” should detect custom FormData instances by toStringTag signature and append method presence
2023-11-20T03:57:09.7864310Z     toJSON
2023-11-20T03:57:09.7867027Z       âœ” should convert to a plain object without circular references
2023-11-20T03:57:09.7868938Z       âœ” should use objects with defined toJSON method without rebuilding
2023-11-20T03:57:09.7869938Z 
2023-11-20T03:57:09.7871063Z 
2023-11-20T03:57:09.7873231Z   163 passing (47s)
2023-11-20T03:57:09.7873646Z 
2023-11-20T03:57:10.0391020Z 
2023-11-20T03:57:10.0391894Z > axios@1.6.0 test:karma
2023-11-20T03:57:10.0393680Z > node bin/ssl_hotfix.js cross-env LISTEN_ADDR=:: karma start karma.conf.cjs --single-run
2023-11-20T03:57:10.0394536Z 
2023-11-20T03:57:10.0718644Z Running cross-env LISTEN_ADDR=:: karma start karma.conf.cjs --single-run on v20.9.0
2023-11-20T03:57:10.0719564Z 
2023-11-20T03:57:10.0723078Z Setting --openssl-legacy-provider as ssl hotfix
2023-11-20T03:57:10.3474290Z Running ci on GitHub Actions.
2023-11-20T03:57:10.6411847Z (node:2274) MaxListenersExceededWarning: Possible EventEmitter memory leak detected. 11 beforeExit listeners added to [process]. Use emitter.setMaxListeners() to increase limit
2023-11-20T03:57:10.6414979Z (Use `node --trace-warnings ...` to show where the warning was created)
2023-11-20T03:57:10.7224447Z [32m20 11 2023 03:57:10.721:INFO [preprocessor.rollup]: [39mGenerating bundle for ./test/specs/api.spec.js
2023-11-20T03:57:10.7482697Z [32m20 11 2023 03:57:10.748:INFO [preprocessor.rollup]: [39mGenerating bundle for ./test/specs/formdata.spec.js
2023-11-20T03:57:10.7683245Z [32m20 11 2023 03:57:10.768:INFO [preprocessor.rollup]: [39mGenerating bundle for ./test/specs/instance.spec.js
2023-11-20T03:57:10.7792118Z [32m20 11 2023 03:57:10.778:INFO [preprocessor.rollup]: [39mGenerating bundle for ./test/specs/progress.spec.js
2023-11-20T03:57:10.8006804Z [32m20 11 2023 03:57:10.800:INFO [preprocessor.rollup]: [39mGenerating bundle for ./test/specs/requests.spec.js
2023-11-20T03:57:10.8125046Z [32m20 11 2023 03:57:10.812:INFO [preprocessor.rollup]: [39mGenerating bundle for ./test/specs/promise.spec.js
2023-11-20T03:57:10.8377978Z [32m20 11 2023 03:57:10.837:INFO [preprocessor.rollup]: [39mGenerating bundle for ./test/specs/interceptors.spec.js
2023-11-20T03:57:10.8530735Z [32m20 11 2023 03:57:10.852:INFO [preprocessor.rollup]: [39mGenerating bundle for ./test/specs/adapter.spec.js
2023-11-20T03:57:10.8595343Z [32m20 11 2023 03:57:10.859:INFO [preprocessor.rollup]: [39mGenerating bundle for ./test/specs/core/enhanceError.spec.js
2023-11-20T03:57:10.8600017Z Generated an empty chunk: "enhanceError.spec"
2023-11-20T03:57:11.0114335Z [32m20 11 2023 03:57:11.010:INFO [preprocessor.rollup]: [39mGenerating bundle for ./test/specs/helpers/combineURLs.spec.js
2023-11-20T03:57:11.0204771Z [32m20 11 2023 03:57:11.020:INFO [preprocessor.rollup]: [39mGenerating bundle for ./test/specs/helpers/bind.spec.js
2023-11-20T03:57:11.0262410Z [32m20 11 2023 03:57:11.025:INFO [preprocessor.rollup]: [39mGenerating bundle for ./test/specs/helpers/isAbsoluteURL.spec.js
2023-11-20T03:57:11.0335916Z [32m20 11 2023 03:57:11.033:INFO [preprocessor.rollup]: [39mGenerating bundle for ./test/specs/helpers/spread.spec.js
2023-11-20T03:57:11.0402112Z preferring built-in module 'assert' over local alternative at '/home/runner/work/axios-microprint-example/axios-microprint-example/node_modules/assert/assert.js', pass 'preferBuiltins: false' to disable this behavior or 'preferBuiltins: true' to disable this warning
2023-11-20T03:57:11.0796487Z [32m20 11 2023 03:57:11.079:INFO [preprocessor.rollup]: [39mGenerating bundle for ./test/specs/cancel.spec.js
2023-11-20T03:57:11.2570564Z [32m20 11 2023 03:57:11.256:INFO [preprocessor.rollup]: [39mGenerating bundle for ./test/specs/utils/extend.spec.js
2023-11-20T03:57:11.2746806Z [32m20 11 2023 03:57:11.274:INFO [preprocessor.rollup]: [39mGenerating bundle for ./test/specs/utils/merge.spec.js
2023-11-20T03:57:11.2943911Z [32m20 11 2023 03:57:11.294:INFO [preprocessor.rollup]: [39mGenerating bundle for ./test/specs/utils/trim.spec.js
2023-11-20T03:57:11.3096664Z [32m20 11 2023 03:57:11.309:INFO [preprocessor.rollup]: [39mGenerating bundle for ./test/specs/utils/forEach.spec.js
2023-11-20T03:57:11.3231815Z [32m20 11 2023 03:57:11.322:INFO [preprocessor.rollup]: [39mGenerating bundle for ./test/specs/utils/isX.spec.js
2023-11-20T03:57:11.3308707Z [32m20 11 2023 03:57:11.330:INFO [preprocessor.rollup]: [39mGenerating bundle for ./test/specs/core/buildFullPath.spec.js
2023-11-20T03:57:11.4446615Z preferring built-in module 'assert' over local alternative at '/home/runner/work/axios-microprint-example/axios-microprint-example/node_modules/assert/assert.js', pass 'preferBuiltins: false' to disable this behavior or 'preferBuiltins: true' to disable this warning
2023-11-20T03:57:11.4450821Z 'assert' is imported by test/specs/headers.spec.js, but could not be resolved â€“ treating it as an external dependency
2023-11-20T03:57:11.4478311Z "default" is imported from external module "assert" but never used in "test/specs/headers.spec.js".
2023-11-20T03:57:11.4480943Z [32m20 11 2023 03:57:11.447:INFO [preprocessor.rollup]: [39mGenerating bundle for ./test/specs/headers.spec.js
2023-11-20T03:57:11.4491914Z Creating a browser bundle that depends on Node.js built-in modules ("assert"). You might need to include https://github.com/snowpackjs/rollup-plugin-polyfill-node
2023-11-20T03:57:11.4559451Z [32m20 11 2023 03:57:11.455:INFO [preprocessor.rollup]: [39mGenerating bundle for ./test/specs/options.spec.js
2023-11-20T03:57:11.4655105Z [32m20 11 2023 03:57:11.465:INFO [preprocessor.rollup]: [39mGenerating bundle for ./test/specs/cancel/CanceledError.spec.js
2023-11-20T03:57:11.4871136Z [32m20 11 2023 03:57:11.486:INFO [preprocessor.rollup]: [39mGenerating bundle for ./test/specs/transform.spec.js
2023-11-20T03:57:11.5003609Z [32m20 11 2023 03:57:11.500:INFO [preprocessor.rollup]: [39mGenerating bundle for ./test/specs/cancel/isCancel.spec.js
2023-11-20T03:57:11.5142994Z [32m20 11 2023 03:57:11.513:INFO [preprocessor.rollup]: [39mGenerating bundle for ./test/specs/helpers/isAxiosError.spec.js
2023-11-20T03:57:11.5243601Z [32m20 11 2023 03:57:11.524:INFO [preprocessor.rollup]: [39mGenerating bundle for ./test/specs/helpers/formDataToJSON.spec.js
2023-11-20T03:57:11.5384868Z [32m20 11 2023 03:57:11.538:INFO [preprocessor.rollup]: [39mGenerating bundle for ./test/specs/cancel/CancelToken.spec.js
2023-11-20T03:57:11.5558438Z [32m20 11 2023 03:57:11.555:INFO [preprocessor.rollup]: [39mGenerating bundle for ./test/specs/helpers/parseHeaders.spec.js
2023-11-20T03:57:11.5701225Z [32m20 11 2023 03:57:11.569:INFO [preprocessor.rollup]: [39mGenerating bundle for ./test/specs/helpers/toFormData.spec.js
2023-11-20T03:57:11.5843548Z [32m20 11 2023 03:57:11.584:INFO [preprocessor.rollup]: [39mGenerating bundle for ./test/specs/core/AxiosError.spec.js
2023-11-20T03:57:11.6776339Z [32m20 11 2023 03:57:11.677:INFO [preprocessor.rollup]: [39mGenerating bundle for ./test/specs/helpers/validator.spec.js
2023-11-20T03:57:11.6897525Z [32m20 11 2023 03:57:11.689:INFO [preprocessor.rollup]: [39mGenerating bundle for ./test/specs/core/settle.spec.js
2023-11-20T03:57:11.7766642Z [32m20 11 2023 03:57:11.776:INFO [preprocessor.rollup]: [39mGenerating bundle for ./test/specs/helpers/buildURL.spec.js
2023-11-20T03:57:11.8697623Z [32m20 11 2023 03:57:11.869:INFO [preprocessor.rollup]: [39mGenerating bundle for ./test/specs/core/mergeConfig.spec.js
2023-11-20T03:57:11.9123036Z [32m20 11 2023 03:57:11.911:INFO [preprocessor.rollup]: [39mGenerating bundle for ./test/specs/defaults.spec.js
2023-11-20T03:57:11.9544143Z [32m20 11 2023 03:57:11.954:INFO [preprocessor.rollup]: [39mGenerating bundle for ./test/specs/core/transformData.spec.js
2023-11-20T03:57:11.9975269Z [32m20 11 2023 03:57:11.997:INFO [preprocessor.rollup]: [39mGenerating bundle for ./test/specs/__helpers.js
2023-11-20T03:57:12.0417333Z [32m20 11 2023 03:57:12.041:INFO [preprocessor.rollup]: [39mGenerating bundle for ./test/specs/basicAuth.spec.js
2023-11-20T03:57:12.0895503Z [32m20 11 2023 03:57:12.089:INFO [preprocessor.rollup]: [39mGenerating bundle for ./test/specs/helpers/cookies.spec.js
2023-11-20T03:57:12.1195783Z [32m20 11 2023 03:57:12.119:INFO [preprocessor.rollup]: [39mGenerating bundle for ./test/specs/helpers/isURLSameOrigin.spec.js
2023-11-20T03:57:12.1436646Z [32m20 11 2023 03:57:12.143:INFO [preprocessor.rollup]: [39mGenerating bundle for ./test/specs/xsrf.spec.js
2023-11-20T03:57:12.1517322Z [32m20 11 2023 03:57:12.151:INFO [karma-server]: [39mKarma v6.3.20 server started at http://localhost:9876/
2023-11-20T03:57:12.1519073Z [32m20 11 2023 03:57:12.151:INFO [launcher]: [39mLaunching browsers FirefoxHeadless, ChromeHeadless with concurrency unlimited
2023-11-20T03:57:12.1550917Z [32m20 11 2023 03:57:12.154:INFO [launcher]: [39mStarting browser FirefoxHeadless
2023-11-20T03:57:12.1622227Z [32m20 11 2023 03:57:12.162:INFO [launcher]: [39mStarting browser ChromeHeadless
2023-11-20T03:57:12.7094435Z [32m20 11 2023 03:57:12.709:INFO [Chrome Headless 118.0.5993.117 (Linux x86_64)]: [39mConnected on socket GcKypF2O9xAOqBbUAAAB with id 15047960
2023-11-20T03:57:12.8478985Z Chrome Headless 118.0.5993.117 (Linux x86_64): Executed 0 of 306 SUCCESS (0 secs / 0 secs)
2023-11-20T03:57:12.8491857Z [1A[2KChrome Headless 118.0.5993.117 (Linux x86_64): Executed 1 of 306 SUCCESS (0 secs / 0.003 secs)
2023-11-20T03:57:12.8496852Z [1A[2KChrome Headless 118.0.5993.117 (Linux x86_64): Executed 2 of 306 SUCCESS (0 secs / 0.003 secs)
2023-11-20T03:57:12.8500709Z [1A[2KChrome Headless 118.0.5993.117 (Linux x86_64): Executed 3 of 306 SUCCESS (0 secs / 0.003 secs)
2023-11-20T03:57:12.8512183Z [1A[2KChrome Headless 118.0.5993.117 (Linux x86_64): Executed 4 of 306 SUCCESS (0 secs / 0.004 secs)
2023-11-20T03:57:12.8527166Z [1A[2KChrome Headless 118.0.5993.117 (Linux x86_64): Executed 5 of 306 SUCCESS (0 secs / 0.005 secs)
2023-11-20T03:57:12.8532539Z [1A[2KChrome Headless 118.0.5993.117 (Linux x86_64): Executed 6 of 306 SUCCESS (0 secs / 0.006 secs)
2023-11-20T03:57:12.8534950Z [1A[2KChrome Headless 118.0.5993.117 (Linux x86_64): Executed 7 of 306 SUCCESS (0 secs / 0.006 secs)
2023-11-20T03:57:12.8538748Z [33m20 11 2023 03:57:12.853:WARN [web-server]: [39m404: /test
2023-11-20T03:57:12.8550593Z [1A[2KChrome Headless 118.0.5993.117 (Linux x86_64): Executed 8 of 306 SUCCESS (0 secs / 0.006 secs)
2023-11-20T03:57:12.8552717Z [1A[2KChrome Headless 118.0.5993.117 (Linux x86_64): Executed 9 of 306 SUCCESS (0 secs / 0.006 secs)
2023-11-20T03:57:12.8554863Z [1A[2KChrome Headless 118.0.5993.117 (Linux x86_64): Executed 10 of 306 SUCCESS (0 secs / 0.007 secs)
2023-11-20T03:57:12.8557152Z [1A[2KChrome Headless 118.0.5993.117 (Linux x86_64): Executed 11 of 306 SUCCESS (0 secs / 0.007 secs)
2023-11-20T03:57:12.8559297Z [1A[2KChrome Headless 118.0.5993.117 (Linux x86_64): Executed 12 of 306 SUCCESS (0 secs / 0.007 secs)
2023-11-20T03:57:12.8561259Z [1A[2KChrome Headless 118.0.5993.117 (Linux x86_64): Executed 13 of 306 SUCCESS (0 secs / 0.007 secs)
2023-11-20T03:57:12.8563338Z [1A[2KChrome Headless 118.0.5993.117 (Linux x86_64): Executed 14 of 306 SUCCESS (0 secs / 0.007 secs)
2023-11-20T03:57:12.8565421Z [1A[2KChrome Headless 118.0.5993.117 (Linux x86_64): Executed 15 of 306 SUCCESS (0 secs / 0.007 secs)
2023-11-20T03:57:12.8567708Z [1A[2KChrome Headless 118.0.5993.117 (Linux x86_64): Executed 16 of 306 SUCCESS (0 secs / 0.007 secs)
2023-11-20T03:57:12.9571508Z [1A[2KChrome Headless 118.0.5993.117 (Linux x86_64): Executed 17 of 306 SUCCESS (0 secs / 0.109 secs)
2023-11-20T03:57:13.0578942Z [1A[2KChrome Headless 118.0.5993.117 (Linux x86_64): Executed 18 of 306 SUCCESS (0 secs / 0.21 secs)
2023-11-20T03:57:13.1586806Z [1A[2KChrome Headless 118.0.5993.117 (Linux x86_64): Executed 19 of 306 SUCCESS (0 secs / 0.311 secs)
2023-11-20T03:57:13.1594949Z [1A[2KChrome Headless 118.0.5993.117 (Linux x86_64): Executed 20 of 306 SUCCESS (0 secs / 0.312 secs)
2023-11-20T03:57:13.1601024Z [1A[2KChrome Headless 118.0.5993.117 (Linux x86_64): Executed 21 of 306 SUCCESS (0 secs / 0.312 secs)
2023-11-20T03:57:13.1610903Z [1A[2KChrome Headless 118.0.5993.117 (Linux x86_64): Executed 22 of 306 SUCCESS (0 secs / 0.313 secs)
2023-11-20T03:57:13.1616422Z [1A[2KChrome Headless 118.0.5993.117 (Linux x86_64): Executed 23 of 306 SUCCESS (0 secs / 0.314 secs)
2023-11-20T03:57:13.1626467Z [1A[2KChrome Headless 118.0.5993.117 (Linux x86_64): Executed 24 of 306 SUCCESS (0 secs / 0.315 secs)
2023-11-20T03:57:13.1631570Z [1A[2KChrome Headless 118.0.5993.117 (Linux x86_64): Executed 25 of 306 SUCCESS (0 secs / 0.315 secs)
2023-11-20T03:57:13.1633366Z [1A[2KChrome Headless 118.0.5993.117 (Linux x86_64): Executed 26 of 306 SUCCESS (0 secs / 0.315 secs)
2023-11-20T03:57:13.1643267Z [1A[2KChrome Headless 118.0.5993.117 (Linux x86_64): Executed 27 of 306 SUCCESS (0 secs / 0.315 secs)
2023-11-20T03:57:13.1645003Z [1A[2KChrome Headless 118.0.5993.117 (Linux x86_64): Executed 28 of 306 SUCCESS (0 secs / 0.316 secs)
2023-11-20T03:57:13.1649160Z [1A[2KChrome Headless 118.0.5993.117 (Linux x86_64): Executed 29 of 306 SUCCESS (0 secs / 0.316 secs)
2023-11-20T03:57:13.1654943Z [1A[2KChrome Headless 118.0.5993.117 (Linux x86_64): Executed 30 of 306 SUCCESS (0 secs / 0.316 secs)
2023-11-20T03:57:13.1657744Z [1A[2KChrome Headless 118.0.5993.117 (Linux x86_64): Executed 31 of 306 SUCCESS (0 secs / 0.316 secs)
2023-11-20T03:57:13.1659903Z [1A[2KChrome Headless 118.0.5993.117 (Linux x86_64): Executed 32 of 306 SUCCESS (0 secs / 0.316 secs)
2023-11-20T03:57:13.1661930Z [1A[2KChrome Headless 118.0.5993.117 (Linux x86_64): Executed 33 of 306 SUCCESS (0 secs / 0.316 secs)
2023-11-20T03:57:13.1665689Z [1A[2KChrome Headless 118.0.5993.117 (Linux x86_64): Executed 34 of 306 SUCCESS (0 secs / 0.316 secs)
2023-11-20T03:57:13.1667440Z [1A[2KChrome Headless 118.0.5993.117 (Linux x86_64): Executed 35 of 306 SUCCESS (0 secs / 0.316 secs)
2023-11-20T03:57:13.1669160Z [1A[2KChrome Headless 118.0.5993.117 (Linux x86_64): Executed 36 of 306 SUCCESS (0 secs / 0.316 secs)
2023-11-20T03:57:13.1674610Z [1A[2KChrome Headless 118.0.5993.117 (Linux x86_64): Executed 37 of 306 SUCCESS (0 secs / 0.317 secs)
2023-11-20T03:57:13.1680292Z [1A[2KChrome Headless 118.0.5993.117 (Linux x86_64): Executed 38 of 306 SUCCESS (0 secs / 0.317 secs)
2023-11-20T03:57:13.1683879Z [1A[2KChrome Headless 118.0.5993.117 (Linux x86_64): Executed 39 of 306 SUCCESS (0 secs / 0.317 secs)
2023-11-20T03:57:13.1686284Z [1A[2KChrome Headless 118.0.5993.117 (Linux x86_64): Executed 40 of 306 SUCCESS (0 secs / 0.317 secs)
2023-11-20T03:57:13.1691944Z [1A[2KChrome Headless 118.0.5993.117 (Linux x86_64): Executed 41 of 306 SUCCESS (0 secs / 0.317 secs)
2023-11-20T03:57:13.1694422Z [1A[2KChrome Headless 118.0.5993.117 (Linux x86_64): Executed 42 of 306 SUCCESS (0 secs / 0.317 secs)
2023-11-20T03:57:13.1696734Z [1A[2KChrome Headless 118.0.5993.117 (Linux x86_64): Executed 43 of 306 SUCCESS (0 secs / 0.317 secs)
2023-11-20T03:57:13.1699575Z [1A[2KChrome Headless 118.0.5993.117 (Linux x86_64): Executed 44 of 306 SUCCESS (0 secs / 0.317 secs)
2023-11-20T03:57:13.1707816Z [1A[2KChrome Headless 118.0.5993.117 (Linux x86_64): Executed 45 of 306 SUCCESS (0 secs / 0.318 secs)
2023-11-20T03:57:13.1713352Z [1A[2KChrome Headless 118.0.5993.117 (Linux x86_64): Executed 46 of 306 SUCCESS (0 secs / 0.318 secs)
2023-11-20T03:57:13.1715708Z [1A[2KChrome Headless 118.0.5993.117 (Linux x86_64): Executed 47 of 306 SUCCESS (0 secs / 0.318 secs)
2023-11-20T03:57:13.1721537Z [1A[2KChrome Headless 118.0.5993.117 (Linux x86_64): Executed 48 of 306 SUCCESS (0 secs / 0.319 secs)
2023-11-20T03:57:13.1725292Z [1A[2KChrome Headless 118.0.5993.117 (Linux x86_64): Executed 49 of 306 SUCCESS (0 secs / 0.319 secs)
2023-11-20T03:57:13.1726621Z [1A[2KChrome Headless 118.0.5993.117 (Linux x86_64): Executed 50 of 306 SUCCESS (0 secs / 0.319 secs)
2023-11-20T03:57:13.1727713Z [1A[2KChrome Headless 118.0.5993.117 (Linux x86_64): Executed 51 of 306 SUCCESS (0 secs / 0.319 secs)
2023-11-20T03:57:13.1729566Z [1A[2KChrome Headless 118.0.5993.117 (Linux x86_64): Executed 52 of 306 SUCCESS (0 secs / 0.319 secs)
2023-11-20T03:57:13.1731890Z [1A[2KChrome Headless 118.0.5993.117 (Linux x86_64): Executed 53 of 306 SUCCESS (0 secs / 0.319 secs)
2023-11-20T03:57:13.1733509Z [1A[2KChrome Headless 118.0.5993.117 (Linux x86_64): Executed 54 of 306 SUCCESS (0 secs / 0.319 secs)
2023-11-20T03:57:13.1734990Z [1A[2KChrome Headless 118.0.5993.117 (Linux x86_64): Executed 55 of 306 SUCCESS (0 secs / 0.319 secs)
2023-11-20T03:57:13.1736192Z [1A[2KChrome Headless 118.0.5993.117 (Linux x86_64): Executed 56 of 306 SUCCESS (0 secs / 0.319 secs)
2023-11-20T03:57:13.1741125Z [1A[2KChrome Headless 118.0.5993.117 (Linux x86_64): Executed 57 of 306 SUCCESS (0 secs / 0.319 secs)
2023-11-20T03:57:13.1747164Z [1A[2KChrome Headless 118.0.5993.117 (Linux x86_64): Executed 58 of 306 SUCCESS (0 secs / 0.319 secs)
2023-11-20T03:57:13.1748785Z [1A[2KChrome Headless 118.0.5993.117 (Linux x86_64): Executed 59 of 306 SUCCESS (0 secs / 0.32 secs)
2023-11-20T03:57:13.1750897Z [1A[2KChrome Headless 118.0.5993.117 (Linux x86_64): Executed 60 of 306 SUCCESS (0 secs / 0.32 secs)
2023-11-20T03:57:13.1753347Z [1A[2KChrome Headless 118.0.5993.117 (Linux x86_64): Executed 61 of 306 SUCCESS (0 secs / 0.32 secs)
2023-11-20T03:57:13.1755580Z [1A[2KChrome Headless 118.0.5993.117 (Linux x86_64): Executed 62 of 306 SUCCESS (0 secs / 0.32 secs)
2023-11-20T03:57:13.1757754Z [1A[2KChrome Headless 118.0.5993.117 (Linux x86_64): Executed 63 of 306 SUCCESS (0 secs / 0.32 secs)
2023-11-20T03:57:13.1759975Z [1A[2KChrome Headless 118.0.5993.117 (Linux x86_64): Executed 64 of 306 SUCCESS (0 secs / 0.32 secs)
2023-11-20T03:57:13.1762100Z [1A[2KChrome Headless 118.0.5993.117 (Linux x86_64): Executed 65 of 306 SUCCESS (0 secs / 0.32 secs)
2023-11-20T03:57:13.1763331Z [1A[2KChrome Headless 118.0.5993.117 (Linux x86_64): Executed 66 of 306 SUCCESS (0 secs / 0.32 secs)
2023-11-20T03:57:13.1764602Z [1A[2KChrome Headless 118.0.5993.117 (Linux x86_64): Executed 67 of 306 SUCCESS (0 secs / 0.32 secs)
2023-11-20T03:57:13.1765692Z [1A[2KChrome Headless 118.0.5993.117 (Linux x86_64): Executed 68 of 306 SUCCESS (0 secs / 0.32 secs)
2023-11-20T03:57:13.1767607Z [1A[2KChrome Headless 118.0.5993.117 (Linux x86_64): Executed 69 of 306 SUCCESS (0 secs / 0.32 secs)
2023-11-20T03:57:13.1769709Z [1A[2KChrome Headless 118.0.5993.117 (Linux x86_64): Executed 70 of 306 SUCCESS (0 secs / 0.321 secs)
2023-11-20T03:57:13.1771288Z [1A[2KChrome Headless 118.0.5993.117 (Linux x86_64): Executed 71 of 306 SUCCESS (0 secs / 0.321 secs)
2023-11-20T03:57:13.1772570Z [1A[2KChrome Headless 118.0.5993.117 (Linux x86_64): Executed 72 of 306 SUCCESS (0 secs / 0.321 secs)
2023-11-20T03:57:13.1774254Z [1A[2KChrome Headless 118.0.5993.117 (Linux x86_64): Executed 73 of 306 SUCCESS (0 secs / 0.321 secs)
2023-11-20T03:57:13.1776432Z [1A[2KChrome Headless 118.0.5993.117 (Linux x86_64): Executed 74 of 306 SUCCESS (0 secs / 0.322 secs)
2023-11-20T03:57:13.1778918Z [1A[2KChrome Headless 118.0.5993.117 (Linux x86_64): Executed 75 of 306 SUCCESS (0 secs / 0.322 secs)
2023-11-20T03:57:13.1780547Z [1A[2KChrome Headless 118.0.5993.117 (Linux x86_64): Executed 76 of 306 SUCCESS (0 secs / 0.322 secs)
2023-11-20T03:57:13.1781714Z [1A[2KChrome Headless 118.0.5993.117 (Linux x86_64): Executed 77 of 306 SUCCESS (0 secs / 0.322 secs)
2023-11-20T03:57:13.1783014Z [1A[2KChrome Headless 118.0.5993.117 (Linux x86_64): Executed 78 of 306 SUCCESS (0 secs / 0.322 secs)
2023-11-20T03:57:13.1785129Z [1A[2KChrome Headless 118.0.5993.117 (Linux x86_64): Executed 79 of 306 SUCCESS (0 secs / 0.322 secs)
2023-11-20T03:57:13.1788536Z [1A[2KChrome Headless 118.0.5993.117 (Linux x86_64): Executed 80 of 306 SUCCESS (0 secs / 0.323 secs)
2023-11-20T03:57:13.1792655Z [1A[2KChrome Headless 118.0.5993.117 (Linux x86_64): Executed 81 of 306 SUCCESS (0 secs / 0.323 secs)
2023-11-20T03:57:13.1795494Z [1A[2KChrome Headless 118.0.5993.117 (Linux x86_64): Executed 82 of 306 SUCCESS (0 secs / 0.323 secs)
2023-11-20T03:57:13.1797595Z [1A[2KChrome Headless 118.0.5993.117 (Linux x86_64): Executed 83 of 306 SUCCESS (0 secs / 0.323 secs)
2023-11-20T03:57:13.1799817Z [1A[2KChrome Headless 118.0.5993.117 (Linux x86_64): Executed 84 of 306 SUCCESS (0 secs / 0.323 secs)
2023-11-20T03:57:13.1801844Z [1A[2KChrome Headless 118.0.5993.117 (Linux x86_64): Executed 85 of 306 SUCCESS (0 secs / 0.323 secs)
2023-11-20T03:57:13.1804151Z [1A[2KChrome Headless 118.0.5993.117 (Linux x86_64): Executed 86 of 306 SUCCESS (0 secs / 0.323 secs)
2023-11-20T03:57:13.1806397Z [1A[2KChrome Headless 118.0.5993.117 (Linux x86_64): Executed 87 of 306 SUCCESS (0 secs / 0.323 secs)
2023-11-20T03:57:13.1808450Z [1A[2KChrome Headless 118.0.5993.117 (Linux x86_64): Executed 88 of 306 SUCCESS (0 secs / 0.323 secs)
2023-11-20T03:57:13.1811408Z [1A[2KChrome Headless 118.0.5993.117 (Linux x86_64): Executed 89 of 306 SUCCESS (0 secs / 0.323 secs)
2023-11-20T03:57:13.1813441Z [1A[2KChrome Headless 118.0.5993.117 (Linux x86_64): Executed 90 of 306 SUCCESS (0 secs / 0.323 secs)
2023-11-20T03:57:13.1815568Z [1A[2KChrome Headless 118.0.5993.117 (Linux x86_64): Executed 91 of 306 SUCCESS (0 secs / 0.324 secs)
2023-11-20T03:57:13.1818360Z [1A[2KChrome Headless 118.0.5993.117 (Linux x86_64): Executed 92 of 306 SUCCESS (0 secs / 0.324 secs)
2023-11-20T03:57:13.1820177Z [1A[2KChrome Headless 118.0.5993.117 (Linux x86_64): Executed 93 of 306 SUCCESS (0 secs / 0.324 secs)
2023-11-20T03:57:13.1822080Z [1A[2KChrome Headless 118.0.5993.117 (Linux x86_64): Executed 94 of 306 SUCCESS (0 secs / 0.325 secs)
2023-11-20T03:57:13.1824043Z [1A[2KChrome Headless 118.0.5993.117 (Linux x86_64): Executed 95 of 306 SUCCESS (0 secs / 0.325 secs)
2023-11-20T03:57:13.1826169Z [1A[2KChrome Headless 118.0.5993.117 (Linux x86_64): Executed 96 of 306 SUCCESS (0 secs / 0.325 secs)
2023-11-20T03:57:13.1828235Z [1A[2KChrome Headless 118.0.5993.117 (Linux x86_64): Executed 97 of 306 SUCCESS (0 secs / 0.325 secs)
2023-11-20T03:57:13.1830253Z [1A[2KChrome Headless 118.0.5993.117 (Linux x86_64): Executed 98 of 306 SUCCESS (0 secs / 0.326 secs)
2023-11-20T03:57:13.1831917Z [1A[2KChrome Headless 118.0.5993.117 (Linux x86_64): Executed 99 of 306 SUCCESS (0 secs / 0.326 secs)
2023-11-20T03:57:13.1833052Z [1A[2KChrome Headless 118.0.5993.117 (Linux x86_64): Executed 100 of 306 SUCCESS (0 secs / 0.326 secs)
2023-11-20T03:57:13.1835163Z [1A[2KChrome Headless 118.0.5993.117 (Linux x86_64): Executed 101 of 306 SUCCESS (0 secs / 0.326 secs)
2023-11-20T03:57:13.1836544Z [1A[2KChrome Headless 118.0.5993.117 (Linux x86_64): Executed 102 of 306 SUCCESS (0 secs / 0.326 secs)
2023-11-20T03:57:13.1866664Z [1A[2KChrome Headless 118.0.5993.117 (Linux x86_64): Executed 103 of 306 SUCCESS (0 secs / 0.329 secs)
2023-11-20T03:57:13.1868546Z [1A[2KChrome Headless 118.0.5993.117 (Linux x86_64): Executed 104 of 306 SUCCESS (0 secs / 0.33 secs)
2023-11-20T03:57:13.1879999Z [1A[2KChrome Headless 118.0.5993.117 (Linux x86_64): Executed 105 of 306 SUCCESS (0 secs / 0.331 secs)
2023-11-20T03:57:13.1883001Z [1A[2KChrome Headless 118.0.5993.117 (Linux x86_64): Executed 106 of 306 SUCCESS (0 secs / 0.331 secs)
2023-11-20T03:57:13.1886271Z [1A[2KChrome Headless 118.0.5993.117 (Linux x86_64): Executed 107 of 306 SUCCESS (0 secs / 0.332 secs)
2023-11-20T03:57:13.1888903Z [1A[2KChrome Headless 118.0.5993.117 (Linux x86_64): Executed 108 of 306 SUCCESS (0 secs / 0.332 secs)
2023-11-20T03:57:13.1895407Z [1A[2KChrome Headless 118.0.5993.117 (Linux x86_64): Executed 109 of 306 SUCCESS (0 secs / 0.333 secs)
2023-11-20T03:57:13.1900596Z [1A[2KChrome Headless 118.0.5993.117 (Linux x86_64): Executed 110 of 306 SUCCESS (0 secs / 0.333 secs)
2023-11-20T03:57:13.1906745Z [1A[2KChrome Headless 118.0.5993.117 (Linux x86_64): Executed 111 of 306 SUCCESS (0 secs / 0.334 secs)
2023-11-20T03:57:13.1915790Z [1A[2KChrome Headless 118.0.5993.117 (Linux x86_64): Executed 112 of 306 SUCCESS (0 secs / 0.335 secs)
2023-11-20T03:57:13.1922745Z [1A[2KChrome Headless 118.0.5993.117 (Linux x86_64): Executed 113 of 306 SUCCESS (0 secs / 0.335 secs)
2023-11-20T03:57:13.1929433Z [1A[2KChrome Headless 118.0.5993.117 (Linux x86_64): Executed 114 of 306 SUCCESS (0 secs / 0.336 secs)
2023-11-20T03:57:13.1938723Z [1A[2KChrome Headless 118.0.5993.117 (Linux x86_64): Executed 115 of 306 SUCCESS (0 secs / 0.337 secs)
2023-11-20T03:57:13.1942821Z [1A[2KChrome Headless 118.0.5993.117 (Linux x86_64): Executed 116 of 306 SUCCESS (0 secs / 0.337 secs)
2023-11-20T03:57:13.1948311Z [1A[2KChrome Headless 118.0.5993.117 (Linux x86_64): Executed 117 of 306 SUCCESS (0 secs / 0.338 secs)
2023-11-20T03:57:13.4476881Z [1A[2KChrome Headless 118.0.5993.117 (Linux x86_64): Executed 118 of 306 SUCCESS (0 secs / 0.591 secs)
2023-11-20T03:57:13.4482686Z [1A[2KChrome Headless 118.0.5993.117 (Linux x86_64): Executed 119 of 306 SUCCESS (0 secs / 0.591 secs)
2023-11-20T03:57:13.4488119Z [1A[2KChrome Headless 118.0.5993.117 (Linux x86_64): Executed 120 of 306 SUCCESS (0 secs / 0.592 secs)
2023-11-20T03:57:13.4492734Z [1A[2KChrome Headless 118.0.5993.117 (Linux x86_64): Executed 121 of 306 SUCCESS (0 secs / 0.592 secs)
2023-11-20T03:57:13.4498850Z [1A[2KChrome Headless 118.0.5993.117 (Linux x86_64): Executed 122 of 306 SUCCESS (0 secs / 0.593 secs)
2023-11-20T03:57:13.4502971Z [1A[2KChrome Headless 118.0.5993.117 (Linux x86_64): Executed 123 of 306 SUCCESS (0 secs / 0.593 secs)
2023-11-20T03:57:13.4507756Z [1A[2KChrome Headless 118.0.5993.117 (Linux x86_64): Executed 124 of 306 SUCCESS (0 secs / 0.594 secs)
2023-11-20T03:57:13.4513054Z [1A[2KChrome Headless 118.0.5993.117 (Linux x86_64): Executed 125 of 306 SUCCESS (0 secs / 0.594 secs)
2023-11-20T03:57:13.4518596Z [1A[2KChrome Headless 118.0.5993.117 (Linux x86_64): Executed 126 of 306 SUCCESS (0 secs / 0.595 secs)
2023-11-20T03:57:13.4520939Z [1A[2KChrome Headless 118.0.5993.117 (Linux x86_64): Executed 127 of 306 SUCCESS (0 secs / 0.595 secs)
2023-11-20T03:57:13.4523309Z [1A[2KChrome Headless 118.0.5993.117 (Linux x86_64): Executed 128 of 306 SUCCESS (0 secs / 0.595 secs)
2023-11-20T03:57:13.4528776Z [1A[2KChrome Headless 118.0.5993.117 (Linux x86_64): Executed 129 of 306 SUCCESS (0 secs / 0.596 secs)
2023-11-20T03:57:13.4538901Z [1A[2KChrome Headless 118.0.5993.117 (Linux x86_64): Executed 130 of 306 SUCCESS (0 secs / 0.597 secs)
2023-11-20T03:57:13.4541596Z [1A[2KChrome Headless 118.0.5993.117 (Linux x86_64): Executed 131 of 306 SUCCESS (0 secs / 0.597 secs)
2023-11-20T03:57:13.4545983Z [1A[2KChrome Headless 118.0.5993.117 (Linux x86_64): Executed 132 of 306 SUCCESS (0 secs / 0.597 secs)
2023-11-20T03:57:13.4548930Z [1A[2KChrome Headless 118.0.5993.117 (Linux x86_64): Executed 133 of 306 SUCCESS (0 secs / 0.597 secs)
2023-11-20T03:57:13.4551663Z [1A[2KChrome Headless 118.0.5993.117 (Linux x86_64): Executed 134 of 306 SUCCESS (0 secs / 0.597 secs)
2023-11-20T03:57:13.4554146Z [1A[2KChrome Headless 118.0.5993.117 (Linux x86_64): Executed 135 of 306 SUCCESS (0 secs / 0.597 secs)
2023-11-20T03:57:13.4556640Z [1A[2KChrome Headless 118.0.5993.117 (Linux x86_64): Executed 136 of 306 SUCCESS (0 secs / 0.597 secs)
2023-11-20T03:57:13.4558969Z [1A[2KChrome Headless 118.0.5993.117 (Linux x86_64): Executed 137 of 306 SUCCESS (0 secs / 0.597 secs)
2023-11-20T03:57:13.4561709Z [1A[2KChrome Headless 118.0.5993.117 (Linux x86_64): Executed 138 of 306 SUCCESS (0 secs / 0.597 secs)
2023-11-20T03:57:13.4564587Z [1A[2KChrome Headless 118.0.5993.117 (Linux x86_64): Executed 139 of 306 SUCCESS (0 secs / 0.597 secs)
2023-11-20T03:57:13.4566730Z [1A[2KChrome Headless 118.0.5993.117 (Linux x86_64): Executed 140 of 306 SUCCESS (0 secs / 0.597 secs)
2023-11-20T03:57:13.4568752Z [1A[2KChrome Headless 118.0.5993.117 (Linux x86_64): Executed 141 of 306 SUCCESS (0 secs / 0.597 secs)
2023-11-20T03:57:13.4570049Z [1A[2KChrome Headless 118.0.5993.117 (Linux x86_64): Executed 142 of 306 SUCCESS (0 secs / 0.597 secs)
2023-11-20T03:57:13.4572130Z [1A[2KChrome Headless 118.0.5993.117 (Linux x86_64): Executed 143 of 306 SUCCESS (0 secs / 0.597 secs)
2023-11-20T03:57:13.4573690Z [1A[2KChrome Headless 118.0.5993.117 (Linux x86_64): Executed 144 of 306 SUCCESS (0 secs / 0.597 secs)
2023-11-20T03:57:13.4575018Z [1A[2KChrome Headless 118.0.5993.117 (Linux x86_64): Executed 145 of 306 SUCCESS (0 secs / 0.597 secs)
2023-11-20T03:57:13.4582695Z [1A[2KChrome Headless 118.0.5993.117 (Linux x86_64): Executed 146 of 306 SUCCESS (0 secs / 0.598 secs)
2023-11-20T03:57:13.4588906Z [1A[2KChrome Headless 118.0.5993.117 (Linux x86_64): Executed 147 of 306 SUCCESS (0 secs / 0.599 secs)
2023-11-20T03:57:13.4594387Z [1A[2KChrome Headless 118.0.5993.117 (Linux x86_64): Executed 148 of 306 SUCCESS (0 secs / 0.6 secs)
2023-11-20T03:57:13.4602722Z [1A[2KChrome Headless 118.0.5993.117 (Linux x86_64): Executed 149 of 306 SUCCESS (0 secs / 0.6 secs)
2023-11-20T03:57:13.4608468Z [1A[2KChrome Headless 118.0.5993.117 (Linux x86_64): Executed 150 of 306 SUCCESS (0 secs / 0.601 secs)
2023-11-20T03:57:13.4610615Z [1A[2KChrome Headless 118.0.5993.117 (Linux x86_64): Executed 151 of 306 SUCCESS (0 secs / 0.601 secs)
2023-11-20T03:57:13.4613287Z [1A[2KChrome Headless 118.0.5993.117 (Linux x86_64): Executed 152 of 306 SUCCESS (0 secs / 0.601 secs)
2023-11-20T03:57:13.4615810Z [1A[2KChrome Headless 118.0.5993.117 (Linux x86_64): Executed 153 of 306 SUCCESS (0 secs / 0.601 secs)
2023-11-20T03:57:13.4617882Z [1A[2KChrome Headless 118.0.5993.117 (Linux x86_64): Executed 154 of 306 SUCCESS (0 secs / 0.601 secs)
2023-11-20T03:57:13.4620402Z [1A[2KChrome Headless 118.0.5993.117 (Linux x86_64): Executed 155 of 306 SUCCESS (0 secs / 0.601 secs)
2023-11-20T03:57:13.4622744Z [1A[2KChrome Headless 118.0.5993.117 (Linux x86_64): Executed 156 of 306 SUCCESS (0 secs / 0.602 secs)
2023-11-20T03:57:13.4625262Z [1A[2KChrome Headless 118.0.5993.117 (Linux x86_64): Executed 157 of 306 SUCCESS (0 secs / 0.602 secs)
2023-11-20T03:57:13.4627588Z [1A[2KChrome Headless 118.0.5993.117 (Linux x86_64): Executed 158 of 306 SUCCESS (0 secs / 0.602 secs)
2023-11-20T03:57:13.4629660Z [1A[2KChrome Headless 118.0.5993.117 (Linux x86_64): Executed 159 of 306 SUCCESS (0 secs / 0.602 secs)
2023-11-20T03:57:13.4631907Z [1A[2KChrome Headless 118.0.5993.117 (Linux x86_64): Executed 160 of 306 SUCCESS (0 secs / 0.602 secs)
2023-11-20T03:57:13.4634036Z [1A[2KChrome Headless 118.0.5993.117 (Linux x86_64): Executed 161 of 306 SUCCESS (0 secs / 0.602 secs)
2023-11-20T03:57:13.4636218Z [1A[2KChrome Headless 118.0.5993.117 (Linux x86_64): Executed 162 of 306 SUCCESS (0 secs / 0.602 secs)
2023-11-20T03:57:13.4638424Z [1A[2KChrome Headless 118.0.5993.117 (Linux x86_64): Executed 163 of 306 SUCCESS (0 secs / 0.602 secs)
2023-11-20T03:57:13.4640606Z [1A[2KChrome Headless 118.0.5993.117 (Linux x86_64): Executed 164 of 306 SUCCESS (0 secs / 0.602 secs)
2023-11-20T03:57:13.4642751Z [1A[2KChrome Headless 118.0.5993.117 (Linux x86_64): Executed 165 of 306 SUCCESS (0 secs / 0.603 secs)
2023-11-20T03:57:13.4645055Z [1A[2KChrome Headless 118.0.5993.117 (Linux x86_64): Executed 166 of 306 SUCCESS (0 secs / 0.603 secs)
2023-11-20T03:57:13.4647164Z [1A[2KChrome Headless 118.0.5993.117 (Linux x86_64): Executed 167 of 306 SUCCESS (0 secs / 0.603 secs)
2023-11-20T03:57:13.4649466Z [1A[2KChrome Headless 118.0.5993.117 (Linux x86_64): Executed 168 of 306 SUCCESS (0 secs / 0.604 secs)
2023-11-20T03:57:13.4651760Z [1A[2KChrome Headless 118.0.5993.117 (Linux x86_64): Executed 169 of 306 SUCCESS (0 secs / 0.604 secs)
2023-11-20T03:57:13.4653955Z [1A[2KChrome Headless 118.0.5993.117 (Linux x86_64): Executed 170 of 306 SUCCESS (0 secs / 0.604 secs)
2023-11-20T03:57:13.4657661Z [1A[2KChrome Headless 118.0.5993.117 (Linux x86_64): Executed 171 of 306 SUCCESS (0 secs / 0.604 secs)
2023-11-20T03:57:13.4660010Z [1A[2KChrome Headless 118.0.5993.117 (Linux x86_64): Executed 172 of 306 SUCCESS (0 secs / 0.604 secs)
2023-11-20T03:57:13.4663704Z [1A[2KChrome Headless 118.0.5993.117 (Linux x86_64): Executed 173 of 306 SUCCESS (0 secs / 0.604 secs)
2023-11-20T03:57:13.4666965Z [1A[2KChrome Headless 118.0.5993.117 (Linux x86_64): Executed 174 of 306 SUCCESS (0 secs / 0.605 secs)
2023-11-20T03:57:13.4669129Z [1A[2KChrome Headless 118.0.5993.117 (Linux x86_64): Executed 175 of 306 SUCCESS (0 secs / 0.605 secs)
2023-11-20T03:57:13.4673065Z [1A[2KChrome Headless 118.0.5993.117 (Linux x86_64): Executed 176 of 306 SUCCESS (0 secs / 0.605 secs)
2023-11-20T03:57:13.4675544Z [1A[2KChrome Headless 118.0.5993.117 (Linux x86_64): Executed 177 of 306 SUCCESS (0 secs / 0.605 secs)
2023-11-20T03:57:13.4679596Z [1A[2KChrome Headless 118.0.5993.117 (Linux x86_64): Executed 178 of 306 SUCCESS (0 secs / 0.605 secs)
2023-11-20T03:57:13.4684721Z [1A[2KChrome Headless 118.0.5993.117 (Linux x86_64): Executed 179 of 306 SUCCESS (0 secs / 0.606 secs)
2023-11-20T03:57:13.4689092Z [1A[2KChrome Headless 118.0.5993.117 (Linux x86_64): Executed 180 of 306 SUCCESS (0 secs / 0.606 secs)
2023-11-20T03:57:13.4693700Z [1A[2KChrome Headless 118.0.5993.117 (Linux x86_64): Executed 181 of 306 SUCCESS (0 secs / 0.606 secs)
2023-11-20T03:57:13.4697772Z [1A[2KChrome Headless 118.0.5993.117 (Linux x86_64): Executed 182 of 306 SUCCESS (0 secs / 0.606 secs)
2023-11-20T03:57:13.4701370Z [1A[2KChrome Headless 118.0.5993.117 (Linux x86_64): Executed 183 of 306 SUCCESS (0 secs / 0.606 secs)
2023-11-20T03:57:13.5707463Z [1A[2KChrome Headless 118.0.5993.117 (Linux x86_64): Executed 184 of 306 SUCCESS (0 secs / 0.707 secs)
2023-11-20T03:57:13.5711287Z [1A[2KChrome Headless 118.0.5993.117 (Linux x86_64): Executed 185 of 306 SUCCESS (0 secs / 0.707 secs)
2023-11-20T03:57:13.5714090Z [1A[2KChrome Headless 118.0.5993.117 (Linux x86_64): Executed 186 of 306 SUCCESS (0 secs / 0.707 secs)
2023-11-20T03:57:13.5716687Z [1A[2KChrome Headless 118.0.5993.117 (Linux x86_64): Executed 187 of 306 SUCCESS (0 secs / 0.707 secs)
2023-11-20T03:57:13.5723419Z [1A[2KChrome Headless 118.0.5993.117 (Linux x86_64): Executed 188 of 306 SUCCESS (0 secs / 0.707 secs)
2023-11-20T03:57:13.5728268Z [1A[2KChrome Headless 118.0.5993.117 (Linux x86_64): Executed 189 of 306 SUCCESS (0 secs / 0.708 secs)
2023-11-20T03:57:13.5732883Z [1A[2KChrome Headless 118.0.5993.117 (Linux x86_64): Executed 190 of 306 SUCCESS (0 secs / 0.708 secs)
2023-11-20T03:57:13.5738032Z [1A[2KChrome Headless 118.0.5993.117 (Linux x86_64): Executed 191 of 306 SUCCESS (0 secs / 0.709 secs)
2023-11-20T03:57:13.5741992Z [1A[2KChrome Headless 118.0.5993.117 (Linux x86_64): Executed 192 of 306 SUCCESS (0 secs / 0.709 secs)
2023-11-20T03:57:13.5746420Z [1A[2KChrome Headless 118.0.5993.117 (Linux x86_64): Executed 193 of 306 SUCCESS (0 secs / 0.71 secs)
2023-11-20T03:57:13.5751321Z [1A[2KChrome Headless 118.0.5993.117 (Linux x86_64): Executed 194 of 306 SUCCESS (0 secs / 0.71 secs)
2023-11-20T03:57:13.5757047Z [1A[2KChrome Headless 118.0.5993.117 (Linux x86_64): Executed 195 of 306 SUCCESS (0 secs / 0.711 secs)
2023-11-20T03:57:13.5759349Z [1A[2KChrome Headless 118.0.5993.117 (Linux x86_64): Executed 196 of 306 SUCCESS (0 secs / 0.711 secs)
2023-11-20T03:57:13.7272671Z [1A[2KChrome Headless 118.0.5993.117 (Linux x86_64): Executed 197 of 306 SUCCESS (0 secs / 0.862 secs)
2023-11-20T03:57:13.7276144Z [1A[2KChrome Headless 118.0.5993.117 (Linux x86_64): Executed 198 of 306 SUCCESS (0 secs / 0.863 secs)
2023-11-20T03:57:13.8285922Z [1A[2KChrome Headless 118.0.5993.117 (Linux x86_64): Executed 199 of 306 SUCCESS (0 secs / 0.963 secs)
2023-11-20T03:57:13.9293630Z [1A[2KChrome Headless 118.0.5993.117 (Linux x86_64): Executed 200 of 306 SUCCESS (0 secs / 1.063 secs)
2023-11-20T03:57:14.0305376Z [1A[2KChrome Headless 118.0.5993.117 (Linux x86_64): Executed 201 of 306 SUCCESS (0 secs / 1.164 secs)
2023-11-20T03:57:14.1312235Z [1A[2KChrome Headless 118.0.5993.117 (Linux x86_64): Executed 202 of 306 SUCCESS (0 secs / 1.265 secs)
2023-11-20T03:57:14.2319794Z [1A[2KChrome Headless 118.0.5993.117 (Linux x86_64): Executed 203 of 306 SUCCESS (0 secs / 1.366 secs)
2023-11-20T03:57:14.3328762Z [1A[2KChrome Headless 118.0.5993.117 (Linux x86_64): Executed 204 of 306 SUCCESS (0 secs / 1.467 secs)
2023-11-20T03:57:14.4336826Z [1A[2KChrome Headless 118.0.5993.117 (Linux x86_64): Executed 205 of 306 SUCCESS (0 secs / 1.568 secs)
2023-11-20T03:57:14.5344972Z [1A[2KChrome Headless 118.0.5993.117 (Linux x86_64): Executed 206 of 306 SUCCESS (0 secs / 1.668 secs)
2023-11-20T03:57:14.6352730Z [1A[2KChrome Headless 118.0.5993.117 (Linux x86_64): Executed 207 of 306 SUCCESS (0 secs / 1.769 secs)
2023-11-20T03:57:14.7361693Z [1A[2KChrome Headless 118.0.5993.117 (Linux x86_64): Executed 208 of 306 SUCCESS (0 secs / 1.87 secs)
2023-11-20T03:57:14.8369746Z [1A[2KChrome Headless 118.0.5993.117 (Linux x86_64): Executed 209 of 306 SUCCESS (0 secs / 1.971 secs)
2023-11-20T03:57:14.9380807Z [1A[2KChrome Headless 118.0.5993.117 (Linux x86_64): Executed 210 of 306 SUCCESS (0 secs / 2.072 secs)
2023-11-20T03:57:14.9385422Z [1A[2KChrome Headless 118.0.5993.117 (Linux x86_64): Executed 211 of 306 SUCCESS (0 secs / 2.073 secs)
2023-11-20T03:57:14.9390184Z [1A[2KChrome Headless 118.0.5993.117 (Linux x86_64): Executed 212 of 306 SUCCESS (0 secs / 2.073 secs)
2023-11-20T03:57:14.9393416Z [1A[2KChrome Headless 118.0.5993.117 (Linux x86_64): Executed 213 of 306 SUCCESS (0 secs / 2.073 secs)
2023-11-20T03:57:14.9396461Z [1A[2KChrome Headless 118.0.5993.117 (Linux x86_64): Executed 214 of 306 SUCCESS (0 secs / 2.073 secs)
2023-11-20T03:57:14.9398671Z [1A[2KChrome Headless 118.0.5993.117 (Linux x86_64): Executed 215 of 306 SUCCESS (0 secs / 2.073 secs)
2023-11-20T03:57:14.9402574Z [1A[2KChrome Headless 118.0.5993.117 (Linux x86_64): Executed 216 of 306 SUCCESS (0 secs / 2.073 secs)
2023-11-20T03:57:14.9407834Z [1A[2KChrome Headless 118.0.5993.117 (Linux x86_64): Executed 217 of 306 SUCCESS (0 secs / 2.074 secs)
2023-11-20T03:57:14.9412600Z [1A[2KChrome Headless 118.0.5993.117 (Linux x86_64): Executed 218 of 306 SUCCESS (0 secs / 2.074 secs)
2023-11-20T03:57:14.9416354Z [1A[2KChrome Headless 118.0.5993.117 (Linux x86_64): Executed 219 of 306 SUCCESS (0 secs / 2.075 secs)
2023-11-20T03:57:14.9420195Z [1A[2KChrome Headless 118.0.5993.117 (Linux x86_64): Executed 220 of 306 SUCCESS (0 secs / 2.075 secs)
2023-11-20T03:57:14.9424018Z [1A[2KChrome Headless 118.0.5993.117 (Linux x86_64): Executed 221 of 306 SUCCESS (0 secs / 2.075 secs)
2023-11-20T03:57:14.9426147Z [1A[2KChrome Headless 118.0.5993.117 (Linux x86_64): Executed 222 of 306 SUCCESS (0 secs / 2.075 secs)
2023-11-20T03:57:14.9428003Z [1A[2KChrome Headless 118.0.5993.117 (Linux x86_64): Executed 223 of 306 SUCCESS (0 secs / 2.075 secs)
2023-11-20T03:57:14.9435419Z [1A[2KChrome Headless 118.0.5993.117 (Linux x86_64): Executed 224 of 306 SUCCESS (0 secs / 2.076 secs)
2023-11-20T03:57:14.9443118Z [1A[2KChrome Headless 118.0.5993.117 (Linux x86_64): Executed 225 of 306 SUCCESS (0 secs / 2.076 secs)
2023-11-20T03:57:14.9451048Z [1A[2KChrome Headless 118.0.5993.117 (Linux x86_64): Executed 226 of 306 SUCCESS (0 secs / 2.077 secs)
2023-11-20T03:57:14.9463038Z [1A[2KChrome Headless 118.0.5993.117 (Linux x86_64): Executed 227 of 306 SUCCESS (0 secs / 2.078 secs)
2023-11-20T03:57:14.9472580Z [1A[2KChrome Headless 118.0.5993.117 (Linux x86_64): Executed 228 of 306 SUCCESS (0 secs / 2.079 secs)
2023-11-20T03:57:14.9477153Z [1A[2KChrome Headless 118.0.5993.117 (Linux x86_64): Executed 229 of 306 SUCCESS (0 secs / 2.08 secs)
2023-11-20T03:57:15.0484160Z [1A[2KChrome Headless 118.0.5993.117 (Linux x86_64): Executed 230 of 306 SUCCESS (0 secs / 2.18 secs)
2023-11-20T03:57:15.1488476Z [1A[2KChrome Headless 118.0.5993.117 (Linux x86_64): Executed 231 of 306 SUCCESS (0 secs / 2.281 secs)
2023-11-20T03:57:15.2495026Z [1A[2KChrome Headless 118.0.5993.117 (Linux x86_64): Executed 232 of 306 SUCCESS (0 secs / 2.381 secs)
2023-11-20T03:57:15.2500804Z [1A[2KChrome Headless 118.0.5993.117 (Linux x86_64): Executed 233 of 306 SUCCESS (0 secs / 2.382 secs)
2023-11-20T03:57:15.2506560Z [1A[2KChrome Headless 118.0.5993.117 (Linux x86_64): Executed 234 of 306 SUCCESS (0 secs / 2.383 secs)
2023-11-20T03:57:15.2510356Z [1A[2KChrome Headless 118.0.5993.117 (Linux x86_64): Executed 235 of 306 SUCCESS (0 secs / 2.383 secs)
2023-11-20T03:57:15.2515852Z [1A[2KChrome Headless 118.0.5993.117 (Linux x86_64): Executed 236 of 306 SUCCESS (0 secs / 2.384 secs)
2023-11-20T03:57:15.2519835Z [1A[2KChrome Headless 118.0.5993.117 (Linux x86_64): Executed 237 of 306 SUCCESS (0 secs / 2.384 secs)
2023-11-20T03:57:15.2527206Z [1A[2KChrome Headless 118.0.5993.117 (Linux x86_64): Executed 238 of 306 SUCCESS (0 secs / 2.385 secs)
2023-11-20T03:57:15.2531979Z [1A[2KChrome Headless 118.0.5993.117 (Linux x86_64): Executed 239 of 306 SUCCESS (0 secs / 2.385 secs)
2023-11-20T03:57:15.2613927Z [1A[2KChrome Headless 118.0.5993.117 (Linux x86_64): Executed 240 of 306 SUCCESS (0 secs / 2.393 secs)
2023-11-20T03:57:15.2619246Z [1A[2KChrome Headless 118.0.5993.117 (Linux x86_64): Executed 241 of 306 SUCCESS (0 secs / 2.393 secs)
2023-11-20T03:57:15.2624433Z [1A[2KChrome Headless 118.0.5993.117 (Linux x86_64): Executed 242 of 306 SUCCESS (0 secs / 2.394 secs)
2023-11-20T03:57:15.2629049Z [1A[2KChrome Headless 118.0.5993.117 (Linux x86_64): Executed 243 of 306 SUCCESS (0 secs / 2.394 secs)
2023-11-20T03:57:15.2632716Z [1A[2KChrome Headless 118.0.5993.117 (Linux x86_64): Executed 244 of 306 SUCCESS (0 secs / 2.394 secs)
2023-11-20T03:57:15.2637869Z [1A[2KChrome Headless 118.0.5993.117 (Linux x86_64): Executed 245 of 306 SUCCESS (0 secs / 2.395 secs)
2023-11-20T03:57:15.2641783Z [1A[2KChrome Headless 118.0.5993.117 (Linux x86_64): Executed 246 of 306 SUCCESS (0 secs / 2.395 secs)
2023-11-20T03:57:15.3652016Z [1A[2KChrome Headless 118.0.5993.117 (Linux x86_64): Executed 247 of 306 SUCCESS (0 secs / 2.496 secs)
2023-11-20T03:57:15.4658834Z [1A[2KChrome Headless 118.0.5993.117 (Linux x86_64): Executed 248 of 306 SUCCESS (0 secs / 2.597 secs)
2023-11-20T03:57:15.5666955Z [1A[2KChrome Headless 118.0.5993.117 (Linux x86_64): Executed 249 of 306 SUCCESS (0 secs / 2.698 secs)
2023-11-20T03:57:15.6678745Z [1A[2KChrome Headless 118.0.5993.117 (Linux x86_64): Executed 250 of 306 SUCCESS (0 secs / 2.799 secs)
2023-11-20T03:57:15.6684169Z [1A[2KChrome Headless 118.0.5993.117 (Linux x86_64): Executed 251 of 306 SUCCESS (0 secs / 2.799 secs)
2023-11-20T03:57:15.6686300Z [1A[2KChrome Headless 118.0.5993.117 (Linux x86_64): Executed 252 of 306 SUCCESS (0 secs / 2.8 secs)
2023-11-20T03:57:15.6690284Z [1A[2KChrome Headless 118.0.5993.117 (Linux x86_64): Executed 253 of 306 SUCCESS (0 secs / 2.8 secs)
2023-11-20T03:57:15.7700395Z [1A[2KChrome Headless 118.0.5993.117 (Linux x86_64): Executed 254 of 306 SUCCESS (0 secs / 2.901 secs)
2023-11-20T03:57:15.7703058Z [1A[2KChrome Headless 118.0.5993.117 (Linux x86_64): Executed 255 of 306 SUCCESS (0 secs / 2.901 secs)
2023-11-20T03:57:15.7707927Z [1A[2KChrome Headless 118.0.5993.117 (Linux x86_64): Executed 256 of 306 SUCCESS (0 secs / 2.901 secs)
2023-11-20T03:57:15.7713244Z [1A[2KChrome Headless 118.0.5993.117 (Linux x86_64): Executed 257 of 306 SUCCESS (0 secs / 2.901 secs)
2023-11-20T03:57:15.7719912Z [1A[2KChrome Headless 118.0.5993.117 (Linux x86_64): Executed 258 of 306 SUCCESS (0 secs / 2.901 secs)
2023-11-20T03:57:15.7725792Z [1A[2KChrome Headless 118.0.5993.117 (Linux x86_64): Executed 259 of 306 SUCCESS (0 secs / 2.902 secs)
2023-11-20T03:57:15.8733855Z [1A[2KChrome Headless 118.0.5993.117 (Linux x86_64): Executed 260 of 306 SUCCESS (0 secs / 3.002 secs)
2023-11-20T03:57:15.9743135Z [1A[2KChrome Headless 118.0.5993.117 (Linux x86_64): Executed 261 of 306 SUCCESS (0 secs / 3.103 secs)
2023-11-20T03:57:16.0751643Z [1A[2KChrome Headless 118.0.5993.117 (Linux x86_64): Executed 262 of 306 SUCCESS (0 secs / 3.204 secs)
2023-11-20T03:57:16.1759391Z [1A[2KChrome Headless 118.0.5993.117 (Linux x86_64): Executed 263 of 306 SUCCESS (0 secs / 3.305 secs)
2023-11-20T03:57:16.1764807Z [1A[2KChrome Headless 118.0.5993.117 (Linux x86_64): Executed 264 of 306 SUCCESS (0 secs / 3.306 secs)
2023-11-20T03:57:16.1769670Z [1A[2KChrome Headless 118.0.5993.117 (Linux x86_64): Executed 265 of 306 SUCCESS (0 secs / 3.306 secs)
2023-11-20T03:57:16.1775006Z [1A[2KChrome Headless 118.0.5993.117 (Linux x86_64): Executed 266 of 306 SUCCESS (0 secs / 3.307 secs)
2023-11-20T03:57:16.1779212Z [1A[2KChrome Headless 118.0.5993.117 (Linux x86_64): Executed 267 of 306 SUCCESS (0 secs / 3.307 secs)
2023-11-20T03:57:16.1783539Z [1A[2KChrome Headless 118.0.5993.117 (Linux x86_64): Executed 268 of 306 SUCCESS (0 secs / 3.307 secs)
2023-11-20T03:57:16.1786202Z [1A[2KChrome Headless 118.0.5993.117 (Linux x86_64): Executed 269 of 306 SUCCESS (0 secs / 3.308 secs)
2023-11-20T03:57:16.1789613Z [1A[2KChrome Headless 118.0.5993.117 (Linux x86_64): Executed 270 of 306 SUCCESS (0 secs / 3.308 secs)
2023-11-20T03:57:16.1794331Z [1A[2KChrome Headless 118.0.5993.117 (Linux x86_64): Executed 271 of 306 SUCCESS (0 secs / 3.308 secs)
2023-11-20T03:57:16.1796618Z [1A[2KChrome Headless 118.0.5993.117 (Linux x86_64): Executed 272 of 306 SUCCESS (0 secs / 3.308 secs)
2023-11-20T03:57:16.1798843Z [1A[2KChrome Headless 118.0.5993.117 (Linux x86_64): Executed 273 of 306 SUCCESS (0 secs / 3.309 secs)
2023-11-20T03:57:16.1800902Z [1A[2KChrome Headless 118.0.5993.117 (Linux x86_64): Executed 274 of 306 SUCCESS (0 secs / 3.309 secs)
2023-11-20T03:57:16.1803152Z [1A[2KChrome Headless 118.0.5993.117 (Linux x86_64): Executed 275 of 306 SUCCESS (0 secs / 3.309 secs)
2023-11-20T03:57:16.1805097Z [1A[2KChrome Headless 118.0.5993.117 (Linux x86_64): Executed 276 of 306 SUCCESS (0 secs / 3.309 secs)
2023-11-20T03:57:16.1807156Z [1A[2KChrome Headless 118.0.5993.117 (Linux x86_64): Executed 277 of 306 SUCCESS (0 secs / 3.31 secs)
2023-11-20T03:57:16.1809399Z [1A[2KChrome Headless 118.0.5993.117 (Linux x86_64): Executed 278 of 306 SUCCESS (0 secs / 3.31 secs)
2023-11-20T03:57:16.1810690Z [1A[2KChrome Headless 118.0.5993.117 (Linux x86_64): Executed 279 of 306 SUCCESS (0 secs / 3.31 secs)
2023-11-20T03:57:16.1812721Z [1A[2KChrome Headless 118.0.5993.117 (Linux x86_64): Executed 280 of 306 SUCCESS (0 secs / 3.31 secs)
2023-11-20T03:57:16.1814491Z [1A[2KChrome Headless 118.0.5993.117 (Linux x86_64): Executed 281 of 306 SUCCESS (0 secs / 3.311 secs)
2023-11-20T03:57:16.1817677Z [1A[2KChrome Headless 118.0.5993.117 (Linux x86_64): Executed 282 of 306 SUCCESS (0 secs / 3.311 secs)
2023-11-20T03:57:16.1820590Z [1A[2KChrome Headless 118.0.5993.117 (Linux x86_64): Executed 283 of 306 SUCCESS (0 secs / 3.311 secs)
2023-11-20T03:57:16.1825334Z [1A[2KChrome Headless 118.0.5993.117 (Linux x86_64): Executed 284 of 306 SUCCESS (0 secs / 3.311 secs)
2023-11-20T03:57:16.1827515Z [1A[2KChrome Headless 118.0.5993.117 (Linux x86_64): Executed 285 of 306 SUCCESS (0 secs / 3.311 secs)
2023-11-20T03:57:16.1832129Z [1A[2KChrome Headless 118.0.5993.117 (Linux x86_64): Executed 286 of 306 SUCCESS (0 secs / 3.311 secs)
2023-11-20T03:57:16.1834050Z [1A[2KChrome Headless 118.0.5993.117 (Linux x86_64): Executed 287 of 306 SUCCESS (0 secs / 3.311 secs)
2023-11-20T03:57:16.1836207Z [1A[2KChrome Headless 118.0.5993.117 (Linux x86_64): Executed 288 of 306 SUCCESS (0 secs / 3.311 secs)
2023-11-20T03:57:16.1841807Z [1A[2KChrome Headless 118.0.5993.117 (Linux x86_64): Executed 289 of 306 SUCCESS (0 secs / 3.311 secs)
2023-11-20T03:57:16.1843977Z [1A[2KChrome Headless 118.0.5993.117 (Linux x86_64): Executed 290 of 306 SUCCESS (0 secs / 3.311 secs)
2023-11-20T03:57:16.1846322Z [1A[2KChrome Headless 118.0.5993.117 (Linux x86_64): Executed 291 of 306 SUCCESS (0 secs / 3.311 secs)
2023-11-20T03:57:16.1848504Z [1A[2KChrome Headless 118.0.5993.117 (Linux x86_64): Executed 292 of 306 SUCCESS (0 secs / 3.311 secs)
2023-11-20T03:57:16.1850658Z [1A[2KChrome Headless 118.0.5993.117 (Linux x86_64): Executed 293 of 306 SUCCESS (0 secs / 3.311 secs)
2023-11-20T03:57:16.1852953Z [1A[2KChrome Headless 118.0.5993.117 (Linux x86_64): Executed 294 of 306 SUCCESS (0 secs / 3.312 secs)
2023-11-20T03:57:16.1855110Z [1A[2KChrome Headless 118.0.5993.117 (Linux x86_64): Executed 295 of 306 SUCCESS (0 secs / 3.312 secs)
2023-11-20T03:57:16.1857151Z [1A[2KChrome Headless 118.0.5993.117 (Linux x86_64): Executed 296 of 306 SUCCESS (0 secs / 3.312 secs)
2023-11-20T03:57:16.1858758Z [1A[2KChrome Headless 118.0.5993.117 (Linux x86_64): Executed 297 of 306 SUCCESS (0 secs / 3.312 secs)
2023-11-20T03:57:16.1860134Z [1A[2KChrome Headless 118.0.5993.117 (Linux x86_64): Executed 298 of 306 SUCCESS (0 secs / 3.312 secs)
2023-11-20T03:57:16.1861700Z [1A[2KChrome Headless 118.0.5993.117 (Linux x86_64): Executed 299 of 306 SUCCESS (0 secs / 3.313 secs)
2023-11-20T03:57:16.1864351Z [1A[2KChrome Headless 118.0.5993.117 (Linux x86_64): Executed 300 of 306 SUCCESS (0 secs / 3.313 secs)
2023-11-20T03:57:16.1866349Z [1A[2KChrome Headless 118.0.5993.117 (Linux x86_64): Executed 301 of 306 SUCCESS (0 secs / 3.313 secs)
2023-11-20T03:57:16.1871951Z [1A[2KChrome Headless 118.0.5993.117 (Linux x86_64): Executed 302 of 306 SUCCESS (0 secs / 3.313 secs)
2023-11-20T03:57:16.1876377Z [1A[2KChrome Headless 118.0.5993.117 (Linux x86_64): Executed 303 of 306 SUCCESS (0 secs / 3.314 secs)
2023-11-20T03:57:16.1882020Z [1A[2KChrome Headless 118.0.5993.117 (Linux x86_64): Executed 304 of 306 SUCCESS (0 secs / 3.314 secs)
2023-11-20T03:57:16.1887093Z [1A[2KChrome Headless 118.0.5993.117 (Linux x86_64): Executed 305 of 306 SUCCESS (0 secs / 3.315 secs)
2023-11-20T03:57:16.2085263Z [1A[2KChrome Headless 118.0.5993.117 (Linux x86_64) xsrf should set xsrf header for cross origin when using withCredentials FAILED
2023-11-20T03:57:16.2086993Z 	Expected undefined to equal '12345'.
2023-11-20T03:57:16.2088481Z 	    at test/specs/xsrf.spec.js:78:69 <- test/specs/xsrf.spec.js:1279:71
2023-11-20T03:57:16.2090172Z Chrome Headless 118.0.5993.117 (Linux x86_64): Executed 306 of 306 (1 FAILED) (0 secs / 3.316 secs)
2023-11-20T03:57:16.2092373Z [1A[2KChrome Headless 118.0.5993.117 (Linux x86_64): Executed 306 of 306 (1 FAILED) (3.361 secs / 3.316 secs)
2023-11-20T03:57:18.8628592Z [32m20 11 2023 03:57:18.862:INFO [Firefox 119.0 (Ubuntu 0.0.0)]: [39mConnected on socket biwCKFevCYb75Rh6AAAD with id 19355198
2023-11-20T03:57:19.1991587Z 
2023-11-20T03:57:19.1993536Z [1A[2K[1A[2KChrome Headless 118.0.5993.117 (Linux x86_64): Executed 306 of 306 (1 FAILED) (3.361 secs / 3.316 secs)
2023-11-20T03:57:19.1995255Z Firefox 119.0 (Ubuntu 0.0.0): Executed 0 of 306 SUCCESS (0 secs / 0 secs)
2023-11-20T03:57:19.2017292Z [1A[2K[1A[2KChrome Headless 118.0.5993.117 (Linux x86_64): Executed 306 of 306 (1 FAILED) (3.361 secs / 3.316 secs)
2023-11-20T03:57:19.2019748Z Firefox 119.0 (Ubuntu 0.0.0): Executed 1 of 306 SUCCESS (0 secs / 0.003 secs)
2023-11-20T03:57:19.2022317Z [1A[2K[1A[2KChrome Headless 118.0.5993.117 (Linux x86_64): Executed 306 of 306 (1 FAILED) (3.361 secs / 3.316 secs)
2023-11-20T03:57:19.2024468Z Firefox 119.0 (Ubuntu 0.0.0): Executed 2 of 306 SUCCESS (0 secs / 0.004 secs)
2023-11-20T03:57:19.2026258Z [1A[2K[1A[2KChrome Headless 118.0.5993.117 (Linux x86_64): Executed 306 of 306 (1 FAILED) (3.361 secs / 3.316 secs)
2023-11-20T03:57:19.2027966Z Firefox 119.0 (Ubuntu 0.0.0): Executed 3 of 306 SUCCESS (0 secs / 0.005 secs)
2023-11-20T03:57:19.2029117Z [1A[2K[1A[2KChrome Headless 118.0.5993.117 (Linux x86_64): Executed 306 of 306 (1 FAILED) (3.361 secs / 3.316 secs)
2023-11-20T03:57:19.2030134Z Firefox 119.0 (Ubuntu 0.0.0): Executed 4 of 306 SUCCESS (0 secs / 0.005 secs)
2023-11-20T03:57:19.2031345Z [1A[2K[1A[2KChrome Headless 118.0.5993.117 (Linux x86_64): Executed 306 of 306 (1 FAILED) (3.361 secs / 3.316 secs)
2023-11-20T03:57:19.2032304Z Firefox 119.0 (Ubuntu 0.0.0): Executed 5 of 306 SUCCESS (0 secs / 0.005 secs)
2023-11-20T03:57:19.2033399Z [1A[2K[1A[2KChrome Headless 118.0.5993.117 (Linux x86_64): Executed 306 of 306 (1 FAILED) (3.361 secs / 3.316 secs)
2023-11-20T03:57:19.2034431Z Firefox 119.0 (Ubuntu 0.0.0): Executed 6 of 306 SUCCESS (0 secs / 0.005 secs)
2023-11-20T03:57:19.2035544Z [1A[2K[1A[2KChrome Headless 118.0.5993.117 (Linux x86_64): Executed 306 of 306 (1 FAILED) (3.361 secs / 3.316 secs)
2023-11-20T03:57:19.2036569Z Firefox 119.0 (Ubuntu 0.0.0): Executed 7 of 306 SUCCESS (0 secs / 0.005 secs)
2023-11-20T03:57:19.2037627Z [1A[2K[1A[2KChrome Headless 118.0.5993.117 (Linux x86_64): Executed 306 of 306 (1 FAILED) (3.361 secs / 3.316 secs)
2023-11-20T03:57:19.2038593Z Firefox 119.0 (Ubuntu 0.0.0): Executed 8 of 306 SUCCESS (0 secs / 0.005 secs)
2023-11-20T03:57:19.2039750Z [1A[2K[1A[2KChrome Headless 118.0.5993.117 (Linux x86_64): Executed 306 of 306 (1 FAILED) (3.361 secs / 3.316 secs)
2023-11-20T03:57:19.2041526Z Firefox 119.0 (Ubuntu 0.0.0): Executed 9 of 306 SUCCESS (0 secs / 0.005 secs)
2023-11-20T03:57:19.2043434Z [1A[2K[1A[2KChrome Headless 118.0.5993.117 (Linux x86_64): Executed 306 of 306 (1 FAILED) (3.361 secs / 3.316 secs)
2023-11-20T03:57:19.2045254Z Firefox 119.0 (Ubuntu 0.0.0): Executed 10 of 306 SUCCESS (0 secs / 0.005 secs)
2023-11-20T03:57:19.2047211Z [1A[2K[1A[2KChrome Headless 118.0.5993.117 (Linux x86_64): Executed 306 of 306 (1 FAILED) (3.361 secs / 3.316 secs)
2023-11-20T03:57:19.2048548Z Firefox 119.0 (Ubuntu 0.0.0): Executed 11 of 306 SUCCESS (0 secs / 0.005 secs)
2023-11-20T03:57:19.2049799Z [1A[2K[1A[2KChrome Headless 118.0.5993.117 (Linux x86_64): Executed 306 of 306 (1 FAILED) (3.361 secs / 3.316 secs)
2023-11-20T03:57:19.2050761Z Firefox 119.0 (Ubuntu 0.0.0): Executed 12 of 306 SUCCESS (0 secs / 0.005 secs)
2023-11-20T03:57:19.2052095Z [1A[2K[1A[2KChrome Headless 118.0.5993.117 (Linux x86_64): Executed 306 of 306 (1 FAILED) (3.361 secs / 3.316 secs)
2023-11-20T03:57:19.2053196Z Firefox 119.0 (Ubuntu 0.0.0): Executed 13 of 306 SUCCESS (0 secs / 0.005 secs)
2023-11-20T03:57:19.2054303Z [1A[2K[1A[2KChrome Headless 118.0.5993.117 (Linux x86_64): Executed 306 of 306 (1 FAILED) (3.361 secs / 3.316 secs)
2023-11-20T03:57:19.2055227Z Firefox 119.0 (Ubuntu 0.0.0): Executed 14 of 306 SUCCESS (0 secs / 0.005 secs)
2023-11-20T03:57:19.2056410Z [1A[2K[1A[2KChrome Headless 118.0.5993.117 (Linux x86_64): Executed 306 of 306 (1 FAILED) (3.361 secs / 3.316 secs)
2023-11-20T03:57:19.2057369Z Firefox 119.0 (Ubuntu 0.0.0): Executed 15 of 306 SUCCESS (0 secs / 0.005 secs)
2023-11-20T03:57:19.2058730Z [1A[2K[1A[2KChrome Headless 118.0.5993.117 (Linux x86_64): Executed 306 of 306 (1 FAILED) (3.361 secs / 3.316 secs)
2023-11-20T03:57:19.2059801Z Firefox 119.0 (Ubuntu 0.0.0): Executed 16 of 306 SUCCESS (0 secs / 0.005 secs)
2023-11-20T03:57:19.2232447Z [33m20 11 2023 03:57:19.222:WARN [web-server]: [39m404: /test
2023-11-20T03:57:19.2761765Z [1A[2K[1A[2KChrome Headless 118.0.5993.117 (Linux x86_64): Executed 306 of 306 (1 FAILED) (3.361 secs / 3.316 secs)
2023-11-20T03:57:19.2763797Z Firefox 119.0 (Ubuntu 0.0.0): Executed 17 of 306 SUCCESS (0 secs / 0.105 secs)
2023-11-20T03:57:19.3787342Z [1A[2K[1A[2KChrome Headless 118.0.5993.117 (Linux x86_64): Executed 306 of 306 (1 FAILED) (3.361 secs / 3.316 secs)
2023-11-20T03:57:19.3788434Z Firefox 119.0 (Ubuntu 0.0.0): Executed 18 of 306 SUCCESS (0 secs / 0.206 secs)
2023-11-20T03:57:19.4776665Z [1A[2K[1A[2KChrome Headless 118.0.5993.117 (Linux x86_64): Executed 306 of 306 (1 FAILED) (3.361 secs / 3.316 secs)
2023-11-20T03:57:19.4779184Z Firefox 119.0 (Ubuntu 0.0.0): Executed 19 of 306 SUCCESS (0 secs / 0.307 secs)
2023-11-20T03:57:19.4790743Z [1A[2K[1A[2KChrome Headless 118.0.5993.117 (Linux x86_64): Executed 306 of 306 (1 FAILED) (3.361 secs / 3.316 secs)
2023-11-20T03:57:19.4792759Z Firefox 119.0 (Ubuntu 0.0.0): Executed 20 of 306 SUCCESS (0 secs / 0.308 secs)
2023-11-20T03:57:19.4809910Z [1A[2K[1A[2KChrome Headless 118.0.5993.117 (Linux x86_64): Executed 306 of 306 (1 FAILED) (3.361 secs / 3.316 secs)
2023-11-20T03:57:19.4811928Z Firefox 119.0 (Ubuntu 0.0.0): Executed 21 of 306 SUCCESS (0 secs / 0.309 secs)
2023-11-20T03:57:19.4816662Z [1A[2K[1A[2KChrome Headless 118.0.5993.117 (Linux x86_64): Executed 306 of 306 (1 FAILED) (3.361 secs / 3.316 secs)
2023-11-20T03:57:19.4818665Z Firefox 119.0 (Ubuntu 0.0.0): Executed 22 of 306 SUCCESS (0 secs / 0.31 secs)
2023-11-20T03:57:19.4828315Z [1A[2K[1A[2KChrome Headless 118.0.5993.117 (Linux x86_64): Executed 306 of 306 (1 FAILED) (3.361 secs / 3.316 secs)
2023-11-20T03:57:19.4830015Z Firefox 119.0 (Ubuntu 0.0.0): Executed 23 of 306 SUCCESS (0 secs / 0.312 secs)
2023-11-20T03:57:19.4868429Z [1A[2K[1A[2KChrome Headless 118.0.5993.117 (Linux x86_64): Executed 306 of 306 (1 FAILED) (3.361 secs / 3.316 secs)
2023-11-20T03:57:19.4870491Z Firefox 119.0 (Ubuntu 0.0.0): Executed 24 of 306 SUCCESS (0 secs / 0.313 secs)
2023-11-20T03:57:19.4872594Z [1A[2K[1A[2KChrome Headless 118.0.5993.117 (Linux x86_64): Executed 306 of 306 (1 FAILED) (3.361 secs / 3.316 secs)
2023-11-20T03:57:19.4874774Z Firefox 119.0 (Ubuntu 0.0.0): Executed 25 of 306 SUCCESS (0 secs / 0.313 secs)
2023-11-20T03:57:19.4877079Z [1A[2K[1A[2KChrome Headless 118.0.5993.117 (Linux x86_64): Executed 306 of 306 (1 FAILED) (3.361 secs / 3.316 secs)
2023-11-20T03:57:19.4878934Z Firefox 119.0 (Ubuntu 0.0.0): Executed 26 of 306 SUCCESS (0 secs / 0.313 secs)
2023-11-20T03:57:19.4880994Z [1A[2K[1A[2KChrome Headless 118.0.5993.117 (Linux x86_64): Executed 306 of 306 (1 FAILED) (3.361 secs / 3.316 secs)
2023-11-20T03:57:19.4883013Z Firefox 119.0 (Ubuntu 0.0.0): Executed 27 of 306 SUCCESS (0 secs / 0.314 secs)
2023-11-20T03:57:19.4885109Z [1A[2K[1A[2KChrome Headless 118.0.5993.117 (Linux x86_64): Executed 306 of 306 (1 FAILED) (3.361 secs / 3.316 secs)
2023-11-20T03:57:19.4887301Z Firefox 119.0 (Ubuntu 0.0.0): Executed 28 of 306 SUCCESS (0 secs / 0.314 secs)
2023-11-20T03:57:19.4946517Z [1A[2K[1A[2KChrome Headless 118.0.5993.117 (Linux x86_64): Executed 306 of 306 (1 FAILED) (3.361 secs / 3.316 secs)
2023-11-20T03:57:19.4948197Z Firefox 119.0 (Ubuntu 0.0.0): Executed 29 of 306 SUCCESS (0 secs / 0.314 secs)
2023-11-20T03:57:19.4950141Z [1A[2K[1A[2KChrome Headless 118.0.5993.117 (Linux x86_64): Executed 306 of 306 (1 FAILED) (3.361 secs / 3.316 secs)
2023-11-20T03:57:19.4951791Z Firefox 119.0 (Ubuntu 0.0.0): Executed 30 of 306 SUCCESS (0 secs / 0.314 secs)
2023-11-20T03:57:19.4953716Z [1A[2K[1A[2KChrome Headless 118.0.5993.117 (Linux x86_64): Executed 306 of 306 (1 FAILED) (3.361 secs / 3.316 secs)
2023-11-20T03:57:19.4955468Z Firefox 119.0 (Ubuntu 0.0.0): Executed 31 of 306 SUCCESS (0 secs / 0.314 secs)
2023-11-20T03:57:19.4980014Z [1A[2K[1A[2KChrome Headless 118.0.5993.117 (Linux x86_64): Executed 306 of 306 (1 FAILED) (3.361 secs / 3.316 secs)
2023-11-20T03:57:19.4991295Z Firefox 119.0 (Ubuntu 0.0.0): Executed 32 of 306 SUCCESS (0 secs / 0.314 secs)
2023-11-20T03:57:19.4993664Z [1A[2K[1A[2KChrome Headless 118.0.5993.117 (Linux x86_64): Executed 306 of 306 (1 FAILED) (3.361 secs / 3.316 secs)
2023-11-20T03:57:19.4995558Z Firefox 119.0 (Ubuntu 0.0.0): Executed 33 of 306 SUCCESS (0 secs / 0.314 secs)
2023-11-20T03:57:19.4997646Z [1A[2K[1A[2KChrome Headless 118.0.5993.117 (Linux x86_64): Executed 306 of 306 (1 FAILED) (3.361 secs / 3.316 secs)
2023-11-20T03:57:19.4999598Z Firefox 119.0 (Ubuntu 0.0.0): Executed 34 of 306 SUCCESS (0 secs / 0.314 secs)
2023-11-20T03:57:19.5001664Z [1A[2K[1A[2KChrome Headless 118.0.5993.117 (Linux x86_64): Executed 306 of 306 (1 FAILED) (3.361 secs / 3.316 secs)
2023-11-20T03:57:19.5003674Z Firefox 119.0 (Ubuntu 0.0.0): Executed 35 of 306 SUCCESS (0 secs / 0.314 secs)
2023-11-20T03:57:19.5005904Z [1A[2K[1A[2KChrome Headless 118.0.5993.117 (Linux x86_64): Executed 306 of 306 (1 FAILED) (3.361 secs / 3.316 secs)
2023-11-20T03:57:19.5007754Z Firefox 119.0 (Ubuntu 0.0.0): Executed 36 of 306 SUCCESS (0 secs / 0.315 secs)
2023-11-20T03:57:19.5009804Z [1A[2K[1A[2KChrome Headless 118.0.5993.117 (Linux x86_64): Executed 306 of 306 (1 FAILED) (3.361 secs / 3.316 secs)
2023-11-20T03:57:19.5011755Z Firefox 119.0 (Ubuntu 0.0.0): Executed 37 of 306 SUCCESS (0 secs / 0.315 secs)
2023-11-20T03:57:19.5013803Z [1A[2K[1A[2KChrome Headless 118.0.5993.117 (Linux x86_64): Executed 306 of 306 (1 FAILED) (3.361 secs / 3.316 secs)
2023-11-20T03:57:19.5015698Z Firefox 119.0 (Ubuntu 0.0.0): Executed 38 of 306 SUCCESS (0 secs / 0.315 secs)
2023-11-20T03:57:19.5017686Z [1A[2K[1A[2KChrome Headless 118.0.5993.117 (Linux x86_64): Executed 306 of 306 (1 FAILED) (3.361 secs / 3.316 secs)
2023-11-20T03:57:19.5030989Z Firefox 119.0 (Ubuntu 0.0.0): Executed 39 of 306 SUCCESS (0 secs / 0.316 secs)
2023-11-20T03:57:19.5033586Z [1A[2K[1A[2KChrome Headless 118.0.5993.117 (Linux x86_64): Executed 306 of 306 (1 FAILED) (3.361 secs / 3.316 secs)
2023-11-20T03:57:19.5035239Z Firefox 119.0 (Ubuntu 0.0.0): Executed 40 of 306 SUCCESS (0 secs / 0.316 secs)
2023-11-20T03:57:19.5037386Z [1A[2K[1A[2KChrome Headless 118.0.5993.117 (Linux x86_64): Executed 306 of 306 (1 FAILED) (3.361 secs / 3.316 secs)
2023-11-20T03:57:19.5039513Z Firefox 119.0 (Ubuntu 0.0.0): Executed 41 of 306 SUCCESS (0 secs / 0.316 secs)
2023-11-20T03:57:19.5041505Z [1A[2K[1A[2KChrome Headless 118.0.5993.117 (Linux x86_64): Executed 306 of 306 (1 FAILED) (3.361 secs / 3.316 secs)
2023-11-20T03:57:19.5043296Z Firefox 119.0 (Ubuntu 0.0.0): Executed 42 of 306 SUCCESS (0 secs / 0.316 secs)
2023-11-20T03:57:19.5050845Z [1A[2K[1A[2KChrome Headless 118.0.5993.117 (Linux x86_64): Executed 306 of 306 (1 FAILED) (3.361 secs / 3.316 secs)
2023-11-20T03:57:19.5052520Z Firefox 119.0 (Ubuntu 0.0.0): Executed 43 of 306 SUCCESS (0 secs / 0.316 secs)
2023-11-20T03:57:19.5054509Z [1A[2K[1A[2KChrome Headless 118.0.5993.117 (Linux x86_64): Executed 306 of 306 (1 FAILED) (3.361 secs / 3.316 secs)
2023-11-20T03:57:19.5056381Z Firefox 119.0 (Ubuntu 0.0.0): Executed 44 of 306 SUCCESS (0 secs / 0.316 secs)
2023-11-20T03:57:19.5058476Z [1A[2K[1A[2KChrome Headless 118.0.5993.117 (Linux x86_64): Executed 306 of 306 (1 FAILED) (3.361 secs / 3.316 secs)
2023-11-20T03:57:19.5060304Z Firefox 119.0 (Ubuntu 0.0.0): Executed 45 of 306 SUCCESS (0 secs / 0.316 secs)
2023-11-20T03:57:19.5062196Z [1A[2K[1A[2KChrome Headless 118.0.5993.117 (Linux x86_64): Executed 306 of 306 (1 FAILED) (3.361 secs / 3.316 secs)
2023-11-20T03:57:19.5063948Z Firefox 119.0 (Ubuntu 0.0.0): Executed 46 of 306 SUCCESS (0 secs / 0.316 secs)
2023-11-20T03:57:19.5066186Z [1A[2K[1A[2KChrome Headless 118.0.5993.117 (Linux x86_64): Executed 306 of 306 (1 FAILED) (3.361 secs / 3.316 secs)
2023-11-20T03:57:19.5068030Z Firefox 119.0 (Ubuntu 0.0.0): Executed 47 of 306 SUCCESS (0 secs / 0.316 secs)
2023-11-20T03:57:19.5070181Z [1A[2K[1A[2KChrome Headless 118.0.5993.117 (Linux x86_64): Executed 306 of 306 (1 FAILED) (3.361 secs / 3.316 secs)
2023-11-20T03:57:19.5072167Z Firefox 119.0 (Ubuntu 0.0.0): Executed 48 of 306 SUCCESS (0 secs / 0.316 secs)
2023-11-20T03:57:19.5074106Z [1A[2K[1A[2KChrome Headless 118.0.5993.117 (Linux x86_64): Executed 306 of 306 (1 FAILED) (3.361 secs / 3.316 secs)
2023-11-20T03:57:19.5075860Z Firefox 119.0 (Ubuntu 0.0.0): Executed 49 of 306 SUCCESS (0 secs / 0.316 secs)
2023-11-20T03:57:19.5078181Z [1A[2K[1A[2KChrome Headless 118.0.5993.117 (Linux x86_64): Executed 306 of 306 (1 FAILED) (3.361 secs / 3.316 secs)
2023-11-20T03:57:19.5079929Z Firefox 119.0 (Ubuntu 0.0.0): Executed 50 of 306 SUCCESS (0 secs / 0.316 secs)
2023-11-20T03:57:19.5081910Z [1A[2K[1A[2KChrome Headless 118.0.5993.117 (Linux x86_64): Executed 306 of 306 (1 FAILED) (3.361 secs / 3.316 secs)
2023-11-20T03:57:19.5083546Z Firefox 119.0 (Ubuntu 0.0.0): Executed 51 of 306 SUCCESS (0 secs / 0.316 secs)
2023-11-20T03:57:19.5085471Z [1A[2K[1A[2KChrome Headless 118.0.5993.117 (Linux x86_64): Executed 306 of 306 (1 FAILED) (3.361 secs / 3.316 secs)
2023-11-20T03:57:19.5087331Z Firefox 119.0 (Ubuntu 0.0.0): Executed 52 of 306 SUCCESS (0 secs / 0.316 secs)
2023-11-20T03:57:19.5090632Z [1A[2K[1A[2KChrome Headless 118.0.5993.117 (Linux x86_64): Executed 306 of 306 (1 FAILED) (3.361 secs / 3.316 secs)
2023-11-20T03:57:19.5093705Z Firefox 119.0 (Ubuntu 0.0.0): Executed 53 of 306 SUCCESS (0 secs / 0.316 secs)
2023-11-20T03:57:19.5095739Z [1A[2K[1A[2KChrome Headless 118.0.5993.117 (Linux x86_64): Executed 306 of 306 (1 FAILED) (3.361 secs / 3.316 secs)
2023-11-20T03:57:19.5097499Z Firefox 119.0 (Ubuntu 0.0.0): Executed 54 of 306 SUCCESS (0 secs / 0.316 secs)
2023-11-20T03:57:19.5099789Z [1A[2K[1A[2KChrome Headless 118.0.5993.117 (Linux x86_64): Executed 306 of 306 (1 FAILED) (3.361 secs / 3.316 secs)
2023-11-20T03:57:19.5101785Z Firefox 119.0 (Ubuntu 0.0.0): Executed 55 of 306 SUCCESS (0 secs / 0.317 secs)
2023-11-20T03:57:19.5103947Z [1A[2K[1A[2KChrome Headless 118.0.5993.117 (Linux x86_64): Executed 306 of 306 (1 FAILED) (3.361 secs / 3.316 secs)
2023-11-20T03:57:19.5105739Z Firefox 119.0 (Ubuntu 0.0.0): Executed 56 of 306 SUCCESS (0 secs / 0.317 secs)
2023-11-20T03:57:19.5108011Z [1A[2K[1A[2KChrome Headless 118.0.5993.117 (Linux x86_64): Executed 306 of 306 (1 FAILED) (3.361 secs / 3.316 secs)
2023-11-20T03:57:19.5110580Z Firefox 119.0 (Ubuntu 0.0.0): Executed 57 of 306 SUCCESS (0 secs / 0.317 secs)
2023-11-20T03:57:19.5112713Z [1A[2K[1A[2KChrome Headless 118.0.5993.117 (Linux x86_64): Executed 306 of 306 (1 FAILED) (3.361 secs / 3.316 secs)
2023-11-20T03:57:19.5114645Z Firefox 119.0 (Ubuntu 0.0.0): Executed 58 of 306 SUCCESS (0 secs / 0.317 secs)
2023-11-20T03:57:19.5116824Z [1A[2K[1A[2KChrome Headless 118.0.5993.117 (Linux x86_64): Executed 306 of 306 (1 FAILED) (3.361 secs / 3.316 secs)
2023-11-20T03:57:19.5118773Z Firefox 119.0 (Ubuntu 0.0.0): Executed 59 of 306 SUCCESS (0 secs / 0.317 secs)
2023-11-20T03:57:19.5121418Z [1A[2K[1A[2KChrome Headless 118.0.5993.117 (Linux x86_64): Executed 306 of 306 (1 FAILED) (3.361 secs / 3.316 secs)
2023-11-20T03:57:19.5123312Z Firefox 119.0 (Ubuntu 0.0.0): Executed 60 of 306 SUCCESS (0 secs / 0.317 secs)
2023-11-20T03:57:19.5125431Z [1A[2K[1A[2KChrome Headless 118.0.5993.117 (Linux x86_64): Executed 306 of 306 (1 FAILED) (3.361 secs / 3.316 secs)
2023-11-20T03:57:19.5127483Z Firefox 119.0 (Ubuntu 0.0.0): Executed 61 of 306 SUCCESS (0 secs / 0.317 secs)
2023-11-20T03:57:19.5129611Z [1A[2K[1A[2KChrome Headless 118.0.5993.117 (Linux x86_64): Executed 306 of 306 (1 FAILED) (3.361 secs / 3.316 secs)
2023-11-20T03:57:19.5131646Z Firefox 119.0 (Ubuntu 0.0.0): Executed 62 of 306 SUCCESS (0 secs / 0.317 secs)
2023-11-20T03:57:19.5133780Z [1A[2K[1A[2KChrome Headless 118.0.5993.117 (Linux x86_64): Executed 306 of 306 (1 FAILED) (3.361 secs / 3.316 secs)
2023-11-20T03:57:19.5135583Z Firefox 119.0 (Ubuntu 0.0.0): Executed 63 of 306 SUCCESS (0 secs / 0.317 secs)
2023-11-20T03:57:19.5137927Z [1A[2K[1A[2KChrome Headless 118.0.5993.117 (Linux x86_64): Executed 306 of 306 (1 FAILED) (3.361 secs / 3.316 secs)
2023-11-20T03:57:19.5140126Z Firefox 119.0 (Ubuntu 0.0.0): Executed 64 of 306 SUCCESS (0 secs / 0.317 secs)
2023-11-20T03:57:19.5142287Z [1A[2K[1A[2KChrome Headless 118.0.5993.117 (Linux x86_64): Executed 306 of 306 (1 FAILED) (3.361 secs / 3.316 secs)
2023-11-20T03:57:19.5144324Z Firefox 119.0 (Ubuntu 0.0.0): Executed 65 of 306 SUCCESS (0 secs / 0.317 secs)
2023-11-20T03:57:19.5146425Z [1A[2K[1A[2KChrome Headless 118.0.5993.117 (Linux x86_64): Executed 306 of 306 (1 FAILED) (3.361 secs / 3.316 secs)
2023-11-20T03:57:19.5148277Z Firefox 119.0 (Ubuntu 0.0.0): Executed 66 of 306 SUCCESS (0 secs / 0.318 secs)
2023-11-20T03:57:19.5170988Z [1A[2K[1A[2KChrome Headless 118.0.5993.117 (Linux x86_64): Executed 306 of 306 (1 FAILED) (3.361 secs / 3.316 secs)
2023-11-20T03:57:19.5172758Z Firefox 119.0 (Ubuntu 0.0.0): Executed 67 of 306 SUCCESS (0 secs / 0.32 secs)
2023-11-20T03:57:19.5174955Z [1A[2K[1A[2KChrome Headless 118.0.5993.117 (Linux x86_64): Executed 306 of 306 (1 FAILED) (3.361 secs / 3.316 secs)
2023-11-20T03:57:19.5176837Z Firefox 119.0 (Ubuntu 0.0.0): Executed 68 of 306 SUCCESS (0 secs / 0.32 secs)
2023-11-20T03:57:19.5179247Z [1A[2K[1A[2KChrome Headless 118.0.5993.117 (Linux x86_64): Executed 306 of 306 (1 FAILED) (3.361 secs / 3.316 secs)
2023-11-20T03:57:19.5181308Z Firefox 119.0 (Ubuntu 0.0.0): Executed 69 of 306 SUCCESS (0 secs / 0.321 secs)
2023-11-20T03:57:19.5183448Z [1A[2K[1A[2KChrome Headless 118.0.5993.117 (Linux x86_64): Executed 306 of 306 (1 FAILED) (3.361 secs / 3.316 secs)
2023-11-20T03:57:19.5185347Z Firefox 119.0 (Ubuntu 0.0.0): Executed 70 of 306 SUCCESS (0 secs / 0.321 secs)
2023-11-20T03:57:19.5187834Z [1A[2K[1A[2KChrome Headless 118.0.5993.117 (Linux x86_64): Executed 306 of 306 (1 FAILED) (3.361 secs / 3.316 secs)
2023-11-20T03:57:19.5189694Z Firefox 119.0 (Ubuntu 0.0.0): Executed 71 of 306 SUCCESS (0 secs / 0.321 secs)
2023-11-20T03:57:19.5191813Z [1A[2K[1A[2KChrome Headless 118.0.5993.117 (Linux x86_64): Executed 306 of 306 (1 FAILED) (3.361 secs / 3.316 secs)
2023-11-20T03:57:19.5193808Z Firefox 119.0 (Ubuntu 0.0.0): Executed 72 of 306 SUCCESS (0 secs / 0.321 secs)
2023-11-20T03:57:19.5196479Z [1A[2K[1A[2KChrome Headless 118.0.5993.117 (Linux x86_64): Executed 306 of 306 (1 FAILED) (3.361 secs / 3.316 secs)
2023-11-20T03:57:19.5198542Z Firefox 119.0 (Ubuntu 0.0.0): Executed 73 of 306 SUCCESS (0 secs / 0.321 secs)
2023-11-20T03:57:19.5200821Z [1A[2K[1A[2KChrome Headless 118.0.5993.117 (Linux x86_64): Executed 306 of 306 (1 FAILED) (3.361 secs / 3.316 secs)
2023-11-20T03:57:19.5202637Z Firefox 119.0 (Ubuntu 0.0.0): Executed 74 of 306 SUCCESS (0 secs / 0.321 secs)
2023-11-20T03:57:19.5205929Z [1A[2K[1A[2KChrome Headless 118.0.5993.117 (Linux x86_64): Executed 306 of 306 (1 FAILED) (3.361 secs / 3.316 secs)
2023-11-20T03:57:19.5207752Z Firefox 119.0 (Ubuntu 0.0.0): Executed 75 of 306 SUCCESS (0 secs / 0.321 secs)
2023-11-20T03:57:19.5210187Z [1A[2K[1A[2KChrome Headless 118.0.5993.117 (Linux x86_64): Executed 306 of 306 (1 FAILED) (3.361 secs / 3.316 secs)
2023-11-20T03:57:19.5212256Z Firefox 119.0 (Ubuntu 0.0.0): Executed 76 of 306 SUCCESS (0 secs / 0.321 secs)
2023-11-20T03:57:19.5214422Z [1A[2K[1A[2KChrome Headless 118.0.5993.117 (Linux x86_64): Executed 306 of 306 (1 FAILED) (3.361 secs / 3.316 secs)
2023-11-20T03:57:19.5216264Z Firefox 119.0 (Ubuntu 0.0.0): Executed 77 of 306 SUCCESS (0 secs / 0.321 secs)
2023-11-20T03:57:19.5218747Z [1A[2K[1A[2KChrome Headless 118.0.5993.117 (Linux x86_64): Executed 306 of 306 (1 FAILED) (3.361 secs / 3.316 secs)
2023-11-20T03:57:19.5220599Z Firefox 119.0 (Ubuntu 0.0.0): Executed 78 of 306 SUCCESS (0 secs / 0.321 secs)
2023-11-20T03:57:19.5222690Z [1A[2K[1A[2KChrome Headless 118.0.5993.117 (Linux x86_64): Executed 306 of 306 (1 FAILED) (3.361 secs / 3.316 secs)
2023-11-20T03:57:19.5224676Z Firefox 119.0 (Ubuntu 0.0.0): Executed 79 of 306 SUCCESS (0 secs / 0.321 secs)
2023-11-20T03:57:19.5226728Z [1A[2K[1A[2KChrome Headless 118.0.5993.117 (Linux x86_64): Executed 306 of 306 (1 FAILED) (3.361 secs / 3.316 secs)
2023-11-20T03:57:19.5228558Z Firefox 119.0 (Ubuntu 0.0.0): Executed 80 of 306 SUCCESS (0 secs / 0.322 secs)
2023-11-20T03:57:19.5234183Z [1A[2K[1A[2KChrome Headless 118.0.5993.117 (Linux x86_64): Executed 306 of 306 (1 FAILED) (3.361 secs / 3.316 secs)
2023-11-20T03:57:19.5235969Z Firefox 119.0 (Ubuntu 0.0.0): Executed 81 of 306 SUCCESS (0 secs / 0.322 secs)
2023-11-20T03:57:19.5239616Z [1A[2K[1A[2KChrome Headless 118.0.5993.117 (Linux x86_64): Executed 306 of 306 (1 FAILED) (3.361 secs / 3.316 secs)
2023-11-20T03:57:19.5241412Z Firefox 119.0 (Ubuntu 0.0.0): Executed 82 of 306 SUCCESS (0 secs / 0.322 secs)
2023-11-20T03:57:19.5243483Z [1A[2K[1A[2KChrome Headless 118.0.5993.117 (Linux x86_64): Executed 306 of 306 (1 FAILED) (3.361 secs / 3.316 secs)
2023-11-20T03:57:19.5245894Z Firefox 119.0 (Ubuntu 0.0.0): Executed 83 of 306 SUCCESS (0 secs / 0.323 secs)
2023-11-20T03:57:19.5247867Z [1A[2K[1A[2KChrome Headless 118.0.5993.117 (Linux x86_64): Executed 306 of 306 (1 FAILED) (3.361 secs / 3.316 secs)
2023-11-20T03:57:19.5252350Z Firefox 119.0 (Ubuntu 0.0.0): Executed 84 of 306 SUCCESS (0 secs / 0.323 secs)
2023-11-20T03:57:19.5255418Z [1A[2K[1A[2KChrome Headless 118.0.5993.117 (Linux x86_64): Executed 306 of 306 (1 FAILED) (3.361 secs / 3.316 secs)
2023-11-20T03:57:19.5257170Z Firefox 119.0 (Ubuntu 0.0.0): Executed 85 of 306 SUCCESS (0 secs / 0.323 secs)
2023-11-20T03:57:19.5259461Z [1A[2K[1A[2KChrome Headless 118.0.5993.117 (Linux x86_64): Executed 306 of 306 (1 FAILED) (3.361 secs / 3.316 secs)
2023-11-20T03:57:19.5261382Z Firefox 119.0 (Ubuntu 0.0.0): Executed 86 of 306 SUCCESS (0 secs / 0.323 secs)
2023-11-20T03:57:19.5263454Z [1A[2K[1A[2KChrome Headless 118.0.5993.117 (Linux x86_64): Executed 306 of 306 (1 FAILED) (3.361 secs / 3.316 secs)
2023-11-20T03:57:19.5265289Z Firefox 119.0 (Ubuntu 0.0.0): Executed 87 of 306 SUCCESS (0 secs / 0.323 secs)
2023-11-20T03:57:19.5267574Z [1A[2K[1A[2KChrome Headless 118.0.5993.117 (Linux x86_64): Executed 306 of 306 (1 FAILED) (3.361 secs / 3.316 secs)
2023-11-20T03:57:19.5269276Z Firefox 119.0 (Ubuntu 0.0.0): Executed 88 of 306 SUCCESS (0 secs / 0.325 secs)
2023-11-20T03:57:19.5271651Z [1A[2K[1A[2KChrome Headless 118.0.5993.117 (Linux x86_64): Executed 306 of 306 (1 FAILED) (3.361 secs / 3.316 secs)
2023-11-20T03:57:19.5273532Z Firefox 119.0 (Ubuntu 0.0.0): Executed 89 of 306 SUCCESS (0 secs / 0.325 secs)
2023-11-20T03:57:19.5276740Z [1A[2K[1A[2KChrome Headless 118.0.5993.117 (Linux x86_64): Executed 306 of 306 (1 FAILED) (3.361 secs / 3.316 secs)
2023-11-20T03:57:19.5278522Z Firefox 119.0 (Ubuntu 0.0.0): Executed 90 of 306 SUCCESS (0 secs / 0.326 secs)
2023-11-20T03:57:19.5280596Z [1A[2K[1A[2KChrome Headless 118.0.5993.117 (Linux x86_64): Executed 306 of 306 (1 FAILED) (3.361 secs / 3.316 secs)
2023-11-20T03:57:19.5282157Z Firefox 119.0 (Ubuntu 0.0.0): Executed 91 of 306 SUCCESS (0 secs / 0.326 secs)
2023-11-20T03:57:19.5284143Z [1A[2K[1A[2KChrome Headless 118.0.5993.117 (Linux x86_64): Executed 306 of 306 (1 FAILED) (3.361 secs / 3.316 secs)
2023-11-20T03:57:19.5285777Z Firefox 119.0 (Ubuntu 0.0.0): Executed 92 of 306 SUCCESS (0 secs / 0.326 secs)
2023-11-20T03:57:19.5287589Z [1A[2K[1A[2KChrome Headless 118.0.5993.117 (Linux x86_64): Executed 306 of 306 (1 FAILED) (3.361 secs / 3.316 secs)
2023-11-20T03:57:19.5289270Z Firefox 119.0 (Ubuntu 0.0.0): Executed 93 of 306 SUCCESS (0 secs / 0.326 secs)
2023-11-20T03:57:19.5291031Z [1A[2K[1A[2KChrome Headless 118.0.5993.117 (Linux x86_64): Executed 306 of 306 (1 FAILED) (3.361 secs / 3.316 secs)
2023-11-20T03:57:19.5292600Z Firefox 119.0 (Ubuntu 0.0.0): Executed 94 of 306 SUCCESS (0 secs / 0.326 secs)
2023-11-20T03:57:19.5294479Z [1A[2K[1A[2KChrome Headless 118.0.5993.117 (Linux x86_64): Executed 306 of 306 (1 FAILED) (3.361 secs / 3.316 secs)
2023-11-20T03:57:19.5296068Z Firefox 119.0 (Ubuntu 0.0.0): Executed 95 of 306 SUCCESS (0 secs / 0.326 secs)
2023-11-20T03:57:19.5297827Z [1A[2K[1A[2KChrome Headless 118.0.5993.117 (Linux x86_64): Executed 306 of 306 (1 FAILED) (3.361 secs / 3.316 secs)
2023-11-20T03:57:19.5299622Z Firefox 119.0 (Ubuntu 0.0.0): Executed 96 of 306 SUCCESS (0 secs / 0.326 secs)
2023-11-20T03:57:19.5301420Z [1A[2K[1A[2KChrome Headless 118.0.5993.117 (Linux x86_64): Executed 306 of 306 (1 FAILED) (3.361 secs / 3.316 secs)
2023-11-20T03:57:19.5302927Z Firefox 119.0 (Ubuntu 0.0.0): Executed 97 of 306 SUCCESS (0 secs / 0.327 secs)
2023-11-20T03:57:19.5304732Z [1A[2K[1A[2KChrome Headless 118.0.5993.117 (Linux x86_64): Executed 306 of 306 (1 FAILED) (3.361 secs / 3.316 secs)
2023-11-20T03:57:19.5306244Z Firefox 119.0 (Ubuntu 0.0.0): Executed 98 of 306 SUCCESS (0 secs / 0.327 secs)
2023-11-20T03:57:19.5312676Z [1A[2K[1A[2KChrome Headless 118.0.5993.117 (Linux x86_64): Executed 306 of 306 (1 FAILED) (3.361 secs / 3.316 secs)
2023-11-20T03:57:19.5314584Z Firefox 119.0 (Ubuntu 0.0.0): Executed 99 of 306 SUCCESS (0 secs / 0.328 secs)
2023-11-20T03:57:19.5316570Z [1A[2K[1A[2KChrome Headless 118.0.5993.117 (Linux x86_64): Executed 306 of 306 (1 FAILED) (3.361 secs / 3.316 secs)
2023-11-20T03:57:19.5318253Z Firefox 119.0 (Ubuntu 0.0.0): Executed 100 of 306 SUCCESS (0 secs / 0.328 secs)
2023-11-20T03:57:19.5380171Z [1A[2K[1A[2KChrome Headless 118.0.5993.117 (Linux x86_64): Executed 306 of 306 (1 FAILED) (3.361 secs / 3.316 secs)
2023-11-20T03:57:19.5381960Z Firefox 119.0 (Ubuntu 0.0.0): Executed 101 of 306 SUCCESS (0 secs / 0.33 secs)
2023-11-20T03:57:19.5423522Z [1A[2K[1A[2KChrome Headless 118.0.5993.117 (Linux x86_64): Executed 306 of 306 (1 FAILED) (3.361 secs / 3.316 secs)
2023-11-20T03:57:19.5432959Z Firefox 119.0 (Ubuntu 0.0.0): Executed 102 of 306 SUCCESS (0 secs / 0.33 secs)
2023-11-20T03:57:19.5461009Z [1A[2K[1A[2KChrome Headless 118.0.5993.117 (Linux x86_64): Executed 306 of 306 (1 FAILED) (3.361 secs / 3.316 secs)
2023-11-20T03:57:19.5463406Z Firefox 119.0 (Ubuntu 0.0.0): Executed 103 of 306 SUCCESS (0 secs / 0.33 secs)
2023-11-20T03:57:19.5465859Z [1A[2K[1A[2KChrome Headless 118.0.5993.117 (Linux x86_64): Executed 306 of 306 (1 FAILED) (3.361 secs / 3.316 secs)
2023-11-20T03:57:19.5474173Z Firefox 119.0 (Ubuntu 0.0.0): Executed 104 of 306 SUCCESS (0 secs / 0.331 secs)
2023-11-20T03:57:19.5479637Z [1A[2K[1A[2KChrome Headless 118.0.5993.117 (Linux x86_64): Executed 306 of 306 (1 FAILED) (3.361 secs / 3.316 secs)
2023-11-20T03:57:19.5481873Z Firefox 119.0 (Ubuntu 0.0.0): Executed 105 of 306 SUCCESS (0 secs / 0.331 secs)
2023-11-20T03:57:19.5484023Z [1A[2K[1A[2KChrome Headless 118.0.5993.117 (Linux x86_64): Executed 306 of 306 (1 FAILED) (3.361 secs / 3.316 secs)
2023-11-20T03:57:19.5486042Z Firefox 119.0 (Ubuntu 0.0.0): Executed 106 of 306 SUCCESS (0 secs / 0.331 secs)
2023-11-20T03:57:19.5488280Z [1A[2K[1A[2KChrome Headless 118.0.5993.117 (Linux x86_64): Executed 306 of 306 (1 FAILED) (3.361 secs / 3.316 secs)
2023-11-20T03:57:19.5490173Z Firefox 119.0 (Ubuntu 0.0.0): Executed 107 of 306 SUCCESS (0 secs / 0.332 secs)
2023-11-20T03:57:19.5492919Z [1A[2K[1A[2KChrome Headless 118.0.5993.117 (Linux x86_64): Executed 306 of 306 (1 FAILED) (3.361 secs / 3.316 secs)
2023-11-20T03:57:19.5495336Z Firefox 119.0 (Ubuntu 0.0.0): Executed 108 of 306 SUCCESS (0 secs / 0.332 secs)
2023-11-20T03:57:19.5503747Z [1A[2K[1A[2KChrome Headless 118.0.5993.117 (Linux x86_64): Executed 306 of 306 (1 FAILED) (3.361 secs / 3.316 secs)
2023-11-20T03:57:19.5507426Z Firefox 119.0 (Ubuntu 0.0.0): Executed 109 of 306 SUCCESS (0 secs / 0.333 secs)
2023-11-20T03:57:19.5510983Z [1A[2K[1A[2KChrome Headless 118.0.5993.117 (Linux x86_64): Executed 306 of 306 (1 FAILED) (3.361 secs / 3.316 secs)
2023-11-20T03:57:19.5513635Z Firefox 119.0 (Ubuntu 0.0.0): Executed 110 of 306 SUCCESS (0 secs / 0.333 secs)
2023-11-20T03:57:19.5602465Z [1A[2K[1A[2KChrome Headless 118.0.5993.117 (Linux x86_64): Executed 306 of 306 (1 FAILED) (3.361 secs / 3.316 secs)
2023-11-20T03:57:19.5604165Z Firefox 119.0 (Ubuntu 0.0.0): Executed 111 of 306 SUCCESS (0 secs / 0.334 secs)
2023-11-20T03:57:19.5606120Z [1A[2K[1A[2KChrome Headless 118.0.5993.117 (Linux x86_64): Executed 306 of 306 (1 FAILED) (3.361 secs / 3.316 secs)
2023-11-20T03:57:19.5607757Z Firefox 119.0 (Ubuntu 0.0.0): Executed 112 of 306 SUCCESS (0 secs / 0.336 secs)
2023-11-20T03:57:19.5609642Z [1A[2K[1A[2KChrome Headless 118.0.5993.117 (Linux x86_64): Executed 306 of 306 (1 FAILED) (3.361 secs / 3.316 secs)
2023-11-20T03:57:19.5611434Z Firefox 119.0 (Ubuntu 0.0.0): Executed 113 of 306 SUCCESS (0 secs / 0.338 secs)
2023-11-20T03:57:19.5785635Z [1A[2K[1A[2KChrome Headless 118.0.5993.117 (Linux x86_64): Executed 306 of 306 (1 FAILED) (3.361 secs / 3.316 secs)
2023-11-20T03:57:19.5787836Z Firefox 119.0 (Ubuntu 0.0.0): Executed 114 of 306 SUCCESS (0 secs / 0.343 secs)
2023-11-20T03:57:19.5790425Z [1A[2K[1A[2KChrome Headless 118.0.5993.117 (Linux x86_64): Executed 306 of 306 (1 FAILED) (3.361 secs / 3.316 secs)
2023-11-20T03:57:19.5792555Z Firefox 119.0 (Ubuntu 0.0.0): Executed 115 of 306 SUCCESS (0 secs / 0.351 secs)
2023-11-20T03:57:19.5794987Z [1A[2K[1A[2KChrome Headless 118.0.5993.117 (Linux x86_64): Executed 306 of 306 (1 FAILED) (3.361 secs / 3.316 secs)
2023-11-20T03:57:19.5797185Z Firefox 119.0 (Ubuntu 0.0.0): Executed 116 of 306 SUCCESS (0 secs / 0.356 secs)
2023-11-20T03:57:19.5799550Z [1A[2K[1A[2KChrome Headless 118.0.5993.117 (Linux x86_64): Executed 306 of 306 (1 FAILED) (3.361 secs / 3.316 secs)
2023-11-20T03:57:19.5801711Z Firefox 119.0 (Ubuntu 0.0.0): Executed 117 of 306 SUCCESS (0 secs / 0.357 secs)
2023-11-20T03:57:19.6381214Z [1A[2K[1A[2KChrome Headless 118.0.5993.117 (Linux x86_64): Executed 306 of 306 (1 FAILED) (3.361 secs / 3.316 secs)
2023-11-20T03:57:19.6383484Z Firefox 119.0 (Ubuntu 0.0.0): Executed 118 of 306 SUCCESS (0 secs / 0.418 secs)
2023-11-20T03:57:19.6386003Z [1A[2K[1A[2KChrome Headless 118.0.5993.117 (Linux x86_64): Executed 306 of 306 (1 FAILED) (3.361 secs / 3.316 secs)
2023-11-20T03:57:19.6388115Z Firefox 119.0 (Ubuntu 0.0.0): Executed 119 of 306 SUCCESS (0 secs / 0.418 secs)
2023-11-20T03:57:19.6390361Z [1A[2K[1A[2KChrome Headless 118.0.5993.117 (Linux x86_64): Executed 306 of 306 (1 FAILED) (3.361 secs / 3.316 secs)
2023-11-20T03:57:19.6392652Z Firefox 119.0 (Ubuntu 0.0.0): Executed 120 of 306 SUCCESS (0 secs / 0.42 secs)
2023-11-20T03:57:19.6395397Z [1A[2K[1A[2KChrome Headless 118.0.5993.117 (Linux x86_64): Executed 306 of 306 (1 FAILED) (3.361 secs / 3.316 secs)
2023-11-20T03:57:19.6397264Z Firefox 119.0 (Ubuntu 0.0.0): Executed 121 of 306 SUCCESS (0 secs / 0.42 secs)
2023-11-20T03:57:19.6399620Z [1A[2K[1A[2KChrome Headless 118.0.5993.117 (Linux x86_64): Executed 306 of 306 (1 FAILED) (3.361 secs / 3.316 secs)
2023-11-20T03:57:19.6401506Z Firefox 119.0 (Ubuntu 0.0.0): Executed 122 of 306 SUCCESS (0 secs / 0.421 secs)
2023-11-20T03:57:19.6403857Z [1A[2K[1A[2KChrome Headless 118.0.5993.117 (Linux x86_64): Executed 306 of 306 (1 FAILED) (3.361 secs / 3.316 secs)
2023-11-20T03:57:19.6405945Z Firefox 119.0 (Ubuntu 0.0.0): Executed 123 of 306 SUCCESS (0 secs / 0.421 secs)
2023-11-20T03:57:19.6408392Z [1A[2K[1A[2KChrome Headless 118.0.5993.117 (Linux x86_64): Executed 306 of 306 (1 FAILED) (3.361 secs / 3.316 secs)
2023-11-20T03:57:19.6410545Z Firefox 119.0 (Ubuntu 0.0.0): Executed 124 of 306 SUCCESS (0 secs / 0.422 secs)
2023-11-20T03:57:19.6412776Z [1A[2K[1A[2KChrome Headless 118.0.5993.117 (Linux x86_64): Executed 306 of 306 (1 FAILED) (3.361 secs / 3.316 secs)
2023-11-20T03:57:19.6414840Z Firefox 119.0 (Ubuntu 0.0.0): Executed 125 of 306 SUCCESS (0 secs / 0.422 secs)
2023-11-20T03:57:19.6417122Z [1A[2K[1A[2KChrome Headless 118.0.5993.117 (Linux x86_64): Executed 306 of 306 (1 FAILED) (3.361 secs / 3.316 secs)
2023-11-20T03:57:19.6419533Z Firefox 119.0 (Ubuntu 0.0.0): Executed 126 of 306 SUCCESS (0 secs / 0.423 secs)
2023-11-20T03:57:19.6421610Z [1A[2K[1A[2KChrome Headless 118.0.5993.117 (Linux x86_64): Executed 306 of 306 (1 FAILED) (3.361 secs / 3.316 secs)
2023-11-20T03:57:19.6423628Z Firefox 119.0 (Ubuntu 0.0.0): Executed 127 of 306 SUCCESS (0 secs / 0.423 secs)
2023-11-20T03:57:19.6425782Z [1A[2K[1A[2KChrome Headless 118.0.5993.117 (Linux x86_64): Executed 306 of 306 (1 FAILED) (3.361 secs / 3.316 secs)
2023-11-20T03:57:19.6427658Z Firefox 119.0 (Ubuntu 0.0.0): Executed 128 of 306 SUCCESS (0 secs / 0.423 secs)
2023-11-20T03:57:19.6429916Z [1A[2K[1A[2KChrome Headless 118.0.5993.117 (Linux x86_64): Executed 306 of 306 (1 FAILED) (3.361 secs / 3.316 secs)
2023-11-20T03:57:19.6431803Z Firefox 119.0 (Ubuntu 0.0.0): Executed 129 of 306 SUCCESS (0 secs / 0.423 secs)
2023-11-20T03:57:19.6433923Z [1A[2K[1A[2KChrome Headless 118.0.5993.117 (Linux x86_64): Executed 306 of 306 (1 FAILED) (3.361 secs / 3.316 secs)
2023-11-20T03:57:19.6435942Z Firefox 119.0 (Ubuntu 0.0.0): Executed 130 of 306 SUCCESS (0 secs / 0.424 secs)
2023-11-20T03:57:19.6438050Z [1A[2K[1A[2KChrome Headless 118.0.5993.117 (Linux x86_64): Executed 306 of 306 (1 FAILED) (3.361 secs / 3.316 secs)
2023-11-20T03:57:19.6439830Z Firefox 119.0 (Ubuntu 0.0.0): Executed 131 of 306 SUCCESS (0 secs / 0.424 secs)
2023-11-20T03:57:19.6442082Z [1A[2K[1A[2KChrome Headless 118.0.5993.117 (Linux x86_64): Executed 306 of 306 (1 FAILED) (3.361 secs / 3.316 secs)
2023-11-20T03:57:19.6443994Z Firefox 119.0 (Ubuntu 0.0.0): Executed 132 of 306 SUCCESS (0 secs / 0.425 secs)
2023-11-20T03:57:19.6446164Z [1A[2K[1A[2KChrome Headless 118.0.5993.117 (Linux x86_64): Executed 306 of 306 (1 FAILED) (3.361 secs / 3.316 secs)
2023-11-20T03:57:19.6448029Z Firefox 119.0 (Ubuntu 0.0.0): Executed 133 of 306 SUCCESS (0 secs / 0.425 secs)
2023-11-20T03:57:19.6452494Z [1A[2K[1A[2KChrome Headless 118.0.5993.117 (Linux x86_64): Executed 306 of 306 (1 FAILED) (3.361 secs / 3.316 secs)
2023-11-20T03:57:19.6454390Z Firefox 119.0 (Ubuntu 0.0.0): Executed 134 of 306 SUCCESS (0 secs / 0.425 secs)
2023-11-20T03:57:19.6456318Z [1A[2K[1A[2KChrome Headless 118.0.5993.117 (Linux x86_64): Executed 306 of 306 (1 FAILED) (3.361 secs / 3.316 secs)
2023-11-20T03:57:19.6461743Z Firefox 119.0 (Ubuntu 0.0.0): Executed 135 of 306 SUCCESS (0 secs / 0.426 secs)
2023-11-20T03:57:19.6464184Z [1A[2K[1A[2KChrome Headless 118.0.5993.117 (Linux x86_64): Executed 306 of 306 (1 FAILED) (3.361 secs / 3.316 secs)
2023-11-20T03:57:19.6466359Z Firefox 119.0 (Ubuntu 0.0.0): Executed 136 of 306 SUCCESS (0 secs / 0.426 secs)
2023-11-20T03:57:19.6468832Z [1A[2K[1A[2KChrome Headless 118.0.5993.117 (Linux x86_64): Executed 306 of 306 (1 FAILED) (3.361 secs / 3.316 secs)
2023-11-20T03:57:19.6470540Z Firefox 119.0 (Ubuntu 0.0.0): Executed 137 of 306 SUCCESS (0 secs / 0.429 secs)
2023-11-20T03:57:19.6472675Z [1A[2K[1A[2KChrome Headless 118.0.5993.117 (Linux x86_64): Executed 306 of 306 (1 FAILED) (3.361 secs / 3.316 secs)
2023-11-20T03:57:19.6474488Z Firefox 119.0 (Ubuntu 0.0.0): Executed 138 of 306 SUCCESS (0 secs / 0.429 secs)
2023-11-20T03:57:19.6476430Z [1A[2K[1A[2KChrome Headless 118.0.5993.117 (Linux x86_64): Executed 306 of 306 (1 FAILED) (3.361 secs / 3.316 secs)
2023-11-20T03:57:19.6477967Z Firefox 119.0 (Ubuntu 0.0.0): Executed 139 of 306 SUCCESS (0 secs / 0.429 secs)
2023-11-20T03:57:19.6480066Z [1A[2K[1A[2KChrome Headless 118.0.5993.117 (Linux x86_64): Executed 306 of 306 (1 FAILED) (3.361 secs / 3.316 secs)
2023-11-20T03:57:19.6481843Z Firefox 119.0 (Ubuntu 0.0.0): Executed 140 of 306 SUCCESS (0 secs / 0.429 secs)
2023-11-20T03:57:19.6483647Z [1A[2K[1A[2KChrome Headless 118.0.5993.117 (Linux x86_64): Executed 306 of 306 (1 FAILED) (3.361 secs / 3.316 secs)
2023-11-20T03:57:19.6485326Z Firefox 119.0 (Ubuntu 0.0.0): Executed 141 of 306 SUCCESS (0 secs / 0.429 secs)
2023-11-20T03:57:19.6487156Z [1A[2K[1A[2KChrome Headless 118.0.5993.117 (Linux x86_64): Executed 306 of 306 (1 FAILED) (3.361 secs / 3.316 secs)
2023-11-20T03:57:19.6488836Z Firefox 119.0 (Ubuntu 0.0.0): Executed 142 of 306 SUCCESS (0 secs / 0.43 secs)
2023-11-20T03:57:19.6490962Z [1A[2K[1A[2KChrome Headless 118.0.5993.117 (Linux x86_64): Executed 306 of 306 (1 FAILED) (3.361 secs / 3.316 secs)
2023-11-20T03:57:19.6492713Z Firefox 119.0 (Ubuntu 0.0.0): Executed 143 of 306 SUCCESS (0 secs / 0.43 secs)
2023-11-20T03:57:19.6494770Z [1A[2K[1A[2KChrome Headless 118.0.5993.117 (Linux x86_64): Executed 306 of 306 (1 FAILED) (3.361 secs / 3.316 secs)
2023-11-20T03:57:19.6496451Z Firefox 119.0 (Ubuntu 0.0.0): Executed 144 of 306 SUCCESS (0 secs / 0.43 secs)
2023-11-20T03:57:19.6499699Z [1A[2K[1A[2KChrome Headless 118.0.5993.117 (Linux x86_64): Executed 306 of 306 (1 FAILED) (3.361 secs / 3.316 secs)
2023-11-20T03:57:19.6501532Z Firefox 119.0 (Ubuntu 0.0.0): Executed 145 of 306 SUCCESS (0 secs / 0.43 secs)
2023-11-20T03:57:19.6503556Z [1A[2K[1A[2KChrome Headless 118.0.5993.117 (Linux x86_64): Executed 306 of 306 (1 FAILED) (3.361 secs / 3.316 secs)
2023-11-20T03:57:19.6505295Z Firefox 119.0 (Ubuntu 0.0.0): Executed 146 of 306 SUCCESS (0 secs / 0.431 secs)
2023-11-20T03:57:19.6507310Z [1A[2K[1A[2KChrome Headless 118.0.5993.117 (Linux x86_64): Executed 306 of 306 (1 FAILED) (3.361 secs / 3.316 secs)
2023-11-20T03:57:19.6511924Z Firefox 119.0 (Ubuntu 0.0.0): Executed 147 of 306 SUCCESS (0 secs / 0.432 secs)
2023-11-20T03:57:19.6513975Z [1A[2K[1A[2KChrome Headless 118.0.5993.117 (Linux x86_64): Executed 306 of 306 (1 FAILED) (3.361 secs / 3.316 secs)
2023-11-20T03:57:19.6515603Z Firefox 119.0 (Ubuntu 0.0.0): Executed 148 of 306 SUCCESS (0 secs / 0.433 secs)
2023-11-20T03:57:19.6517411Z [1A[2K[1A[2KChrome Headless 118.0.5993.117 (Linux x86_64): Executed 306 of 306 (1 FAILED) (3.361 secs / 3.316 secs)
2023-11-20T03:57:19.6519146Z Firefox 119.0 (Ubuntu 0.0.0): Executed 149 of 306 SUCCESS (0 secs / 0.434 secs)
2023-11-20T03:57:19.6521154Z [1A[2K[1A[2KChrome Headless 118.0.5993.117 (Linux x86_64): Executed 306 of 306 (1 FAILED) (3.361 secs / 3.316 secs)
2023-11-20T03:57:19.6522884Z Firefox 119.0 (Ubuntu 0.0.0): Executed 150 of 306 SUCCESS (0 secs / 0.434 secs)
2023-11-20T03:57:19.6525115Z [1A[2K[1A[2KChrome Headless 118.0.5993.117 (Linux x86_64): Executed 306 of 306 (1 FAILED) (3.361 secs / 3.316 secs)
2023-11-20T03:57:19.6526772Z Firefox 119.0 (Ubuntu 0.0.0): Executed 151 of 306 SUCCESS (0 secs / 0.434 secs)
2023-11-20T03:57:19.6528635Z [1A[2K[1A[2KChrome Headless 118.0.5993.117 (Linux x86_64): Executed 306 of 306 (1 FAILED) (3.361 secs / 3.316 secs)
2023-11-20T03:57:19.6530810Z Firefox 119.0 (Ubuntu 0.0.0): Executed 152 of 306 SUCCESS (0 secs / 0.435 secs)
2023-11-20T03:57:19.6532833Z [1A[2K[1A[2KChrome Headless 118.0.5993.117 (Linux x86_64): Executed 306 of 306 (1 FAILED) (3.361 secs / 3.316 secs)
2023-11-20T03:57:19.6534674Z Firefox 119.0 (Ubuntu 0.0.0): Executed 153 of 306 SUCCESS (0 secs / 0.435 secs)
2023-11-20T03:57:19.6536867Z [1A[2K[1A[2KChrome Headless 118.0.5993.117 (Linux x86_64): Executed 306 of 306 (1 FAILED) (3.361 secs / 3.316 secs)
2023-11-20T03:57:19.6538900Z Firefox 119.0 (Ubuntu 0.0.0): Executed 154 of 306 SUCCESS (0 secs / 0.435 secs)
2023-11-20T03:57:19.6540987Z [1A[2K[1A[2KChrome Headless 118.0.5993.117 (Linux x86_64): Executed 306 of 306 (1 FAILED) (3.361 secs / 3.316 secs)
2023-11-20T03:57:19.6542993Z Firefox 119.0 (Ubuntu 0.0.0): Executed 155 of 306 SUCCESS (0 secs / 0.435 secs)
2023-11-20T03:57:19.6545409Z [1A[2K[1A[2KChrome Headless 118.0.5993.117 (Linux x86_64): Executed 306 of 306 (1 FAILED) (3.361 secs / 3.316 secs)
2023-11-20T03:57:19.6547204Z Firefox 119.0 (Ubuntu 0.0.0): Executed 156 of 306 SUCCESS (0 secs / 0.436 secs)
2023-11-20T03:57:19.6549463Z [1A[2K[1A[2KChrome Headless 118.0.5993.117 (Linux x86_64): Executed 306 of 306 (1 FAILED) (3.361 secs / 3.316 secs)
2023-11-20T03:57:19.6551324Z Firefox 119.0 (Ubuntu 0.0.0): Executed 157 of 306 SUCCESS (0 secs / 0.436 secs)
2023-11-20T03:57:19.6553600Z [1A[2K[1A[2KChrome Headless 118.0.5993.117 (Linux x86_64): Executed 306 of 306 (1 FAILED) (3.361 secs / 3.316 secs)
2023-11-20T03:57:19.6555378Z Firefox 119.0 (Ubuntu 0.0.0): Executed 158 of 306 SUCCESS (0 secs / 0.436 secs)
2023-11-20T03:57:19.6557545Z [1A[2K[1A[2KChrome Headless 118.0.5993.117 (Linux x86_64): Executed 306 of 306 (1 FAILED) (3.361 secs / 3.316 secs)
2023-11-20T03:57:19.6559525Z Firefox 119.0 (Ubuntu 0.0.0): Executed 159 of 306 SUCCESS (0 secs / 0.436 secs)
2023-11-20T03:57:19.6561702Z [1A[2K[1A[2KChrome Headless 118.0.5993.117 (Linux x86_64): Executed 306 of 306 (1 FAILED) (3.361 secs / 3.316 secs)
2023-11-20T03:57:19.6563528Z Firefox 119.0 (Ubuntu 0.0.0): Executed 160 of 306 SUCCESS (0 secs / 0.437 secs)
2023-11-20T03:57:19.6565772Z [1A[2K[1A[2KChrome Headless 118.0.5993.117 (Linux x86_64): Executed 306 of 306 (1 FAILED) (3.361 secs / 3.316 secs)
2023-11-20T03:57:19.6567713Z Firefox 119.0 (Ubuntu 0.0.0): Executed 161 of 306 SUCCESS (0 secs / 0.437 secs)
2023-11-20T03:57:19.6569821Z [1A[2K[1A[2KChrome Headless 118.0.5993.117 (Linux x86_64): Executed 306 of 306 (1 FAILED) (3.361 secs / 3.316 secs)
2023-11-20T03:57:19.6571848Z Firefox 119.0 (Ubuntu 0.0.0): Executed 162 of 306 SUCCESS (0 secs / 0.437 secs)
2023-11-20T03:57:19.6573904Z [1A[2K[1A[2KChrome Headless 118.0.5993.117 (Linux x86_64): Executed 306 of 306 (1 FAILED) (3.361 secs / 3.316 secs)
2023-11-20T03:57:19.6575641Z Firefox 119.0 (Ubuntu 0.0.0): Executed 163 of 306 SUCCESS (0 secs / 0.437 secs)
2023-11-20T03:57:19.6577899Z [1A[2K[1A[2KChrome Headless 118.0.5993.117 (Linux x86_64): Executed 306 of 306 (1 FAILED) (3.361 secs / 3.316 secs)
2023-11-20T03:57:19.6579998Z Firefox 119.0 (Ubuntu 0.0.0): Executed 164 of 306 SUCCESS (0 secs / 0.437 secs)
2023-11-20T03:57:19.6582046Z [1A[2K[1A[2KChrome Headless 118.0.5993.117 (Linux x86_64): Executed 306 of 306 (1 FAILED) (3.361 secs / 3.316 secs)
2023-11-20T03:57:19.6583975Z Firefox 119.0 (Ubuntu 0.0.0): Executed 165 of 306 SUCCESS (0 secs / 0.437 secs)
2023-11-20T03:57:19.6585983Z [1A[2K[1A[2KChrome Headless 118.0.5993.117 (Linux x86_64): Executed 306 of 306 (1 FAILED) (3.361 secs / 3.316 secs)
2023-11-20T03:57:19.6587775Z Firefox 119.0 (Ubuntu 0.0.0): Executed 166 of 306 SUCCESS (0 secs / 0.437 secs)
2023-11-20T03:57:19.7703044Z [1A[2K[1A[2KChrome Headless 118.0.5993.117 (Linux x86_64): Executed 306 of 306 (1 FAILED) (3.361 secs / 3.316 secs)
2023-11-20T03:57:19.7705349Z Firefox 119.0 (Ubuntu 0.0.0): Executed 167 of 306 SUCCESS (0 secs / 0.441 secs)
2023-11-20T03:57:19.7707513Z [1A[2K[1A[2KChrome Headless 118.0.5993.117 (Linux x86_64): Executed 306 of 306 (1 FAILED) (3.361 secs / 3.316 secs)
2023-11-20T03:57:19.7709011Z Firefox 119.0 (Ubuntu 0.0.0): Executed 168 of 306 SUCCESS (0 secs / 0.441 secs)
2023-11-20T03:57:19.7710218Z [1A[2K[1A[2KChrome Headless 118.0.5993.117 (Linux x86_64): Executed 306 of 306 (1 FAILED) (3.361 secs / 3.316 secs)
2023-11-20T03:57:19.7711337Z Firefox 119.0 (Ubuntu 0.0.0): Executed 169 of 306 SUCCESS (0 secs / 0.442 secs)
2023-11-20T03:57:19.7712467Z [1A[2K[1A[2KChrome Headless 118.0.5993.117 (Linux x86_64): Executed 306 of 306 (1 FAILED) (3.361 secs / 3.316 secs)
2023-11-20T03:57:19.7713555Z Firefox 119.0 (Ubuntu 0.0.0): Executed 170 of 306 SUCCESS (0 secs / 0.442 secs)
2023-11-20T03:57:19.7714637Z [1A[2K[1A[2KChrome Headless 118.0.5993.117 (Linux x86_64): Executed 306 of 306 (1 FAILED) (3.361 secs / 3.316 secs)
2023-11-20T03:57:19.7715823Z Firefox 119.0 (Ubuntu 0.0.0): Executed 171 of 306 SUCCESS (0 secs / 0.443 secs)
2023-11-20T03:57:19.7717057Z [1A[2K[1A[2KChrome Headless 118.0.5993.117 (Linux x86_64): Executed 306 of 306 (1 FAILED) (3.361 secs / 3.316 secs)
2023-11-20T03:57:19.7718063Z Firefox 119.0 (Ubuntu 0.0.0): Executed 172 of 306 SUCCESS (0 secs / 0.443 secs)
2023-11-20T03:57:19.7719157Z [1A[2K[1A[2KChrome Headless 118.0.5993.117 (Linux x86_64): Executed 306 of 306 (1 FAILED) (3.361 secs / 3.316 secs)
2023-11-20T03:57:19.7720210Z Firefox 119.0 (Ubuntu 0.0.0): Executed 173 of 306 SUCCESS (0 secs / 0.444 secs)
2023-11-20T03:57:19.7721402Z [1A[2K[1A[2KChrome Headless 118.0.5993.117 (Linux x86_64): Executed 306 of 306 (1 FAILED) (3.361 secs / 3.316 secs)
2023-11-20T03:57:19.7722393Z Firefox 119.0 (Ubuntu 0.0.0): Executed 174 of 306 SUCCESS (0 secs / 0.444 secs)
2023-11-20T03:57:19.7723547Z [1A[2K[1A[2KChrome Headless 118.0.5993.117 (Linux x86_64): Executed 306 of 306 (1 FAILED) (3.361 secs / 3.316 secs)
2023-11-20T03:57:19.7724487Z Firefox 119.0 (Ubuntu 0.0.0): Executed 175 of 306 SUCCESS (0 secs / 0.444 secs)
2023-11-20T03:57:19.7725599Z [1A[2K[1A[2KChrome Headless 118.0.5993.117 (Linux x86_64): Executed 306 of 306 (1 FAILED) (3.361 secs / 3.316 secs)
2023-11-20T03:57:19.7726640Z Firefox 119.0 (Ubuntu 0.0.0): Executed 176 of 306 SUCCESS (0 secs / 0.444 secs)
2023-11-20T03:57:19.7727735Z [1A[2K[1A[2KChrome Headless 118.0.5993.117 (Linux x86_64): Executed 306 of 306 (1 FAILED) (3.361 secs / 3.316 secs)
2023-11-20T03:57:19.7728656Z Firefox 119.0 (Ubuntu 0.0.0): Executed 177 of 306 SUCCESS (0 secs / 0.444 secs)
2023-11-20T03:57:19.7729827Z [1A[2K[1A[2KChrome Headless 118.0.5993.117 (Linux x86_64): Executed 306 of 306 (1 FAILED) (3.361 secs / 3.316 secs)
2023-11-20T03:57:19.7730805Z Firefox 119.0 (Ubuntu 0.0.0): Executed 178 of 306 SUCCESS (0 secs / 0.445 secs)
2023-11-20T03:57:19.7731883Z [1A[2K[1A[2KChrome Headless 118.0.5993.117 (Linux x86_64): Executed 306 of 306 (1 FAILED) (3.361 secs / 3.316 secs)
2023-11-20T03:57:19.7732970Z Firefox 119.0 (Ubuntu 0.0.0): Executed 179 of 306 SUCCESS (0 secs / 0.445 secs)
2023-11-20T03:57:19.7734014Z [1A[2K[1A[2KChrome Headless 118.0.5993.117 (Linux x86_64): Executed 306 of 306 (1 FAILED) (3.361 secs / 3.316 secs)
2023-11-20T03:57:19.7734979Z Firefox 119.0 (Ubuntu 0.0.0): Executed 180 of 306 SUCCESS (0 secs / 0.446 secs)
2023-11-20T03:57:19.7736148Z [1A[2K[1A[2KChrome Headless 118.0.5993.117 (Linux x86_64): Executed 306 of 306 (1 FAILED) (3.361 secs / 3.316 secs)
2023-11-20T03:57:19.7737102Z Firefox 119.0 (Ubuntu 0.0.0): Executed 181 of 306 SUCCESS (0 secs / 0.446 secs)
2023-11-20T03:57:19.7738540Z [1A[2K[1A[2KChrome Headless 118.0.5993.117 (Linux x86_64): Executed 306 of 306 (1 FAILED) (3.361 secs / 3.316 secs)
2023-11-20T03:57:19.7739567Z Firefox 119.0 (Ubuntu 0.0.0): Executed 182 of 306 SUCCESS (0 secs / 0.446 secs)
2023-11-20T03:57:19.7740686Z [1A[2K[1A[2KChrome Headless 118.0.5993.117 (Linux x86_64): Executed 306 of 306 (1 FAILED) (3.361 secs / 3.316 secs)
2023-11-20T03:57:19.7741737Z Firefox 119.0 (Ubuntu 0.0.0): Executed 183 of 306 SUCCESS (0 secs / 0.446 secs)
2023-11-20T03:57:19.7742847Z [1A[2K[1A[2KChrome Headless 118.0.5993.117 (Linux x86_64): Executed 306 of 306 (1 FAILED) (3.361 secs / 3.316 secs)
2023-11-20T03:57:19.7743979Z Firefox 119.0 (Ubuntu 0.0.0): Executed 184 of 306 SUCCESS (0 secs / 0.547 secs)
2023-11-20T03:57:19.7745466Z [1A[2K[1A[2KChrome Headless 118.0.5993.117 (Linux x86_64): Executed 306 of 306 (1 FAILED) (3.361 secs / 3.316 secs)
2023-11-20T03:57:19.7746449Z Firefox 119.0 (Ubuntu 0.0.0): Executed 185 of 306 SUCCESS (0 secs / 0.548 secs)
2023-11-20T03:57:19.7747533Z [1A[2K[1A[2KChrome Headless 118.0.5993.117 (Linux x86_64): Executed 306 of 306 (1 FAILED) (3.361 secs / 3.316 secs)
2023-11-20T03:57:19.7748574Z Firefox 119.0 (Ubuntu 0.0.0): Executed 186 of 306 SUCCESS (0 secs / 0.548 secs)
2023-11-20T03:57:19.7749625Z [1A[2K[1A[2KChrome Headless 118.0.5993.117 (Linux x86_64): Executed 306 of 306 (1 FAILED) (3.361 secs / 3.316 secs)
2023-11-20T03:57:19.7750760Z Firefox 119.0 (Ubuntu 0.0.0): Executed 187 of 306 SUCCESS (0 secs / 0.549 secs)
2023-11-20T03:57:19.7751949Z [1A[2K[1A[2KChrome Headless 118.0.5993.117 (Linux x86_64): Executed 306 of 306 (1 FAILED) (3.361 secs / 3.316 secs)
2023-11-20T03:57:19.7752914Z Firefox 119.0 (Ubuntu 0.0.0): Executed 188 of 306 SUCCESS (0 secs / 0.55 secs)
2023-11-20T03:57:19.7753974Z [1A[2K[1A[2KChrome Headless 118.0.5993.117 (Linux x86_64): Executed 306 of 306 (1 FAILED) (3.361 secs / 3.316 secs)
2023-11-20T03:57:19.7755019Z Firefox 119.0 (Ubuntu 0.0.0): Executed 189 of 306 SUCCESS (0 secs / 0.55 secs)
2023-11-20T03:57:19.7756128Z [1A[2K[1A[2KChrome Headless 118.0.5993.117 (Linux x86_64): Executed 306 of 306 (1 FAILED) (3.361 secs / 3.316 secs)
2023-11-20T03:57:19.7757134Z Firefox 119.0 (Ubuntu 0.0.0): Executed 190 of 306 SUCCESS (0 secs / 0.551 secs)
2023-11-20T03:57:19.7758298Z [1A[2K[1A[2KChrome Headless 118.0.5993.117 (Linux x86_64): Executed 306 of 306 (1 FAILED) (3.361 secs / 3.316 secs)
2023-11-20T03:57:19.7759435Z Firefox 119.0 (Ubuntu 0.0.0): Executed 191 of 306 SUCCESS (0 secs / 0.551 secs)
2023-11-20T03:57:19.7760678Z [1A[2K[1A[2KChrome Headless 118.0.5993.117 (Linux x86_64): Executed 306 of 306 (1 FAILED) (3.361 secs / 3.316 secs)
2023-11-20T03:57:19.7763293Z Firefox 119.0 (Ubuntu 0.0.0): Executed 192 of 306 SUCCESS (0 secs / 0.552 secs)
2023-11-20T03:57:19.7766823Z [1A[2K[1A[2KChrome Headless 118.0.5993.117 (Linux x86_64): Executed 306 of 306 (1 FAILED) (3.361 secs / 3.316 secs)
2023-11-20T03:57:19.7768100Z Firefox 119.0 (Ubuntu 0.0.0): Executed 193 of 306 SUCCESS (0 secs / 0.552 secs)
2023-11-20T03:57:19.7769227Z [1A[2K[1A[2KChrome Headless 118.0.5993.117 (Linux x86_64): Executed 306 of 306 (1 FAILED) (3.361 secs / 3.316 secs)
2023-11-20T03:57:19.7770231Z Firefox 119.0 (Ubuntu 0.0.0): Executed 194 of 306 SUCCESS (0 secs / 0.552 secs)
2023-11-20T03:57:19.7771450Z [1A[2K[1A[2KChrome Headless 118.0.5993.117 (Linux x86_64): Executed 306 of 306 (1 FAILED) (3.361 secs / 3.316 secs)
2023-11-20T03:57:19.7772465Z Firefox 119.0 (Ubuntu 0.0.0): Executed 195 of 306 SUCCESS (0 secs / 0.553 secs)
2023-11-20T03:57:19.7773604Z [1A[2K[1A[2KChrome Headless 118.0.5993.117 (Linux x86_64): Executed 306 of 306 (1 FAILED) (3.361 secs / 3.316 secs)
2023-11-20T03:57:19.7774626Z Firefox 119.0 (Ubuntu 0.0.0): Executed 196 of 306 SUCCESS (0 secs / 0.553 secs)
2023-11-20T03:57:19.9240073Z [1A[2K[1A[2KChrome Headless 118.0.5993.117 (Linux x86_64): Executed 306 of 306 (1 FAILED) (3.361 secs / 3.316 secs)
2023-11-20T03:57:19.9241162Z Firefox 119.0 (Ubuntu 0.0.0): Executed 197 of 306 SUCCESS (0 secs / 0.703 secs)
2023-11-20T03:57:19.9242365Z [1A[2K[1A[2KChrome Headless 118.0.5993.117 (Linux x86_64): Executed 306 of 306 (1 FAILED) (3.361 secs / 3.316 secs)
2023-11-20T03:57:19.9243588Z Firefox 119.0 (Ubuntu 0.0.0): Executed 198 of 306 SUCCESS (0 secs / 0.704 secs)
2023-11-20T03:57:20.0246725Z [1A[2K[1A[2KChrome Headless 118.0.5993.117 (Linux x86_64): Executed 306 of 306 (1 FAILED) (3.361 secs / 3.316 secs)
2023-11-20T03:57:20.0248502Z Firefox 119.0 (Ubuntu 0.0.0): Executed 199 of 306 SUCCESS (0 secs / 0.805 secs)
2023-11-20T03:57:20.1261847Z [1A[2K[1A[2KChrome Headless 118.0.5993.117 (Linux x86_64): Executed 306 of 306 (1 FAILED) (3.361 secs / 3.316 secs)
2023-11-20T03:57:20.1263288Z Firefox 119.0 (Ubuntu 0.0.0): Executed 200 of 306 SUCCESS (0 secs / 0.906 secs)
2023-11-20T03:57:20.2285171Z [1A[2K[1A[2KChrome Headless 118.0.5993.117 (Linux x86_64): Executed 306 of 306 (1 FAILED) (3.361 secs / 3.316 secs)
2023-11-20T03:57:20.2286842Z Firefox 119.0 (Ubuntu 0.0.0): Executed 201 of 306 SUCCESS (0 secs / 1.008 secs)
2023-11-20T03:57:20.3292467Z [1A[2K[1A[2KChrome Headless 118.0.5993.117 (Linux x86_64): Executed 306 of 306 (1 FAILED) (3.361 secs / 3.316 secs)
2023-11-20T03:57:20.3295139Z Firefox 119.0 (Ubuntu 0.0.0): Executed 202 of 306 SUCCESS (0 secs / 1.109 secs)
2023-11-20T03:57:20.4307372Z [1A[2K[1A[2KChrome Headless 118.0.5993.117 (Linux x86_64): Executed 306 of 306 (1 FAILED) (3.361 secs / 3.316 secs)
2023-11-20T03:57:20.4309729Z Firefox 119.0 (Ubuntu 0.0.0): Executed 203 of 306 SUCCESS (0 secs / 1.211 secs)
2023-11-20T03:57:20.5319504Z [1A[2K[1A[2KChrome Headless 118.0.5993.117 (Linux x86_64): Executed 306 of 306 (1 FAILED) (3.361 secs / 3.316 secs)
2023-11-20T03:57:20.5321601Z Firefox 119.0 (Ubuntu 0.0.0): Executed 204 of 306 SUCCESS (0 secs / 1.313 secs)
2023-11-20T03:57:20.6332832Z [1A[2K[1A[2KChrome Headless 118.0.5993.117 (Linux x86_64): Executed 306 of 306 (1 FAILED) (3.361 secs / 3.316 secs)
2023-11-20T03:57:20.6334690Z Firefox 119.0 (Ubuntu 0.0.0): Executed 205 of 306 SUCCESS (0 secs / 1.413 secs)
2023-11-20T03:57:20.7347676Z [1A[2K[1A[2KChrome Headless 118.0.5993.117 (Linux x86_64): Executed 306 of 306 (1 FAILED) (3.361 secs / 3.316 secs)
2023-11-20T03:57:20.7349724Z Firefox 119.0 (Ubuntu 0.0.0): Executed 206 of 306 SUCCESS (0 secs / 1.515 secs)
2023-11-20T03:57:20.8361055Z [1A[2K[1A[2KChrome Headless 118.0.5993.117 (Linux x86_64): Executed 306 of 306 (1 FAILED) (3.361 secs / 3.316 secs)
2023-11-20T03:57:20.9373514Z Firefox 119.0 (Ubuntu 0.0.0): Executed 207 of 306 SUCCESS (0 secs / 1.616 secs)
2023-11-20T03:57:20.9376385Z [1A[2K[1A[2KChrome Headless 118.0.5993.117 (Linux x86_64): Executed 306 of 306 (1 FAILED) (3.361 secs / 3.316 secs)
2023-11-20T03:57:20.9378499Z Firefox 119.0 (Ubuntu 0.0.0): Executed 208 of 306 SUCCESS (0 secs / 1.717 secs)
2023-11-20T03:57:21.0386714Z [1A[2K[1A[2KChrome Headless 118.0.5993.117 (Linux x86_64): Executed 306 of 306 (1 FAILED) (3.361 secs / 3.316 secs)
2023-11-20T03:57:21.0388997Z Firefox 119.0 (Ubuntu 0.0.0): Executed 209 of 306 SUCCESS (0 secs / 1.818 secs)
2023-11-20T03:57:21.1401143Z [1A[2K[1A[2KChrome Headless 118.0.5993.117 (Linux x86_64): Executed 306 of 306 (1 FAILED) (3.361 secs / 3.316 secs)
2023-11-20T03:57:21.1403259Z Firefox 119.0 (Ubuntu 0.0.0): Executed 210 of 306 SUCCESS (0 secs / 1.919 secs)
2023-11-20T03:57:21.1409119Z [1A[2K[1A[2KChrome Headless 118.0.5993.117 (Linux x86_64): Executed 306 of 306 (1 FAILED) (3.361 secs / 3.316 secs)
2023-11-20T03:57:21.1410935Z Firefox 119.0 (Ubuntu 0.0.0): Executed 211 of 306 SUCCESS (0 secs / 1.919 secs)
2023-11-20T03:57:21.1413707Z [1A[2K[1A[2KChrome Headless 118.0.5993.117 (Linux x86_64): Executed 306 of 306 (1 FAILED) (3.361 secs / 3.316 secs)
2023-11-20T03:57:21.1415588Z Firefox 119.0 (Ubuntu 0.0.0): Executed 212 of 306 SUCCESS (0 secs / 1.919 secs)
2023-11-20T03:57:21.1420538Z [1A[2K[1A[2KChrome Headless 118.0.5993.117 (Linux x86_64): Executed 306 of 306 (1 FAILED) (3.361 secs / 3.316 secs)
2023-11-20T03:57:21.1422403Z Firefox 119.0 (Ubuntu 0.0.0): Executed 213 of 306 SUCCESS (0 secs / 1.919 secs)
2023-11-20T03:57:21.1424504Z [1A[2K[1A[2KChrome Headless 118.0.5993.117 (Linux x86_64): Executed 306 of 306 (1 FAILED) (3.361 secs / 3.316 secs)
2023-11-20T03:57:21.1426549Z Firefox 119.0 (Ubuntu 0.0.0): Executed 214 of 306 SUCCESS (0 secs / 1.919 secs)
2023-11-20T03:57:21.1428662Z [1A[2K[1A[2KChrome Headless 118.0.5993.117 (Linux x86_64): Executed 306 of 306 (1 FAILED) (3.361 secs / 3.316 secs)
2023-11-20T03:57:21.1430521Z Firefox 119.0 (Ubuntu 0.0.0): Executed 215 of 306 SUCCESS (0 secs / 1.919 secs)
2023-11-20T03:57:21.1433221Z [1A[2K[1A[2KChrome Headless 118.0.5993.117 (Linux x86_64): Executed 306 of 306 (1 FAILED) (3.361 secs / 3.316 secs)
2023-11-20T03:57:21.1434985Z Firefox 119.0 (Ubuntu 0.0.0): Executed 216 of 306 SUCCESS (0 secs / 1.919 secs)
2023-11-20T03:57:21.1437259Z [1A[2K[1A[2KChrome Headless 118.0.5993.117 (Linux x86_64): Executed 306 of 306 (1 FAILED) (3.361 secs / 3.316 secs)
2023-11-20T03:57:21.1441498Z Firefox 119.0 (Ubuntu 0.0.0): Executed 217 of 306 SUCCESS (0 secs / 1.92 secs)
2023-11-20T03:57:21.1443631Z [1A[2K[1A[2KChrome Headless 118.0.5993.117 (Linux x86_64): Executed 306 of 306 (1 FAILED) (3.361 secs / 3.316 secs)
2023-11-20T03:57:21.1445669Z Firefox 119.0 (Ubuntu 0.0.0): Executed 218 of 306 SUCCESS (0 secs / 1.92 secs)
2023-11-20T03:57:21.1448067Z [1A[2K[1A[2KChrome Headless 118.0.5993.117 (Linux x86_64): Executed 306 of 306 (1 FAILED) (3.361 secs / 3.316 secs)
2023-11-20T03:57:21.1449985Z Firefox 119.0 (Ubuntu 0.0.0): Executed 219 of 306 SUCCESS (0 secs / 1.92 secs)
2023-11-20T03:57:21.1452291Z [1A[2K[1A[2KChrome Headless 118.0.5993.117 (Linux x86_64): Executed 306 of 306 (1 FAILED) (3.361 secs / 3.316 secs)
2023-11-20T03:57:21.1454128Z Firefox 119.0 (Ubuntu 0.0.0): Executed 220 of 306 SUCCESS (0 secs / 1.92 secs)
2023-11-20T03:57:21.1456274Z [1A[2K[1A[2KChrome Headless 118.0.5993.117 (Linux x86_64): Executed 306 of 306 (1 FAILED) (3.361 secs / 3.316 secs)
2023-11-20T03:57:21.1458407Z Firefox 119.0 (Ubuntu 0.0.0): Executed 221 of 306 SUCCESS (0 secs / 1.92 secs)
2023-11-20T03:57:21.1460541Z [1A[2K[1A[2KChrome Headless 118.0.5993.117 (Linux x86_64): Executed 306 of 306 (1 FAILED) (3.361 secs / 3.316 secs)
2023-11-20T03:57:21.1462398Z Firefox 119.0 (Ubuntu 0.0.0): Executed 222 of 306 SUCCESS (0 secs / 1.921 secs)
2023-11-20T03:57:21.1464675Z [1A[2K[1A[2KChrome Headless 118.0.5993.117 (Linux x86_64): Executed 306 of 306 (1 FAILED) (3.361 secs / 3.316 secs)
2023-11-20T03:57:21.1466557Z Firefox 119.0 (Ubuntu 0.0.0): Executed 223 of 306 SUCCESS (0 secs / 1.921 secs)
2023-11-20T03:57:21.1468641Z [1A[2K[1A[2KChrome Headless 118.0.5993.117 (Linux x86_64): Executed 306 of 306 (1 FAILED) (3.361 secs / 3.316 secs)
2023-11-20T03:57:21.1470686Z Firefox 119.0 (Ubuntu 0.0.0): Executed 224 of 306 SUCCESS (0 secs / 1.922 secs)
2023-11-20T03:57:21.1472856Z [1A[2K[1A[2KChrome Headless 118.0.5993.117 (Linux x86_64): Executed 306 of 306 (1 FAILED) (3.361 secs / 3.316 secs)
2023-11-20T03:57:21.1474696Z Firefox 119.0 (Ubuntu 0.0.0): Executed 225 of 306 SUCCESS (0 secs / 1.922 secs)
2023-11-20T03:57:21.1477150Z [1A[2K[1A[2KChrome Headless 118.0.5993.117 (Linux x86_64): Executed 306 of 306 (1 FAILED) (3.361 secs / 3.316 secs)
2023-11-20T03:57:21.1478968Z Firefox 119.0 (Ubuntu 0.0.0): Executed 226 of 306 SUCCESS (0 secs / 1.923 secs)
2023-11-20T03:57:21.1482921Z [1A[2K[1A[2KChrome Headless 118.0.5993.117 (Linux x86_64): Executed 306 of 306 (1 FAILED) (3.361 secs / 3.316 secs)
2023-11-20T03:57:21.1484830Z Firefox 119.0 (Ubuntu 0.0.0): Executed 227 of 306 SUCCESS (0 secs / 1.923 secs)
2023-11-20T03:57:21.1487611Z [1A[2K[1A[2KChrome Headless 118.0.5993.117 (Linux x86_64): Executed 306 of 306 (1 FAILED) (3.361 secs / 3.316 secs)
2023-11-20T03:57:21.1489628Z Firefox 119.0 (Ubuntu 0.0.0): Executed 228 of 306 SUCCESS (0 secs / 1.924 secs)
2023-11-20T03:57:21.1493804Z [1A[2K[1A[2KChrome Headless 118.0.5993.117 (Linux x86_64): Executed 306 of 306 (1 FAILED) (3.361 secs / 3.316 secs)
2023-11-20T03:57:21.1494881Z Firefox 119.0 (Ubuntu 0.0.0): Executed 229 of 306 SUCCESS (0 secs / 1.924 secs)
2023-11-20T03:57:21.2505125Z [1A[2K[1A[2KChrome Headless 118.0.5993.117 (Linux x86_64): Executed 306 of 306 (1 FAILED) (3.361 secs / 3.316 secs)
2023-11-20T03:57:21.2506656Z Firefox 119.0 (Ubuntu 0.0.0): Executed 230 of 306 SUCCESS (0 secs / 2.025 secs)
2023-11-20T03:57:21.3507664Z [1A[2K[1A[2KChrome Headless 118.0.5993.117 (Linux x86_64): Executed 306 of 306 (1 FAILED) (3.361 secs / 3.316 secs)
2023-11-20T03:57:21.3509225Z Firefox 119.0 (Ubuntu 0.0.0): Executed 231 of 306 SUCCESS (0 secs / 2.125 secs)
2023-11-20T03:57:21.4512234Z [1A[2K[1A[2KChrome Headless 118.0.5993.117 (Linux x86_64): Executed 306 of 306 (1 FAILED) (3.361 secs / 3.316 secs)
2023-11-20T03:57:21.4514033Z Firefox 119.0 (Ubuntu 0.0.0): Executed 232 of 306 SUCCESS (0 secs / 2.225 secs)
2023-11-20T03:57:21.4523685Z [1A[2K[1A[2KChrome Headless 118.0.5993.117 (Linux x86_64): Executed 306 of 306 (1 FAILED) (3.361 secs / 3.316 secs)
2023-11-20T03:57:21.4524806Z Firefox 119.0 (Ubuntu 0.0.0): Executed 233 of 306 SUCCESS (0 secs / 2.226 secs)
2023-11-20T03:57:21.4530676Z [1A[2K[1A[2KChrome Headless 118.0.5993.117 (Linux x86_64): Executed 306 of 306 (1 FAILED) (3.361 secs / 3.316 secs)
2023-11-20T03:57:21.4531922Z Firefox 119.0 (Ubuntu 0.0.0): Executed 234 of 306 SUCCESS (0 secs / 2.226 secs)
2023-11-20T03:57:21.4536978Z [1A[2K[1A[2KChrome Headless 118.0.5993.117 (Linux x86_64): Executed 306 of 306 (1 FAILED) (3.361 secs / 3.316 secs)
2023-11-20T03:57:21.4538983Z Firefox 119.0 (Ubuntu 0.0.0): Executed 235 of 306 SUCCESS (0 secs / 2.227 secs)
2023-11-20T03:57:21.4541342Z [1A[2K[1A[2KChrome Headless 118.0.5993.117 (Linux x86_64): Executed 306 of 306 (1 FAILED) (3.361 secs / 3.316 secs)
2023-11-20T03:57:21.4543153Z Firefox 119.0 (Ubuntu 0.0.0): Executed 236 of 306 SUCCESS (0 secs / 2.227 secs)
2023-11-20T03:57:21.4545930Z [1A[2K[1A[2KChrome Headless 118.0.5993.117 (Linux x86_64): Executed 306 of 306 (1 FAILED) (3.361 secs / 3.316 secs)
2023-11-20T03:57:21.4547788Z Firefox 119.0 (Ubuntu 0.0.0): Executed 237 of 306 SUCCESS (0 secs / 2.228 secs)
2023-11-20T03:57:21.4552593Z [1A[2K[1A[2KChrome Headless 118.0.5993.117 (Linux x86_64): Executed 306 of 306 (1 FAILED) (3.361 secs / 3.316 secs)
2023-11-20T03:57:21.4554622Z Firefox 119.0 (Ubuntu 0.0.0): Executed 238 of 306 SUCCESS (0 secs / 2.228 secs)
2023-11-20T03:57:21.4558003Z [1A[2K[1A[2KChrome Headless 118.0.5993.117 (Linux x86_64): Executed 306 of 306 (1 FAILED) (3.361 secs / 3.316 secs)
2023-11-20T03:57:21.4559719Z Firefox 119.0 (Ubuntu 0.0.0): Executed 239 of 306 SUCCESS (0 secs / 2.229 secs)
2023-11-20T03:57:21.4816810Z [1A[2K[1A[2KChrome Headless 118.0.5993.117 (Linux x86_64): Executed 306 of 306 (1 FAILED) (3.361 secs / 3.316 secs)
2023-11-20T03:57:21.4818921Z Firefox 119.0 (Ubuntu 0.0.0): Executed 240 of 306 SUCCESS (0 secs / 2.255 secs)
2023-11-20T03:57:21.4823578Z [1A[2K[1A[2KChrome Headless 118.0.5993.117 (Linux x86_64): Executed 306 of 306 (1 FAILED) (3.361 secs / 3.316 secs)
2023-11-20T03:57:21.4825581Z Firefox 119.0 (Ubuntu 0.0.0): Executed 241 of 306 SUCCESS (0 secs / 2.256 secs)
2023-11-20T03:57:21.4831438Z [1A[2K[1A[2KChrome Headless 118.0.5993.117 (Linux x86_64): Executed 306 of 306 (1 FAILED) (3.361 secs / 3.316 secs)
2023-11-20T03:57:21.4833731Z Firefox 119.0 (Ubuntu 0.0.0): Executed 242 of 306 SUCCESS (0 secs / 2.256 secs)
2023-11-20T03:57:21.4841470Z [1A[2K[1A[2KChrome Headless 118.0.5993.117 (Linux x86_64): Executed 306 of 306 (1 FAILED) (3.361 secs / 3.316 secs)
2023-11-20T03:57:21.4843307Z Firefox 119.0 (Ubuntu 0.0.0): Executed 243 of 306 SUCCESS (0 secs / 2.256 secs)
2023-11-20T03:57:21.4847634Z [1A[2K[1A[2KChrome Headless 118.0.5993.117 (Linux x86_64): Executed 306 of 306 (1 FAILED) (3.361 secs / 3.316 secs)
2023-11-20T03:57:21.4849525Z Firefox 119.0 (Ubuntu 0.0.0): Executed 244 of 306 SUCCESS (0 secs / 2.257 secs)
2023-11-20T03:57:21.4852490Z [1A[2K[1A[2KChrome Headless 118.0.5993.117 (Linux x86_64): Executed 306 of 306 (1 FAILED) (3.361 secs / 3.316 secs)
2023-11-20T03:57:21.4854476Z Firefox 119.0 (Ubuntu 0.0.0): Executed 245 of 306 SUCCESS (0 secs / 2.258 secs)
2023-11-20T03:57:21.4857368Z [1A[2K[1A[2KChrome Headless 118.0.5993.117 (Linux x86_64): Executed 306 of 306 (1 FAILED) (3.361 secs / 3.316 secs)
2023-11-20T03:57:21.4859192Z Firefox 119.0 (Ubuntu 0.0.0): Executed 246 of 306 SUCCESS (0 secs / 2.258 secs)
2023-11-20T03:57:21.5867568Z [1A[2K[1A[2KChrome Headless 118.0.5993.117 (Linux x86_64): Executed 306 of 306 (1 FAILED) (3.361 secs / 3.316 secs)
2023-11-20T03:57:21.5869768Z Firefox 119.0 (Ubuntu 0.0.0): Executed 247 of 306 SUCCESS (0 secs / 2.359 secs)
2023-11-20T03:57:21.6879512Z [1A[2K[1A[2KChrome Headless 118.0.5993.117 (Linux x86_64): Executed 306 of 306 (1 FAILED) (3.361 secs / 3.316 secs)
2023-11-20T03:57:21.6881584Z Firefox 119.0 (Ubuntu 0.0.0): Executed 248 of 306 SUCCESS (0 secs / 2.461 secs)
2023-11-20T03:57:21.7892460Z [1A[2K[1A[2KChrome Headless 118.0.5993.117 (Linux x86_64): Executed 306 of 306 (1 FAILED) (3.361 secs / 3.316 secs)
2023-11-20T03:57:21.7894380Z Firefox 119.0 (Ubuntu 0.0.0): Executed 249 of 306 SUCCESS (0 secs / 2.561 secs)
2023-11-20T03:57:21.8906088Z [1A[2K[1A[2KChrome Headless 118.0.5993.117 (Linux x86_64): Executed 306 of 306 (1 FAILED) (3.361 secs / 3.316 secs)
2023-11-20T03:57:21.8907183Z Firefox 119.0 (Ubuntu 0.0.0): Executed 250 of 306 SUCCESS (0 secs / 2.662 secs)
2023-11-20T03:57:21.8914880Z [1A[2K[1A[2KChrome Headless 118.0.5993.117 (Linux x86_64): Executed 306 of 306 (1 FAILED) (3.361 secs / 3.316 secs)
2023-11-20T03:57:21.8916321Z Firefox 119.0 (Ubuntu 0.0.0): Executed 251 of 306 SUCCESS (0 secs / 2.663 secs)
2023-11-20T03:57:21.8920096Z [1A[2K[1A[2KChrome Headless 118.0.5993.117 (Linux x86_64): Executed 306 of 306 (1 FAILED) (3.361 secs / 3.316 secs)
2023-11-20T03:57:21.8921387Z Firefox 119.0 (Ubuntu 0.0.0): Executed 252 of 306 SUCCESS (0 secs / 2.663 secs)
2023-11-20T03:57:21.8925219Z [1A[2K[1A[2KChrome Headless 118.0.5993.117 (Linux x86_64): Executed 306 of 306 (1 FAILED) (3.361 secs / 3.316 secs)
2023-11-20T03:57:21.8926250Z Firefox 119.0 (Ubuntu 0.0.0): Executed 253 of 306 SUCCESS (0 secs / 2.663 secs)
2023-11-20T03:57:21.9934028Z [1A[2K[1A[2KChrome Headless 118.0.5993.117 (Linux x86_64): Executed 306 of 306 (1 FAILED) (3.361 secs / 3.316 secs)
2023-11-20T03:57:21.9936110Z Firefox 119.0 (Ubuntu 0.0.0): Executed 254 of 306 SUCCESS (0 secs / 2.763 secs)
2023-11-20T03:57:21.9944940Z [1A[2K[1A[2KChrome Headless 118.0.5993.117 (Linux x86_64): Executed 306 of 306 (1 FAILED) (3.361 secs / 3.316 secs)
2023-11-20T03:57:21.9947007Z Firefox 119.0 (Ubuntu 0.0.0): Executed 255 of 306 SUCCESS (0 secs / 2.764 secs)
2023-11-20T03:57:21.9950306Z [1A[2K[1A[2KChrome Headless 118.0.5993.117 (Linux x86_64): Executed 306 of 306 (1 FAILED) (3.361 secs / 3.316 secs)
2023-11-20T03:57:21.9952802Z Firefox 119.0 (Ubuntu 0.0.0): Executed 256 of 306 SUCCESS (0 secs / 2.765 secs)
2023-11-20T03:57:21.9954966Z [1A[2K[1A[2KChrome Headless 118.0.5993.117 (Linux x86_64): Executed 306 of 306 (1 FAILED) (3.361 secs / 3.316 secs)
2023-11-20T03:57:21.9956843Z Firefox 119.0 (Ubuntu 0.0.0): Executed 257 of 306 SUCCESS (0 secs / 2.765 secs)
2023-11-20T03:57:21.9960474Z [1A[2K[1A[2KChrome Headless 118.0.5993.117 (Linux x86_64): Executed 306 of 306 (1 FAILED) (3.361 secs / 3.316 secs)
2023-11-20T03:57:21.9962513Z Firefox 119.0 (Ubuntu 0.0.0): Executed 258 of 306 SUCCESS (0 secs / 2.765 secs)
2023-11-20T03:57:21.9966319Z [1A[2K[1A[2KChrome Headless 118.0.5993.117 (Linux x86_64): Executed 306 of 306 (1 FAILED) (3.361 secs / 3.316 secs)
2023-11-20T03:57:21.9967690Z Firefox 119.0 (Ubuntu 0.0.0): Executed 259 of 306 SUCCESS (0 secs / 2.766 secs)
2023-11-20T03:57:22.0976985Z [1A[2K[1A[2KChrome Headless 118.0.5993.117 (Linux x86_64): Executed 306 of 306 (1 FAILED) (3.361 secs / 3.316 secs)
2023-11-20T03:57:22.0979831Z Firefox 119.0 (Ubuntu 0.0.0): Executed 260 of 306 SUCCESS (0 secs / 2.866 secs)
2023-11-20T03:57:22.1990802Z [1A[2K[1A[2KChrome Headless 118.0.5993.117 (Linux x86_64): Executed 306 of 306 (1 FAILED) (3.361 secs / 3.316 secs)
2023-11-20T03:57:22.1992680Z Firefox 119.0 (Ubuntu 0.0.0): Executed 261 of 306 SUCCESS (0 secs / 2.968 secs)
2023-11-20T03:57:22.3004733Z [1A[2K[1A[2KChrome Headless 118.0.5993.117 (Linux x86_64): Executed 306 of 306 (1 FAILED) (3.361 secs / 3.316 secs)
2023-11-20T03:57:22.3005889Z Firefox 119.0 (Ubuntu 0.0.0): Executed 262 of 306 SUCCESS (0 secs / 3.069 secs)
2023-11-20T03:57:22.4017041Z [1A[2K[1A[2KChrome Headless 118.0.5993.117 (Linux x86_64): Executed 306 of 306 (1 FAILED) (3.361 secs / 3.316 secs)
2023-11-20T03:57:22.4018475Z Firefox 119.0 (Ubuntu 0.0.0): Executed 263 of 306 SUCCESS (0 secs / 3.17 secs)
2023-11-20T03:57:22.4027202Z [1A[2K[1A[2KChrome Headless 118.0.5993.117 (Linux x86_64): Executed 306 of 306 (1 FAILED) (3.361 secs / 3.316 secs)
2023-11-20T03:57:22.4028923Z Firefox 119.0 (Ubuntu 0.0.0): Executed 264 of 306 SUCCESS (0 secs / 3.171 secs)
2023-11-20T03:57:22.4035782Z [1A[2K[1A[2KChrome Headless 118.0.5993.117 (Linux x86_64): Executed 306 of 306 (1 FAILED) (3.361 secs / 3.316 secs)
2023-11-20T03:57:22.4037674Z Firefox 119.0 (Ubuntu 0.0.0): Executed 265 of 306 SUCCESS (0 secs / 3.172 secs)
2023-11-20T03:57:22.4041419Z [1A[2K[1A[2KChrome Headless 118.0.5993.117 (Linux x86_64): Executed 306 of 306 (1 FAILED) (3.361 secs / 3.316 secs)
2023-11-20T03:57:22.4043263Z Firefox 119.0 (Ubuntu 0.0.0): Executed 266 of 306 SUCCESS (0 secs / 3.172 secs)
2023-11-20T03:57:22.4045908Z [1A[2K[1A[2KChrome Headless 118.0.5993.117 (Linux x86_64): Executed 306 of 306 (1 FAILED) (3.361 secs / 3.316 secs)
2023-11-20T03:57:22.4059943Z Firefox 119.0 (Ubuntu 0.0.0): Executed 267 of 306 SUCCESS (0 secs / 3.173 secs)
2023-11-20T03:57:22.4062156Z [1A[2K[1A[2KChrome Headless 118.0.5993.117 (Linux x86_64): Executed 306 of 306 (1 FAILED) (3.361 secs / 3.316 secs)
2023-11-20T03:57:22.4063961Z Firefox 119.0 (Ubuntu 0.0.0): Executed 268 of 306 SUCCESS (0 secs / 3.173 secs)
2023-11-20T03:57:22.4066221Z [1A[2K[1A[2KChrome Headless 118.0.5993.117 (Linux x86_64): Executed 306 of 306 (1 FAILED) (3.361 secs / 3.316 secs)
2023-11-20T03:57:22.4068300Z Firefox 119.0 (Ubuntu 0.0.0): Executed 269 of 306 SUCCESS (0 secs / 3.173 secs)
2023-11-20T03:57:22.4071619Z [1A[2K[1A[2KChrome Headless 118.0.5993.117 (Linux x86_64): Executed 306 of 306 (1 FAILED) (3.361 secs / 3.316 secs)
2023-11-20T03:57:22.4073493Z Firefox 119.0 (Ubuntu 0.0.0): Executed 270 of 306 SUCCESS (0 secs / 3.174 secs)
2023-11-20T03:57:22.4075536Z [1A[2K[1A[2KChrome Headless 118.0.5993.117 (Linux x86_64): Executed 306 of 306 (1 FAILED) (3.361 secs / 3.316 secs)
2023-11-20T03:57:22.4077598Z Firefox 119.0 (Ubuntu 0.0.0): Executed 271 of 306 SUCCESS (0 secs / 3.174 secs)
2023-11-20T03:57:22.4079749Z [1A[2K[1A[2KChrome Headless 118.0.5993.117 (Linux x86_64): Executed 306 of 306 (1 FAILED) (3.361 secs / 3.316 secs)
2023-11-20T03:57:22.4081581Z Firefox 119.0 (Ubuntu 0.0.0): Executed 272 of 306 SUCCESS (0 secs / 3.174 secs)
2023-11-20T03:57:22.4083870Z [1A[2K[1A[2KChrome Headless 118.0.5993.117 (Linux x86_64): Executed 306 of 306 (1 FAILED) (3.361 secs / 3.316 secs)
2023-11-20T03:57:22.4085631Z Firefox 119.0 (Ubuntu 0.0.0): Executed 273 of 306 SUCCESS (0 secs / 3.174 secs)
2023-11-20T03:57:22.4087724Z [1A[2K[1A[2KChrome Headless 118.0.5993.117 (Linux x86_64): Executed 306 of 306 (1 FAILED) (3.361 secs / 3.316 secs)
2023-11-20T03:57:22.4089734Z Firefox 119.0 (Ubuntu 0.0.0): Executed 274 of 306 SUCCESS (0 secs / 3.175 secs)
2023-11-20T03:57:22.4091828Z [1A[2K[1A[2KChrome Headless 118.0.5993.117 (Linux x86_64): Executed 306 of 306 (1 FAILED) (3.361 secs / 3.316 secs)
2023-11-20T03:57:22.4093612Z Firefox 119.0 (Ubuntu 0.0.0): Executed 275 of 306 SUCCESS (0 secs / 3.175 secs)
2023-11-20T03:57:22.4095891Z [1A[2K[1A[2KChrome Headless 118.0.5993.117 (Linux x86_64): Executed 306 of 306 (1 FAILED) (3.361 secs / 3.316 secs)
2023-11-20T03:57:22.4097725Z Firefox 119.0 (Ubuntu 0.0.0): Executed 276 of 306 SUCCESS (0 secs / 3.175 secs)
2023-11-20T03:57:22.4100335Z [1A[2K[1A[2KChrome Headless 118.0.5993.117 (Linux x86_64): Executed 306 of 306 (1 FAILED) (3.361 secs / 3.316 secs)
2023-11-20T03:57:22.4102192Z Firefox 119.0 (Ubuntu 0.0.0): Executed 277 of 306 SUCCESS (0 secs / 3.175 secs)
2023-11-20T03:57:22.4104246Z [1A[2K[1A[2KChrome Headless 118.0.5993.117 (Linux x86_64): Executed 306 of 306 (1 FAILED) (3.361 secs / 3.316 secs)
2023-11-20T03:57:22.4106287Z Firefox 119.0 (Ubuntu 0.0.0): Executed 278 of 306 SUCCESS (0 secs / 3.176 secs)
2023-11-20T03:57:22.4108445Z [1A[2K[1A[2KChrome Headless 118.0.5993.117 (Linux x86_64): Executed 306 of 306 (1 FAILED) (3.361 secs / 3.316 secs)
2023-11-20T03:57:22.4110586Z Firefox 119.0 (Ubuntu 0.0.0): Executed 279 of 306 SUCCESS (0 secs / 3.176 secs)
2023-11-20T03:57:22.4112902Z [1A[2K[1A[2KChrome Headless 118.0.5993.117 (Linux x86_64): Executed 306 of 306 (1 FAILED) (3.361 secs / 3.316 secs)
2023-11-20T03:57:22.4114699Z Firefox 119.0 (Ubuntu 0.0.0): Executed 280 of 306 SUCCESS (0 secs / 3.176 secs)
2023-11-20T03:57:22.4116863Z [1A[2K[1A[2KChrome Headless 118.0.5993.117 (Linux x86_64): Executed 306 of 306 (1 FAILED) (3.361 secs / 3.316 secs)
2023-11-20T03:57:22.4118850Z Firefox 119.0 (Ubuntu 0.0.0): Executed 281 of 306 SUCCESS (0 secs / 3.176 secs)
2023-11-20T03:57:22.4120969Z [1A[2K[1A[2KChrome Headless 118.0.5993.117 (Linux x86_64): Executed 306 of 306 (1 FAILED) (3.361 secs / 3.316 secs)
2023-11-20T03:57:22.4122814Z Firefox 119.0 (Ubuntu 0.0.0): Executed 282 of 306 SUCCESS (0 secs / 3.176 secs)
2023-11-20T03:57:22.4125304Z [1A[2K[1A[2KChrome Headless 118.0.5993.117 (Linux x86_64): Executed 306 of 306 (1 FAILED) (3.361 secs / 3.316 secs)
2023-11-20T03:57:22.4127199Z Firefox 119.0 (Ubuntu 0.0.0): Executed 283 of 306 SUCCESS (0 secs / 3.177 secs)
2023-11-20T03:57:22.4129335Z [1A[2K[1A[2KChrome Headless 118.0.5993.117 (Linux x86_64): Executed 306 of 306 (1 FAILED) (3.361 secs / 3.316 secs)
2023-11-20T03:57:22.4131256Z Firefox 119.0 (Ubuntu 0.0.0): Executed 284 of 306 SUCCESS (0 secs / 3.177 secs)
2023-11-20T03:57:22.4133324Z [1A[2K[1A[2KChrome Headless 118.0.5993.117 (Linux x86_64): Executed 306 of 306 (1 FAILED) (3.361 secs / 3.316 secs)
2023-11-20T03:57:22.4135108Z Firefox 119.0 (Ubuntu 0.0.0): Executed 285 of 306 SUCCESS (0 secs / 3.177 secs)
2023-11-20T03:57:22.4137014Z [1A[2K[1A[2KChrome Headless 118.0.5993.117 (Linux x86_64): Executed 306 of 306 (1 FAILED) (3.361 secs / 3.316 secs)
2023-11-20T03:57:22.4138950Z Firefox 119.0 (Ubuntu 0.0.0): Executed 286 of 306 SUCCESS (0 secs / 3.177 secs)
2023-11-20T03:57:22.4140930Z [1A[2K[1A[2KChrome Headless 118.0.5993.117 (Linux x86_64): Executed 306 of 306 (1 FAILED) (3.361 secs / 3.316 secs)
2023-11-20T03:57:22.4142497Z Firefox 119.0 (Ubuntu 0.0.0): Executed 287 of 306 SUCCESS (0 secs / 3.178 secs)
2023-11-20T03:57:22.4144346Z [1A[2K[1A[2KChrome Headless 118.0.5993.117 (Linux x86_64): Executed 306 of 306 (1 FAILED) (3.361 secs / 3.316 secs)
2023-11-20T03:57:22.4146044Z Firefox 119.0 (Ubuntu 0.0.0): Executed 288 of 306 SUCCESS (0 secs / 3.178 secs)
2023-11-20T03:57:22.4147898Z [1A[2K[1A[2KChrome Headless 118.0.5993.117 (Linux x86_64): Executed 306 of 306 (1 FAILED) (3.361 secs / 3.316 secs)
2023-11-20T03:57:22.4149465Z Firefox 119.0 (Ubuntu 0.0.0): Executed 289 of 306 SUCCESS (0 secs / 3.178 secs)
2023-11-20T03:57:22.4151433Z [1A[2K[1A[2KChrome Headless 118.0.5993.117 (Linux x86_64): Executed 306 of 306 (1 FAILED) (3.361 secs / 3.316 secs)
2023-11-20T03:57:22.4153048Z Firefox 119.0 (Ubuntu 0.0.0): Executed 290 of 306 SUCCESS (0 secs / 3.178 secs)
2023-11-20T03:57:22.4155036Z [1A[2K[1A[2KChrome Headless 118.0.5993.117 (Linux x86_64): Executed 306 of 306 (1 FAILED) (3.361 secs / 3.316 secs)
2023-11-20T03:57:22.4157105Z Firefox 119.0 (Ubuntu 0.0.0): Executed 291 of 306 SUCCESS (0 secs / 3.179 secs)
2023-11-20T03:57:22.4159436Z [1A[2K[1A[2KChrome Headless 118.0.5993.117 (Linux x86_64): Executed 306 of 306 (1 FAILED) (3.361 secs / 3.316 secs)
2023-11-20T03:57:22.4161277Z Firefox 119.0 (Ubuntu 0.0.0): Executed 292 of 306 SUCCESS (0 secs / 3.179 secs)
2023-11-20T03:57:22.4163591Z [1A[2K[1A[2KChrome Headless 118.0.5993.117 (Linux x86_64): Executed 306 of 306 (1 FAILED) (3.361 secs / 3.316 secs)
2023-11-20T03:57:22.4165453Z Firefox 119.0 (Ubuntu 0.0.0): Executed 293 of 306 SUCCESS (0 secs / 3.179 secs)
2023-11-20T03:57:22.4167734Z [1A[2K[1A[2KChrome Headless 118.0.5993.117 (Linux x86_64): Executed 306 of 306 (1 FAILED) (3.361 secs / 3.316 secs)
2023-11-20T03:57:22.4170660Z Firefox 119.0 (Ubuntu 0.0.0): Executed 294 of 306 SUCCESS (0 secs / 3.18 secs)
2023-11-20T03:57:22.4172771Z [1A[2K[1A[2KChrome Headless 118.0.5993.117 (Linux x86_64): Executed 306 of 306 (1 FAILED) (3.361 secs / 3.316 secs)
2023-11-20T03:57:22.4184296Z Firefox 119.0 (Ubuntu 0.0.0): Executed 295 of 306 SUCCESS (0 secs / 3.18 secs)
2023-11-20T03:57:22.4186589Z [1A[2K[1A[2KChrome Headless 118.0.5993.117 (Linux x86_64): Executed 306 of 306 (1 FAILED) (3.361 secs / 3.316 secs)
2023-11-20T03:57:22.4188426Z Firefox 119.0 (Ubuntu 0.0.0): Executed 296 of 306 SUCCESS (0 secs / 3.18 secs)
2023-11-20T03:57:22.4190798Z [1A[2K[1A[2KChrome Headless 118.0.5993.117 (Linux x86_64): Executed 306 of 306 (1 FAILED) (3.361 secs / 3.316 secs)
2023-11-20T03:57:22.4192570Z Firefox 119.0 (Ubuntu 0.0.0): Executed 297 of 306 SUCCESS (0 secs / 3.18 secs)
2023-11-20T03:57:22.4194683Z [1A[2K[1A[2KChrome Headless 118.0.5993.117 (Linux x86_64): Executed 306 of 306 (1 FAILED) (3.361 secs / 3.316 secs)
2023-11-20T03:57:22.4196915Z Firefox 119.0 (Ubuntu 0.0.0): Executed 298 of 306 SUCCESS (0 secs / 3.181 secs)
2023-11-20T03:57:22.4198928Z [1A[2K[1A[2KChrome Headless 118.0.5993.117 (Linux x86_64): Executed 306 of 306 (1 FAILED) (3.361 secs / 3.316 secs)
2023-11-20T03:57:22.4200716Z Firefox 119.0 (Ubuntu 0.0.0): Executed 299 of 306 SUCCESS (0 secs / 3.181 secs)
2023-11-20T03:57:22.4202872Z [1A[2K[1A[2KChrome Headless 118.0.5993.117 (Linux x86_64): Executed 306 of 306 (1 FAILED) (3.361 secs / 3.316 secs)
2023-11-20T03:57:22.4204620Z Firefox 119.0 (Ubuntu 0.0.0): Executed 300 of 306 SUCCESS (0 secs / 3.181 secs)
2023-11-20T03:57:22.4206355Z [1A[2K[1A[2KChrome Headless 118.0.5993.117 (Linux x86_64): Executed 306 of 306 (1 FAILED) (3.361 secs / 3.316 secs)
2023-11-20T03:57:22.4207464Z Firefox 119.0 (Ubuntu 0.0.0): Executed 301 of 306 SUCCESS (0 secs / 3.182 secs)
2023-11-20T03:57:22.4208599Z [1A[2K[1A[2KChrome Headless 118.0.5993.117 (Linux x86_64): Executed 306 of 306 (1 FAILED) (3.361 secs / 3.316 secs)
2023-11-20T03:57:22.4209858Z Firefox 119.0 (Ubuntu 0.0.0): Executed 302 of 306 SUCCESS (0 secs / 3.185 secs)
2023-11-20T03:57:22.4211377Z [1A[2K[1A[2KChrome Headless 118.0.5993.117 (Linux x86_64): Executed 306 of 306 (1 FAILED) (3.361 secs / 3.316 secs)
2023-11-20T03:57:22.4212387Z Firefox 119.0 (Ubuntu 0.0.0): Executed 303 of 306 SUCCESS (0 secs / 3.186 secs)
2023-11-20T03:57:22.4213538Z [1A[2K[1A[2KChrome Headless 118.0.5993.117 (Linux x86_64): Executed 306 of 306 (1 FAILED) (3.361 secs / 3.316 secs)
2023-11-20T03:57:22.4220049Z Firefox 119.0 (Ubuntu 0.0.0): Executed 304 of 306 SUCCESS (0 secs / 3.187 secs)
2023-11-20T03:57:22.4222109Z [1A[2K[1A[2KChrome Headless 118.0.5993.117 (Linux x86_64): Executed 306 of 306 (1 FAILED) (3.361 secs / 3.316 secs)
2023-11-20T03:57:22.4224097Z Firefox 119.0 (Ubuntu 0.0.0): Executed 305 of 306 SUCCESS (0 secs / 3.188 secs)
2023-11-20T03:57:22.4226204Z [1A[2K[1A[2KFirefox 119.0 (Ubuntu 0.0.0) xsrf should set xsrf header for cross origin when using withCredentials FAILED
2023-11-20T03:57:22.4227808Z 	Expected undefined to equal '12345'.
2023-11-20T03:57:22.4228617Z 	@test/specs/xsrf.spec.js:78:69 <- test/specs/xsrf.spec.js:1279:71
2023-11-20T03:57:22.4229581Z Chrome Headless 118.0.5993.117 (Linux x86_64): Executed 306 of 306 (1 FAILED) (3.361 secs / 3.316 secs)
2023-11-20T03:57:22.4230517Z Firefox 119.0 (Ubuntu 0.0.0): Executed 306 of 306 (1 FAILED) (0 secs / 3.188 secs)
2023-11-20T03:57:22.4231731Z [1A[2K[1A[2KChrome Headless 118.0.5993.117 (Linux x86_64): Executed 306 of 306 (1 FAILED) (3.361 secs / 3.316 secs)
2023-11-20T03:57:22.4232753Z Firefox 119.0 (Ubuntu 0.0.0): Executed 306 of 306 (1 FAILED) (3.222 secs / 3.188 secs)
2023-11-20T03:57:22.4233420Z TOTAL: 2 FAILED, 610 SUCCESS
2023-11-20T03:57:22.5130954Z ##[error]Process completed with exit code 1.
2023-11-20T03:57:22.5223162Z Post job cleanup.
2023-11-20T03:57:22.6050417Z [command]/usr/bin/git version
2023-11-20T03:57:22.6097815Z git version 2.42.0
2023-11-20T03:57:22.6138947Z Temporarily overriding HOME='/home/runner/work/_temp/4f2ebdf5-4ffc-4683-9c04-43b280d9bedd' before making global git config changes
2023-11-20T03:57:22.6141090Z Adding repository directory to the temporary git global config as a safe directory
2023-11-20T03:57:22.6146271Z [command]/usr/bin/git config --global --add safe.directory /home/runner/work/axios-microprint-example/axios-microprint-example
2023-11-20T03:57:22.6188127Z [command]/usr/bin/git config --local --name-only --get-regexp core\.sshCommand
2023-11-20T03:57:22.6228125Z [command]/usr/bin/git submodule foreach --recursive sh -c "git config --local --name-only --get-regexp 'core\.sshCommand' && git config --local --unset-all 'core.sshCommand' || :"
2023-11-20T03:57:22.6467304Z [command]/usr/bin/git config --local --name-only --get-regexp http\.https\:\/\/github\.com\/\.extraheader
2023-11-20T03:57:22.6507764Z [command]/usr/bin/git submodule foreach --recursive sh -c "git config --local --name-only --get-regexp 'http\.https\:\/\/github\.com\/\.extraheader' && git config --local --unset-all 'http.https://github.com/.extraheader' || :"
2023-11-20T03:57:22.6994871Z Cleaning up orphan processes
