2024-01-15T00:31:03.6041853Z Requested labels: ubuntu-latest
2024-01-15T00:31:03.6042354Z Job defined at: AlphaSteam/axios-microprint-example/.github/workflows/ci.yml@refs/heads/microprint_test
2024-01-15T00:31:03.6042518Z Waiting for a runner to pick up this job...
2024-01-15T00:31:04.4196469Z Job is waiting for a hosted runner to come online.
2024-01-15T00:31:07.4068287Z Job is about to start running on the hosted runner: GitHub Actions 4 (hosted)
2024-01-15T00:31:10.9472293Z Current runner version: '2.311.0'
2024-01-15T00:31:10.9495506Z ##[group]Operating System
2024-01-15T00:31:10.9496088Z Ubuntu
2024-01-15T00:31:10.9496427Z 22.04.3
2024-01-15T00:31:10.9496904Z LTS
2024-01-15T00:31:10.9497207Z ##[endgroup]
2024-01-15T00:31:10.9497583Z ##[group]Runner Image
2024-01-15T00:31:10.9498115Z Image: ubuntu-22.04
2024-01-15T00:31:10.9498480Z Version: 20240107.1.0
2024-01-15T00:31:10.9499464Z Included Software: https://github.com/actions/runner-images/blob/ubuntu22/20240107.1/images/ubuntu/Ubuntu2204-Readme.md
2024-01-15T00:31:10.9500979Z Image Release: https://github.com/actions/runner-images/releases/tag/ubuntu22%2F20240107.1
2024-01-15T00:31:10.9501803Z ##[endgroup]
2024-01-15T00:31:10.9502195Z ##[group]Runner Image Provisioner
2024-01-15T00:31:10.9502761Z 2.0.321.1
2024-01-15T00:31:10.9503061Z ##[endgroup]
2024-01-15T00:31:10.9504006Z ##[group]GITHUB_TOKEN Permissions
2024-01-15T00:31:10.9505530Z Contents: read
2024-01-15T00:31:10.9505946Z Metadata: read
2024-01-15T00:31:10.9506603Z ##[endgroup]
2024-01-15T00:31:10.9509619Z Secret source: Actions
2024-01-15T00:31:10.9510377Z Prepare workflow directory
2024-01-15T00:31:11.0127704Z Prepare all required actions
2024-01-15T00:31:11.0281363Z Getting action download info
2024-01-15T00:31:11.2509195Z Download action repository 'actions/checkout@v3' (SHA:f43a0e5ff2bd294095638e18286ca9a3d1956744)
2024-01-15T00:31:11.3767550Z Download action repository 'actions/setup-node@v3' (SHA:1a4442cacd436585916779262731d5b162bc6ec7)
2024-01-15T00:31:11.5906644Z Complete job name: build (20.x)
2024-01-15T00:31:11.6824686Z ##[group]Run actions/checkout@v3
2024-01-15T00:31:11.6825402Z with:
2024-01-15T00:31:11.6825769Z   persist-credentials: false
2024-01-15T00:31:11.6826350Z   repository: AlphaSteam/axios-microprint-example
2024-01-15T00:31:11.6827229Z   token: ***
2024-01-15T00:31:11.6827595Z   ssh-strict: true
2024-01-15T00:31:11.6828012Z   clean: true
2024-01-15T00:31:11.6828515Z   sparse-checkout-cone-mode: true
2024-01-15T00:31:11.6828987Z   fetch-depth: 1
2024-01-15T00:31:11.6829411Z   fetch-tags: false
2024-01-15T00:31:11.6829871Z   lfs: false
2024-01-15T00:31:11.6830209Z   submodules: false
2024-01-15T00:31:11.6830642Z   set-safe-directory: true
2024-01-15T00:31:11.6831150Z ##[endgroup]
2024-01-15T00:31:11.8914162Z Syncing repository: AlphaSteam/axios-microprint-example
2024-01-15T00:31:11.8916141Z ##[group]Getting Git version info
2024-01-15T00:31:11.8917279Z Working directory is '/home/runner/work/axios-microprint-example/axios-microprint-example'
2024-01-15T00:31:11.8918962Z [command]/usr/bin/git version
2024-01-15T00:31:11.8942053Z git version 2.43.0
2024-01-15T00:31:11.8977073Z ##[endgroup]
2024-01-15T00:31:11.8995419Z Temporarily overriding HOME='/home/runner/work/_temp/c563513b-4eca-4855-b193-3983ac2ee46e' before making global git config changes
2024-01-15T00:31:11.8997677Z Adding repository directory to the temporary git global config as a safe directory
2024-01-15T00:31:11.9002214Z [command]/usr/bin/git config --global --add safe.directory /home/runner/work/axios-microprint-example/axios-microprint-example
2024-01-15T00:31:11.9053892Z Deleting the contents of '/home/runner/work/axios-microprint-example/axios-microprint-example'
2024-01-15T00:31:11.9057411Z ##[group]Initializing the repository
2024-01-15T00:31:11.9060696Z [command]/usr/bin/git init /home/runner/work/axios-microprint-example/axios-microprint-example
2024-01-15T00:31:11.9137467Z hint: Using 'master' as the name for the initial branch. This default branch name
2024-01-15T00:31:11.9139314Z hint: is subject to change. To configure the initial branch name to use in all
2024-01-15T00:31:11.9141154Z hint: of your new repositories, which will suppress this warning, call:
2024-01-15T00:31:11.9142410Z hint: 
2024-01-15T00:31:11.9143381Z hint: 	git config --global init.defaultBranch <name>
2024-01-15T00:31:11.9144555Z hint: 
2024-01-15T00:31:11.9145986Z hint: Names commonly chosen instead of 'master' are 'main', 'trunk' and
2024-01-15T00:31:11.9147872Z hint: 'development'. The just-created branch can be renamed via this command:
2024-01-15T00:31:11.9149815Z hint: 
2024-01-15T00:31:11.9150637Z hint: 	git branch -m <name>
2024-01-15T00:31:11.9152321Z Initialized empty Git repository in /home/runner/work/axios-microprint-example/axios-microprint-example/.git/
2024-01-15T00:31:11.9158688Z [command]/usr/bin/git remote add origin https://github.com/AlphaSteam/axios-microprint-example
2024-01-15T00:31:11.9201982Z ##[endgroup]
2024-01-15T00:31:11.9202763Z ##[group]Disabling automatic garbage collection
2024-01-15T00:31:11.9205400Z [command]/usr/bin/git config --local gc.auto 0
2024-01-15T00:31:11.9240802Z ##[endgroup]
2024-01-15T00:31:11.9241998Z ##[group]Setting up auth
2024-01-15T00:31:11.9247174Z [command]/usr/bin/git config --local --name-only --get-regexp core\.sshCommand
2024-01-15T00:31:11.9284089Z [command]/usr/bin/git submodule foreach --recursive sh -c "git config --local --name-only --get-regexp 'core\.sshCommand' && git config --local --unset-all 'core.sshCommand' || :"
2024-01-15T00:31:11.9651572Z [command]/usr/bin/git config --local --name-only --get-regexp http\.https\:\/\/github\.com\/\.extraheader
2024-01-15T00:31:11.9692272Z [command]/usr/bin/git submodule foreach --recursive sh -c "git config --local --name-only --get-regexp 'http\.https\:\/\/github\.com\/\.extraheader' && git config --local --unset-all 'http.https://github.com/.extraheader' || :"
2024-01-15T00:31:11.9934024Z [command]/usr/bin/git config --local http.https://github.com/.extraheader AUTHORIZATION: basic ***
2024-01-15T00:31:11.9975347Z ##[endgroup]
2024-01-15T00:31:11.9976453Z ##[group]Fetching the repository
2024-01-15T00:31:11.9984139Z [command]/usr/bin/git -c protocol.version=2 fetch --no-tags --prune --progress --no-recurse-submodules --depth=1 origin +b6e01efa7026b6bc4dec441f6b6e989624e00719:refs/remotes/origin/microprint_test
2024-01-15T00:31:12.1879541Z remote: Enumerating objects: 290, done.        
2024-01-15T00:31:12.1881605Z remote: Counting objects:   0% (1/290)        
2024-01-15T00:31:12.1883690Z remote: Counting objects:   1% (3/290)        
2024-01-15T00:31:12.1885118Z remote: Counting objects:   2% (6/290)        
2024-01-15T00:31:12.1886393Z remote: Counting objects:   3% (9/290)        
2024-01-15T00:31:12.1887476Z remote: Counting objects:   4% (12/290)        
2024-01-15T00:31:12.1888265Z remote: Counting objects:   5% (15/290)        
2024-01-15T00:31:12.1889180Z remote: Counting objects:   6% (18/290)        
2024-01-15T00:31:12.1889903Z remote: Counting objects:   7% (21/290)        
2024-01-15T00:31:12.1890506Z remote: Counting objects:   8% (24/290)        
2024-01-15T00:31:12.1891139Z remote: Counting objects:   9% (27/290)        
2024-01-15T00:31:12.1891856Z remote: Counting objects:  10% (29/290)        
2024-01-15T00:31:12.1892474Z remote: Counting objects:  11% (32/290)        
2024-01-15T00:31:12.1893049Z remote: Counting objects:  12% (35/290)        
2024-01-15T00:31:12.1893745Z remote: Counting objects:  13% (38/290)        
2024-01-15T00:31:12.1894391Z remote: Counting objects:  14% (41/290)        
2024-01-15T00:31:12.1895041Z remote: Counting objects:  15% (44/290)        
2024-01-15T00:31:12.1895678Z remote: Counting objects:  16% (47/290)        
2024-01-15T00:31:12.1896283Z remote: Counting objects:  17% (50/290)        
2024-01-15T00:31:12.1896982Z remote: Counting objects:  18% (53/290)        
2024-01-15T00:31:12.1897751Z remote: Counting objects:  19% (56/290)        
2024-01-15T00:31:12.1898365Z remote: Counting objects:  20% (58/290)        
2024-01-15T00:31:12.1898996Z remote: Counting objects:  21% (61/290)        
2024-01-15T00:31:12.1899643Z remote: Counting objects:  22% (64/290)        
2024-01-15T00:31:12.1900236Z remote: Counting objects:  23% (67/290)        
2024-01-15T00:31:12.1900847Z remote: Counting objects:  24% (70/290)        
2024-01-15T00:31:12.1901473Z remote: Counting objects:  25% (73/290)        
2024-01-15T00:31:12.1902069Z remote: Counting objects:  26% (76/290)        
2024-01-15T00:31:12.1902694Z remote: Counting objects:  27% (79/290)        
2024-01-15T00:31:12.1903596Z remote: Counting objects:  28% (82/290)        
2024-01-15T00:31:12.1904212Z remote: Counting objects:  29% (85/290)        
2024-01-15T00:31:12.1904805Z remote: Counting objects:  30% (87/290)        
2024-01-15T00:31:12.1905635Z remote: Counting objects:  31% (90/290)        
2024-01-15T00:31:12.1906494Z remote: Counting objects:  32% (93/290)        
2024-01-15T00:31:12.1907251Z remote: Counting objects:  33% (96/290)        
2024-01-15T00:31:12.1907855Z remote: Counting objects:  34% (99/290)        
2024-01-15T00:31:12.1908465Z remote: Counting objects:  35% (102/290)        
2024-01-15T00:31:12.1909151Z remote: Counting objects:  36% (105/290)        
2024-01-15T00:31:12.1909791Z remote: Counting objects:  37% (108/290)        
2024-01-15T00:31:12.1910386Z remote: Counting objects:  38% (111/290)        
2024-01-15T00:31:12.1911067Z remote: Counting objects:  39% (114/290)        
2024-01-15T00:31:12.1911699Z remote: Counting objects:  40% (116/290)        
2024-01-15T00:31:12.1912273Z remote: Counting objects:  41% (119/290)        
2024-01-15T00:31:12.1912948Z remote: Counting objects:  42% (122/290)        
2024-01-15T00:31:12.1913573Z remote: Counting objects:  43% (125/290)        
2024-01-15T00:31:12.1914140Z remote: Counting objects:  44% (128/290)        
2024-01-15T00:31:12.1914802Z remote: Counting objects:  45% (131/290)        
2024-01-15T00:31:12.1915424Z remote: Counting objects:  46% (134/290)        
2024-01-15T00:31:12.1915993Z remote: Counting objects:  47% (137/290)        
2024-01-15T00:31:12.1916841Z remote: Counting objects:  48% (140/290)        
2024-01-15T00:31:12.1917500Z remote: Counting objects:  49% (143/290)        
2024-01-15T00:31:12.1918103Z remote: Counting objects:  50% (145/290)        
2024-01-15T00:31:12.1918754Z remote: Counting objects:  51% (148/290)        
2024-01-15T00:31:12.1919368Z remote: Counting objects:  52% (151/290)        
2024-01-15T00:31:12.1919965Z remote: Counting objects:  53% (154/290)        
2024-01-15T00:31:12.1920610Z remote: Counting objects:  54% (157/290)        
2024-01-15T00:31:12.1921211Z remote: Counting objects:  55% (160/290)        
2024-01-15T00:31:12.1921814Z remote: Counting objects:  56% (163/290)        
2024-01-15T00:31:12.1922460Z remote: Counting objects:  57% (166/290)        
2024-01-15T00:31:12.1923061Z remote: Counting objects:  58% (169/290)        
2024-01-15T00:31:12.1923878Z remote: Counting objects:  59% (172/290)        
2024-01-15T00:31:12.1924518Z remote: Counting objects:  60% (174/290)        
2024-01-15T00:31:12.1925141Z remote: Counting objects:  61% (177/290)        
2024-01-15T00:31:12.1925753Z remote: Counting objects:  62% (180/290)        
2024-01-15T00:31:12.1926377Z remote: Counting objects:  63% (183/290)        
2024-01-15T00:31:12.1926976Z remote: Counting objects:  64% (186/290)        
2024-01-15T00:31:12.1927590Z remote: Counting objects:  65% (189/290)        
2024-01-15T00:31:12.1928213Z remote: Counting objects:  66% (192/290)        
2024-01-15T00:31:12.1928816Z remote: Counting objects:  67% (195/290)        
2024-01-15T00:31:12.1929438Z remote: Counting objects:  68% (198/290)        
2024-01-15T00:31:12.1930061Z remote: Counting objects:  69% (201/290)        
2024-01-15T00:31:12.1930659Z remote: Counting objects:  70% (203/290)        
2024-01-15T00:31:12.1931272Z remote: Counting objects:  71% (206/290)        
2024-01-15T00:31:12.1931942Z remote: Counting objects:  72% (209/290)        
2024-01-15T00:31:12.1932520Z remote: Counting objects:  73% (212/290)        
2024-01-15T00:31:12.1933140Z remote: Counting objects:  74% (215/290)        
2024-01-15T00:31:12.1933801Z remote: Counting objects:  75% (218/290)        
2024-01-15T00:31:12.1934382Z remote: Counting objects:  76% (221/290)        
2024-01-15T00:31:12.1934982Z remote: Counting objects:  77% (224/290)        
2024-01-15T00:31:12.1935640Z remote: Counting objects:  78% (227/290)        
2024-01-15T00:31:12.1936225Z remote: Counting objects:  79% (230/290)        
2024-01-15T00:31:12.1936826Z remote: Counting objects:  80% (232/290)        
2024-01-15T00:31:12.1937700Z remote: Counting objects:  81% (235/290)        
2024-01-15T00:31:12.1938290Z remote: Counting objects:  82% (238/290)        
2024-01-15T00:31:12.1938890Z remote: Counting objects:  83% (241/290)        
2024-01-15T00:31:12.1939591Z remote: Counting objects:  84% (244/290)        
2024-01-15T00:31:12.1940160Z remote: Counting objects:  85% (247/290)        
2024-01-15T00:31:12.1940772Z remote: Counting objects:  86% (250/290)        
2024-01-15T00:31:12.1941452Z remote: Counting objects:  87% (253/290)        
2024-01-15T00:31:12.1942018Z remote: Counting objects:  88% (256/290)        
2024-01-15T00:31:12.1942618Z remote: Counting objects:  89% (259/290)        
2024-01-15T00:31:12.1943293Z remote: Counting objects:  90% (261/290)        
2024-01-15T00:31:12.1943859Z remote: Counting objects:  91% (264/290)        
2024-01-15T00:31:12.1944460Z remote: Counting objects:  92% (267/290)        
2024-01-15T00:31:12.1945140Z remote: Counting objects:  93% (270/290)        
2024-01-15T00:31:12.1945720Z remote: Counting objects:  94% (273/290)        
2024-01-15T00:31:12.1946321Z remote: Counting objects:  95% (276/290)        
2024-01-15T00:31:12.1947029Z remote: Counting objects:  96% (279/290)        
2024-01-15T00:31:12.1947632Z remote: Counting objects:  97% (282/290)        
2024-01-15T00:31:12.1948211Z remote: Counting objects:  98% (285/290)        
2024-01-15T00:31:12.1948878Z remote: Counting objects:  99% (288/290)        
2024-01-15T00:31:12.1949481Z remote: Counting objects: 100% (290/290)        
2024-01-15T00:31:12.1950284Z remote: Counting objects: 100% (290/290), done.        
2024-01-15T00:31:12.1951023Z remote: Compressing objects:   0% (1/264)        
2024-01-15T00:31:12.1971030Z remote: Compressing objects:   1% (3/264)        
2024-01-15T00:31:12.1984525Z remote: Compressing objects:   2% (6/264)        
2024-01-15T00:31:12.1994162Z remote: Compressing objects:   3% (8/264)        
2024-01-15T00:31:12.2065994Z remote: Compressing objects:   4% (11/264)        
2024-01-15T00:31:12.2073574Z remote: Compressing objects:   5% (14/264)        
2024-01-15T00:31:12.2074402Z remote: Compressing objects:   6% (16/264)        
2024-01-15T00:31:12.2076032Z remote: Compressing objects:   7% (19/264)        
2024-01-15T00:31:12.2077245Z remote: Compressing objects:   8% (22/264)        
2024-01-15T00:31:12.2078452Z remote: Compressing objects:   9% (24/264)        
2024-01-15T00:31:12.2079516Z remote: Compressing objects:  10% (27/264)        
2024-01-15T00:31:12.2080660Z remote: Compressing objects:  11% (30/264)        
2024-01-15T00:31:12.2081844Z remote: Compressing objects:  12% (32/264)        
2024-01-15T00:31:12.2082607Z remote: Compressing objects:  13% (35/264)        
2024-01-15T00:31:12.2084185Z remote: Compressing objects:  14% (37/264)        
2024-01-15T00:31:12.2087773Z remote: Compressing objects:  15% (40/264)        
2024-01-15T00:31:12.2089198Z remote: Compressing objects:  16% (43/264)        
2024-01-15T00:31:12.2092929Z remote: Compressing objects:  17% (45/264)        
2024-01-15T00:31:12.2114540Z remote: Compressing objects:  18% (48/264)        
2024-01-15T00:31:12.2116867Z remote: Compressing objects:  19% (51/264)        
2024-01-15T00:31:12.2121109Z remote: Compressing objects:  20% (53/264)        
2024-01-15T00:31:12.2129508Z remote: Compressing objects:  21% (56/264)        
2024-01-15T00:31:12.2130671Z remote: Compressing objects:  22% (59/264)        
2024-01-15T00:31:12.2135690Z remote: Compressing objects:  23% (61/264)        
2024-01-15T00:31:12.2136884Z remote: Compressing objects:  24% (64/264)        
2024-01-15T00:31:12.2137855Z remote: Compressing objects:  25% (66/264)        
2024-01-15T00:31:12.2144420Z remote: Compressing objects:  26% (69/264)        
2024-01-15T00:31:12.2145548Z remote: Compressing objects:  27% (72/264)        
2024-01-15T00:31:12.2146950Z remote: Compressing objects:  28% (74/264)        
2024-01-15T00:31:12.2147985Z remote: Compressing objects:  29% (77/264)        
2024-01-15T00:31:12.2155655Z remote: Compressing objects:  30% (80/264)        
2024-01-15T00:31:12.2158119Z remote: Compressing objects:  31% (82/264)        
2024-01-15T00:31:12.2162415Z remote: Compressing objects:  32% (85/264)        
2024-01-15T00:31:12.2168094Z remote: Compressing objects:  33% (88/264)        
2024-01-15T00:31:12.2169153Z remote: Compressing objects:  34% (90/264)        
2024-01-15T00:31:12.2170283Z remote: Compressing objects:  35% (93/264)        
2024-01-15T00:31:12.2171233Z remote: Compressing objects:  36% (96/264)        
2024-01-15T00:31:12.2172188Z remote: Compressing objects:  37% (98/264)        
2024-01-15T00:31:12.2172975Z remote: Compressing objects:  38% (101/264)        
2024-01-15T00:31:12.2173664Z remote: Compressing objects:  39% (103/264)        
2024-01-15T00:31:12.2174360Z remote: Compressing objects:  40% (106/264)        
2024-01-15T00:31:12.2175159Z remote: Compressing objects:  41% (109/264)        
2024-01-15T00:31:12.2175867Z remote: Compressing objects:  42% (111/264)        
2024-01-15T00:31:12.2177285Z remote: Compressing objects:  43% (114/264)        
2024-01-15T00:31:12.2180367Z remote: Compressing objects:  44% (117/264)        
2024-01-15T00:31:12.2185287Z remote: Compressing objects:  45% (119/264)        
2024-01-15T00:31:12.2187590Z remote: Compressing objects:  46% (122/264)        
2024-01-15T00:31:12.2191011Z remote: Compressing objects:  47% (125/264)        
2024-01-15T00:31:12.2193447Z remote: Compressing objects:  48% (127/264)        
2024-01-15T00:31:12.2196926Z remote: Compressing objects:  49% (130/264)        
2024-01-15T00:31:12.2198174Z remote: Compressing objects:  50% (132/264)        
2024-01-15T00:31:12.2201466Z remote: Compressing objects:  51% (135/264)        
2024-01-15T00:31:12.2204114Z remote: Compressing objects:  52% (138/264)        
2024-01-15T00:31:12.2207228Z remote: Compressing objects:  53% (140/264)        
2024-01-15T00:31:12.2208835Z remote: Compressing objects:  54% (143/264)        
2024-01-15T00:31:12.2211926Z remote: Compressing objects:  55% (146/264)        
2024-01-15T00:31:12.2216228Z remote: Compressing objects:  56% (148/264)        
2024-01-15T00:31:12.2217973Z remote: Compressing objects:  57% (151/264)        
2024-01-15T00:31:12.2219367Z remote: Compressing objects:  58% (154/264)        
2024-01-15T00:31:12.2221890Z remote: Compressing objects:  59% (156/264)        
2024-01-15T00:31:12.2224374Z remote: Compressing objects:  60% (159/264)        
2024-01-15T00:31:12.2225751Z remote: Compressing objects:  61% (162/264)        
2024-01-15T00:31:12.2227449Z remote: Compressing objects:  62% (164/264)        
2024-01-15T00:31:12.2230332Z remote: Compressing objects:  63% (167/264)        
2024-01-15T00:31:12.2234665Z remote: Compressing objects:  64% (169/264)        
2024-01-15T00:31:12.2325409Z remote: Compressing objects:  65% (172/264)        
2024-01-15T00:31:12.2365877Z remote: Compressing objects:  66% (175/264)        
2024-01-15T00:31:12.2411765Z remote: Compressing objects:  67% (177/264)        
2024-01-15T00:31:12.2424408Z remote: Compressing objects:  68% (180/264)        
2024-01-15T00:31:12.2425358Z remote: Compressing objects:  69% (183/264)        
2024-01-15T00:31:12.2426209Z remote: Compressing objects:  70% (185/264)        
2024-01-15T00:31:12.2426906Z remote: Compressing objects:  71% (188/264)        
2024-01-15T00:31:12.2479446Z remote: Compressing objects:  72% (191/264)        
2024-01-15T00:31:12.2557877Z remote: Compressing objects:  73% (193/264)        
2024-01-15T00:31:12.2559852Z remote: Compressing objects:  74% (196/264)        
2024-01-15T00:31:12.2561481Z remote: Compressing objects:  75% (198/264)        
2024-01-15T00:31:12.2596853Z remote: Compressing objects:  76% (201/264)        
2024-01-15T00:31:12.2599771Z remote: Compressing objects:  77% (204/264)        
2024-01-15T00:31:12.2605388Z remote: Compressing objects:  78% (206/264)        
2024-01-15T00:31:12.2607955Z remote: Compressing objects:  79% (209/264)        
2024-01-15T00:31:12.2610487Z remote: Compressing objects:  80% (212/264)        
2024-01-15T00:31:12.2612096Z remote: Compressing objects:  81% (214/264)        
2024-01-15T00:31:12.2613229Z remote: Compressing objects:  82% (217/264)        
2024-01-15T00:31:12.2614002Z remote: Compressing objects:  83% (220/264)        
2024-01-15T00:31:12.2614835Z remote: Compressing objects:  84% (222/264)        
2024-01-15T00:31:12.2615549Z remote: Compressing objects:  85% (225/264)        
2024-01-15T00:31:12.2616298Z remote: Compressing objects:  86% (228/264)        
2024-01-15T00:31:12.2617124Z remote: Compressing objects:  87% (230/264)        
2024-01-15T00:31:12.2617826Z remote: Compressing objects:  88% (233/264)        
2024-01-15T00:31:12.2618573Z remote: Compressing objects:  89% (235/264)        
2024-01-15T00:31:12.2619358Z remote: Compressing objects:  90% (238/264)        
2024-01-15T00:31:12.2620044Z remote: Compressing objects:  91% (241/264)        
2024-01-15T00:31:12.2620793Z remote: Compressing objects:  92% (243/264)        
2024-01-15T00:31:12.2621564Z remote: Compressing objects:  93% (246/264)        
2024-01-15T00:31:12.2622284Z remote: Compressing objects:  94% (249/264)        
2024-01-15T00:31:12.2622937Z remote: Compressing objects:  95% (251/264)        
2024-01-15T00:31:12.2623672Z remote: Compressing objects:  96% (254/264)        
2024-01-15T00:31:12.2624368Z remote: Compressing objects:  97% (257/264)        
2024-01-15T00:31:12.2625012Z remote: Compressing objects:  98% (259/264)        
2024-01-15T00:31:12.2625774Z remote: Compressing objects:  99% (262/264)        
2024-01-15T00:31:12.2626665Z remote: Compressing objects: 100% (264/264)        
2024-01-15T00:31:12.2627417Z remote: Compressing objects: 100% (264/264), done.        
2024-01-15T00:31:12.2654604Z Receiving objects:   0% (1/290)
2024-01-15T00:31:12.2655710Z Receiving objects:   1% (3/290)
2024-01-15T00:31:12.2657581Z Receiving objects:   2% (6/290)
2024-01-15T00:31:12.2658480Z Receiving objects:   3% (9/290)
2024-01-15T00:31:12.2659307Z Receiving objects:   4% (12/290)
2024-01-15T00:31:12.2660022Z Receiving objects:   5% (15/290)
2024-01-15T00:31:12.2660724Z Receiving objects:   6% (18/290)
2024-01-15T00:31:12.2665107Z Receiving objects:   7% (21/290)
2024-01-15T00:31:12.2666298Z Receiving objects:   8% (24/290)
2024-01-15T00:31:12.2667177Z Receiving objects:   9% (27/290)
2024-01-15T00:31:12.2671912Z Receiving objects:  10% (29/290)
2024-01-15T00:31:12.2673238Z Receiving objects:  11% (32/290)
2024-01-15T00:31:12.2674109Z Receiving objects:  12% (35/290)
2024-01-15T00:31:12.2674874Z Receiving objects:  13% (38/290)
2024-01-15T00:31:12.2811388Z Receiving objects:  14% (41/290)
2024-01-15T00:31:12.2887292Z Receiving objects:  15% (44/290)
2024-01-15T00:31:12.2906570Z Receiving objects:  16% (47/290)
2024-01-15T00:31:12.2954129Z Receiving objects:  17% (50/290)
2024-01-15T00:31:12.3009307Z Receiving objects:  18% (53/290)
2024-01-15T00:31:12.3013538Z Receiving objects:  19% (56/290)
2024-01-15T00:31:12.3014645Z Receiving objects:  20% (58/290)
2024-01-15T00:31:12.3015262Z Receiving objects:  21% (61/290)
2024-01-15T00:31:12.3015881Z Receiving objects:  22% (64/290)
2024-01-15T00:31:12.3016549Z Receiving objects:  23% (67/290)
2024-01-15T00:31:12.3073827Z Receiving objects:  24% (70/290)
2024-01-15T00:31:12.3074892Z Receiving objects:  25% (73/290)
2024-01-15T00:31:12.3076058Z Receiving objects:  26% (76/290)
2024-01-15T00:31:12.3077091Z Receiving objects:  27% (79/290)
2024-01-15T00:31:12.3079007Z Receiving objects:  28% (82/290)
2024-01-15T00:31:12.3080186Z Receiving objects:  29% (85/290)
2024-01-15T00:31:12.3084457Z Receiving objects:  30% (87/290)
2024-01-15T00:31:12.3085355Z Receiving objects:  31% (90/290)
2024-01-15T00:31:12.3086363Z Receiving objects:  32% (93/290)
2024-01-15T00:31:12.3087619Z Receiving objects:  33% (96/290)
2024-01-15T00:31:12.3088430Z Receiving objects:  34% (99/290)
2024-01-15T00:31:12.3089571Z Receiving objects:  35% (102/290)
2024-01-15T00:31:12.3090465Z Receiving objects:  36% (105/290)
2024-01-15T00:31:12.3091237Z Receiving objects:  37% (108/290)
2024-01-15T00:31:12.3092198Z Receiving objects:  38% (111/290)
2024-01-15T00:31:12.3093315Z Receiving objects:  39% (114/290)
2024-01-15T00:31:12.3094093Z Receiving objects:  40% (116/290)
2024-01-15T00:31:12.3095063Z Receiving objects:  41% (119/290)
2024-01-15T00:31:12.3095900Z Receiving objects:  42% (122/290)
2024-01-15T00:31:12.3096746Z Receiving objects:  43% (125/290)
2024-01-15T00:31:12.3097578Z Receiving objects:  44% (128/290)
2024-01-15T00:31:12.3098183Z Receiving objects:  45% (131/290)
2024-01-15T00:31:12.3098906Z Receiving objects:  46% (134/290)
2024-01-15T00:31:12.3101553Z Receiving objects:  47% (137/290)
2024-01-15T00:31:12.3102573Z Receiving objects:  48% (140/290)
2024-01-15T00:31:12.3103487Z Receiving objects:  49% (143/290)
2024-01-15T00:31:12.3104179Z Receiving objects:  50% (145/290)
2024-01-15T00:31:12.3104798Z Receiving objects:  51% (148/290)
2024-01-15T00:31:12.3105380Z Receiving objects:  52% (151/290)
2024-01-15T00:31:12.3105991Z Receiving objects:  53% (154/290)
2024-01-15T00:31:12.3138336Z Receiving objects:  54% (157/290)
2024-01-15T00:31:12.3237622Z Receiving objects:  55% (160/290)
2024-01-15T00:31:12.3378715Z Receiving objects:  56% (163/290)
2024-01-15T00:31:12.3777069Z Receiving objects:  57% (166/290)
2024-01-15T00:31:12.3778000Z Receiving objects:  58% (169/290)
2024-01-15T00:31:12.3908388Z Receiving objects:  59% (172/290)
2024-01-15T00:31:12.3916922Z Receiving objects:  60% (174/290)
2024-01-15T00:31:12.3918085Z Receiving objects:  61% (177/290)
2024-01-15T00:31:12.3922666Z remote: Total 290 (delta 40), reused 105 (delta 12), pack-reused 0        
2024-01-15T00:31:12.3924387Z Receiving objects:  62% (180/290)
2024-01-15T00:31:12.3930491Z Receiving objects:  63% (183/290)
2024-01-15T00:31:12.3931359Z Receiving objects:  64% (186/290)
2024-01-15T00:31:12.3932114Z Receiving objects:  65% (189/290)
2024-01-15T00:31:12.3933026Z Receiving objects:  66% (192/290)
2024-01-15T00:31:12.3933899Z Receiving objects:  67% (195/290)
2024-01-15T00:31:12.3938087Z Receiving objects:  68% (198/290)
2024-01-15T00:31:12.3939221Z Receiving objects:  69% (201/290)
2024-01-15T00:31:12.3941651Z Receiving objects:  70% (203/290)
2024-01-15T00:31:12.3942755Z Receiving objects:  71% (206/290)
2024-01-15T00:31:12.3943726Z Receiving objects:  72% (209/290)
2024-01-15T00:31:12.3944722Z Receiving objects:  73% (212/290)
2024-01-15T00:31:12.3945665Z Receiving objects:  74% (215/290)
2024-01-15T00:31:12.3946285Z Receiving objects:  75% (218/290)
2024-01-15T00:31:12.3947101Z Receiving objects:  76% (221/290)
2024-01-15T00:31:12.3947999Z Receiving objects:  77% (224/290)
2024-01-15T00:31:12.3948630Z Receiving objects:  78% (227/290)
2024-01-15T00:31:12.3949431Z Receiving objects:  79% (230/290)
2024-01-15T00:31:12.3950293Z Receiving objects:  80% (232/290)
2024-01-15T00:31:12.3951038Z Receiving objects:  81% (235/290)
2024-01-15T00:31:12.3951793Z Receiving objects:  82% (238/290)
2024-01-15T00:31:12.3952638Z Receiving objects:  83% (241/290)
2024-01-15T00:31:12.3953431Z Receiving objects:  84% (244/290)
2024-01-15T00:31:12.3954207Z Receiving objects:  85% (247/290)
2024-01-15T00:31:12.3955087Z Receiving objects:  86% (250/290)
2024-01-15T00:31:12.3955842Z Receiving objects:  87% (253/290)
2024-01-15T00:31:12.3956699Z Receiving objects:  88% (256/290)
2024-01-15T00:31:12.3957587Z Receiving objects:  89% (259/290)
2024-01-15T00:31:12.3958298Z Receiving objects:  90% (261/290)
2024-01-15T00:31:12.3959919Z Receiving objects:  91% (264/290)
2024-01-15T00:31:12.3960826Z Receiving objects:  92% (267/290)
2024-01-15T00:31:12.3961586Z Receiving objects:  93% (270/290)
2024-01-15T00:31:12.3962381Z Receiving objects:  94% (273/290)
2024-01-15T00:31:12.3963517Z Receiving objects:  95% (276/290)
2024-01-15T00:31:12.3964584Z Receiving objects:  96% (279/290)
2024-01-15T00:31:12.3965407Z Receiving objects:  97% (282/290)
2024-01-15T00:31:12.3966281Z Receiving objects:  98% (285/290)
2024-01-15T00:31:12.3967013Z Receiving objects:  99% (288/290)
2024-01-15T00:31:12.3967782Z Receiving objects: 100% (290/290)
2024-01-15T00:31:12.3968916Z Receiving objects: 100% (290/290), 955.16 KiB | 7.24 MiB/s, done.
2024-01-15T00:31:12.3970078Z Resolving deltas:   0% (0/40)
2024-01-15T00:31:12.3970619Z Resolving deltas:   2% (1/40)
2024-01-15T00:31:12.3971349Z Resolving deltas:   5% (2/40)
2024-01-15T00:31:12.3972115Z Resolving deltas:   7% (3/40)
2024-01-15T00:31:12.3972827Z Resolving deltas:  10% (4/40)
2024-01-15T00:31:12.3973638Z Resolving deltas:  12% (5/40)
2024-01-15T00:31:12.3983006Z Resolving deltas:  15% (6/40)
2024-01-15T00:31:12.3993513Z Resolving deltas:  17% (7/40)
2024-01-15T00:31:12.4012757Z Resolving deltas:  20% (8/40)
2024-01-15T00:31:12.4013667Z Resolving deltas:  25% (10/40)
2024-01-15T00:31:12.4014453Z Resolving deltas:  27% (11/40)
2024-01-15T00:31:12.4015342Z Resolving deltas:  30% (12/40)
2024-01-15T00:31:12.4016197Z Resolving deltas:  32% (13/40)
2024-01-15T00:31:12.4016979Z Resolving deltas:  35% (14/40)
2024-01-15T00:31:12.4017872Z Resolving deltas:  37% (15/40)
2024-01-15T00:31:12.4018694Z Resolving deltas:  40% (16/40)
2024-01-15T00:31:12.4029431Z Resolving deltas:  42% (17/40)
2024-01-15T00:31:12.4030265Z Resolving deltas:  45% (18/40)
2024-01-15T00:31:12.4030983Z Resolving deltas:  47% (19/40)
2024-01-15T00:31:12.4031657Z Resolving deltas:  50% (20/40)
2024-01-15T00:31:12.4032398Z Resolving deltas:  52% (21/40)
2024-01-15T00:31:12.4033133Z Resolving deltas:  55% (22/40)
2024-01-15T00:31:12.4033833Z Resolving deltas:  57% (23/40)
2024-01-15T00:31:12.4034610Z Resolving deltas:  60% (24/40)
2024-01-15T00:31:12.4035345Z Resolving deltas:  62% (25/40)
2024-01-15T00:31:12.4035912Z Resolving deltas:  65% (26/40)
2024-01-15T00:31:12.4036589Z Resolving deltas:  67% (27/40)
2024-01-15T00:31:12.4037236Z Resolving deltas:  70% (28/40)
2024-01-15T00:31:12.4037689Z Resolving deltas:  72% (29/40)
2024-01-15T00:31:12.4038208Z Resolving deltas:  75% (30/40)
2024-01-15T00:31:12.4038683Z Resolving deltas:  77% (31/40)
2024-01-15T00:31:12.4039144Z Resolving deltas:  80% (32/40)
2024-01-15T00:31:12.4039656Z Resolving deltas:  82% (33/40)
2024-01-15T00:31:12.4061853Z Resolving deltas:  87% (35/40)
2024-01-15T00:31:12.4064030Z Resolving deltas:  90% (36/40)
2024-01-15T00:31:12.4066579Z Resolving deltas:  92% (37/40)
2024-01-15T00:31:12.4070929Z Resolving deltas:  95% (38/40)
2024-01-15T00:31:12.4095082Z Resolving deltas:  97% (39/40)
2024-01-15T00:31:12.4095711Z Resolving deltas: 100% (40/40)
2024-01-15T00:31:12.4096333Z Resolving deltas: 100% (40/40), done.
2024-01-15T00:31:12.4255100Z From https://github.com/AlphaSteam/axios-microprint-example
2024-01-15T00:31:12.4256879Z  * [new ref]         b6e01efa7026b6bc4dec441f6b6e989624e00719 -> origin/microprint_test
2024-01-15T00:31:12.4284003Z ##[endgroup]
2024-01-15T00:31:12.4284942Z ##[group]Determining the checkout info
2024-01-15T00:31:12.4286193Z ##[endgroup]
2024-01-15T00:31:12.4287051Z ##[group]Checking out the ref
2024-01-15T00:31:12.4291023Z [command]/usr/bin/git checkout --progress --force -B microprint_test refs/remotes/origin/microprint_test
2024-01-15T00:31:12.4631394Z Switched to a new branch 'microprint_test'
2024-01-15T00:31:12.4632508Z branch 'microprint_test' set up to track 'origin/microprint_test'.
2024-01-15T00:31:12.4640909Z ##[endgroup]
2024-01-15T00:31:12.4684478Z [command]/usr/bin/git log -1 --format='%H'
2024-01-15T00:31:12.4715400Z 'b6e01efa7026b6bc4dec441f6b6e989624e00719'
2024-01-15T00:31:12.4723656Z ##[group]Removing auth
2024-01-15T00:31:12.4726943Z [command]/usr/bin/git config --local --name-only --get-regexp core\.sshCommand
2024-01-15T00:31:12.4762393Z [command]/usr/bin/git submodule foreach --recursive sh -c "git config --local --name-only --get-regexp 'core\.sshCommand' && git config --local --unset-all 'core.sshCommand' || :"
2024-01-15T00:31:12.5009412Z [command]/usr/bin/git config --local --name-only --get-regexp http\.https\:\/\/github\.com\/\.extraheader
2024-01-15T00:31:12.5037705Z http.https://github.com/.extraheader
2024-01-15T00:31:12.5046355Z [command]/usr/bin/git config --local --unset-all http.https://github.com/.extraheader
2024-01-15T00:31:12.5085132Z [command]/usr/bin/git submodule foreach --recursive sh -c "git config --local --name-only --get-regexp 'http\.https\:\/\/github\.com\/\.extraheader' && git config --local --unset-all 'http.https://github.com/.extraheader' || :"
2024-01-15T00:31:12.5318381Z ##[endgroup]
2024-01-15T00:31:12.5610764Z ##[group]Run actions/setup-node@v3
2024-01-15T00:31:12.5611249Z with:
2024-01-15T00:31:12.5611528Z   node-version: 20.x
2024-01-15T00:31:12.5611998Z   cache: npm
2024-01-15T00:31:12.5612322Z   always-auth: false
2024-01-15T00:31:12.5612661Z   check-latest: false
2024-01-15T00:31:12.5613234Z   token: ***
2024-01-15T00:31:12.5613555Z ##[endgroup]
2024-01-15T00:31:12.7601323Z Found in cache @ /opt/hostedtoolcache/node/20.10.0/x64
2024-01-15T00:31:12.7612104Z ##[group]Environment details
2024-01-15T00:31:16.1051907Z node: v20.10.0
2024-01-15T00:31:16.1052750Z npm: 10.2.3
2024-01-15T00:31:16.1053212Z yarn: 1.22.21
2024-01-15T00:31:16.1054728Z ##[endgroup]
2024-01-15T00:31:16.1067591Z [command]/opt/hostedtoolcache/node/20.10.0/x64/bin/npm config get cache
2024-01-15T00:31:16.5232226Z /home/runner/.npm
2024-01-15T00:31:16.6112774Z npm cache is not found
2024-01-15T00:31:16.6286030Z ##[group]Run npm ci
2024-01-15T00:31:16.6286462Z [36;1mnpm ci[0m
2024-01-15T00:31:16.6351880Z shell: /usr/bin/bash -e {0}
2024-01-15T00:31:16.6352433Z ##[endgroup]
2024-01-15T00:31:27.4563781Z npm WARN deprecated resolve-url@0.2.1: https://github.com/lydell/resolve-url#deprecated
2024-01-15T00:31:27.7220402Z npm WARN deprecated har-validator@5.1.5: this library is no longer supported
2024-01-15T00:31:28.0386392Z npm WARN deprecated source-map-url@0.4.1: See https://github.com/lydell/source-map-url#deprecated
2024-01-15T00:31:28.0626799Z npm WARN deprecated urix@0.1.0: Please see https://github.com/lydell/urix#deprecated
2024-01-15T00:31:28.3005569Z npm WARN deprecated source-map-resolve@0.5.3: See https://github.com/lydell/source-map-resolve#deprecated
2024-01-15T00:31:28.3701053Z npm WARN deprecated chokidar@2.1.8: Chokidar 2 does not receive security updates since 2019. Upgrade to chokidar 3 with 15x fewer dependencies
2024-01-15T00:31:28.3740621Z npm WARN deprecated samsam@1.3.0: This package has been deprecated in favour of @sinonjs/samsam
2024-01-15T00:31:28.3817595Z npm WARN deprecated querystring@0.2.0: The querystring API is considered Legacy. new code should use the URLSearchParams API instead.
2024-01-15T00:31:28.3866331Z npm WARN deprecated chokidar@2.1.8: Chokidar 2 does not receive security updates since 2019. Upgrade to chokidar 3 with 15x fewer dependencies
2024-01-15T00:31:28.6752644Z npm WARN deprecated uuid@3.4.0: Please upgrade  to version 7 or higher.  Older versions may use Math.random() in certain circumstances, which is known to be problematic.  See https://v8.dev/blog/math-random for details.
2024-01-15T00:31:29.5442378Z npm WARN deprecated request@2.88.2: request has been deprecated, see https://github.com/request/request/issues/3142
2024-01-15T00:31:30.2327115Z npm WARN deprecated tar@2.2.2: This version of tar is no longer supported, and will not receive security updates. Please upgrade asap.
2024-01-15T00:31:31.5215084Z npm WARN deprecated core-js@2.6.12: core-js@<3.4 is no longer maintained and not recommended for usage due to the number of issues. Because of the V8 engine whims, feature detection in old core-js versions could cause a slowdown up to 100x even if nothing is polyfilled. Please, upgrade your dependencies to the actual version of core-js.
2024-01-15T00:31:34.1194541Z 
2024-01-15T00:31:34.1195562Z > axios@1.6.0 prepare
2024-01-15T00:31:34.1196525Z > husky install && npm run prepare:hooks
2024-01-15T00:31:34.1197105Z 
2024-01-15T00:31:34.1662925Z husky - Git hooks installed
2024-01-15T00:31:34.3990608Z 
2024-01-15T00:31:34.3991377Z > axios@1.6.0 prepare:hooks
2024-01-15T00:31:34.3992567Z > npx husky set .husky/commit-msg "npx commitlint --edit $1"
2024-01-15T00:31:34.3993061Z 
2024-01-15T00:31:34.8163924Z husky - created .husky/commit-msg
2024-01-15T00:31:34.8583265Z 
2024-01-15T00:31:34.8584165Z added 2053 packages, and audited 2054 packages in 18s
2024-01-15T00:31:34.8585160Z 
2024-01-15T00:31:34.8585504Z 197 packages are looking for funding
2024-01-15T00:31:34.8586627Z   run `npm fund` for details
2024-01-15T00:31:34.8853172Z 
2024-01-15T00:31:34.8853700Z 48 vulnerabilities (18 moderate, 28 high, 2 critical)
2024-01-15T00:31:34.8854144Z 
2024-01-15T00:31:34.8854701Z To address issues that do not require attention, run:
2024-01-15T00:31:34.8855291Z   npm audit fix
2024-01-15T00:31:34.8855543Z 
2024-01-15T00:31:34.8855876Z To address all issues possible (including breaking changes), run:
2024-01-15T00:31:34.8856702Z   npm audit fix --force
2024-01-15T00:31:34.8856919Z 
2024-01-15T00:31:34.8857220Z Some issues need review, and may require choosing
2024-01-15T00:31:34.8857881Z a different dependency.
2024-01-15T00:31:34.8858239Z 
2024-01-15T00:31:34.8858661Z Run `npm audit` for details.
2024-01-15T00:31:34.9476717Z ##[group]Run npm test
2024-01-15T00:31:34.9477284Z [36;1mnpm test[0m
2024-01-15T00:31:34.9528034Z shell: /usr/bin/bash -e {0}
2024-01-15T00:31:34.9528431Z ##[endgroup]
2024-01-15T00:31:35.1722992Z 
2024-01-15T00:31:35.1723496Z > axios@1.6.0 test
2024-01-15T00:31:35.1725009Z > npm run test:eslint && npm run test:mocha && npm run test:karma && npm run test:dtslint && npm run test:exports
2024-01-15T00:31:35.1726094Z 
2024-01-15T00:31:35.4040322Z 
2024-01-15T00:31:35.4040941Z > axios@1.6.0 test:eslint
2024-01-15T00:31:35.4042017Z > node bin/ssl_hotfix.js eslint lib/**/*.js
2024-01-15T00:31:35.4042631Z 
2024-01-15T00:31:35.4400423Z Running eslint lib/adapters/adapters.js lib/adapters/http.js lib/adapters/xhr.js lib/cancel/CancelToken.js lib/cancel/CanceledError.js lib/cancel/isCancel.js lib/core/Axios.js lib/core/AxiosError.js lib/core/AxiosHeaders.js lib/core/InterceptorManager.js lib/core/buildFullPath.js lib/core/dispatchRequest.js lib/core/mergeConfig.js lib/core/settle.js lib/core/transformData.js lib/defaults/index.js lib/defaults/transitional.js lib/env/data.js lib/helpers/AxiosTransformStream.js lib/helpers/AxiosURLSearchParams.js lib/helpers/HttpStatusCode.js lib/helpers/ZlibHeaderTransformStream.js lib/helpers/bind.js lib/helpers/buildURL.js lib/helpers/callbackify.js lib/helpers/combineURLs.js lib/helpers/cookies.js lib/helpers/deprecatedMethod.js lib/helpers/formDataToJSON.js lib/helpers/formDataToStream.js lib/helpers/fromDataURI.js lib/helpers/isAbsoluteURL.js lib/helpers/isAxiosError.js lib/helpers/isURLSameOrigin.js lib/helpers/null.js lib/helpers/parseHeaders.js lib/helpers/parseProtocol.js lib/helpers/readBlob.js lib/helpers/speedometer.js lib/helpers/spread.js lib/helpers/throttle.js lib/helpers/toFormData.js lib/helpers/toURLEncodedForm.js lib/helpers/validator.js lib/platform/index.js on v20.10.0
2024-01-15T00:31:35.4407857Z 
2024-01-15T00:31:35.4408456Z Setting --openssl-legacy-provider as ssl hotfix
2024-01-15T00:31:36.3859654Z 
2024-01-15T00:31:36.3860357Z > axios@1.6.0 test:mocha
2024-01-15T00:31:36.3861761Z > node bin/ssl_hotfix.js mocha test/unit/**/*.js --timeout 30000 --exit
2024-01-15T00:31:36.3862460Z 
2024-01-15T00:31:36.4190075Z Running mocha test/unit/adapters/adapters.js test/unit/adapters/http.js test/unit/core/AxiosHeaders.js test/unit/defaults/transformReponse.js test/unit/helpers/fromDataURI.js test/unit/helpers/parseProtocol.js test/unit/regression/SNYK-JS-AXIOS-1038255.js test/unit/regression/bugs.js test/unit/utils/utils.js --timeout 30000 --exit on v20.10.0
2024-01-15T00:31:36.4193253Z 
2024-01-15T00:31:36.4193920Z Setting --openssl-legacy-provider as ssl hotfix
2024-01-15T00:31:36.7536108Z 
2024-01-15T00:31:36.7540983Z 
2024-01-15T00:31:36.7545423Z   adapters
2024-01-15T00:31:36.7556021Z     ✔ should support loading by fn handle
2024-01-15T00:31:36.7558854Z     ✔ should support loading by name
2024-01-15T00:31:36.7566089Z     ✔ should detect adapter unavailable status
2024-01-15T00:31:36.7568658Z     ✔ should detect adapter unsupported status
2024-01-15T00:31:36.7571315Z     ✔ should pick suitable adapter from the list
2024-01-15T00:31:36.7573160Z 
2024-01-15T00:31:36.7589686Z   supports http with nodejs
2024-01-15T00:31:37.0709709Z     ✔ should throw an error if the timeout property is not parsable as a number (313ms)
2024-01-15T00:31:37.3757631Z     ✔ should parse the timeout property (303ms)
2024-01-15T00:31:37.6774074Z     ✔ should respect the timeout property (301ms)
2024-01-15T00:31:37.9795451Z     ✔ should respect the timeoutErrorMessage property (302ms)
2024-01-15T00:31:37.9849160Z     ✔ should allow passing JSON
2024-01-15T00:31:37.9872207Z     ✔ should allow passing JSON with BOM
2024-01-15T00:31:37.9915698Z     ✔ should redirect
2024-01-15T00:31:37.9937552Z     ✔ should not redirect
2024-01-15T00:31:37.9994254Z     ✔ should support max redirects
2024-01-15T00:31:38.0016421Z     ✔ should support beforeRedirect
2024-01-15T00:31:38.0152894Z     ✔ should support beforeRedirect and proxy with redirect
2024-01-15T00:31:38.0184843Z     ✔ should preserve the HTTP verb on redirect
2024-01-15T00:31:38.0229822Z     ✔ should support UTF8
2024-01-15T00:31:38.0250443Z     ✔ should support basic auth
2024-01-15T00:31:38.0268614Z     ✔ should support basic auth with a header
2024-01-15T00:31:38.0286965Z     ✔ should provides a default User-Agent header
2024-01-15T00:31:38.0303584Z     ✔ should allow the User-Agent header to be overridden
2024-01-15T00:31:38.0321291Z     ✔ should allow the Content-Length header to be overridden
2024-01-15T00:31:38.0344224Z     ✔ should support max content length
2024-01-15T00:31:38.1357176Z     ✔ should support max content length for redirected (101ms)
2024-01-15T00:31:38.2388497Z     ✔ should support max body length (103ms)
2024-01-15T00:31:38.5827961Z     ✔ should properly support default max body length (follow-redirects as well) (344ms)
2024-01-15T00:31:38.5839611Z     ✔ should display error while parsing params
2024-01-15T00:31:38.5857042Z     ✔ should support sockets
2024-01-15T00:31:38.5877556Z     ✔ should support buffers
2024-01-15T00:31:38.5903357Z     ✔ should support HTTP proxies
2024-01-15T00:31:38.6224600Z     ✔ should support HTTPS proxies
2024-01-15T00:31:38.6242893Z     ✔ should not pass through disabled proxy
2024-01-15T00:31:38.6265614Z     ✔ should support proxy set via env var
2024-01-15T00:31:38.6361448Z     ✔ should support HTTPS proxy set via env var
2024-01-15T00:31:38.6391092Z     ✔ should re-evaluate proxy on redirect when proxy set via env var
2024-01-15T00:31:38.6406474Z     ✔ should not use proxy for domains in no_proxy
2024-01-15T00:31:38.6427268Z     ✔ should use proxy for domains not in no_proxy
2024-01-15T00:31:38.6449764Z     ✔ should support HTTP proxy auth
2024-01-15T00:31:38.6471437Z     ✔ should support proxy auth from env
2024-01-15T00:31:38.6493887Z     ✔ should support proxy auth with header
2024-01-15T00:31:38.6509127Z     ✔ should support cancel
2024-01-15T00:31:38.6527837Z     ✔ should combine baseURL and url
2024-01-15T00:31:39.6560283Z     ✔ should support HTTP protocol (1003ms)
2024-01-15T00:31:40.0135129Z     ✔ should support HTTPS protocol (357ms)
2024-01-15T00:31:40.3145740Z     ✔ should return malformed URL (301ms)
2024-01-15T00:31:40.6156195Z     ✔ should return unsupported protocol (301ms)
2024-01-15T00:31:40.6172523Z     ✔ should supply a user-agent if one is not specified
2024-01-15T00:31:40.6186448Z     ✔ should omit a user-agent if one is explicitly disclaimed
2024-01-15T00:31:40.8207076Z     ✔ should throw an error if http server that aborts a chunked request (202ms)
2024-01-15T00:31:40.8228409Z     ✔ should able to cancel multiple requests with CancelToken
2024-01-15T00:31:40.8268901Z     ✔ should respect formSerializer config
2024-01-15T00:31:40.8274773Z     ✔ should properly handle synchronous errors inside the adapter
2024-01-15T00:31:40.8289417Z     ✔ should support function as paramsSerializer value
2024-01-15T00:31:40.8292446Z     compression
2024-01-15T00:31:40.8311386Z       ✔ should support transparent gunzip
2024-01-15T00:31:40.8331754Z       ✔ should support gunzip error handling
2024-01-15T00:31:40.8350463Z       ✔ should support disabling automatic decompression of response data
2024-01-15T00:31:40.8353734Z       algorithms
2024-01-15T00:31:40.8355052Z         gzip decompression
2024-01-15T00:31:40.8371944Z           ✔ should support decompression
2024-01-15T00:31:40.8390821Z           ✔ should not fail if response content-length header is missing (gzip)
2024-01-15T00:31:40.8407670Z           ✔ should not fail with chunked responses (without Content-Length header)
2024-01-15T00:31:40.8422329Z           ✔ should not fail with an empty response without content-length header (Z_BUF_ERROR)
2024-01-15T00:31:40.8437146Z           ✔ should not fail with an empty response with content-length header (Z_BUF_ERROR)
2024-01-15T00:31:40.8439914Z         GZIP decompression
2024-01-15T00:31:40.8453069Z           ✔ should support decompression
2024-01-15T00:31:40.8469247Z           ✔ should not fail if response content-length header is missing (GZIP)
2024-01-15T00:31:40.8484876Z           ✔ should not fail with chunked responses (without Content-Length header)
2024-01-15T00:31:40.8498482Z           ✔ should not fail with an empty response without content-length header (Z_BUF_ERROR)
2024-01-15T00:31:40.8511929Z           ✔ should not fail with an empty response with content-length header (Z_BUF_ERROR)
2024-01-15T00:31:40.8514974Z         compress decompression
2024-01-15T00:31:40.8528747Z           ✔ should support decompression
2024-01-15T00:31:40.8543511Z           ✔ should not fail if response content-length header is missing (compress)
2024-01-15T00:31:40.8558213Z           ✔ should not fail with chunked responses (without Content-Length header)
2024-01-15T00:31:40.8572190Z           ✔ should not fail with an empty response without content-length header (Z_BUF_ERROR)
2024-01-15T00:31:40.8585945Z           ✔ should not fail with an empty response with content-length header (Z_BUF_ERROR)
2024-01-15T00:31:40.8588535Z         deflate decompression
2024-01-15T00:31:40.8604788Z           ✔ should support decompression
2024-01-15T00:31:40.8619956Z           ✔ should not fail if response content-length header is missing (deflate)
2024-01-15T00:31:40.8636054Z           ✔ should not fail with chunked responses (without Content-Length header)
2024-01-15T00:31:40.8650494Z           ✔ should not fail with an empty response without content-length header (Z_BUF_ERROR)
2024-01-15T00:31:40.8664480Z           ✔ should not fail with an empty response with content-length header (Z_BUF_ERROR)
2024-01-15T00:31:40.8667592Z         deflate-raw decompression
2024-01-15T00:31:40.8680477Z           ✔ should support decompression
2024-01-15T00:31:40.8696893Z           ✔ should not fail if response content-length header is missing (deflate)
2024-01-15T00:31:40.8712749Z           ✔ should not fail with chunked responses (without Content-Length header)
2024-01-15T00:31:40.8727072Z           ✔ should not fail with an empty response without content-length header (Z_BUF_ERROR)
2024-01-15T00:31:40.8741336Z           ✔ should not fail with an empty response with content-length header (Z_BUF_ERROR)
2024-01-15T00:31:40.8744172Z         br decompression
2024-01-15T00:31:40.8761158Z           ✔ should support decompression
2024-01-15T00:31:40.8778843Z           ✔ should not fail if response content-length header is missing (br)
2024-01-15T00:31:40.8793372Z           ✔ should not fail with chunked responses (without Content-Length header)
2024-01-15T00:31:40.8807068Z           ✔ should not fail with an empty response without content-length header (Z_BUF_ERROR)
2024-01-15T00:31:40.8820069Z           ✔ should not fail with an empty response with content-length header (Z_BUF_ERROR)
2024-01-15T00:31:40.8822454Z     streams
2024-01-15T00:31:40.8854845Z       ✔ should support streams
2024-01-15T00:31:40.8865953Z       ✔ should pass errors for a failed stream
2024-01-15T00:31:41.8922344Z pipeline error: CanceledError: Request stream has been aborted
2024-01-15T00:31:41.8924628Z       ✔ should destroy the response stream with an error on request stream destroying (1005ms)
2024-01-15T00:31:41.8926923Z Server warning: Premature close
2024-01-15T00:31:41.8930551Z     different options for direct proxy configuration (without env variables)
2024-01-15T00:31:41.8932002Z       ✔ hostname and trailing colon in protocol
2024-01-15T00:31:41.8933525Z       ✔ hostname and no trailing colon in protocol
2024-01-15T00:31:41.8935102Z       ✔ both hostname and host -> hostname takes precedence
2024-01-15T00:31:41.8936493Z       ✔ only host and https protocol
2024-01-15T00:31:41.8937562Z     FormData
2024-01-15T00:31:41.8938548Z       form-data instance (https://www.npmjs.com/package/form-data)
2024-01-15T00:31:41.9018714Z         ✔ should allow passing FormData
2024-01-15T00:31:41.9022789Z       SpecCompliant FormData
2024-01-15T00:31:41.9086846Z         ✔ should allow passing FormData
2024-01-15T00:31:41.9089809Z       toFormData helper
2024-01-15T00:31:41.9285462Z         ✔ should properly serialize nested objects for parsing with multer.js (express.js)
2024-01-15T00:31:41.9289962Z     Blob
2024-01-15T00:31:41.9311225Z       ✔ should support Blob
2024-01-15T00:31:41.9314275Z     URLEncoded Form
2024-01-15T00:31:41.9413555Z       ✔ should post object data as url-encoded form if content-type is application/x-www-form-urlencoded
2024-01-15T00:31:41.9415769Z     Data URL
2024-01-15T00:31:41.9423266Z       ✔ should support requesting data URL as a Buffer
2024-01-15T00:31:41.9430744Z       ✔ should support requesting data URL as a Blob (if supported by the environment)
2024-01-15T00:31:41.9434472Z       ✔ should support requesting data URL as a String (text)
2024-01-15T00:31:41.9439395Z       ✔ should support requesting data URL as a Stream
2024-01-15T00:31:41.9441124Z     progress
2024-01-15T00:31:41.9441727Z       upload
2024-01-15T00:31:52.9527590Z         ✔ should support upload progress capturing (11008ms)
2024-01-15T00:31:52.9532114Z       download
2024-01-15T00:32:03.9650729Z         ✔ should support download progress capturing (11011ms)
2024-01-15T00:32:03.9655526Z     Rate limit
2024-01-15T00:32:13.4805013Z       ✔ should support upload rate limit (9515ms)
2024-01-15T00:32:22.9986969Z       ✔ should support download rate limit (9518ms)
2024-01-15T00:32:22.9988221Z     request aborting
2024-01-15T00:32:23.6050592Z pipeline error: CanceledError: canceled
2024-01-15T00:32:23.6051825Z       ✔ should be able to abort the response stream (606ms)
2024-01-15T00:32:23.6056252Z Server warning: Premature close
2024-01-15T00:32:23.6057970Z     DNS
2024-01-15T00:32:23.6079492Z       ✔ should support a custom DNS lookup function
2024-01-15T00:32:23.6094146Z       ✔ should support a custom DNS lookup function with address entry passing
2024-01-15T00:32:23.6108226Z       ✔ should support a custom DNS lookup function (async)
2024-01-15T00:32:23.6186519Z       ✔ should support a custom DNS lookup function with address entry (async)
2024-01-15T00:32:23.6188098Z       ✔ should support a custom DNS lookup function that returns only IP address (async)
2024-01-15T00:32:23.6188889Z 
2024-01-15T00:32:23.6189141Z   AxiosHeaders
2024-01-15T00:32:23.6189808Z     ✔ should support headers argument
2024-01-15T00:32:23.6215566Z     ✔ should support uppercase name mapping for names overlapped by class methods
2024-01-15T00:32:23.6216487Z     ✔ should be caseless
2024-01-15T00:32:23.6217031Z     set
2024-01-15T00:32:23.6218844Z       ✔ should support adding a single header
2024-01-15T00:32:23.6220112Z       ✔ should support adding multiple headers
2024-01-15T00:32:23.6222630Z       ✔ should support adding multiple headers from raw headers string
2024-01-15T00:32:23.6223917Z       ✔ should not rewrite header the header if the value is false
2024-01-15T00:32:23.6225365Z       ✔ should not rewrite the header if its value is false, unless rewrite options is set to true
2024-01-15T00:32:23.6226545Z     get
2024-01-15T00:32:23.6226838Z       filter
2024-01-15T00:32:23.6227936Z         ✔ should support RegExp
2024-01-15T00:32:23.6229792Z         ✔ should support function
2024-01-15T00:32:23.6230358Z     has
2024-01-15T00:32:23.6232234Z       ✔ should return true if the header is defined, otherwise false
2024-01-15T00:32:23.6233142Z       filter
2024-01-15T00:32:23.6234760Z         ✔ should support RegExp
2024-01-15T00:32:23.6236451Z         ✔ should support function
2024-01-15T00:32:23.6237876Z         ✔ should support string pattern
2024-01-15T00:32:23.6238526Z     delete
2024-01-15T00:32:23.6239753Z       ✔ should delete the header
2024-01-15T00:32:23.6241661Z       ✔ should return true if the header has been deleted, otherwise false
2024-01-15T00:32:23.6242581Z       ✔ should support headers array
2024-01-15T00:32:23.6243371Z       filter
2024-01-15T00:32:23.6245065Z         ✔ should support RegExp
2024-01-15T00:32:23.6246805Z         ✔ should support function
2024-01-15T00:32:23.6248178Z         ✔ should support string pattern
2024-01-15T00:32:23.6248897Z     clear
2024-01-15T00:32:23.6250578Z       ✔ should clear all headers
2024-01-15T00:32:23.6253174Z       ✔ should clear matching headers if a matcher was specified
2024-01-15T00:32:23.6254039Z     toJSON
2024-01-15T00:32:23.6254975Z       ✔ should return headers object with original headers case
2024-01-15T00:32:23.6255771Z     accessors
2024-01-15T00:32:23.6258441Z       ✔ should support get accessor
2024-01-15T00:32:23.6260035Z       ✔ should support set accessor
2024-01-15T00:32:23.6261427Z       ✔ should support has accessor
2024-01-15T00:32:23.6262179Z     normalize()
2024-01-15T00:32:23.6264740Z       ✔ should support auto-formatting
2024-01-15T00:32:23.6266393Z       ✔ should support external defined values
2024-01-15T00:32:23.6268689Z       ✔ should support array values
2024-01-15T00:32:23.6269329Z     AxiosHeaders.concat
2024-01-15T00:32:23.6271254Z       ✔ should concatenate plain headers into an AxiosHeader instance
2024-01-15T00:32:23.6272844Z       ✔ should concatenate raw headers into an AxiosHeader instance
2024-01-15T00:32:23.6274589Z       ✔ should concatenate Axios headers into a new AxiosHeader instance
2024-01-15T00:32:23.6275569Z     toString
2024-01-15T00:32:23.6276946Z       ✔ should serialize AxiosHeader instance to a raw headers string
2024-01-15T00:32:23.6277798Z 
2024-01-15T00:32:23.6278478Z   transformResponse
2024-01-15T00:32:23.6279262Z     200 request
2024-01-15T00:32:23.6281165Z       ✔ parses json
2024-01-15T00:32:23.6283473Z       ✔ ignores XML
2024-01-15T00:32:23.6284314Z     204 request
2024-01-15T00:32:23.6286141Z       ✔ does not parse the empty string
2024-01-15T00:32:23.6287575Z       ✔ does not parse undefined
2024-01-15T00:32:23.6287990Z 
2024-01-15T00:32:23.6288727Z   helpers::fromDataURI
2024-01-15T00:32:23.6291197Z     ✔ should return buffer from data uri
2024-01-15T00:32:23.6291793Z 
2024-01-15T00:32:23.6292070Z   helpers::parseProtocol
2024-01-15T00:32:23.6295194Z     ✔ should parse protocol part if it exists
2024-01-15T00:32:23.6295914Z 
2024-01-15T00:32:23.6296387Z   Server-Side Request Forgery (SSRF)
2024-01-15T00:32:23.6328107Z     ✔ obeys proxy settings when following redirects
2024-01-15T00:32:23.6330758Z 
2024-01-15T00:32:23.6331190Z   issues
2024-01-15T00:32:23.6331660Z     4999
2024-01-15T00:32:23.7356326Z       ✔ should not fail with query parsing (102ms)
2024-01-15T00:32:23.7357097Z     5028
2024-01-15T00:32:23.7378032Z       ✔ should handle set-cookie headers as an array
2024-01-15T00:32:23.7380078Z 
2024-01-15T00:32:23.7380842Z   utils
2024-01-15T00:32:23.7383433Z     ✔ should validate Stream
2024-01-15T00:32:23.7385100Z     ✔ should validate Buffer
2024-01-15T00:32:23.7386092Z     utils::isFormData
2024-01-15T00:32:23.7388858Z       ✔ should detect the FormData instance provided by the `form-data` package
2024-01-15T00:32:23.7390266Z       ✔ should not call toString method on built-in objects instances
2024-01-15T00:32:23.7392168Z       ✔ should not call toString method on built-in objects instances, even if append method exists
2024-01-15T00:32:23.7393951Z       ✔ should detect custom FormData instances by toStringTag signature and append method presence
2024-01-15T00:32:23.7394780Z     toJSON
2024-01-15T00:32:23.7397728Z       ✔ should convert to a plain object without circular references
2024-01-15T00:32:23.7400010Z       ✔ should use objects with defined toJSON method without rebuilding
2024-01-15T00:32:23.7400835Z 
2024-01-15T00:32:23.7402086Z 
2024-01-15T00:32:23.7403657Z   163 passing (47s)
2024-01-15T00:32:23.7403877Z 
2024-01-15T00:32:23.9768419Z 
2024-01-15T00:32:23.9768793Z > axios@1.6.0 test:karma
2024-01-15T00:32:23.9770785Z > node bin/ssl_hotfix.js cross-env LISTEN_ADDR=:: karma start karma.conf.cjs --single-run
2024-01-15T00:32:23.9771710Z 
2024-01-15T00:32:24.0103183Z Running cross-env LISTEN_ADDR=:: karma start karma.conf.cjs --single-run on v20.10.0
2024-01-15T00:32:24.0104033Z 
2024-01-15T00:32:24.0107040Z Setting --openssl-legacy-provider as ssl hotfix
2024-01-15T00:32:24.2842853Z Running ci on GitHub Actions.
2024-01-15T00:32:24.5849370Z (node:2193) MaxListenersExceededWarning: Possible EventEmitter memory leak detected. 11 beforeExit listeners added to [process]. Use emitter.setMaxListeners() to increase limit
2024-01-15T00:32:24.5852479Z (Use `node --trace-warnings ...` to show where the warning was created)
2024-01-15T00:32:24.6509561Z [32m15 01 2024 00:32:24.649:INFO [preprocessor.rollup]: [39mGenerating bundle for ./test/specs/adapter.spec.js
2024-01-15T00:32:24.6713038Z [32m15 01 2024 00:32:24.670:INFO [preprocessor.rollup]: [39mGenerating bundle for ./test/specs/formdata.spec.js
2024-01-15T00:32:24.6903968Z [32m15 01 2024 00:32:24.690:INFO [preprocessor.rollup]: [39mGenerating bundle for ./test/specs/instance.spec.js
2024-01-15T00:32:24.7104245Z [32m15 01 2024 00:32:24.709:INFO [preprocessor.rollup]: [39mGenerating bundle for ./test/specs/api.spec.js
2024-01-15T00:32:24.7386919Z [32m15 01 2024 00:32:24.738:INFO [preprocessor.rollup]: [39mGenerating bundle for ./test/specs/interceptors.spec.js
2024-01-15T00:32:24.7549336Z [32m15 01 2024 00:32:24.754:INFO [preprocessor.rollup]: [39mGenerating bundle for ./test/specs/progress.spec.js
2024-01-15T00:32:24.7744578Z [32m15 01 2024 00:32:24.774:INFO [preprocessor.rollup]: [39mGenerating bundle for ./test/specs/requests.spec.js
2024-01-15T00:32:24.7799000Z [32m15 01 2024 00:32:24.779:INFO [preprocessor.rollup]: [39mGenerating bundle for ./test/specs/promise.spec.js
2024-01-15T00:32:24.7952506Z [32m15 01 2024 00:32:24.794:INFO [preprocessor.rollup]: [39mGenerating bundle for ./test/specs/core/enhanceError.spec.js
2024-01-15T00:32:24.7957304Z Generated an empty chunk: "enhanceError.spec"
2024-01-15T00:32:24.9622308Z [32m15 01 2024 00:32:24.961:INFO [preprocessor.rollup]: [39mGenerating bundle for ./test/specs/helpers/bind.spec.js
2024-01-15T00:32:24.9698329Z [32m15 01 2024 00:32:24.969:INFO [preprocessor.rollup]: [39mGenerating bundle for ./test/specs/helpers/isAbsoluteURL.spec.js
2024-01-15T00:32:24.9745028Z [32m15 01 2024 00:32:24.974:INFO [preprocessor.rollup]: [39mGenerating bundle for ./test/specs/helpers/combineURLs.spec.js
2024-01-15T00:32:24.9831466Z [32m15 01 2024 00:32:24.982:INFO [preprocessor.rollup]: [39mGenerating bundle for ./test/specs/helpers/spread.spec.js
2024-01-15T00:32:24.9866381Z preferring built-in module 'assert' over local alternative at '/home/runner/work/axios-microprint-example/axios-microprint-example/node_modules/assert/assert.js', pass 'preferBuiltins: false' to disable this behavior or 'preferBuiltins: true' to disable this warning
2024-01-15T00:32:25.0345044Z [32m15 01 2024 00:32:25.034:INFO [preprocessor.rollup]: [39mGenerating bundle for ./test/specs/cancel.spec.js
2024-01-15T00:32:25.2278193Z [32m15 01 2024 00:32:25.227:INFO [preprocessor.rollup]: [39mGenerating bundle for ./test/specs/utils/extend.spec.js
2024-01-15T00:32:25.2430443Z [32m15 01 2024 00:32:25.242:INFO [preprocessor.rollup]: [39mGenerating bundle for ./test/specs/utils/forEach.spec.js
2024-01-15T00:32:25.2662633Z [32m15 01 2024 00:32:25.265:INFO [preprocessor.rollup]: [39mGenerating bundle for ./test/specs/utils/isX.spec.js
2024-01-15T00:32:25.2810528Z [32m15 01 2024 00:32:25.280:INFO [preprocessor.rollup]: [39mGenerating bundle for ./test/specs/utils/merge.spec.js
2024-01-15T00:32:25.2988513Z [32m15 01 2024 00:32:25.298:INFO [preprocessor.rollup]: [39mGenerating bundle for ./test/specs/utils/trim.spec.js
2024-01-15T00:32:25.3057156Z [32m15 01 2024 00:32:25.305:INFO [preprocessor.rollup]: [39mGenerating bundle for ./test/specs/core/buildFullPath.spec.js
2024-01-15T00:32:25.4297123Z preferring built-in module 'assert' over local alternative at '/home/runner/work/axios-microprint-example/axios-microprint-example/node_modules/assert/assert.js', pass 'preferBuiltins: false' to disable this behavior or 'preferBuiltins: true' to disable this warning
2024-01-15T00:32:25.4301113Z 'assert' is imported by test/specs/headers.spec.js, but could not be resolved – treating it as an external dependency
2024-01-15T00:32:25.4321111Z "default" is imported from external module "assert" but never used in "test/specs/headers.spec.js".
2024-01-15T00:32:25.4323996Z [32m15 01 2024 00:32:25.432:INFO [preprocessor.rollup]: [39mGenerating bundle for ./test/specs/headers.spec.js
2024-01-15T00:32:25.4334305Z Creating a browser bundle that depends on Node.js built-in modules ("assert"). You might need to include https://github.com/snowpackjs/rollup-plugin-polyfill-node
2024-01-15T00:32:25.4834184Z [32m15 01 2024 00:32:25.483:INFO [preprocessor.rollup]: [39mGenerating bundle for ./test/specs/options.spec.js
2024-01-15T00:32:25.4956318Z [32m15 01 2024 00:32:25.495:INFO [preprocessor.rollup]: [39mGenerating bundle for ./test/specs/transform.spec.js
2024-01-15T00:32:25.5136795Z [32m15 01 2024 00:32:25.513:INFO [preprocessor.rollup]: [39mGenerating bundle for ./test/specs/core/AxiosError.spec.js
2024-01-15T00:32:25.5282725Z [32m15 01 2024 00:32:25.527:INFO [preprocessor.rollup]: [39mGenerating bundle for ./test/specs/helpers/isAxiosError.spec.js
2024-01-15T00:32:25.5391943Z [32m15 01 2024 00:32:25.538:INFO [preprocessor.rollup]: [39mGenerating bundle for ./test/specs/helpers/formDataToJSON.spec.js
2024-01-15T00:32:25.5525152Z [32m15 01 2024 00:32:25.552:INFO [preprocessor.rollup]: [39mGenerating bundle for ./test/specs/cancel/isCancel.spec.js
2024-01-15T00:32:25.5675677Z [32m15 01 2024 00:32:25.567:INFO [preprocessor.rollup]: [39mGenerating bundle for ./test/specs/cancel/CancelToken.spec.js
2024-01-15T00:32:25.5830270Z [32m15 01 2024 00:32:25.582:INFO [preprocessor.rollup]: [39mGenerating bundle for ./test/specs/cancel/CanceledError.spec.js
2024-01-15T00:32:25.5934379Z [32m15 01 2024 00:32:25.593:INFO [preprocessor.rollup]: [39mGenerating bundle for ./test/specs/helpers/parseHeaders.spec.js
2024-01-15T00:32:25.6099125Z [32m15 01 2024 00:32:25.609:INFO [preprocessor.rollup]: [39mGenerating bundle for ./test/specs/helpers/toFormData.spec.js
2024-01-15T00:32:25.7242728Z [32m15 01 2024 00:32:25.723:INFO [preprocessor.rollup]: [39mGenerating bundle for ./test/specs/core/settle.spec.js
2024-01-15T00:32:25.7436244Z [32m15 01 2024 00:32:25.743:INFO [preprocessor.rollup]: [39mGenerating bundle for ./test/specs/helpers/validator.spec.js
2024-01-15T00:32:25.7987612Z [32m15 01 2024 00:32:25.798:INFO [preprocessor.rollup]: [39mGenerating bundle for ./test/specs/helpers/buildURL.spec.js
2024-01-15T00:32:25.8536159Z [32m15 01 2024 00:32:25.853:INFO [preprocessor.rollup]: [39mGenerating bundle for ./test/specs/core/mergeConfig.spec.js
2024-01-15T00:32:25.9012675Z [32m15 01 2024 00:32:25.900:INFO [preprocessor.rollup]: [39mGenerating bundle for ./test/specs/defaults.spec.js
2024-01-15T00:32:25.9437808Z [32m15 01 2024 00:32:25.943:INFO [preprocessor.rollup]: [39mGenerating bundle for ./test/specs/__helpers.js
2024-01-15T00:32:25.9908587Z [32m15 01 2024 00:32:25.990:INFO [preprocessor.rollup]: [39mGenerating bundle for ./test/specs/basicAuth.spec.js
2024-01-15T00:32:26.0413950Z [32m15 01 2024 00:32:26.041:INFO [preprocessor.rollup]: [39mGenerating bundle for ./test/specs/core/transformData.spec.js
2024-01-15T00:32:26.0688459Z [32m15 01 2024 00:32:26.068:INFO [preprocessor.rollup]: [39mGenerating bundle for ./test/specs/xsrf.spec.js
2024-01-15T00:32:26.0851911Z [32m15 01 2024 00:32:26.084:INFO [preprocessor.rollup]: [39mGenerating bundle for ./test/specs/helpers/cookies.spec.js
2024-01-15T00:32:26.1050352Z [32m15 01 2024 00:32:26.104:INFO [preprocessor.rollup]: [39mGenerating bundle for ./test/specs/helpers/isURLSameOrigin.spec.js
2024-01-15T00:32:26.1128006Z [32m15 01 2024 00:32:26.112:INFO [karma-server]: [39mKarma v6.3.20 server started at http://localhost:9876/
2024-01-15T00:32:26.1129811Z [32m15 01 2024 00:32:26.112:INFO [launcher]: [39mLaunching browsers FirefoxHeadless, ChromeHeadless with concurrency unlimited
2024-01-15T00:32:26.1169015Z [32m15 01 2024 00:32:26.116:INFO [launcher]: [39mStarting browser FirefoxHeadless
2024-01-15T00:32:26.1544845Z [32m15 01 2024 00:32:26.154:INFO [launcher]: [39mStarting browser ChromeHeadless
2024-01-15T00:32:38.3653800Z [32m15 01 2024 00:32:38.365:INFO [Chrome Headless 120.0.6099.199 (Linux x86_64)]: [39mConnected on socket pEOx8i-Cm9Mg4sUCAAAB with id 5546232
2024-01-15T00:32:38.8167759Z Chrome Headless 120.0.6099.199 (Linux x86_64): Executed 0 of 306 SUCCESS (0 secs / 0 secs)
2024-01-15T00:32:38.8383857Z [1A[2KChrome Headless 120.0.6099.199 (Linux x86_64): Executed 1 of 306 SUCCESS (0 secs / 0.023 secs)
2024-01-15T00:32:38.8390358Z [1A[2KChrome Headless 120.0.6099.199 (Linux x86_64): Executed 2 of 306 SUCCESS (0 secs / 0.024 secs)
2024-01-15T00:32:38.8393862Z [1A[2KChrome Headless 120.0.6099.199 (Linux x86_64): Executed 3 of 306 SUCCESS (0 secs / 0.024 secs)
2024-01-15T00:32:38.8403847Z [1A[2KChrome Headless 120.0.6099.199 (Linux x86_64): Executed 4 of 306 SUCCESS (0 secs / 0.024 secs)
2024-01-15T00:32:38.8419090Z [33m15 01 2024 00:32:38.841:WARN [web-server]: [39m404: /test
2024-01-15T00:32:38.8428733Z [1A[2KChrome Headless 120.0.6099.199 (Linux x86_64): Executed 5 of 306 SUCCESS (0 secs / 0.027 secs)
2024-01-15T00:32:38.8430819Z [1A[2KChrome Headless 120.0.6099.199 (Linux x86_64): Executed 6 of 306 SUCCESS (0 secs / 0.027 secs)
2024-01-15T00:32:38.8439222Z [1A[2KChrome Headless 120.0.6099.199 (Linux x86_64): Executed 7 of 306 SUCCESS (0 secs / 0.028 secs)
2024-01-15T00:32:38.8498344Z [1A[2KChrome Headless 120.0.6099.199 (Linux x86_64): Executed 8 of 306 SUCCESS (0 secs / 0.034 secs)
2024-01-15T00:32:38.8501210Z [1A[2KChrome Headless 120.0.6099.199 (Linux x86_64): Executed 9 of 306 SUCCESS (0 secs / 0.034 secs)
2024-01-15T00:32:38.8503639Z [1A[2KChrome Headless 120.0.6099.199 (Linux x86_64): Executed 10 of 306 SUCCESS (0 secs / 0.034 secs)
2024-01-15T00:32:38.8506322Z [1A[2KChrome Headless 120.0.6099.199 (Linux x86_64): Executed 11 of 306 SUCCESS (0 secs / 0.035 secs)
2024-01-15T00:32:38.8515769Z [1A[2KChrome Headless 120.0.6099.199 (Linux x86_64): Executed 12 of 306 SUCCESS (0 secs / 0.035 secs)
2024-01-15T00:32:38.8518294Z [1A[2KChrome Headless 120.0.6099.199 (Linux x86_64): Executed 13 of 306 SUCCESS (0 secs / 0.035 secs)
2024-01-15T00:32:38.8520839Z [1A[2KChrome Headless 120.0.6099.199 (Linux x86_64): Executed 14 of 306 SUCCESS (0 secs / 0.035 secs)
2024-01-15T00:32:38.8523509Z [1A[2KChrome Headless 120.0.6099.199 (Linux x86_64): Executed 15 of 306 SUCCESS (0 secs / 0.035 secs)
2024-01-15T00:32:38.8525925Z [1A[2KChrome Headless 120.0.6099.199 (Linux x86_64): Executed 16 of 306 SUCCESS (0 secs / 0.035 secs)
2024-01-15T00:32:38.9541961Z [1A[2KChrome Headless 120.0.6099.199 (Linux x86_64): Executed 17 of 306 SUCCESS (0 secs / 0.138 secs)
2024-01-15T00:32:39.0550545Z [1A[2KChrome Headless 120.0.6099.199 (Linux x86_64): Executed 18 of 306 SUCCESS (0 secs / 0.239 secs)
2024-01-15T00:32:39.1560213Z [1A[2KChrome Headless 120.0.6099.199 (Linux x86_64): Executed 19 of 306 SUCCESS (0 secs / 0.34 secs)
2024-01-15T00:32:39.1571691Z [1A[2KChrome Headless 120.0.6099.199 (Linux x86_64): Executed 20 of 306 SUCCESS (0 secs / 0.341 secs)
2024-01-15T00:32:39.1578465Z [1A[2KChrome Headless 120.0.6099.199 (Linux x86_64): Executed 21 of 306 SUCCESS (0 secs / 0.342 secs)
2024-01-15T00:32:39.1589280Z [1A[2KChrome Headless 120.0.6099.199 (Linux x86_64): Executed 22 of 306 SUCCESS (0 secs / 0.343 secs)
2024-01-15T00:32:39.1596042Z [1A[2KChrome Headless 120.0.6099.199 (Linux x86_64): Executed 23 of 306 SUCCESS (0 secs / 0.344 secs)
2024-01-15T00:32:39.1603737Z [1A[2KChrome Headless 120.0.6099.199 (Linux x86_64): Executed 24 of 306 SUCCESS (0 secs / 0.344 secs)
2024-01-15T00:32:39.1609366Z [1A[2KChrome Headless 120.0.6099.199 (Linux x86_64): Executed 25 of 306 SUCCESS (0 secs / 0.344 secs)
2024-01-15T00:32:39.1611095Z [1A[2KChrome Headless 120.0.6099.199 (Linux x86_64): Executed 26 of 306 SUCCESS (0 secs / 0.344 secs)
2024-01-15T00:32:39.1615963Z [1A[2KChrome Headless 120.0.6099.199 (Linux x86_64): Executed 27 of 306 SUCCESS (0 secs / 0.344 secs)
2024-01-15T00:32:39.1618133Z [1A[2KChrome Headless 120.0.6099.199 (Linux x86_64): Executed 28 of 306 SUCCESS (0 secs / 0.344 secs)
2024-01-15T00:32:39.1622683Z [1A[2KChrome Headless 120.0.6099.199 (Linux x86_64): Executed 29 of 306 SUCCESS (0 secs / 0.344 secs)
2024-01-15T00:32:39.1625069Z [1A[2KChrome Headless 120.0.6099.199 (Linux x86_64): Executed 30 of 306 SUCCESS (0 secs / 0.344 secs)
2024-01-15T00:32:39.1627186Z [1A[2KChrome Headless 120.0.6099.199 (Linux x86_64): Executed 31 of 306 SUCCESS (0 secs / 0.344 secs)
2024-01-15T00:32:39.1631908Z [1A[2KChrome Headless 120.0.6099.199 (Linux x86_64): Executed 32 of 306 SUCCESS (0 secs / 0.345 secs)
2024-01-15T00:32:39.1634189Z [1A[2KChrome Headless 120.0.6099.199 (Linux x86_64): Executed 33 of 306 SUCCESS (0 secs / 0.345 secs)
2024-01-15T00:32:39.1636489Z [1A[2KChrome Headless 120.0.6099.199 (Linux x86_64): Executed 34 of 306 SUCCESS (0 secs / 0.345 secs)
2024-01-15T00:32:39.1638121Z [1A[2KChrome Headless 120.0.6099.199 (Linux x86_64): Executed 35 of 306 SUCCESS (0 secs / 0.345 secs)
2024-01-15T00:32:39.1639232Z [1A[2KChrome Headless 120.0.6099.199 (Linux x86_64): Executed 36 of 306 SUCCESS (0 secs / 0.345 secs)
2024-01-15T00:32:39.1643905Z [1A[2KChrome Headless 120.0.6099.199 (Linux x86_64): Executed 37 of 306 SUCCESS (0 secs / 0.345 secs)
2024-01-15T00:32:39.1651969Z [1A[2KChrome Headless 120.0.6099.199 (Linux x86_64): Executed 38 of 306 SUCCESS (0 secs / 0.345 secs)
2024-01-15T00:32:39.1654085Z [1A[2KChrome Headless 120.0.6099.199 (Linux x86_64): Executed 39 of 306 SUCCESS (0 secs / 0.345 secs)
2024-01-15T00:32:39.1655442Z [1A[2KChrome Headless 120.0.6099.199 (Linux x86_64): Executed 40 of 306 SUCCESS (0 secs / 0.346 secs)
2024-01-15T00:32:39.1659087Z [1A[2KChrome Headless 120.0.6099.199 (Linux x86_64): Executed 41 of 306 SUCCESS (0 secs / 0.346 secs)
2024-01-15T00:32:39.1662926Z [1A[2KChrome Headless 120.0.6099.199 (Linux x86_64): Executed 42 of 306 SUCCESS (0 secs / 0.346 secs)
2024-01-15T00:32:39.1665985Z [1A[2KChrome Headless 120.0.6099.199 (Linux x86_64): Executed 43 of 306 SUCCESS (0 secs / 0.347 secs)
2024-01-15T00:32:39.1668313Z [1A[2KChrome Headless 120.0.6099.199 (Linux x86_64): Executed 44 of 306 SUCCESS (0 secs / 0.347 secs)
2024-01-15T00:32:39.1677618Z [1A[2KChrome Headless 120.0.6099.199 (Linux x86_64): Executed 45 of 306 SUCCESS (0 secs / 0.348 secs)
2024-01-15T00:32:39.1683722Z [1A[2KChrome Headless 120.0.6099.199 (Linux x86_64): Executed 46 of 306 SUCCESS (0 secs / 0.348 secs)
2024-01-15T00:32:39.1689905Z [1A[2KChrome Headless 120.0.6099.199 (Linux x86_64): Executed 47 of 306 SUCCESS (0 secs / 0.348 secs)
2024-01-15T00:32:39.1694150Z [1A[2KChrome Headless 120.0.6099.199 (Linux x86_64): Executed 48 of 306 SUCCESS (0 secs / 0.349 secs)
2024-01-15T00:32:39.1698281Z [1A[2KChrome Headless 120.0.6099.199 (Linux x86_64): Executed 49 of 306 SUCCESS (0 secs / 0.349 secs)
2024-01-15T00:32:39.1701975Z [1A[2KChrome Headless 120.0.6099.199 (Linux x86_64): Executed 50 of 306 SUCCESS (0 secs / 0.349 secs)
2024-01-15T00:32:39.1704033Z [1A[2KChrome Headless 120.0.6099.199 (Linux x86_64): Executed 51 of 306 SUCCESS (0 secs / 0.349 secs)
2024-01-15T00:32:39.1706294Z [1A[2KChrome Headless 120.0.6099.199 (Linux x86_64): Executed 52 of 306 SUCCESS (0 secs / 0.35 secs)
2024-01-15T00:32:39.1708363Z [1A[2KChrome Headless 120.0.6099.199 (Linux x86_64): Executed 53 of 306 SUCCESS (0 secs / 0.351 secs)
2024-01-15T00:32:39.1710388Z [1A[2KChrome Headless 120.0.6099.199 (Linux x86_64): Executed 54 of 306 SUCCESS (0 secs / 0.351 secs)
2024-01-15T00:32:39.1712925Z [1A[2KChrome Headless 120.0.6099.199 (Linux x86_64): Executed 55 of 306 SUCCESS (0 secs / 0.351 secs)
2024-01-15T00:32:39.1714945Z [1A[2KChrome Headless 120.0.6099.199 (Linux x86_64): Executed 56 of 306 SUCCESS (0 secs / 0.351 secs)
2024-01-15T00:32:39.1717147Z [1A[2KChrome Headless 120.0.6099.199 (Linux x86_64): Executed 57 of 306 SUCCESS (0 secs / 0.351 secs)
2024-01-15T00:32:39.1719188Z [1A[2KChrome Headless 120.0.6099.199 (Linux x86_64): Executed 58 of 306 SUCCESS (0 secs / 0.351 secs)
2024-01-15T00:32:39.1721346Z [1A[2KChrome Headless 120.0.6099.199 (Linux x86_64): Executed 59 of 306 SUCCESS (0 secs / 0.351 secs)
2024-01-15T00:32:39.1723679Z [1A[2KChrome Headless 120.0.6099.199 (Linux x86_64): Executed 60 of 306 SUCCESS (0 secs / 0.351 secs)
2024-01-15T00:32:39.1725961Z [1A[2KChrome Headless 120.0.6099.199 (Linux x86_64): Executed 61 of 306 SUCCESS (0 secs / 0.351 secs)
2024-01-15T00:32:39.1728095Z [1A[2KChrome Headless 120.0.6099.199 (Linux x86_64): Executed 62 of 306 SUCCESS (0 secs / 0.351 secs)
2024-01-15T00:32:39.1730286Z [1A[2KChrome Headless 120.0.6099.199 (Linux x86_64): Executed 63 of 306 SUCCESS (0 secs / 0.351 secs)
2024-01-15T00:32:39.1732347Z [1A[2KChrome Headless 120.0.6099.199 (Linux x86_64): Executed 64 of 306 SUCCESS (0 secs / 0.351 secs)
2024-01-15T00:32:39.1734380Z [1A[2KChrome Headless 120.0.6099.199 (Linux x86_64): Executed 65 of 306 SUCCESS (0 secs / 0.351 secs)
2024-01-15T00:32:39.1736625Z [1A[2KChrome Headless 120.0.6099.199 (Linux x86_64): Executed 66 of 306 SUCCESS (0 secs / 0.351 secs)
2024-01-15T00:32:39.1738698Z [1A[2KChrome Headless 120.0.6099.199 (Linux x86_64): Executed 67 of 306 SUCCESS (0 secs / 0.351 secs)
2024-01-15T00:32:39.1740712Z [1A[2KChrome Headless 120.0.6099.199 (Linux x86_64): Executed 68 of 306 SUCCESS (0 secs / 0.351 secs)
2024-01-15T00:32:39.1742927Z [1A[2KChrome Headless 120.0.6099.199 (Linux x86_64): Executed 69 of 306 SUCCESS (0 secs / 0.351 secs)
2024-01-15T00:32:39.1744946Z [1A[2KChrome Headless 120.0.6099.199 (Linux x86_64): Executed 70 of 306 SUCCESS (0 secs / 0.352 secs)
2024-01-15T00:32:39.1747154Z [1A[2KChrome Headless 120.0.6099.199 (Linux x86_64): Executed 71 of 306 SUCCESS (0 secs / 0.352 secs)
2024-01-15T00:32:39.1749244Z [1A[2KChrome Headless 120.0.6099.199 (Linux x86_64): Executed 72 of 306 SUCCESS (0 secs / 0.352 secs)
2024-01-15T00:32:39.1751294Z [1A[2KChrome Headless 120.0.6099.199 (Linux x86_64): Executed 73 of 306 SUCCESS (0 secs / 0.352 secs)
2024-01-15T00:32:39.1753413Z [1A[2KChrome Headless 120.0.6099.199 (Linux x86_64): Executed 74 of 306 SUCCESS (0 secs / 0.352 secs)
2024-01-15T00:32:39.1755516Z [1A[2KChrome Headless 120.0.6099.199 (Linux x86_64): Executed 75 of 306 SUCCESS (0 secs / 0.353 secs)
2024-01-15T00:32:39.1757572Z [1A[2KChrome Headless 120.0.6099.199 (Linux x86_64): Executed 76 of 306 SUCCESS (0 secs / 0.353 secs)
2024-01-15T00:32:39.1759823Z [1A[2KChrome Headless 120.0.6099.199 (Linux x86_64): Executed 77 of 306 SUCCESS (0 secs / 0.353 secs)
2024-01-15T00:32:39.1761330Z [1A[2KChrome Headless 120.0.6099.199 (Linux x86_64): Executed 78 of 306 SUCCESS (0 secs / 0.353 secs)
2024-01-15T00:32:39.1762374Z [1A[2KChrome Headless 120.0.6099.199 (Linux x86_64): Executed 79 of 306 SUCCESS (0 secs / 0.353 secs)
2024-01-15T00:32:39.1764144Z [1A[2KChrome Headless 120.0.6099.199 (Linux x86_64): Executed 80 of 306 SUCCESS (0 secs / 0.354 secs)
2024-01-15T00:32:39.1766209Z [1A[2KChrome Headless 120.0.6099.199 (Linux x86_64): Executed 81 of 306 SUCCESS (0 secs / 0.354 secs)
2024-01-15T00:32:39.1768342Z [1A[2KChrome Headless 120.0.6099.199 (Linux x86_64): Executed 82 of 306 SUCCESS (0 secs / 0.354 secs)
2024-01-15T00:32:39.1770617Z [1A[2KChrome Headless 120.0.6099.199 (Linux x86_64): Executed 83 of 306 SUCCESS (0 secs / 0.354 secs)
2024-01-15T00:32:39.1772454Z [1A[2KChrome Headless 120.0.6099.199 (Linux x86_64): Executed 84 of 306 SUCCESS (0 secs / 0.354 secs)
2024-01-15T00:32:39.1774483Z [1A[2KChrome Headless 120.0.6099.199 (Linux x86_64): Executed 85 of 306 SUCCESS (0 secs / 0.354 secs)
2024-01-15T00:32:39.1777029Z [1A[2KChrome Headless 120.0.6099.199 (Linux x86_64): Executed 86 of 306 SUCCESS (0 secs / 0.354 secs)
2024-01-15T00:32:39.1779073Z [1A[2KChrome Headless 120.0.6099.199 (Linux x86_64): Executed 87 of 306 SUCCESS (0 secs / 0.354 secs)
2024-01-15T00:32:39.1781294Z [1A[2KChrome Headless 120.0.6099.199 (Linux x86_64): Executed 88 of 306 SUCCESS (0 secs / 0.354 secs)
2024-01-15T00:32:39.1783296Z [1A[2KChrome Headless 120.0.6099.199 (Linux x86_64): Executed 89 of 306 SUCCESS (0 secs / 0.354 secs)
2024-01-15T00:32:39.1785303Z [1A[2KChrome Headless 120.0.6099.199 (Linux x86_64): Executed 90 of 306 SUCCESS (0 secs / 0.355 secs)
2024-01-15T00:32:39.1786714Z [1A[2KChrome Headless 120.0.6099.199 (Linux x86_64): Executed 91 of 306 SUCCESS (0 secs / 0.355 secs)
2024-01-15T00:32:39.1787974Z [1A[2KChrome Headless 120.0.6099.199 (Linux x86_64): Executed 92 of 306 SUCCESS (0 secs / 0.355 secs)
2024-01-15T00:32:39.1789074Z [1A[2KChrome Headless 120.0.6099.199 (Linux x86_64): Executed 93 of 306 SUCCESS (0 secs / 0.356 secs)
2024-01-15T00:32:39.1795895Z [1A[2KChrome Headless 120.0.6099.199 (Linux x86_64): Executed 94 of 306 SUCCESS (0 secs / 0.357 secs)
2024-01-15T00:32:39.1801187Z [1A[2KChrome Headless 120.0.6099.199 (Linux x86_64): Executed 95 of 306 SUCCESS (0 secs / 0.357 secs)
2024-01-15T00:32:39.1803395Z [1A[2KChrome Headless 120.0.6099.199 (Linux x86_64): Executed 96 of 306 SUCCESS (0 secs / 0.357 secs)
2024-01-15T00:32:39.1805690Z [1A[2KChrome Headless 120.0.6099.199 (Linux x86_64): Executed 97 of 306 SUCCESS (0 secs / 0.357 secs)
2024-01-15T00:32:39.1807571Z [1A[2KChrome Headless 120.0.6099.199 (Linux x86_64): Executed 98 of 306 SUCCESS (0 secs / 0.358 secs)
2024-01-15T00:32:39.1812110Z [1A[2KChrome Headless 120.0.6099.199 (Linux x86_64): Executed 99 of 306 SUCCESS (0 secs / 0.358 secs)
2024-01-15T00:32:39.1814656Z [1A[2KChrome Headless 120.0.6099.199 (Linux x86_64): Executed 100 of 306 SUCCESS (0 secs / 0.358 secs)
2024-01-15T00:32:39.1823884Z [1A[2KChrome Headless 120.0.6099.199 (Linux x86_64): Executed 101 of 306 SUCCESS (0 secs / 0.358 secs)
2024-01-15T00:32:39.1826076Z [1A[2KChrome Headless 120.0.6099.199 (Linux x86_64): Executed 102 of 306 SUCCESS (0 secs / 0.358 secs)
2024-01-15T00:32:39.2100787Z [1A[2KChrome Headless 120.0.6099.199 (Linux x86_64): Executed 103 of 306 SUCCESS (0 secs / 0.386 secs)
2024-01-15T00:32:39.2106114Z [1A[2KChrome Headless 120.0.6099.199 (Linux x86_64): Executed 104 of 306 SUCCESS (0 secs / 0.387 secs)
2024-01-15T00:32:39.2362066Z [1A[2KChrome Headless 120.0.6099.199 (Linux x86_64): Executed 105 of 306 SUCCESS (0 secs / 0.412 secs)
2024-01-15T00:32:39.2365276Z [1A[2KChrome Headless 120.0.6099.199 (Linux x86_64): Executed 106 of 306 SUCCESS (0 secs / 0.413 secs)
2024-01-15T00:32:39.2369486Z [1A[2KChrome Headless 120.0.6099.199 (Linux x86_64): Executed 107 of 306 SUCCESS (0 secs / 0.413 secs)
2024-01-15T00:32:39.2372729Z [1A[2KChrome Headless 120.0.6099.199 (Linux x86_64): Executed 108 of 306 SUCCESS (0 secs / 0.413 secs)
2024-01-15T00:32:39.2379231Z [1A[2KChrome Headless 120.0.6099.199 (Linux x86_64): Executed 109 of 306 SUCCESS (0 secs / 0.414 secs)
2024-01-15T00:32:39.2384845Z [1A[2KChrome Headless 120.0.6099.199 (Linux x86_64): Executed 110 of 306 SUCCESS (0 secs / 0.415 secs)
2024-01-15T00:32:39.2389813Z [1A[2KChrome Headless 120.0.6099.199 (Linux x86_64): Executed 111 of 306 SUCCESS (0 secs / 0.415 secs)
2024-01-15T00:32:39.2399398Z [1A[2KChrome Headless 120.0.6099.199 (Linux x86_64): Executed 112 of 306 SUCCESS (0 secs / 0.416 secs)
2024-01-15T00:32:39.2407018Z [1A[2KChrome Headless 120.0.6099.199 (Linux x86_64): Executed 113 of 306 SUCCESS (0 secs / 0.417 secs)
2024-01-15T00:32:39.2413351Z [1A[2KChrome Headless 120.0.6099.199 (Linux x86_64): Executed 114 of 306 SUCCESS (0 secs / 0.417 secs)
2024-01-15T00:32:39.2421050Z [1A[2KChrome Headless 120.0.6099.199 (Linux x86_64): Executed 115 of 306 SUCCESS (0 secs / 0.417 secs)
2024-01-15T00:32:39.2426258Z [1A[2KChrome Headless 120.0.6099.199 (Linux x86_64): Executed 116 of 306 SUCCESS (0 secs / 0.418 secs)
2024-01-15T00:32:39.2431731Z [1A[2KChrome Headless 120.0.6099.199 (Linux x86_64): Executed 117 of 306 SUCCESS (0 secs / 0.418 secs)
2024-01-15T00:32:39.3216700Z [1A[2KChrome Headless 120.0.6099.199 (Linux x86_64): Executed 118 of 306 SUCCESS (0 secs / 0.496 secs)
2024-01-15T00:32:39.3221269Z [1A[2KChrome Headless 120.0.6099.199 (Linux x86_64): Executed 119 of 306 SUCCESS (0 secs / 0.496 secs)
2024-01-15T00:32:39.3228236Z [1A[2KChrome Headless 120.0.6099.199 (Linux x86_64): Executed 120 of 306 SUCCESS (0 secs / 0.497 secs)
2024-01-15T00:32:39.3232866Z [1A[2KChrome Headless 120.0.6099.199 (Linux x86_64): Executed 121 of 306 SUCCESS (0 secs / 0.497 secs)
2024-01-15T00:32:39.3239246Z [1A[2KChrome Headless 120.0.6099.199 (Linux x86_64): Executed 122 of 306 SUCCESS (0 secs / 0.498 secs)
2024-01-15T00:32:39.3244021Z [1A[2KChrome Headless 120.0.6099.199 (Linux x86_64): Executed 123 of 306 SUCCESS (0 secs / 0.498 secs)
2024-01-15T00:32:39.3248950Z [1A[2KChrome Headless 120.0.6099.199 (Linux x86_64): Executed 124 of 306 SUCCESS (0 secs / 0.498 secs)
2024-01-15T00:32:39.3253356Z [1A[2KChrome Headless 120.0.6099.199 (Linux x86_64): Executed 125 of 306 SUCCESS (0 secs / 0.498 secs)
2024-01-15T00:32:39.3260251Z [1A[2KChrome Headless 120.0.6099.199 (Linux x86_64): Executed 126 of 306 SUCCESS (0 secs / 0.498 secs)
2024-01-15T00:32:39.3264000Z [1A[2KChrome Headless 120.0.6099.199 (Linux x86_64): Executed 127 of 306 SUCCESS (0 secs / 0.498 secs)
2024-01-15T00:32:39.3265489Z [1A[2KChrome Headless 120.0.6099.199 (Linux x86_64): Executed 128 of 306 SUCCESS (0 secs / 0.499 secs)
2024-01-15T00:32:39.3270806Z [1A[2KChrome Headless 120.0.6099.199 (Linux x86_64): Executed 129 of 306 SUCCESS (0 secs / 0.499 secs)
2024-01-15T00:32:39.3281099Z [1A[2KChrome Headless 120.0.6099.199 (Linux x86_64): Executed 130 of 306 SUCCESS (0 secs / 0.5 secs)
2024-01-15T00:32:39.3284325Z [1A[2KChrome Headless 120.0.6099.199 (Linux x86_64): Executed 131 of 306 SUCCESS (0 secs / 0.501 secs)
2024-01-15T00:32:39.3289470Z [1A[2KChrome Headless 120.0.6099.199 (Linux x86_64): Executed 132 of 306 SUCCESS (0 secs / 0.501 secs)
2024-01-15T00:32:39.3292891Z [1A[2KChrome Headless 120.0.6099.199 (Linux x86_64): Executed 133 of 306 SUCCESS (0 secs / 0.501 secs)
2024-01-15T00:32:39.3294881Z [1A[2KChrome Headless 120.0.6099.199 (Linux x86_64): Executed 134 of 306 SUCCESS (0 secs / 0.502 secs)
2024-01-15T00:32:39.3298111Z [1A[2KChrome Headless 120.0.6099.199 (Linux x86_64): Executed 135 of 306 SUCCESS (0 secs / 0.502 secs)
2024-01-15T00:32:39.3300298Z [1A[2KChrome Headless 120.0.6099.199 (Linux x86_64): Executed 136 of 306 SUCCESS (0 secs / 0.502 secs)
2024-01-15T00:32:39.3302041Z [1A[2KChrome Headless 120.0.6099.199 (Linux x86_64): Executed 137 of 306 SUCCESS (0 secs / 0.502 secs)
2024-01-15T00:32:39.3304029Z [1A[2KChrome Headless 120.0.6099.199 (Linux x86_64): Executed 138 of 306 SUCCESS (0 secs / 0.503 secs)
2024-01-15T00:32:39.3307096Z [1A[2KChrome Headless 120.0.6099.199 (Linux x86_64): Executed 139 of 306 SUCCESS (0 secs / 0.503 secs)
2024-01-15T00:32:39.3309121Z [1A[2KChrome Headless 120.0.6099.199 (Linux x86_64): Executed 140 of 306 SUCCESS (0 secs / 0.503 secs)
2024-01-15T00:32:39.3311152Z [1A[2KChrome Headless 120.0.6099.199 (Linux x86_64): Executed 141 of 306 SUCCESS (0 secs / 0.503 secs)
2024-01-15T00:32:39.3312598Z [1A[2KChrome Headless 120.0.6099.199 (Linux x86_64): Executed 142 of 306 SUCCESS (0 secs / 0.503 secs)
2024-01-15T00:32:39.3315659Z [1A[2KChrome Headless 120.0.6099.199 (Linux x86_64): Executed 143 of 306 SUCCESS (0 secs / 0.503 secs)
2024-01-15T00:32:39.3317430Z [1A[2KChrome Headless 120.0.6099.199 (Linux x86_64): Executed 144 of 306 SUCCESS (0 secs / 0.504 secs)
2024-01-15T00:32:39.3322580Z [1A[2KChrome Headless 120.0.6099.199 (Linux x86_64): Executed 145 of 306 SUCCESS (0 secs / 0.504 secs)
2024-01-15T00:32:39.3331077Z [1A[2KChrome Headless 120.0.6099.199 (Linux x86_64): Executed 146 of 306 SUCCESS (0 secs / 0.505 secs)
2024-01-15T00:32:39.3337677Z [1A[2KChrome Headless 120.0.6099.199 (Linux x86_64): Executed 147 of 306 SUCCESS (0 secs / 0.506 secs)
2024-01-15T00:32:39.3342509Z [1A[2KChrome Headless 120.0.6099.199 (Linux x86_64): Executed 148 of 306 SUCCESS (0 secs / 0.506 secs)
2024-01-15T00:32:39.3426779Z [1A[2KChrome Headless 120.0.6099.199 (Linux x86_64): Executed 149 of 306 SUCCESS (0 secs / 0.515 secs)
2024-01-15T00:32:39.3430359Z [1A[2KChrome Headless 120.0.6099.199 (Linux x86_64): Executed 150 of 306 SUCCESS (0 secs / 0.515 secs)
2024-01-15T00:32:39.3431886Z [1A[2KChrome Headless 120.0.6099.199 (Linux x86_64): Executed 151 of 306 SUCCESS (0 secs / 0.515 secs)
2024-01-15T00:32:39.3433995Z [1A[2KChrome Headless 120.0.6099.199 (Linux x86_64): Executed 152 of 306 SUCCESS (0 secs / 0.515 secs)
2024-01-15T00:32:39.3437417Z [1A[2KChrome Headless 120.0.6099.199 (Linux x86_64): Executed 153 of 306 SUCCESS (0 secs / 0.515 secs)
2024-01-15T00:32:39.3439411Z [1A[2KChrome Headless 120.0.6099.199 (Linux x86_64): Executed 154 of 306 SUCCESS (0 secs / 0.515 secs)
2024-01-15T00:32:39.3441568Z [1A[2KChrome Headless 120.0.6099.199 (Linux x86_64): Executed 155 of 306 SUCCESS (0 secs / 0.515 secs)
2024-01-15T00:32:39.3443044Z [1A[2KChrome Headless 120.0.6099.199 (Linux x86_64): Executed 156 of 306 SUCCESS (0 secs / 0.515 secs)
2024-01-15T00:32:39.3445240Z [1A[2KChrome Headless 120.0.6099.199 (Linux x86_64): Executed 157 of 306 SUCCESS (0 secs / 0.515 secs)
2024-01-15T00:32:39.3447920Z [1A[2KChrome Headless 120.0.6099.199 (Linux x86_64): Executed 158 of 306 SUCCESS (0 secs / 0.515 secs)
2024-01-15T00:32:39.3449850Z [1A[2KChrome Headless 120.0.6099.199 (Linux x86_64): Executed 159 of 306 SUCCESS (0 secs / 0.515 secs)
2024-01-15T00:32:39.3451667Z [1A[2KChrome Headless 120.0.6099.199 (Linux x86_64): Executed 160 of 306 SUCCESS (0 secs / 0.515 secs)
2024-01-15T00:32:39.3454362Z [1A[2KChrome Headless 120.0.6099.199 (Linux x86_64): Executed 161 of 306 SUCCESS (0 secs / 0.515 secs)
2024-01-15T00:32:39.3456120Z [1A[2KChrome Headless 120.0.6099.199 (Linux x86_64): Executed 162 of 306 SUCCESS (0 secs / 0.515 secs)
2024-01-15T00:32:39.3461110Z [1A[2KChrome Headless 120.0.6099.199 (Linux x86_64): Executed 163 of 306 SUCCESS (0 secs / 0.515 secs)
2024-01-15T00:32:39.3464214Z [1A[2KChrome Headless 120.0.6099.199 (Linux x86_64): Executed 164 of 306 SUCCESS (0 secs / 0.515 secs)
2024-01-15T00:32:39.3467321Z [1A[2KChrome Headless 120.0.6099.199 (Linux x86_64): Executed 165 of 306 SUCCESS (0 secs / 0.515 secs)
2024-01-15T00:32:39.3468576Z [1A[2KChrome Headless 120.0.6099.199 (Linux x86_64): Executed 166 of 306 SUCCESS (0 secs / 0.515 secs)
2024-01-15T00:32:39.3469672Z [1A[2KChrome Headless 120.0.6099.199 (Linux x86_64): Executed 167 of 306 SUCCESS (0 secs / 0.515 secs)
2024-01-15T00:32:39.3473297Z [1A[2KChrome Headless 120.0.6099.199 (Linux x86_64): Executed 168 of 306 SUCCESS (0 secs / 0.515 secs)
2024-01-15T00:32:39.3476527Z [1A[2KChrome Headless 120.0.6099.199 (Linux x86_64): Executed 169 of 306 SUCCESS (0 secs / 0.515 secs)
2024-01-15T00:32:39.3479869Z [1A[2KChrome Headless 120.0.6099.199 (Linux x86_64): Executed 170 of 306 SUCCESS (0 secs / 0.515 secs)
2024-01-15T00:32:39.3489830Z [1A[2KChrome Headless 120.0.6099.199 (Linux x86_64): Executed 171 of 306 SUCCESS (0 secs / 0.516 secs)
2024-01-15T00:32:39.3493237Z [1A[2KChrome Headless 120.0.6099.199 (Linux x86_64): Executed 172 of 306 SUCCESS (0 secs / 0.516 secs)
2024-01-15T00:32:39.3496132Z [1A[2KChrome Headless 120.0.6099.199 (Linux x86_64): Executed 173 of 306 SUCCESS (0 secs / 0.516 secs)
2024-01-15T00:32:39.3499519Z [1A[2KChrome Headless 120.0.6099.199 (Linux x86_64): Executed 174 of 306 SUCCESS (0 secs / 0.516 secs)
2024-01-15T00:32:39.3502115Z [1A[2KChrome Headless 120.0.6099.199 (Linux x86_64): Executed 175 of 306 SUCCESS (0 secs / 0.516 secs)
2024-01-15T00:32:39.3507666Z [1A[2KChrome Headless 120.0.6099.199 (Linux x86_64): Executed 176 of 306 SUCCESS (0 secs / 0.517 secs)
2024-01-15T00:32:39.3510023Z [1A[2KChrome Headless 120.0.6099.199 (Linux x86_64): Executed 177 of 306 SUCCESS (0 secs / 0.517 secs)
2024-01-15T00:32:39.3512627Z [1A[2KChrome Headless 120.0.6099.199 (Linux x86_64): Executed 178 of 306 SUCCESS (0 secs / 0.517 secs)
2024-01-15T00:32:39.3516793Z [1A[2KChrome Headless 120.0.6099.199 (Linux x86_64): Executed 179 of 306 SUCCESS (0 secs / 0.518 secs)
2024-01-15T00:32:39.3521421Z [1A[2KChrome Headless 120.0.6099.199 (Linux x86_64): Executed 180 of 306 SUCCESS (0 secs / 0.518 secs)
2024-01-15T00:32:39.3526512Z [1A[2KChrome Headless 120.0.6099.199 (Linux x86_64): Executed 181 of 306 SUCCESS (0 secs / 0.519 secs)
2024-01-15T00:32:39.3532124Z [1A[2KChrome Headless 120.0.6099.199 (Linux x86_64): Executed 182 of 306 SUCCESS (0 secs / 0.519 secs)
2024-01-15T00:32:39.3534670Z [1A[2KChrome Headless 120.0.6099.199 (Linux x86_64): Executed 183 of 306 SUCCESS (0 secs / 0.519 secs)
2024-01-15T00:32:39.4541587Z [1A[2KChrome Headless 120.0.6099.199 (Linux x86_64): Executed 184 of 306 SUCCESS (0 secs / 0.619 secs)
2024-01-15T00:32:39.4548840Z [1A[2KChrome Headless 120.0.6099.199 (Linux x86_64): Executed 185 of 306 SUCCESS (0 secs / 0.62 secs)
2024-01-15T00:32:39.4551139Z [1A[2KChrome Headless 120.0.6099.199 (Linux x86_64): Executed 186 of 306 SUCCESS (0 secs / 0.62 secs)
2024-01-15T00:32:39.4555418Z [1A[2KChrome Headless 120.0.6099.199 (Linux x86_64): Executed 187 of 306 SUCCESS (0 secs / 0.62 secs)
2024-01-15T00:32:39.4560495Z [1A[2KChrome Headless 120.0.6099.199 (Linux x86_64): Executed 188 of 306 SUCCESS (0 secs / 0.62 secs)
2024-01-15T00:32:39.4565727Z [1A[2KChrome Headless 120.0.6099.199 (Linux x86_64): Executed 189 of 306 SUCCESS (0 secs / 0.621 secs)
2024-01-15T00:32:39.4569965Z [1A[2KChrome Headless 120.0.6099.199 (Linux x86_64): Executed 190 of 306 SUCCESS (0 secs / 0.621 secs)
2024-01-15T00:32:39.4574477Z [1A[2KChrome Headless 120.0.6099.199 (Linux x86_64): Executed 191 of 306 SUCCESS (0 secs / 0.622 secs)
2024-01-15T00:32:39.4578874Z [1A[2KChrome Headless 120.0.6099.199 (Linux x86_64): Executed 192 of 306 SUCCESS (0 secs / 0.622 secs)
2024-01-15T00:32:39.4582847Z [1A[2KChrome Headless 120.0.6099.199 (Linux x86_64): Executed 193 of 306 SUCCESS (0 secs / 0.622 secs)
2024-01-15T00:32:39.4587269Z [1A[2KChrome Headless 120.0.6099.199 (Linux x86_64): Executed 194 of 306 SUCCESS (0 secs / 0.623 secs)
2024-01-15T00:32:39.4592041Z [1A[2KChrome Headless 120.0.6099.199 (Linux x86_64): Executed 195 of 306 SUCCESS (0 secs / 0.623 secs)
2024-01-15T00:32:39.4594948Z [1A[2KChrome Headless 120.0.6099.199 (Linux x86_64): Executed 196 of 306 SUCCESS (0 secs / 0.624 secs)
2024-01-15T00:32:39.6104646Z [1A[2KChrome Headless 120.0.6099.199 (Linux x86_64): Executed 197 of 306 SUCCESS (0 secs / 0.774 secs)
2024-01-15T00:32:39.6107636Z [1A[2KChrome Headless 120.0.6099.199 (Linux x86_64): Executed 198 of 306 SUCCESS (0 secs / 0.775 secs)
2024-01-15T00:32:39.7118644Z [1A[2KChrome Headless 120.0.6099.199 (Linux x86_64): Executed 199 of 306 SUCCESS (0 secs / 0.876 secs)
2024-01-15T00:32:39.8125235Z [1A[2KChrome Headless 120.0.6099.199 (Linux x86_64): Executed 200 of 306 SUCCESS (0 secs / 0.976 secs)
2024-01-15T00:32:39.9134845Z [1A[2KChrome Headless 120.0.6099.199 (Linux x86_64): Executed 201 of 306 SUCCESS (0 secs / 1.077 secs)
2024-01-15T00:32:40.0141470Z [1A[2KChrome Headless 120.0.6099.199 (Linux x86_64): Executed 202 of 306 SUCCESS (0 secs / 1.178 secs)
2024-01-15T00:32:40.1150523Z [1A[2KChrome Headless 120.0.6099.199 (Linux x86_64): Executed 203 of 306 SUCCESS (0 secs / 1.279 secs)
2024-01-15T00:32:40.2162622Z [1A[2KChrome Headless 120.0.6099.199 (Linux x86_64): Executed 204 of 306 SUCCESS (0 secs / 1.38 secs)
2024-01-15T00:32:40.3171631Z [1A[2KChrome Headless 120.0.6099.199 (Linux x86_64): Executed 205 of 306 SUCCESS (0 secs / 1.481 secs)
2024-01-15T00:32:40.4179811Z [1A[2KChrome Headless 120.0.6099.199 (Linux x86_64): Executed 206 of 306 SUCCESS (0 secs / 1.582 secs)
2024-01-15T00:32:40.5188638Z [1A[2KChrome Headless 120.0.6099.199 (Linux x86_64): Executed 207 of 306 SUCCESS (0 secs / 1.683 secs)
2024-01-15T00:32:40.6199237Z [1A[2KChrome Headless 120.0.6099.199 (Linux x86_64): Executed 208 of 306 SUCCESS (0 secs / 1.784 secs)
2024-01-15T00:32:40.7209677Z [1A[2KChrome Headless 120.0.6099.199 (Linux x86_64): Executed 209 of 306 SUCCESS (0 secs / 1.885 secs)
2024-01-15T00:32:40.8219769Z [1A[2KChrome Headless 120.0.6099.199 (Linux x86_64): Executed 210 of 306 SUCCESS (0 secs / 1.986 secs)
2024-01-15T00:32:40.8222267Z [1A[2KChrome Headless 120.0.6099.199 (Linux x86_64): Executed 211 of 306 SUCCESS (0 secs / 1.986 secs)
2024-01-15T00:32:40.8227248Z [1A[2KChrome Headless 120.0.6099.199 (Linux x86_64): Executed 212 of 306 SUCCESS (0 secs / 1.987 secs)
2024-01-15T00:32:40.8230448Z [1A[2KChrome Headless 120.0.6099.199 (Linux x86_64): Executed 213 of 306 SUCCESS (0 secs / 1.987 secs)
2024-01-15T00:32:40.8233514Z [1A[2KChrome Headless 120.0.6099.199 (Linux x86_64): Executed 214 of 306 SUCCESS (0 secs / 1.987 secs)
2024-01-15T00:32:40.8235154Z [1A[2KChrome Headless 120.0.6099.199 (Linux x86_64): Executed 215 of 306 SUCCESS (0 secs / 1.988 secs)
2024-01-15T00:32:40.8239245Z [1A[2KChrome Headless 120.0.6099.199 (Linux x86_64): Executed 216 of 306 SUCCESS (0 secs / 1.988 secs)
2024-01-15T00:32:40.8244661Z [1A[2KChrome Headless 120.0.6099.199 (Linux x86_64): Executed 217 of 306 SUCCESS (0 secs / 1.989 secs)
2024-01-15T00:32:40.8250183Z [1A[2KChrome Headless 120.0.6099.199 (Linux x86_64): Executed 218 of 306 SUCCESS (0 secs / 1.989 secs)
2024-01-15T00:32:40.8254114Z [1A[2KChrome Headless 120.0.6099.199 (Linux x86_64): Executed 219 of 306 SUCCESS (0 secs / 1.99 secs)
2024-01-15T00:32:40.8257285Z [1A[2KChrome Headless 120.0.6099.199 (Linux x86_64): Executed 220 of 306 SUCCESS (0 secs / 1.99 secs)
2024-01-15T00:32:40.8261817Z [1A[2KChrome Headless 120.0.6099.199 (Linux x86_64): Executed 221 of 306 SUCCESS (0 secs / 1.99 secs)
2024-01-15T00:32:40.8264253Z [1A[2KChrome Headless 120.0.6099.199 (Linux x86_64): Executed 222 of 306 SUCCESS (0 secs / 1.99 secs)
2024-01-15T00:32:40.8272564Z [1A[2KChrome Headless 120.0.6099.199 (Linux x86_64): Executed 223 of 306 SUCCESS (0 secs / 1.99 secs)
2024-01-15T00:32:40.8275427Z [1A[2KChrome Headless 120.0.6099.199 (Linux x86_64): Executed 224 of 306 SUCCESS (0 secs / 1.99 secs)
2024-01-15T00:32:40.8279183Z [1A[2KChrome Headless 120.0.6099.199 (Linux x86_64): Executed 225 of 306 SUCCESS (0 secs / 1.99 secs)
2024-01-15T00:32:40.8284708Z [1A[2KChrome Headless 120.0.6099.199 (Linux x86_64): Executed 226 of 306 SUCCESS (0 secs / 1.991 secs)
2024-01-15T00:32:40.8289545Z [1A[2KChrome Headless 120.0.6099.199 (Linux x86_64): Executed 227 of 306 SUCCESS (0 secs / 1.991 secs)
2024-01-15T00:32:40.8294939Z [1A[2KChrome Headless 120.0.6099.199 (Linux x86_64): Executed 228 of 306 SUCCESS (0 secs / 1.992 secs)
2024-01-15T00:32:40.8300429Z [1A[2KChrome Headless 120.0.6099.199 (Linux x86_64): Executed 229 of 306 SUCCESS (0 secs / 1.992 secs)
2024-01-15T00:32:40.9310458Z [1A[2KChrome Headless 120.0.6099.199 (Linux x86_64): Executed 230 of 306 SUCCESS (0 secs / 2.093 secs)
2024-01-15T00:32:41.0317474Z [1A[2KChrome Headless 120.0.6099.199 (Linux x86_64): Executed 231 of 306 SUCCESS (0 secs / 2.193 secs)
2024-01-15T00:32:41.1327091Z [1A[2KChrome Headless 120.0.6099.199 (Linux x86_64): Executed 232 of 306 SUCCESS (0 secs / 2.293 secs)
2024-01-15T00:32:41.1360109Z [1A[2KChrome Headless 120.0.6099.199 (Linux x86_64): Executed 233 of 306 SUCCESS (0 secs / 2.294 secs)
2024-01-15T00:32:41.1362296Z [1A[2KChrome Headless 120.0.6099.199 (Linux x86_64): Executed 234 of 306 SUCCESS (0 secs / 2.295 secs)
2024-01-15T00:32:41.1364738Z [1A[2KChrome Headless 120.0.6099.199 (Linux x86_64): Executed 235 of 306 SUCCESS (0 secs / 2.295 secs)
2024-01-15T00:32:41.2855722Z [1A[2KChrome Headless 120.0.6099.199 (Linux x86_64): Executed 236 of 306 SUCCESS (0 secs / 2.445 secs)
2024-01-15T00:32:41.4759119Z [1A[2KChrome Headless 120.0.6099.199 (Linux x86_64): Executed 237 of 306 SUCCESS (0 secs / 2.635 secs)
2024-01-15T00:32:41.4762055Z [1A[2KChrome Headless 120.0.6099.199 (Linux x86_64): Executed 238 of 306 SUCCESS (0 secs / 2.636 secs)
2024-01-15T00:32:41.4767106Z [1A[2KChrome Headless 120.0.6099.199 (Linux x86_64): Executed 239 of 306 SUCCESS (0 secs / 2.637 secs)
2024-01-15T00:32:41.5155770Z [1A[2KChrome Headless 120.0.6099.199 (Linux x86_64): Executed 240 of 306 SUCCESS (0 secs / 2.676 secs)
2024-01-15T00:32:41.5159951Z [1A[2KChrome Headless 120.0.6099.199 (Linux x86_64): Executed 241 of 306 SUCCESS (0 secs / 2.676 secs)
2024-01-15T00:32:41.5165854Z [1A[2KChrome Headless 120.0.6099.199 (Linux x86_64): Executed 242 of 306 SUCCESS (0 secs / 2.677 secs)
2024-01-15T00:32:41.5170486Z [1A[2KChrome Headless 120.0.6099.199 (Linux x86_64): Executed 243 of 306 SUCCESS (0 secs / 2.677 secs)
2024-01-15T00:32:41.5173915Z [1A[2KChrome Headless 120.0.6099.199 (Linux x86_64): Executed 244 of 306 SUCCESS (0 secs / 2.678 secs)
2024-01-15T00:32:41.5178390Z [1A[2KChrome Headless 120.0.6099.199 (Linux x86_64): Executed 245 of 306 SUCCESS (0 secs / 2.678 secs)
2024-01-15T00:32:41.5182873Z [1A[2KChrome Headless 120.0.6099.199 (Linux x86_64): Executed 246 of 306 SUCCESS (0 secs / 2.678 secs)
2024-01-15T00:32:41.6196741Z [1A[2KChrome Headless 120.0.6099.199 (Linux x86_64): Executed 247 of 306 SUCCESS (0 secs / 2.779 secs)
2024-01-15T00:32:41.7209489Z [1A[2KChrome Headless 120.0.6099.199 (Linux x86_64): Executed 248 of 306 SUCCESS (0 secs / 2.88 secs)
2024-01-15T00:32:41.8227101Z [1A[2KChrome Headless 120.0.6099.199 (Linux x86_64): Executed 249 of 306 SUCCESS (0 secs / 2.982 secs)
2024-01-15T00:32:41.9239111Z [1A[2KChrome Headless 120.0.6099.199 (Linux x86_64): Executed 250 of 306 SUCCESS (0 secs / 3.084 secs)
2024-01-15T00:32:41.9242037Z [1A[2KChrome Headless 120.0.6099.199 (Linux x86_64): Executed 251 of 306 SUCCESS (0 secs / 3.084 secs)
2024-01-15T00:32:41.9247340Z [1A[2KChrome Headless 120.0.6099.199 (Linux x86_64): Executed 252 of 306 SUCCESS (0 secs / 3.085 secs)
2024-01-15T00:32:41.9251375Z [1A[2KChrome Headless 120.0.6099.199 (Linux x86_64): Executed 253 of 306 SUCCESS (0 secs / 3.085 secs)
2024-01-15T00:32:42.0274027Z [1A[2KChrome Headless 120.0.6099.199 (Linux x86_64): Executed 254 of 306 SUCCESS (0 secs / 3.187 secs)
2024-01-15T00:32:42.0280281Z [1A[2KChrome Headless 120.0.6099.199 (Linux x86_64): Executed 255 of 306 SUCCESS (0 secs / 3.188 secs)
2024-01-15T00:32:42.0283876Z [1A[2KChrome Headless 120.0.6099.199 (Linux x86_64): Executed 256 of 306 SUCCESS (0 secs / 3.188 secs)
2024-01-15T00:32:42.0287057Z [1A[2KChrome Headless 120.0.6099.199 (Linux x86_64): Executed 257 of 306 SUCCESS (0 secs / 3.188 secs)
2024-01-15T00:32:42.0295161Z [1A[2KChrome Headless 120.0.6099.199 (Linux x86_64): Executed 258 of 306 SUCCESS (0 secs / 3.189 secs)
2024-01-15T00:32:42.0301057Z [1A[2KChrome Headless 120.0.6099.199 (Linux x86_64): Executed 259 of 306 SUCCESS (0 secs / 3.189 secs)
2024-01-15T00:32:42.1320100Z [1A[2KChrome Headless 120.0.6099.199 (Linux x86_64): Executed 260 of 306 SUCCESS (0 secs / 3.29 secs)
2024-01-15T00:32:42.2342529Z [1A[2KChrome Headless 120.0.6099.199 (Linux x86_64): Executed 261 of 306 SUCCESS (0 secs / 3.393 secs)
2024-01-15T00:32:42.3389812Z [32m15 01 2024 00:32:42.338:INFO [Firefox 121.0 (Ubuntu 0.0.0)]: [39mConnected on socket oLlmsyYCWkEVzc88AAAD with id 17365963
2024-01-15T00:32:42.3419056Z [1A[2KChrome Headless 120.0.6099.199 (Linux x86_64): Executed 262 of 306 SUCCESS (0 secs / 3.494 secs)
2024-01-15T00:32:42.4426520Z [1A[2KChrome Headless 120.0.6099.199 (Linux x86_64): Executed 263 of 306 SUCCESS (0 secs / 3.595 secs)
2024-01-15T00:32:42.4433065Z [1A[2KChrome Headless 120.0.6099.199 (Linux x86_64): Executed 264 of 306 SUCCESS (0 secs / 3.598 secs)
2024-01-15T00:32:42.4435886Z [1A[2KChrome Headless 120.0.6099.199 (Linux x86_64): Executed 265 of 306 SUCCESS (0 secs / 3.599 secs)
2024-01-15T00:32:42.4438620Z [1A[2KChrome Headless 120.0.6099.199 (Linux x86_64): Executed 266 of 306 SUCCESS (0 secs / 3.599 secs)
2024-01-15T00:32:42.4440928Z [1A[2KChrome Headless 120.0.6099.199 (Linux x86_64): Executed 267 of 306 SUCCESS (0 secs / 3.6 secs)
2024-01-15T00:32:42.4444238Z [1A[2KChrome Headless 120.0.6099.199 (Linux x86_64): Executed 268 of 306 SUCCESS (0 secs / 3.6 secs)
2024-01-15T00:32:42.4446997Z [1A[2KChrome Headless 120.0.6099.199 (Linux x86_64): Executed 269 of 306 SUCCESS (0 secs / 3.6 secs)
2024-01-15T00:32:42.4449464Z [1A[2KChrome Headless 120.0.6099.199 (Linux x86_64): Executed 270 of 306 SUCCESS (0 secs / 3.601 secs)
2024-01-15T00:32:42.4452122Z [1A[2KChrome Headless 120.0.6099.199 (Linux x86_64): Executed 271 of 306 SUCCESS (0 secs / 3.601 secs)
2024-01-15T00:32:42.4454405Z [1A[2KChrome Headless 120.0.6099.199 (Linux x86_64): Executed 272 of 306 SUCCESS (0 secs / 3.601 secs)
2024-01-15T00:32:42.4481738Z [1A[2KChrome Headless 120.0.6099.199 (Linux x86_64): Executed 273 of 306 SUCCESS (0 secs / 3.601 secs)
2024-01-15T00:32:42.4489068Z [1A[2KChrome Headless 120.0.6099.199 (Linux x86_64): Executed 274 of 306 SUCCESS (0 secs / 3.602 secs)
2024-01-15T00:32:42.4495191Z [1A[2KChrome Headless 120.0.6099.199 (Linux x86_64): Executed 275 of 306 SUCCESS (0 secs / 3.602 secs)
2024-01-15T00:32:42.4501433Z [1A[2KChrome Headless 120.0.6099.199 (Linux x86_64): Executed 276 of 306 SUCCESS (0 secs / 3.602 secs)
2024-01-15T00:32:42.4507604Z [1A[2KChrome Headless 120.0.6099.199 (Linux x86_64): Executed 277 of 306 SUCCESS (0 secs / 3.602 secs)
2024-01-15T00:32:42.4515628Z [1A[2KChrome Headless 120.0.6099.199 (Linux x86_64): Executed 278 of 306 SUCCESS (0 secs / 3.602 secs)
2024-01-15T00:32:42.4521328Z [1A[2KChrome Headless 120.0.6099.199 (Linux x86_64): Executed 279 of 306 SUCCESS (0 secs / 3.602 secs)
2024-01-15T00:32:42.4527002Z [1A[2KChrome Headless 120.0.6099.199 (Linux x86_64): Executed 280 of 306 SUCCESS (0 secs / 3.602 secs)
2024-01-15T00:32:42.4532490Z [1A[2KChrome Headless 120.0.6099.199 (Linux x86_64): Executed 281 of 306 SUCCESS (0 secs / 3.602 secs)
2024-01-15T00:32:42.4538592Z [1A[2KChrome Headless 120.0.6099.199 (Linux x86_64): Executed 282 of 306 SUCCESS (0 secs / 3.602 secs)
2024-01-15T00:32:42.4546547Z [1A[2KChrome Headless 120.0.6099.199 (Linux x86_64): Executed 283 of 306 SUCCESS (0 secs / 3.602 secs)
2024-01-15T00:32:42.4575885Z [1A[2KChrome Headless 120.0.6099.199 (Linux x86_64): Executed 284 of 306 SUCCESS (0 secs / 3.603 secs)
2024-01-15T00:32:42.4578314Z [1A[2KChrome Headless 120.0.6099.199 (Linux x86_64): Executed 285 of 306 SUCCESS (0 secs / 3.604 secs)
2024-01-15T00:32:42.4580767Z [1A[2KChrome Headless 120.0.6099.199 (Linux x86_64): Executed 286 of 306 SUCCESS (0 secs / 3.604 secs)
2024-01-15T00:32:42.4583185Z [1A[2KChrome Headless 120.0.6099.199 (Linux x86_64): Executed 287 of 306 SUCCESS (0 secs / 3.604 secs)
2024-01-15T00:32:42.4585371Z [1A[2KChrome Headless 120.0.6099.199 (Linux x86_64): Executed 288 of 306 SUCCESS (0 secs / 3.604 secs)
2024-01-15T00:32:42.4587691Z [1A[2KChrome Headless 120.0.6099.199 (Linux x86_64): Executed 289 of 306 SUCCESS (0 secs / 3.604 secs)
2024-01-15T00:32:42.4649516Z [1A[2KChrome Headless 120.0.6099.199 (Linux x86_64): Executed 290 of 306 SUCCESS (0 secs / 3.604 secs)
2024-01-15T00:32:42.4653298Z [1A[2KChrome Headless 120.0.6099.199 (Linux x86_64): Executed 291 of 306 SUCCESS (0 secs / 3.604 secs)
2024-01-15T00:32:42.4658517Z [1A[2KChrome Headless 120.0.6099.199 (Linux x86_64): Executed 292 of 306 SUCCESS (0 secs / 3.604 secs)
2024-01-15T00:32:42.4664710Z [1A[2KChrome Headless 120.0.6099.199 (Linux x86_64): Executed 293 of 306 SUCCESS (0 secs / 3.604 secs)
2024-01-15T00:32:42.4685984Z [1A[2KChrome Headless 120.0.6099.199 (Linux x86_64): Executed 294 of 306 SUCCESS (0 secs / 3.605 secs)
2024-01-15T00:32:42.4688280Z [1A[2KChrome Headless 120.0.6099.199 (Linux x86_64): Executed 295 of 306 SUCCESS (0 secs / 3.605 secs)
2024-01-15T00:32:42.4690354Z [1A[2KChrome Headless 120.0.6099.199 (Linux x86_64): Executed 296 of 306 SUCCESS (0 secs / 3.605 secs)
2024-01-15T00:32:42.4692509Z [1A[2KChrome Headless 120.0.6099.199 (Linux x86_64): Executed 297 of 306 SUCCESS (0 secs / 3.606 secs)
2024-01-15T00:32:42.4694663Z [1A[2KChrome Headless 120.0.6099.199 (Linux x86_64): Executed 298 of 306 SUCCESS (0 secs / 3.606 secs)
2024-01-15T00:32:42.4706115Z [1A[2KChrome Headless 120.0.6099.199 (Linux x86_64): Executed 299 of 306 SUCCESS (0 secs / 3.606 secs)
2024-01-15T00:32:42.4708194Z [1A[2KChrome Headless 120.0.6099.199 (Linux x86_64): Executed 300 of 306 SUCCESS (0 secs / 3.606 secs)
2024-01-15T00:32:42.4710290Z [1A[2KChrome Headless 120.0.6099.199 (Linux x86_64): Executed 301 of 306 SUCCESS (0 secs / 3.606 secs)
2024-01-15T00:32:42.4715195Z [1A[2KChrome Headless 120.0.6099.199 (Linux x86_64): Executed 302 of 306 SUCCESS (0 secs / 3.606 secs)
2024-01-15T00:32:42.4723057Z [1A[2KChrome Headless 120.0.6099.199 (Linux x86_64): Executed 303 of 306 SUCCESS (0 secs / 3.607 secs)
2024-01-15T00:32:42.4727158Z [1A[2KChrome Headless 120.0.6099.199 (Linux x86_64): Executed 304 of 306 SUCCESS (0 secs / 3.608 secs)
2024-01-15T00:32:42.4729366Z [1A[2KChrome Headless 120.0.6099.199 (Linux x86_64): Executed 305 of 306 SUCCESS (0 secs / 3.609 secs)
2024-01-15T00:32:42.4898414Z [1A[2KChrome Headless 120.0.6099.199 (Linux x86_64) xsrf should set xsrf header for cross origin when using withCredentials FAILED
2024-01-15T00:32:42.4900137Z 	Expected undefined to equal '12345'.
2024-01-15T00:32:42.4901276Z 	    at test/specs/xsrf.spec.js:78:69 <- test/specs/xsrf.spec.js:1279:71
2024-01-15T00:32:42.4902650Z Chrome Headless 120.0.6099.199 (Linux x86_64): Executed 306 of 306 (1 FAILED) (0 secs / 3.61 secs)
2024-01-15T00:32:42.4904813Z [1A[2KChrome Headless 120.0.6099.199 (Linux x86_64): Executed 306 of 306 (1 FAILED) (3.673 secs / 3.61 secs)
2024-01-15T00:32:42.6279654Z 
2024-01-15T00:32:42.6281841Z [1A[2K[1A[2KChrome Headless 120.0.6099.199 (Linux x86_64): Executed 306 of 306 (1 FAILED) (3.673 secs / 3.61 secs)
2024-01-15T00:32:42.6283825Z Firefox 121.0 (Ubuntu 0.0.0): Executed 0 of 306 SUCCESS (0 secs / 0 secs)
2024-01-15T00:32:42.6291936Z [1A[2K[1A[2KChrome Headless 120.0.6099.199 (Linux x86_64): Executed 306 of 306 (1 FAILED) (3.673 secs / 3.61 secs)
2024-01-15T00:32:42.6293972Z Firefox 121.0 (Ubuntu 0.0.0): Executed 1 of 306 SUCCESS (0 secs / 0.004 secs)
2024-01-15T00:32:42.6418270Z [1A[2K[1A[2KChrome Headless 120.0.6099.199 (Linux x86_64): Executed 306 of 306 (1 FAILED) (3.673 secs / 3.61 secs)
2024-01-15T00:32:42.6420230Z Firefox 121.0 (Ubuntu 0.0.0): Executed 2 of 306 SUCCESS (0 secs / 0.006 secs)
2024-01-15T00:32:42.6422174Z [1A[2K[1A[2KChrome Headless 120.0.6099.199 (Linux x86_64): Executed 306 of 306 (1 FAILED) (3.673 secs / 3.61 secs)
2024-01-15T00:32:42.6423920Z Firefox 121.0 (Ubuntu 0.0.0): Executed 3 of 306 SUCCESS (0 secs / 0.007 secs)
2024-01-15T00:32:42.6425757Z [1A[2K[1A[2KChrome Headless 120.0.6099.199 (Linux x86_64): Executed 306 of 306 (1 FAILED) (3.673 secs / 3.61 secs)
2024-01-15T00:32:42.6427379Z Firefox 121.0 (Ubuntu 0.0.0): Executed 4 of 306 SUCCESS (0 secs / 0.007 secs)
2024-01-15T00:32:42.6429735Z [1A[2K[1A[2KChrome Headless 120.0.6099.199 (Linux x86_64): Executed 306 of 306 (1 FAILED) (3.673 secs / 3.61 secs)
2024-01-15T00:32:42.6431839Z Firefox 121.0 (Ubuntu 0.0.0): Executed 5 of 306 SUCCESS (0 secs / 0.008 secs)
2024-01-15T00:32:42.6433884Z [1A[2K[1A[2KChrome Headless 120.0.6099.199 (Linux x86_64): Executed 306 of 306 (1 FAILED) (3.673 secs / 3.61 secs)
2024-01-15T00:32:42.6435715Z Firefox 121.0 (Ubuntu 0.0.0): Executed 6 of 306 SUCCESS (0 secs / 0.009 secs)
2024-01-15T00:32:42.6437663Z [1A[2K[1A[2KChrome Headless 120.0.6099.199 (Linux x86_64): Executed 306 of 306 (1 FAILED) (3.673 secs / 3.61 secs)
2024-01-15T00:32:42.6439270Z Firefox 121.0 (Ubuntu 0.0.0): Executed 7 of 306 SUCCESS (0 secs / 0.009 secs)
2024-01-15T00:32:42.6441097Z [1A[2K[1A[2KChrome Headless 120.0.6099.199 (Linux x86_64): Executed 306 of 306 (1 FAILED) (3.673 secs / 3.61 secs)
2024-01-15T00:32:42.6442526Z Firefox 121.0 (Ubuntu 0.0.0): Executed 8 of 306 SUCCESS (0 secs / 0.009 secs)
2024-01-15T00:32:42.6444476Z [1A[2K[1A[2KChrome Headless 120.0.6099.199 (Linux x86_64): Executed 306 of 306 (1 FAILED) (3.673 secs / 3.61 secs)
2024-01-15T00:32:42.6446053Z Firefox 121.0 (Ubuntu 0.0.0): Executed 9 of 306 SUCCESS (0 secs / 0.009 secs)
2024-01-15T00:32:42.6448315Z [1A[2K[1A[2KChrome Headless 120.0.6099.199 (Linux x86_64): Executed 306 of 306 (1 FAILED) (3.673 secs / 3.61 secs)
2024-01-15T00:32:42.6449968Z Firefox 121.0 (Ubuntu 0.0.0): Executed 10 of 306 SUCCESS (0 secs / 0.009 secs)
2024-01-15T00:32:42.6451788Z [1A[2K[1A[2KChrome Headless 120.0.6099.199 (Linux x86_64): Executed 306 of 306 (1 FAILED) (3.673 secs / 3.61 secs)
2024-01-15T00:32:42.6453428Z Firefox 121.0 (Ubuntu 0.0.0): Executed 11 of 306 SUCCESS (0 secs / 0.009 secs)
2024-01-15T00:32:42.6454995Z [1A[2K[1A[2KChrome Headless 120.0.6099.199 (Linux x86_64): Executed 306 of 306 (1 FAILED) (3.673 secs / 3.61 secs)
2024-01-15T00:32:42.6455967Z Firefox 121.0 (Ubuntu 0.0.0): Executed 12 of 306 SUCCESS (0 secs / 0.009 secs)
2024-01-15T00:32:42.6457425Z [1A[2K[1A[2KChrome Headless 120.0.6099.199 (Linux x86_64): Executed 306 of 306 (1 FAILED) (3.673 secs / 3.61 secs)
2024-01-15T00:32:42.6459303Z Firefox 121.0 (Ubuntu 0.0.0): Executed 13 of 306 SUCCESS (0 secs / 0.009 secs)
2024-01-15T00:32:42.6461412Z [1A[2K[1A[2KChrome Headless 120.0.6099.199 (Linux x86_64): Executed 306 of 306 (1 FAILED) (3.673 secs / 3.61 secs)
2024-01-15T00:32:42.6462450Z Firefox 121.0 (Ubuntu 0.0.0): Executed 14 of 306 SUCCESS (0 secs / 0.009 secs)
2024-01-15T00:32:42.6463769Z [1A[2K[1A[2KChrome Headless 120.0.6099.199 (Linux x86_64): Executed 306 of 306 (1 FAILED) (3.673 secs / 3.61 secs)
2024-01-15T00:32:42.6465350Z Firefox 121.0 (Ubuntu 0.0.0): Executed 15 of 306 SUCCESS (0 secs / 0.009 secs)
2024-01-15T00:32:42.6467411Z [1A[2K[1A[2KChrome Headless 120.0.6099.199 (Linux x86_64): Executed 306 of 306 (1 FAILED) (3.673 secs / 3.61 secs)
2024-01-15T00:32:42.6470136Z Firefox 121.0 (Ubuntu 0.0.0): Executed 16 of 306 SUCCESS (0 secs / 0.009 secs)
2024-01-15T00:32:42.6518298Z [33m15 01 2024 00:32:42.651:WARN [web-server]: [39m404: /test
2024-01-15T00:32:42.7400005Z [1A[2K[1A[2KChrome Headless 120.0.6099.199 (Linux x86_64): Executed 306 of 306 (1 FAILED) (3.673 secs / 3.61 secs)
2024-01-15T00:32:42.8514697Z Firefox 121.0 (Ubuntu 0.0.0): Executed 17 of 306 SUCCESS (0 secs / 0.11 secs)
2024-01-15T00:32:42.8516927Z [1A[2K[1A[2KChrome Headless 120.0.6099.199 (Linux x86_64): Executed 306 of 306 (1 FAILED) (3.673 secs / 3.61 secs)
2024-01-15T00:32:42.8518563Z Firefox 121.0 (Ubuntu 0.0.0): Executed 18 of 306 SUCCESS (0 secs / 0.21 secs)
2024-01-15T00:32:42.9529345Z [1A[2K[1A[2KChrome Headless 120.0.6099.199 (Linux x86_64): Executed 306 of 306 (1 FAILED) (3.673 secs / 3.61 secs)
2024-01-15T00:32:42.9531413Z Firefox 121.0 (Ubuntu 0.0.0): Executed 19 of 306 SUCCESS (0 secs / 0.311 secs)
2024-01-15T00:32:42.9533785Z [1A[2K[1A[2KChrome Headless 120.0.6099.199 (Linux x86_64): Executed 306 of 306 (1 FAILED) (3.673 secs / 3.61 secs)
2024-01-15T00:32:42.9535699Z Firefox 121.0 (Ubuntu 0.0.0): Executed 20 of 306 SUCCESS (0 secs / 0.312 secs)
2024-01-15T00:32:42.9537815Z [1A[2K[1A[2KChrome Headless 120.0.6099.199 (Linux x86_64): Executed 306 of 306 (1 FAILED) (3.673 secs / 3.61 secs)
2024-01-15T00:32:42.9539822Z Firefox 121.0 (Ubuntu 0.0.0): Executed 21 of 306 SUCCESS (0 secs / 0.313 secs)
2024-01-15T00:32:42.9542117Z [1A[2K[1A[2KChrome Headless 120.0.6099.199 (Linux x86_64): Executed 306 of 306 (1 FAILED) (3.673 secs / 3.61 secs)
2024-01-15T00:32:42.9544010Z Firefox 121.0 (Ubuntu 0.0.0): Executed 22 of 306 SUCCESS (0 secs / 0.315 secs)
2024-01-15T00:32:42.9546681Z [1A[2K[1A[2KChrome Headless 120.0.6099.199 (Linux x86_64): Executed 306 of 306 (1 FAILED) (3.673 secs / 3.61 secs)
2024-01-15T00:32:42.9548764Z Firefox 121.0 (Ubuntu 0.0.0): Executed 23 of 306 SUCCESS (0 secs / 0.316 secs)
2024-01-15T00:32:42.9550938Z [1A[2K[1A[2KChrome Headless 120.0.6099.199 (Linux x86_64): Executed 306 of 306 (1 FAILED) (3.673 secs / 3.61 secs)
2024-01-15T00:32:42.9553578Z Firefox 121.0 (Ubuntu 0.0.0): Executed 24 of 306 SUCCESS (0 secs / 0.317 secs)
2024-01-15T00:32:42.9556110Z [1A[2K[1A[2KChrome Headless 120.0.6099.199 (Linux x86_64): Executed 306 of 306 (1 FAILED) (3.673 secs / 3.61 secs)
2024-01-15T00:32:42.9558743Z Firefox 121.0 (Ubuntu 0.0.0): Executed 25 of 306 SUCCESS (0 secs / 0.317 secs)
2024-01-15T00:32:42.9560746Z [1A[2K[1A[2KChrome Headless 120.0.6099.199 (Linux x86_64): Executed 306 of 306 (1 FAILED) (3.673 secs / 3.61 secs)
2024-01-15T00:32:42.9562620Z Firefox 121.0 (Ubuntu 0.0.0): Executed 26 of 306 SUCCESS (0 secs / 0.317 secs)
2024-01-15T00:32:42.9564963Z [1A[2K[1A[2KChrome Headless 120.0.6099.199 (Linux x86_64): Executed 306 of 306 (1 FAILED) (3.673 secs / 3.61 secs)
2024-01-15T00:32:42.9566642Z Firefox 121.0 (Ubuntu 0.0.0): Executed 27 of 306 SUCCESS (0 secs / 0.317 secs)
2024-01-15T00:32:42.9568692Z [1A[2K[1A[2KChrome Headless 120.0.6099.199 (Linux x86_64): Executed 306 of 306 (1 FAILED) (3.673 secs / 3.61 secs)
2024-01-15T00:32:42.9572317Z Firefox 121.0 (Ubuntu 0.0.0): Executed 28 of 306 SUCCESS (0 secs / 0.317 secs)
2024-01-15T00:32:42.9574315Z [1A[2K[1A[2KChrome Headless 120.0.6099.199 (Linux x86_64): Executed 306 of 306 (1 FAILED) (3.673 secs / 3.61 secs)
2024-01-15T00:32:42.9576199Z Firefox 121.0 (Ubuntu 0.0.0): Executed 29 of 306 SUCCESS (0 secs / 0.317 secs)
2024-01-15T00:32:42.9578138Z [1A[2K[1A[2KChrome Headless 120.0.6099.199 (Linux x86_64): Executed 306 of 306 (1 FAILED) (3.673 secs / 3.61 secs)
2024-01-15T00:32:42.9579908Z Firefox 121.0 (Ubuntu 0.0.0): Executed 30 of 306 SUCCESS (0 secs / 0.318 secs)
2024-01-15T00:32:42.9582092Z [1A[2K[1A[2KChrome Headless 120.0.6099.199 (Linux x86_64): Executed 306 of 306 (1 FAILED) (3.673 secs / 3.61 secs)
2024-01-15T00:32:42.9583836Z Firefox 121.0 (Ubuntu 0.0.0): Executed 31 of 306 SUCCESS (0 secs / 0.318 secs)
2024-01-15T00:32:42.9585808Z [1A[2K[1A[2KChrome Headless 120.0.6099.199 (Linux x86_64): Executed 306 of 306 (1 FAILED) (3.673 secs / 3.61 secs)
2024-01-15T00:32:42.9587591Z Firefox 121.0 (Ubuntu 0.0.0): Executed 32 of 306 SUCCESS (0 secs / 0.318 secs)
2024-01-15T00:32:42.9593862Z [1A[2K[1A[2KChrome Headless 120.0.6099.199 (Linux x86_64): Executed 306 of 306 (1 FAILED) (3.673 secs / 3.61 secs)
2024-01-15T00:32:42.9595610Z Firefox 121.0 (Ubuntu 0.0.0): Executed 33 of 306 SUCCESS (0 secs / 0.319 secs)
2024-01-15T00:32:42.9597749Z [1A[2K[1A[2KChrome Headless 120.0.6099.199 (Linux x86_64): Executed 306 of 306 (1 FAILED) (3.673 secs / 3.61 secs)
2024-01-15T00:32:42.9600477Z Firefox 121.0 (Ubuntu 0.0.0): Executed 34 of 306 SUCCESS (0 secs / 0.319 secs)
2024-01-15T00:32:42.9602662Z [1A[2K[1A[2KChrome Headless 120.0.6099.199 (Linux x86_64): Executed 306 of 306 (1 FAILED) (3.673 secs / 3.61 secs)
2024-01-15T00:32:42.9605493Z Firefox 121.0 (Ubuntu 0.0.0): Executed 35 of 306 SUCCESS (0 secs / 0.319 secs)
2024-01-15T00:32:42.9607509Z [1A[2K[1A[2KChrome Headless 120.0.6099.199 (Linux x86_64): Executed 306 of 306 (1 FAILED) (3.673 secs / 3.61 secs)
2024-01-15T00:32:42.9611249Z Firefox 121.0 (Ubuntu 0.0.0): Executed 36 of 306 SUCCESS (0 secs / 0.319 secs)
2024-01-15T00:32:42.9613484Z [1A[2K[1A[2KChrome Headless 120.0.6099.199 (Linux x86_64): Executed 306 of 306 (1 FAILED) (3.673 secs / 3.61 secs)
2024-01-15T00:32:42.9615240Z Firefox 121.0 (Ubuntu 0.0.0): Executed 37 of 306 SUCCESS (0 secs / 0.319 secs)
2024-01-15T00:32:42.9617543Z [1A[2K[1A[2KChrome Headless 120.0.6099.199 (Linux x86_64): Executed 306 of 306 (1 FAILED) (3.673 secs / 3.61 secs)
2024-01-15T00:32:42.9619454Z Firefox 121.0 (Ubuntu 0.0.0): Executed 38 of 306 SUCCESS (0 secs / 0.32 secs)
2024-01-15T00:32:42.9621550Z [1A[2K[1A[2KChrome Headless 120.0.6099.199 (Linux x86_64): Executed 306 of 306 (1 FAILED) (3.673 secs / 3.61 secs)
2024-01-15T00:32:42.9623255Z Firefox 121.0 (Ubuntu 0.0.0): Executed 39 of 306 SUCCESS (0 secs / 0.32 secs)
2024-01-15T00:32:42.9625441Z [1A[2K[1A[2KChrome Headless 120.0.6099.199 (Linux x86_64): Executed 306 of 306 (1 FAILED) (3.673 secs / 3.61 secs)
2024-01-15T00:32:42.9627147Z Firefox 121.0 (Ubuntu 0.0.0): Executed 40 of 306 SUCCESS (0 secs / 0.321 secs)
2024-01-15T00:32:42.9629288Z [1A[2K[1A[2KChrome Headless 120.0.6099.199 (Linux x86_64): Executed 306 of 306 (1 FAILED) (3.673 secs / 3.61 secs)
2024-01-15T00:32:42.9631344Z Firefox 121.0 (Ubuntu 0.0.0): Executed 41 of 306 SUCCESS (0 secs / 0.323 secs)
2024-01-15T00:32:42.9633306Z [1A[2K[1A[2KChrome Headless 120.0.6099.199 (Linux x86_64): Executed 306 of 306 (1 FAILED) (3.673 secs / 3.61 secs)
2024-01-15T00:32:42.9635151Z Firefox 121.0 (Ubuntu 0.0.0): Executed 42 of 306 SUCCESS (0 secs / 0.323 secs)
2024-01-15T00:32:42.9637237Z [1A[2K[1A[2KChrome Headless 120.0.6099.199 (Linux x86_64): Executed 306 of 306 (1 FAILED) (3.673 secs / 3.61 secs)
2024-01-15T00:32:42.9649105Z Firefox 121.0 (Ubuntu 0.0.0): Executed 43 of 306 SUCCESS (0 secs / 0.323 secs)
2024-01-15T00:32:42.9652432Z [1A[2K[1A[2KChrome Headless 120.0.6099.199 (Linux x86_64): Executed 306 of 306 (1 FAILED) (3.673 secs / 3.61 secs)
2024-01-15T00:32:42.9656106Z Firefox 121.0 (Ubuntu 0.0.0): Executed 44 of 306 SUCCESS (0 secs / 0.323 secs)
2024-01-15T00:32:42.9658889Z [1A[2K[1A[2KChrome Headless 120.0.6099.199 (Linux x86_64): Executed 306 of 306 (1 FAILED) (3.673 secs / 3.61 secs)
2024-01-15T00:32:42.9662467Z Firefox 121.0 (Ubuntu 0.0.0): Executed 45 of 306 SUCCESS (0 secs / 0.324 secs)
2024-01-15T00:32:42.9668854Z [1A[2K[1A[2KChrome Headless 120.0.6099.199 (Linux x86_64): Executed 306 of 306 (1 FAILED) (3.673 secs / 3.61 secs)
2024-01-15T00:32:42.9673083Z Firefox 121.0 (Ubuntu 0.0.0): Executed 46 of 306 SUCCESS (0 secs / 0.325 secs)
2024-01-15T00:32:42.9679129Z [1A[2K[1A[2KChrome Headless 120.0.6099.199 (Linux x86_64): Executed 306 of 306 (1 FAILED) (3.673 secs / 3.61 secs)
2024-01-15T00:32:42.9683029Z Firefox 121.0 (Ubuntu 0.0.0): Executed 47 of 306 SUCCESS (0 secs / 0.325 secs)
2024-01-15T00:32:42.9691610Z [1A[2K[1A[2KChrome Headless 120.0.6099.199 (Linux x86_64): Executed 306 of 306 (1 FAILED) (3.673 secs / 3.61 secs)
2024-01-15T00:32:42.9695775Z Firefox 121.0 (Ubuntu 0.0.0): Executed 48 of 306 SUCCESS (0 secs / 0.325 secs)
2024-01-15T00:32:42.9702008Z [1A[2K[1A[2KChrome Headless 120.0.6099.199 (Linux x86_64): Executed 306 of 306 (1 FAILED) (3.673 secs / 3.61 secs)
2024-01-15T00:32:42.9704016Z Firefox 121.0 (Ubuntu 0.0.0): Executed 49 of 306 SUCCESS (0 secs / 0.326 secs)
2024-01-15T00:32:42.9706191Z [1A[2K[1A[2KChrome Headless 120.0.6099.199 (Linux x86_64): Executed 306 of 306 (1 FAILED) (3.673 secs / 3.61 secs)
2024-01-15T00:32:42.9709658Z Firefox 121.0 (Ubuntu 0.0.0): Executed 50 of 306 SUCCESS (0 secs / 0.326 secs)
2024-01-15T00:32:42.9711831Z [1A[2K[1A[2KChrome Headless 120.0.6099.199 (Linux x86_64): Executed 306 of 306 (1 FAILED) (3.673 secs / 3.61 secs)
2024-01-15T00:32:42.9713693Z Firefox 121.0 (Ubuntu 0.0.0): Executed 51 of 306 SUCCESS (0 secs / 0.326 secs)
2024-01-15T00:32:42.9715748Z [1A[2K[1A[2KChrome Headless 120.0.6099.199 (Linux x86_64): Executed 306 of 306 (1 FAILED) (3.673 secs / 3.61 secs)
2024-01-15T00:32:42.9717673Z Firefox 121.0 (Ubuntu 0.0.0): Executed 52 of 306 SUCCESS (0 secs / 0.326 secs)
2024-01-15T00:32:42.9719685Z [1A[2K[1A[2KChrome Headless 120.0.6099.199 (Linux x86_64): Executed 306 of 306 (1 FAILED) (3.673 secs / 3.61 secs)
2024-01-15T00:32:42.9721415Z Firefox 121.0 (Ubuntu 0.0.0): Executed 53 of 306 SUCCESS (0 secs / 0.326 secs)
2024-01-15T00:32:42.9724161Z [1A[2K[1A[2KChrome Headless 120.0.6099.199 (Linux x86_64): Executed 306 of 306 (1 FAILED) (3.673 secs / 3.61 secs)
2024-01-15T00:32:42.9726927Z Firefox 121.0 (Ubuntu 0.0.0): Executed 54 of 306 SUCCESS (0 secs / 0.326 secs)
2024-01-15T00:32:42.9729014Z [1A[2K[1A[2KChrome Headless 120.0.6099.199 (Linux x86_64): Executed 306 of 306 (1 FAILED) (3.673 secs / 3.61 secs)
2024-01-15T00:32:42.9730663Z Firefox 121.0 (Ubuntu 0.0.0): Executed 55 of 306 SUCCESS (0 secs / 0.326 secs)
2024-01-15T00:32:42.9732521Z [1A[2K[1A[2KChrome Headless 120.0.6099.199 (Linux x86_64): Executed 306 of 306 (1 FAILED) (3.673 secs / 3.61 secs)
2024-01-15T00:32:42.9734408Z Firefox 121.0 (Ubuntu 0.0.0): Executed 56 of 306 SUCCESS (0 secs / 0.326 secs)
2024-01-15T00:32:42.9736526Z [1A[2K[1A[2KChrome Headless 120.0.6099.199 (Linux x86_64): Executed 306 of 306 (1 FAILED) (3.673 secs / 3.61 secs)
2024-01-15T00:32:42.9738719Z Firefox 121.0 (Ubuntu 0.0.0): Executed 57 of 306 SUCCESS (0 secs / 0.327 secs)
2024-01-15T00:32:42.9740985Z [1A[2K[1A[2KChrome Headless 120.0.6099.199 (Linux x86_64): Executed 306 of 306 (1 FAILED) (3.673 secs / 3.61 secs)
2024-01-15T00:32:42.9742771Z Firefox 121.0 (Ubuntu 0.0.0): Executed 58 of 306 SUCCESS (0 secs / 0.329 secs)
2024-01-15T00:32:42.9744910Z [1A[2K[1A[2KChrome Headless 120.0.6099.199 (Linux x86_64): Executed 306 of 306 (1 FAILED) (3.673 secs / 3.61 secs)
2024-01-15T00:32:42.9746923Z Firefox 121.0 (Ubuntu 0.0.0): Executed 59 of 306 SUCCESS (0 secs / 0.329 secs)
2024-01-15T00:32:42.9749012Z [1A[2K[1A[2KChrome Headless 120.0.6099.199 (Linux x86_64): Executed 306 of 306 (1 FAILED) (3.673 secs / 3.61 secs)
2024-01-15T00:32:42.9751096Z Firefox 121.0 (Ubuntu 0.0.0): Executed 60 of 306 SUCCESS (0 secs / 0.329 secs)
2024-01-15T00:32:42.9754335Z [1A[2K[1A[2KChrome Headless 120.0.6099.199 (Linux x86_64): Executed 306 of 306 (1 FAILED) (3.673 secs / 3.61 secs)
2024-01-15T00:32:42.9756348Z Firefox 121.0 (Ubuntu 0.0.0): Executed 61 of 306 SUCCESS (0 secs / 0.33 secs)
2024-01-15T00:32:42.9758665Z [1A[2K[1A[2KChrome Headless 120.0.6099.199 (Linux x86_64): Executed 306 of 306 (1 FAILED) (3.673 secs / 3.61 secs)
2024-01-15T00:32:42.9760655Z Firefox 121.0 (Ubuntu 0.0.0): Executed 62 of 306 SUCCESS (0 secs / 0.33 secs)
2024-01-15T00:32:42.9762888Z [1A[2K[1A[2KChrome Headless 120.0.6099.199 (Linux x86_64): Executed 306 of 306 (1 FAILED) (3.673 secs / 3.61 secs)
2024-01-15T00:32:42.9764795Z Firefox 121.0 (Ubuntu 0.0.0): Executed 63 of 306 SUCCESS (0 secs / 0.331 secs)
2024-01-15T00:32:42.9767015Z [1A[2K[1A[2KChrome Headless 120.0.6099.199 (Linux x86_64): Executed 306 of 306 (1 FAILED) (3.673 secs / 3.61 secs)
2024-01-15T00:32:42.9768947Z Firefox 121.0 (Ubuntu 0.0.0): Executed 64 of 306 SUCCESS (0 secs / 0.332 secs)
2024-01-15T00:32:42.9770949Z [1A[2K[1A[2KChrome Headless 120.0.6099.199 (Linux x86_64): Executed 306 of 306 (1 FAILED) (3.673 secs / 3.61 secs)
2024-01-15T00:32:42.9773784Z Firefox 121.0 (Ubuntu 0.0.0): Executed 65 of 306 SUCCESS (0 secs / 0.333 secs)
2024-01-15T00:32:42.9775739Z [1A[2K[1A[2KChrome Headless 120.0.6099.199 (Linux x86_64): Executed 306 of 306 (1 FAILED) (3.673 secs / 3.61 secs)
2024-01-15T00:32:42.9777605Z Firefox 121.0 (Ubuntu 0.0.0): Executed 66 of 306 SUCCESS (0 secs / 0.333 secs)
2024-01-15T00:32:42.9781837Z [1A[2K[1A[2KChrome Headless 120.0.6099.199 (Linux x86_64): Executed 306 of 306 (1 FAILED) (3.673 secs / 3.61 secs)
2024-01-15T00:32:42.9787146Z Firefox 121.0 (Ubuntu 0.0.0): Executed 67 of 306 SUCCESS (0 secs / 0.333 secs)
2024-01-15T00:32:42.9789391Z [1A[2K[1A[2KChrome Headless 120.0.6099.199 (Linux x86_64): Executed 306 of 306 (1 FAILED) (3.673 secs / 3.61 secs)
2024-01-15T00:32:42.9793855Z Firefox 121.0 (Ubuntu 0.0.0): Executed 68 of 306 SUCCESS (0 secs / 0.333 secs)
2024-01-15T00:32:42.9795916Z [1A[2K[1A[2KChrome Headless 120.0.6099.199 (Linux x86_64): Executed 306 of 306 (1 FAILED) (3.673 secs / 3.61 secs)
2024-01-15T00:32:42.9797918Z Firefox 121.0 (Ubuntu 0.0.0): Executed 69 of 306 SUCCESS (0 secs / 0.333 secs)
2024-01-15T00:32:42.9800875Z [1A[2K[1A[2KChrome Headless 120.0.6099.199 (Linux x86_64): Executed 306 of 306 (1 FAILED) (3.673 secs / 3.61 secs)
2024-01-15T00:32:42.9802717Z Firefox 121.0 (Ubuntu 0.0.0): Executed 70 of 306 SUCCESS (0 secs / 0.333 secs)
2024-01-15T00:32:42.9813854Z [1A[2K[1A[2KChrome Headless 120.0.6099.199 (Linux x86_64): Executed 306 of 306 (1 FAILED) (3.673 secs / 3.61 secs)
2024-01-15T00:32:42.9816026Z Firefox 121.0 (Ubuntu 0.0.0): Executed 71 of 306 SUCCESS (0 secs / 0.333 secs)
2024-01-15T00:32:42.9818152Z [1A[2K[1A[2KChrome Headless 120.0.6099.199 (Linux x86_64): Executed 306 of 306 (1 FAILED) (3.673 secs / 3.61 secs)
2024-01-15T00:32:42.9820166Z Firefox 121.0 (Ubuntu 0.0.0): Executed 72 of 306 SUCCESS (0 secs / 0.333 secs)
2024-01-15T00:32:42.9841236Z [1A[2K[1A[2KChrome Headless 120.0.6099.199 (Linux x86_64): Executed 306 of 306 (1 FAILED) (3.673 secs / 3.61 secs)
2024-01-15T00:32:42.9844198Z Firefox 121.0 (Ubuntu 0.0.0): Executed 73 of 306 SUCCESS (0 secs / 0.333 secs)
2024-01-15T00:32:42.9846457Z [1A[2K[1A[2KChrome Headless 120.0.6099.199 (Linux x86_64): Executed 306 of 306 (1 FAILED) (3.673 secs / 3.61 secs)
2024-01-15T00:32:42.9848613Z Firefox 121.0 (Ubuntu 0.0.0): Executed 74 of 306 SUCCESS (0 secs / 0.333 secs)
2024-01-15T00:32:42.9851047Z [1A[2K[1A[2KChrome Headless 120.0.6099.199 (Linux x86_64): Executed 306 of 306 (1 FAILED) (3.673 secs / 3.61 secs)
2024-01-15T00:32:42.9853111Z Firefox 121.0 (Ubuntu 0.0.0): Executed 75 of 306 SUCCESS (0 secs / 0.333 secs)
2024-01-15T00:32:42.9855383Z [1A[2K[1A[2KChrome Headless 120.0.6099.199 (Linux x86_64): Executed 306 of 306 (1 FAILED) (3.673 secs / 3.61 secs)
2024-01-15T00:32:42.9857736Z Firefox 121.0 (Ubuntu 0.0.0): Executed 76 of 306 SUCCESS (0 secs / 0.333 secs)
2024-01-15T00:32:42.9860024Z [1A[2K[1A[2KChrome Headless 120.0.6099.199 (Linux x86_64): Executed 306 of 306 (1 FAILED) (3.673 secs / 3.61 secs)
2024-01-15T00:32:42.9862004Z Firefox 121.0 (Ubuntu 0.0.0): Executed 77 of 306 SUCCESS (0 secs / 0.333 secs)
2024-01-15T00:32:42.9864477Z [1A[2K[1A[2KChrome Headless 120.0.6099.199 (Linux x86_64): Executed 306 of 306 (1 FAILED) (3.673 secs / 3.61 secs)
2024-01-15T00:32:42.9868866Z Firefox 121.0 (Ubuntu 0.0.0): Executed 78 of 306 SUCCESS (0 secs / 0.334 secs)
2024-01-15T00:32:42.9871152Z [1A[2K[1A[2KChrome Headless 120.0.6099.199 (Linux x86_64): Executed 306 of 306 (1 FAILED) (3.673 secs / 3.61 secs)
2024-01-15T00:32:42.9872977Z Firefox 121.0 (Ubuntu 0.0.0): Executed 79 of 306 SUCCESS (0 secs / 0.334 secs)
2024-01-15T00:32:42.9875085Z [1A[2K[1A[2KChrome Headless 120.0.6099.199 (Linux x86_64): Executed 306 of 306 (1 FAILED) (3.673 secs / 3.61 secs)
2024-01-15T00:32:42.9877136Z Firefox 121.0 (Ubuntu 0.0.0): Executed 80 of 306 SUCCESS (0 secs / 0.335 secs)
2024-01-15T00:32:42.9879367Z [1A[2K[1A[2KChrome Headless 120.0.6099.199 (Linux x86_64): Executed 306 of 306 (1 FAILED) (3.673 secs / 3.61 secs)
2024-01-15T00:32:42.9881237Z Firefox 121.0 (Ubuntu 0.0.0): Executed 81 of 306 SUCCESS (0 secs / 0.335 secs)
2024-01-15T00:32:42.9883750Z [1A[2K[1A[2KChrome Headless 120.0.6099.199 (Linux x86_64): Executed 306 of 306 (1 FAILED) (3.673 secs / 3.61 secs)
2024-01-15T00:32:42.9885597Z Firefox 121.0 (Ubuntu 0.0.0): Executed 82 of 306 SUCCESS (0 secs / 0.335 secs)
2024-01-15T00:32:42.9887681Z [1A[2K[1A[2KChrome Headless 120.0.6099.199 (Linux x86_64): Executed 306 of 306 (1 FAILED) (3.673 secs / 3.61 secs)
2024-01-15T00:32:42.9889661Z Firefox 121.0 (Ubuntu 0.0.0): Executed 83 of 306 SUCCESS (0 secs / 0.335 secs)
2024-01-15T00:32:42.9891679Z [1A[2K[1A[2KChrome Headless 120.0.6099.199 (Linux x86_64): Executed 306 of 306 (1 FAILED) (3.673 secs / 3.61 secs)
2024-01-15T00:32:42.9893641Z Firefox 121.0 (Ubuntu 0.0.0): Executed 84 of 306 SUCCESS (0 secs / 0.335 secs)
2024-01-15T00:32:42.9895895Z [1A[2K[1A[2KChrome Headless 120.0.6099.199 (Linux x86_64): Executed 306 of 306 (1 FAILED) (3.673 secs / 3.61 secs)
2024-01-15T00:32:42.9898191Z Firefox 121.0 (Ubuntu 0.0.0): Executed 85 of 306 SUCCESS (0 secs / 0.335 secs)
2024-01-15T00:32:42.9900518Z [1A[2K[1A[2KChrome Headless 120.0.6099.199 (Linux x86_64): Executed 306 of 306 (1 FAILED) (3.673 secs / 3.61 secs)
2024-01-15T00:32:42.9902310Z Firefox 121.0 (Ubuntu 0.0.0): Executed 86 of 306 SUCCESS (0 secs / 0.335 secs)
2024-01-15T00:32:42.9904456Z [1A[2K[1A[2KChrome Headless 120.0.6099.199 (Linux x86_64): Executed 306 of 306 (1 FAILED) (3.673 secs / 3.61 secs)
2024-01-15T00:32:42.9906443Z Firefox 121.0 (Ubuntu 0.0.0): Executed 87 of 306 SUCCESS (0 secs / 0.335 secs)
2024-01-15T00:32:42.9908565Z [1A[2K[1A[2KChrome Headless 120.0.6099.199 (Linux x86_64): Executed 306 of 306 (1 FAILED) (3.673 secs / 3.61 secs)
2024-01-15T00:32:42.9910398Z Firefox 121.0 (Ubuntu 0.0.0): Executed 88 of 306 SUCCESS (0 secs / 0.336 secs)
2024-01-15T00:32:42.9912563Z [1A[2K[1A[2KChrome Headless 120.0.6099.199 (Linux x86_64): Executed 306 of 306 (1 FAILED) (3.673 secs / 3.61 secs)
2024-01-15T00:32:42.9914696Z Firefox 121.0 (Ubuntu 0.0.0): Executed 89 of 306 SUCCESS (0 secs / 0.337 secs)
2024-01-15T00:32:42.9916811Z [1A[2K[1A[2KChrome Headless 120.0.6099.199 (Linux x86_64): Executed 306 of 306 (1 FAILED) (3.673 secs / 3.61 secs)
2024-01-15T00:32:42.9918783Z Firefox 121.0 (Ubuntu 0.0.0): Executed 90 of 306 SUCCESS (0 secs / 0.338 secs)
2024-01-15T00:32:42.9920965Z [1A[2K[1A[2KChrome Headless 120.0.6099.199 (Linux x86_64): Executed 306 of 306 (1 FAILED) (3.673 secs / 3.61 secs)
2024-01-15T00:32:42.9922800Z Firefox 121.0 (Ubuntu 0.0.0): Executed 91 of 306 SUCCESS (0 secs / 0.339 secs)
2024-01-15T00:32:42.9925497Z [1A[2K[1A[2KChrome Headless 120.0.6099.199 (Linux x86_64): Executed 306 of 306 (1 FAILED) (3.673 secs / 3.61 secs)
2024-01-15T00:32:42.9929543Z Firefox 121.0 (Ubuntu 0.0.0): Executed 92 of 306 SUCCESS (0 secs / 0.339 secs)
2024-01-15T00:32:42.9931816Z [1A[2K[1A[2KChrome Headless 120.0.6099.199 (Linux x86_64): Executed 306 of 306 (1 FAILED) (3.673 secs / 3.61 secs)
2024-01-15T00:32:42.9933640Z Firefox 121.0 (Ubuntu 0.0.0): Executed 93 of 306 SUCCESS (0 secs / 0.339 secs)
2024-01-15T00:32:42.9935857Z [1A[2K[1A[2KChrome Headless 120.0.6099.199 (Linux x86_64): Executed 306 of 306 (1 FAILED) (3.673 secs / 3.61 secs)
2024-01-15T00:32:42.9937831Z Firefox 121.0 (Ubuntu 0.0.0): Executed 94 of 306 SUCCESS (0 secs / 0.339 secs)
2024-01-15T00:32:42.9939945Z [1A[2K[1A[2KChrome Headless 120.0.6099.199 (Linux x86_64): Executed 306 of 306 (1 FAILED) (3.673 secs / 3.61 secs)
2024-01-15T00:32:42.9941663Z Firefox 121.0 (Ubuntu 0.0.0): Executed 95 of 306 SUCCESS (0 secs / 0.339 secs)
2024-01-15T00:32:42.9943846Z [1A[2K[1A[2KChrome Headless 120.0.6099.199 (Linux x86_64): Executed 306 of 306 (1 FAILED) (3.673 secs / 3.61 secs)
2024-01-15T00:32:42.9946301Z Firefox 121.0 (Ubuntu 0.0.0): Executed 96 of 306 SUCCESS (0 secs / 0.339 secs)
2024-01-15T00:32:42.9948359Z [1A[2K[1A[2KChrome Headless 120.0.6099.199 (Linux x86_64): Executed 306 of 306 (1 FAILED) (3.673 secs / 3.61 secs)
2024-01-15T00:32:42.9950202Z Firefox 121.0 (Ubuntu 0.0.0): Executed 97 of 306 SUCCESS (0 secs / 0.339 secs)
2024-01-15T00:32:42.9962223Z [1A[2K[1A[2KChrome Headless 120.0.6099.199 (Linux x86_64): Executed 306 of 306 (1 FAILED) (3.673 secs / 3.61 secs)
2024-01-15T00:32:42.9964152Z Firefox 121.0 (Ubuntu 0.0.0): Executed 98 of 306 SUCCESS (0 secs / 0.34 secs)
2024-01-15T00:32:42.9965583Z [1A[2K[1A[2KChrome Headless 120.0.6099.199 (Linux x86_64): Executed 306 of 306 (1 FAILED) (3.673 secs / 3.61 secs)
2024-01-15T00:32:42.9967016Z Firefox 121.0 (Ubuntu 0.0.0): Executed 99 of 306 SUCCESS (0 secs / 0.34 secs)
2024-01-15T00:32:42.9968568Z [1A[2K[1A[2KChrome Headless 120.0.6099.199 (Linux x86_64): Executed 306 of 306 (1 FAILED) (3.673 secs / 3.61 secs)
2024-01-15T00:32:42.9969867Z Firefox 121.0 (Ubuntu 0.0.0): Executed 100 of 306 SUCCESS (0 secs / 0.34 secs)
2024-01-15T00:32:42.9971754Z [1A[2K[1A[2KChrome Headless 120.0.6099.199 (Linux x86_64): Executed 306 of 306 (1 FAILED) (3.673 secs / 3.61 secs)
2024-01-15T00:32:42.9972732Z Firefox 121.0 (Ubuntu 0.0.0): Executed 101 of 306 SUCCESS (0 secs / 0.34 secs)
2024-01-15T00:32:42.9973905Z [1A[2K[1A[2KChrome Headless 120.0.6099.199 (Linux x86_64): Executed 306 of 306 (1 FAILED) (3.673 secs / 3.61 secs)
2024-01-15T00:32:42.9974789Z Firefox 121.0 (Ubuntu 0.0.0): Executed 102 of 306 SUCCESS (0 secs / 0.34 secs)
2024-01-15T00:32:42.9982132Z [1A[2K[1A[2KChrome Headless 120.0.6099.199 (Linux x86_64): Executed 306 of 306 (1 FAILED) (3.673 secs / 3.61 secs)
2024-01-15T00:32:42.9984169Z Firefox 121.0 (Ubuntu 0.0.0): Executed 103 of 306 SUCCESS (0 secs / 0.34 secs)
2024-01-15T00:32:42.9986177Z [1A[2K[1A[2KChrome Headless 120.0.6099.199 (Linux x86_64): Executed 306 of 306 (1 FAILED) (3.673 secs / 3.61 secs)
2024-01-15T00:32:42.9988063Z Firefox 121.0 (Ubuntu 0.0.0): Executed 104 of 306 SUCCESS (0 secs / 0.34 secs)
2024-01-15T00:32:42.9990065Z [1A[2K[1A[2KChrome Headless 120.0.6099.199 (Linux x86_64): Executed 306 of 306 (1 FAILED) (3.673 secs / 3.61 secs)
2024-01-15T00:32:42.9992096Z Firefox 121.0 (Ubuntu 0.0.0): Executed 105 of 306 SUCCESS (0 secs / 0.34 secs)
2024-01-15T00:32:42.9994389Z [1A[2K[1A[2KChrome Headless 120.0.6099.199 (Linux x86_64): Executed 306 of 306 (1 FAILED) (3.673 secs / 3.61 secs)
2024-01-15T00:32:42.9996269Z Firefox 121.0 (Ubuntu 0.0.0): Executed 106 of 306 SUCCESS (0 secs / 0.341 secs)
2024-01-15T00:32:42.9998313Z [1A[2K[1A[2KChrome Headless 120.0.6099.199 (Linux x86_64): Executed 306 of 306 (1 FAILED) (3.673 secs / 3.61 secs)
2024-01-15T00:32:43.0000169Z Firefox 121.0 (Ubuntu 0.0.0): Executed 107 of 306 SUCCESS (0 secs / 0.341 secs)
2024-01-15T00:32:43.0002222Z [1A[2K[1A[2KChrome Headless 120.0.6099.199 (Linux x86_64): Executed 306 of 306 (1 FAILED) (3.673 secs / 3.61 secs)
2024-01-15T00:32:43.0004466Z Firefox 121.0 (Ubuntu 0.0.0): Executed 108 of 306 SUCCESS (0 secs / 0.341 secs)
2024-01-15T00:32:43.0006516Z [1A[2K[1A[2KChrome Headless 120.0.6099.199 (Linux x86_64): Executed 306 of 306 (1 FAILED) (3.673 secs / 3.61 secs)
2024-01-15T00:32:43.0008161Z Firefox 121.0 (Ubuntu 0.0.0): Executed 109 of 306 SUCCESS (0 secs / 0.342 secs)
2024-01-15T00:32:43.0010004Z [1A[2K[1A[2KChrome Headless 120.0.6099.199 (Linux x86_64): Executed 306 of 306 (1 FAILED) (3.673 secs / 3.61 secs)
2024-01-15T00:32:43.0011821Z Firefox 121.0 (Ubuntu 0.0.0): Executed 110 of 306 SUCCESS (0 secs / 0.343 secs)
2024-01-15T00:32:43.0013831Z [1A[2K[1A[2KChrome Headless 120.0.6099.199 (Linux x86_64): Executed 306 of 306 (1 FAILED) (3.673 secs / 3.61 secs)
2024-01-15T00:32:43.0015604Z Firefox 121.0 (Ubuntu 0.0.0): Executed 111 of 306 SUCCESS (0 secs / 0.344 secs)
2024-01-15T00:32:43.0017406Z [1A[2K[1A[2KChrome Headless 120.0.6099.199 (Linux x86_64): Executed 306 of 306 (1 FAILED) (3.673 secs / 3.61 secs)
2024-01-15T00:32:43.0018947Z Firefox 121.0 (Ubuntu 0.0.0): Executed 112 of 306 SUCCESS (0 secs / 0.345 secs)
2024-01-15T00:32:43.0020813Z [1A[2K[1A[2KChrome Headless 120.0.6099.199 (Linux x86_64): Executed 306 of 306 (1 FAILED) (3.673 secs / 3.61 secs)
2024-01-15T00:32:43.0022331Z Firefox 121.0 (Ubuntu 0.0.0): Executed 113 of 306 SUCCESS (0 secs / 0.346 secs)
2024-01-15T00:32:43.0024169Z [1A[2K[1A[2KChrome Headless 120.0.6099.199 (Linux x86_64): Executed 306 of 306 (1 FAILED) (3.673 secs / 3.61 secs)
2024-01-15T00:32:43.0025730Z Firefox 121.0 (Ubuntu 0.0.0): Executed 114 of 306 SUCCESS (0 secs / 0.346 secs)
2024-01-15T00:32:43.0027492Z [1A[2K[1A[2KChrome Headless 120.0.6099.199 (Linux x86_64): Executed 306 of 306 (1 FAILED) (3.673 secs / 3.61 secs)
2024-01-15T00:32:43.0029059Z Firefox 121.0 (Ubuntu 0.0.0): Executed 115 of 306 SUCCESS (0 secs / 0.347 secs)
2024-01-15T00:32:43.0030932Z [1A[2K[1A[2KChrome Headless 120.0.6099.199 (Linux x86_64): Executed 306 of 306 (1 FAILED) (3.673 secs / 3.61 secs)
2024-01-15T00:32:43.0032499Z Firefox 121.0 (Ubuntu 0.0.0): Executed 116 of 306 SUCCESS (0 secs / 0.349 secs)
2024-01-15T00:32:43.0034251Z [1A[2K[1A[2KChrome Headless 120.0.6099.199 (Linux x86_64): Executed 306 of 306 (1 FAILED) (3.673 secs / 3.61 secs)
2024-01-15T00:32:43.0035934Z Firefox 121.0 (Ubuntu 0.0.0): Executed 117 of 306 SUCCESS (0 secs / 0.349 secs)
2024-01-15T00:32:43.1345663Z [1A[2K[1A[2KChrome Headless 120.0.6099.199 (Linux x86_64): Executed 306 of 306 (1 FAILED) (3.673 secs / 3.61 secs)
2024-01-15T00:32:43.1347607Z Firefox 121.0 (Ubuntu 0.0.0): Executed 118 of 306 SUCCESS (0 secs / 0.485 secs)
2024-01-15T00:32:43.1350237Z [1A[2K[1A[2KChrome Headless 120.0.6099.199 (Linux x86_64): Executed 306 of 306 (1 FAILED) (3.673 secs / 3.61 secs)
2024-01-15T00:32:43.1351942Z Firefox 121.0 (Ubuntu 0.0.0): Executed 119 of 306 SUCCESS (0 secs / 0.486 secs)
2024-01-15T00:32:43.1353937Z [1A[2K[1A[2KChrome Headless 120.0.6099.199 (Linux x86_64): Executed 306 of 306 (1 FAILED) (3.673 secs / 3.61 secs)
2024-01-15T00:32:43.1355823Z Firefox 121.0 (Ubuntu 0.0.0): Executed 120 of 306 SUCCESS (0 secs / 0.487 secs)
2024-01-15T00:32:43.1360315Z [1A[2K[1A[2KChrome Headless 120.0.6099.199 (Linux x86_64): Executed 306 of 306 (1 FAILED) (3.673 secs / 3.61 secs)
2024-01-15T00:32:43.1362447Z Firefox 121.0 (Ubuntu 0.0.0): Executed 121 of 306 SUCCESS (0 secs / 0.487 secs)
2024-01-15T00:32:43.1364783Z [1A[2K[1A[2KChrome Headless 120.0.6099.199 (Linux x86_64): Executed 306 of 306 (1 FAILED) (3.673 secs / 3.61 secs)
2024-01-15T00:32:43.1366661Z Firefox 121.0 (Ubuntu 0.0.0): Executed 122 of 306 SUCCESS (0 secs / 0.487 secs)
2024-01-15T00:32:43.1368579Z [1A[2K[1A[2KChrome Headless 120.0.6099.199 (Linux x86_64): Executed 306 of 306 (1 FAILED) (3.673 secs / 3.61 secs)
2024-01-15T00:32:43.1370370Z Firefox 121.0 (Ubuntu 0.0.0): Executed 123 of 306 SUCCESS (0 secs / 0.488 secs)
2024-01-15T00:32:43.1372216Z [1A[2K[1A[2KChrome Headless 120.0.6099.199 (Linux x86_64): Executed 306 of 306 (1 FAILED) (3.673 secs / 3.61 secs)
2024-01-15T00:32:43.1374175Z Firefox 121.0 (Ubuntu 0.0.0): Executed 124 of 306 SUCCESS (0 secs / 0.489 secs)
2024-01-15T00:32:43.1380004Z [1A[2K[1A[2KChrome Headless 120.0.6099.199 (Linux x86_64): Executed 306 of 306 (1 FAILED) (3.673 secs / 3.61 secs)
2024-01-15T00:32:43.1381688Z Firefox 121.0 (Ubuntu 0.0.0): Executed 125 of 306 SUCCESS (0 secs / 0.489 secs)
2024-01-15T00:32:43.1383749Z [1A[2K[1A[2KChrome Headless 120.0.6099.199 (Linux x86_64): Executed 306 of 306 (1 FAILED) (3.673 secs / 3.61 secs)
2024-01-15T00:32:43.1385423Z Firefox 121.0 (Ubuntu 0.0.0): Executed 126 of 306 SUCCESS (0 secs / 0.49 secs)
2024-01-15T00:32:43.1387324Z [1A[2K[1A[2KChrome Headless 120.0.6099.199 (Linux x86_64): Executed 306 of 306 (1 FAILED) (3.673 secs / 3.61 secs)
2024-01-15T00:32:43.1389048Z Firefox 121.0 (Ubuntu 0.0.0): Executed 127 of 306 SUCCESS (0 secs / 0.49 secs)
2024-01-15T00:32:43.1390874Z [1A[2K[1A[2KChrome Headless 120.0.6099.199 (Linux x86_64): Executed 306 of 306 (1 FAILED) (3.673 secs / 3.61 secs)
2024-01-15T00:32:43.1392549Z Firefox 121.0 (Ubuntu 0.0.0): Executed 128 of 306 SUCCESS (0 secs / 0.49 secs)
2024-01-15T00:32:43.1394506Z [1A[2K[1A[2KChrome Headless 120.0.6099.199 (Linux x86_64): Executed 306 of 306 (1 FAILED) (3.673 secs / 3.61 secs)
2024-01-15T00:32:43.1396098Z Firefox 121.0 (Ubuntu 0.0.0): Executed 129 of 306 SUCCESS (0 secs / 0.49 secs)
2024-01-15T00:32:43.1397972Z [1A[2K[1A[2KChrome Headless 120.0.6099.199 (Linux x86_64): Executed 306 of 306 (1 FAILED) (3.673 secs / 3.61 secs)
2024-01-15T00:32:43.1399678Z Firefox 121.0 (Ubuntu 0.0.0): Executed 130 of 306 SUCCESS (0 secs / 0.49 secs)
2024-01-15T00:32:43.1401580Z [1A[2K[1A[2KChrome Headless 120.0.6099.199 (Linux x86_64): Executed 306 of 306 (1 FAILED) (3.673 secs / 3.61 secs)
2024-01-15T00:32:43.1403553Z Firefox 121.0 (Ubuntu 0.0.0): Executed 131 of 306 SUCCESS (0 secs / 0.491 secs)
2024-01-15T00:32:43.1457482Z [1A[2K[1A[2KChrome Headless 120.0.6099.199 (Linux x86_64): Executed 306 of 306 (1 FAILED) (3.673 secs / 3.61 secs)
2024-01-15T00:32:43.1459312Z Firefox 121.0 (Ubuntu 0.0.0): Executed 132 of 306 SUCCESS (0 secs / 0.491 secs)
2024-01-15T00:32:43.1463571Z [1A[2K[1A[2KChrome Headless 120.0.6099.199 (Linux x86_64): Executed 306 of 306 (1 FAILED) (3.673 secs / 3.61 secs)
2024-01-15T00:32:43.1465349Z Firefox 121.0 (Ubuntu 0.0.0): Executed 133 of 306 SUCCESS (0 secs / 0.492 secs)
2024-01-15T00:32:43.1467328Z [1A[2K[1A[2KChrome Headless 120.0.6099.199 (Linux x86_64): Executed 306 of 306 (1 FAILED) (3.673 secs / 3.61 secs)
2024-01-15T00:32:43.1469293Z Firefox 121.0 (Ubuntu 0.0.0): Executed 134 of 306 SUCCESS (0 secs / 0.492 secs)
2024-01-15T00:32:43.1471366Z [1A[2K[1A[2KChrome Headless 120.0.6099.199 (Linux x86_64): Executed 306 of 306 (1 FAILED) (3.673 secs / 3.61 secs)
2024-01-15T00:32:43.1473145Z Firefox 121.0 (Ubuntu 0.0.0): Executed 135 of 306 SUCCESS (0 secs / 0.492 secs)
2024-01-15T00:32:43.1475223Z [1A[2K[1A[2KChrome Headless 120.0.6099.199 (Linux x86_64): Executed 306 of 306 (1 FAILED) (3.673 secs / 3.61 secs)
2024-01-15T00:32:43.1476930Z Firefox 121.0 (Ubuntu 0.0.0): Executed 136 of 306 SUCCESS (0 secs / 0.492 secs)
2024-01-15T00:32:43.1480198Z [1A[2K[1A[2KChrome Headless 120.0.6099.199 (Linux x86_64): Executed 306 of 306 (1 FAILED) (3.673 secs / 3.61 secs)
2024-01-15T00:32:43.1482515Z Firefox 121.0 (Ubuntu 0.0.0): Executed 137 of 306 SUCCESS (0 secs / 0.492 secs)
2024-01-15T00:32:43.1484833Z [1A[2K[1A[2KChrome Headless 120.0.6099.199 (Linux x86_64): Executed 306 of 306 (1 FAILED) (3.673 secs / 3.61 secs)
2024-01-15T00:32:43.1487288Z Firefox 121.0 (Ubuntu 0.0.0): Executed 138 of 306 SUCCESS (0 secs / 0.492 secs)
2024-01-15T00:32:43.1489332Z [1A[2K[1A[2KChrome Headless 120.0.6099.199 (Linux x86_64): Executed 306 of 306 (1 FAILED) (3.673 secs / 3.61 secs)
2024-01-15T00:32:43.1491145Z Firefox 121.0 (Ubuntu 0.0.0): Executed 139 of 306 SUCCESS (0 secs / 0.492 secs)
2024-01-15T00:32:43.1493290Z [1A[2K[1A[2KChrome Headless 120.0.6099.199 (Linux x86_64): Executed 306 of 306 (1 FAILED) (3.673 secs / 3.61 secs)
2024-01-15T00:32:43.1496244Z Firefox 121.0 (Ubuntu 0.0.0): Executed 140 of 306 SUCCESS (0 secs / 0.492 secs)
2024-01-15T00:32:43.1498236Z [1A[2K[1A[2KChrome Headless 120.0.6099.199 (Linux x86_64): Executed 306 of 306 (1 FAILED) (3.673 secs / 3.61 secs)
2024-01-15T00:32:43.1500029Z Firefox 121.0 (Ubuntu 0.0.0): Executed 141 of 306 SUCCESS (0 secs / 0.492 secs)
2024-01-15T00:32:43.1502006Z [1A[2K[1A[2KChrome Headless 120.0.6099.199 (Linux x86_64): Executed 306 of 306 (1 FAILED) (3.673 secs / 3.61 secs)
2024-01-15T00:32:43.1503722Z Firefox 121.0 (Ubuntu 0.0.0): Executed 142 of 306 SUCCESS (0 secs / 0.493 secs)
2024-01-15T00:32:43.1506641Z [1A[2K[1A[2KChrome Headless 120.0.6099.199 (Linux x86_64): Executed 306 of 306 (1 FAILED) (3.673 secs / 3.61 secs)
2024-01-15T00:32:43.1508785Z Firefox 121.0 (Ubuntu 0.0.0): Executed 143 of 306 SUCCESS (0 secs / 0.494 secs)
2024-01-15T00:32:43.1510772Z [1A[2K[1A[2KChrome Headless 120.0.6099.199 (Linux x86_64): Executed 306 of 306 (1 FAILED) (3.673 secs / 3.61 secs)
2024-01-15T00:32:43.1512667Z Firefox 121.0 (Ubuntu 0.0.0): Executed 144 of 306 SUCCESS (0 secs / 0.494 secs)
2024-01-15T00:32:43.1514789Z [1A[2K[1A[2KChrome Headless 120.0.6099.199 (Linux x86_64): Executed 306 of 306 (1 FAILED) (3.673 secs / 3.61 secs)
2024-01-15T00:32:43.1516979Z Firefox 121.0 (Ubuntu 0.0.0): Executed 145 of 306 SUCCESS (0 secs / 0.494 secs)
2024-01-15T00:32:43.1519120Z [1A[2K[1A[2KChrome Headless 120.0.6099.199 (Linux x86_64): Executed 306 of 306 (1 FAILED) (3.673 secs / 3.61 secs)
2024-01-15T00:32:43.1521568Z Firefox 121.0 (Ubuntu 0.0.0): Executed 146 of 306 SUCCESS (0 secs / 0.495 secs)
2024-01-15T00:32:43.1524057Z [1A[2K[1A[2KChrome Headless 120.0.6099.199 (Linux x86_64): Executed 306 of 306 (1 FAILED) (3.673 secs / 3.61 secs)
2024-01-15T00:32:43.1525985Z Firefox 121.0 (Ubuntu 0.0.0): Executed 147 of 306 SUCCESS (0 secs / 0.495 secs)
2024-01-15T00:32:43.1528038Z [1A[2K[1A[2KChrome Headless 120.0.6099.199 (Linux x86_64): Executed 306 of 306 (1 FAILED) (3.673 secs / 3.61 secs)
2024-01-15T00:32:43.1530108Z Firefox 121.0 (Ubuntu 0.0.0): Executed 148 of 306 SUCCESS (0 secs / 0.495 secs)
2024-01-15T00:32:43.1532591Z [1A[2K[1A[2KChrome Headless 120.0.6099.199 (Linux x86_64): Executed 306 of 306 (1 FAILED) (3.673 secs / 3.61 secs)
2024-01-15T00:32:43.1534492Z Firefox 121.0 (Ubuntu 0.0.0): Executed 149 of 306 SUCCESS (0 secs / 0.495 secs)
2024-01-15T00:32:43.1537437Z [1A[2K[1A[2KChrome Headless 120.0.6099.199 (Linux x86_64): Executed 306 of 306 (1 FAILED) (3.673 secs / 3.61 secs)
2024-01-15T00:32:43.1539074Z Firefox 121.0 (Ubuntu 0.0.0): Executed 150 of 306 SUCCESS (0 secs / 0.495 secs)
2024-01-15T00:32:43.1541016Z [1A[2K[1A[2KChrome Headless 120.0.6099.199 (Linux x86_64): Executed 306 of 306 (1 FAILED) (3.673 secs / 3.61 secs)
2024-01-15T00:32:43.1542803Z Firefox 121.0 (Ubuntu 0.0.0): Executed 151 of 306 SUCCESS (0 secs / 0.495 secs)
2024-01-15T00:32:43.1544796Z [1A[2K[1A[2KChrome Headless 120.0.6099.199 (Linux x86_64): Executed 306 of 306 (1 FAILED) (3.673 secs / 3.61 secs)
2024-01-15T00:32:43.1548131Z Firefox 121.0 (Ubuntu 0.0.0): Executed 152 of 306 SUCCESS (0 secs / 0.496 secs)
2024-01-15T00:32:43.1550169Z [1A[2K[1A[2KChrome Headless 120.0.6099.199 (Linux x86_64): Executed 306 of 306 (1 FAILED) (3.673 secs / 3.61 secs)
2024-01-15T00:32:43.1552319Z Firefox 121.0 (Ubuntu 0.0.0): Executed 153 of 306 SUCCESS (0 secs / 0.496 secs)
2024-01-15T00:32:43.1554331Z [1A[2K[1A[2KChrome Headless 120.0.6099.199 (Linux x86_64): Executed 306 of 306 (1 FAILED) (3.673 secs / 3.61 secs)
2024-01-15T00:32:43.1555890Z Firefox 121.0 (Ubuntu 0.0.0): Executed 154 of 306 SUCCESS (0 secs / 0.496 secs)
2024-01-15T00:32:43.1557990Z [1A[2K[1A[2KChrome Headless 120.0.6099.199 (Linux x86_64): Executed 306 of 306 (1 FAILED) (3.673 secs / 3.61 secs)
2024-01-15T00:32:43.1560096Z Firefox 121.0 (Ubuntu 0.0.0): Executed 155 of 306 SUCCESS (0 secs / 0.496 secs)
2024-01-15T00:32:43.1562575Z [1A[2K[1A[2KChrome Headless 120.0.6099.199 (Linux x86_64): Executed 306 of 306 (1 FAILED) (3.673 secs / 3.61 secs)
2024-01-15T00:32:43.1565259Z Firefox 121.0 (Ubuntu 0.0.0): Executed 156 of 306 SUCCESS (0 secs / 0.497 secs)
2024-01-15T00:32:43.1567121Z [1A[2K[1A[2KChrome Headless 120.0.6099.199 (Linux x86_64): Executed 306 of 306 (1 FAILED) (3.673 secs / 3.61 secs)
2024-01-15T00:32:43.1568722Z Firefox 121.0 (Ubuntu 0.0.0): Executed 157 of 306 SUCCESS (0 secs / 0.497 secs)
2024-01-15T00:32:43.1571539Z [1A[2K[1A[2KChrome Headless 120.0.6099.199 (Linux x86_64): Executed 306 of 306 (1 FAILED) (3.673 secs / 3.61 secs)
2024-01-15T00:32:43.1573165Z Firefox 121.0 (Ubuntu 0.0.0): Executed 158 of 306 SUCCESS (0 secs / 0.497 secs)
2024-01-15T00:32:43.1575086Z [1A[2K[1A[2KChrome Headless 120.0.6099.199 (Linux x86_64): Executed 306 of 306 (1 FAILED) (3.673 secs / 3.61 secs)
2024-01-15T00:32:43.1576758Z Firefox 121.0 (Ubuntu 0.0.0): Executed 159 of 306 SUCCESS (0 secs / 0.501 secs)
2024-01-15T00:32:43.1578566Z [1A[2K[1A[2KChrome Headless 120.0.6099.199 (Linux x86_64): Executed 306 of 306 (1 FAILED) (3.673 secs / 3.61 secs)
2024-01-15T00:32:43.1580161Z Firefox 121.0 (Ubuntu 0.0.0): Executed 160 of 306 SUCCESS (0 secs / 0.501 secs)
2024-01-15T00:32:43.1582045Z [1A[2K[1A[2KChrome Headless 120.0.6099.199 (Linux x86_64): Executed 306 of 306 (1 FAILED) (3.673 secs / 3.61 secs)
2024-01-15T00:32:43.1583523Z Firefox 121.0 (Ubuntu 0.0.0): Executed 161 of 306 SUCCESS (0 secs / 0.501 secs)
2024-01-15T00:32:43.1585305Z [1A[2K[1A[2KChrome Headless 120.0.6099.199 (Linux x86_64): Executed 306 of 306 (1 FAILED) (3.673 secs / 3.61 secs)
2024-01-15T00:32:43.1586990Z Firefox 121.0 (Ubuntu 0.0.0): Executed 162 of 306 SUCCESS (0 secs / 0.501 secs)
2024-01-15T00:32:43.1588771Z [1A[2K[1A[2KChrome Headless 120.0.6099.199 (Linux x86_64): Executed 306 of 306 (1 FAILED) (3.673 secs / 3.61 secs)
2024-01-15T00:32:43.1591571Z Firefox 121.0 (Ubuntu 0.0.0): Executed 163 of 306 SUCCESS (0 secs / 0.501 secs)
2024-01-15T00:32:43.1593512Z [1A[2K[1A[2KChrome Headless 120.0.6099.199 (Linux x86_64): Executed 306 of 306 (1 FAILED) (3.673 secs / 3.61 secs)
2024-01-15T00:32:43.1595098Z Firefox 121.0 (Ubuntu 0.0.0): Executed 164 of 306 SUCCESS (0 secs / 0.502 secs)
2024-01-15T00:32:43.1603949Z [1A[2K[1A[2KChrome Headless 120.0.6099.199 (Linux x86_64): Executed 306 of 306 (1 FAILED) (3.673 secs / 3.61 secs)
2024-01-15T00:32:43.1623413Z Firefox 121.0 (Ubuntu 0.0.0): Executed 165 of 306 SUCCESS (0 secs / 0.502 secs)
2024-01-15T00:32:43.1625431Z [1A[2K[1A[2KChrome Headless 120.0.6099.199 (Linux x86_64): Executed 306 of 306 (1 FAILED) (3.673 secs / 3.61 secs)
2024-01-15T00:32:43.1627466Z Firefox 121.0 (Ubuntu 0.0.0): Executed 166 of 306 SUCCESS (0 secs / 0.502 secs)
2024-01-15T00:32:43.1632174Z [1A[2K[1A[2KChrome Headless 120.0.6099.199 (Linux x86_64): Executed 306 of 306 (1 FAILED) (3.673 secs / 3.61 secs)
2024-01-15T00:32:43.1633997Z Firefox 121.0 (Ubuntu 0.0.0): Executed 167 of 306 SUCCESS (0 secs / 0.502 secs)
2024-01-15T00:32:43.1636212Z [1A[2K[1A[2KChrome Headless 120.0.6099.199 (Linux x86_64): Executed 306 of 306 (1 FAILED) (3.673 secs / 3.61 secs)
2024-01-15T00:32:43.1637884Z Firefox 121.0 (Ubuntu 0.0.0): Executed 168 of 306 SUCCESS (0 secs / 0.502 secs)
2024-01-15T00:32:43.1639884Z [1A[2K[1A[2KChrome Headless 120.0.6099.199 (Linux x86_64): Executed 306 of 306 (1 FAILED) (3.673 secs / 3.61 secs)
2024-01-15T00:32:43.1642122Z Firefox 121.0 (Ubuntu 0.0.0): Executed 169 of 306 SUCCESS (0 secs / 0.502 secs)
2024-01-15T00:32:43.1644789Z [1A[2K[1A[2KChrome Headless 120.0.6099.199 (Linux x86_64): Executed 306 of 306 (1 FAILED) (3.673 secs / 3.61 secs)
2024-01-15T00:32:43.1646511Z Firefox 121.0 (Ubuntu 0.0.0): Executed 170 of 306 SUCCESS (0 secs / 0.502 secs)
2024-01-15T00:32:43.1648529Z [1A[2K[1A[2KChrome Headless 120.0.6099.199 (Linux x86_64): Executed 306 of 306 (1 FAILED) (3.673 secs / 3.61 secs)
2024-01-15T00:32:43.1650257Z Firefox 121.0 (Ubuntu 0.0.0): Executed 171 of 306 SUCCESS (0 secs / 0.502 secs)
2024-01-15T00:32:43.1652513Z [1A[2K[1A[2KChrome Headless 120.0.6099.199 (Linux x86_64): Executed 306 of 306 (1 FAILED) (3.673 secs / 3.61 secs)
2024-01-15T00:32:43.1654418Z Firefox 121.0 (Ubuntu 0.0.0): Executed 172 of 306 SUCCESS (0 secs / 0.502 secs)
2024-01-15T00:32:43.1656374Z [1A[2K[1A[2KChrome Headless 120.0.6099.199 (Linux x86_64): Executed 306 of 306 (1 FAILED) (3.673 secs / 3.61 secs)
2024-01-15T00:32:43.1658087Z Firefox 121.0 (Ubuntu 0.0.0): Executed 173 of 306 SUCCESS (0 secs / 0.502 secs)
2024-01-15T00:32:43.1660231Z [1A[2K[1A[2KChrome Headless 120.0.6099.199 (Linux x86_64): Executed 306 of 306 (1 FAILED) (3.673 secs / 3.61 secs)
2024-01-15T00:32:43.1661956Z Firefox 121.0 (Ubuntu 0.0.0): Executed 174 of 306 SUCCESS (0 secs / 0.502 secs)
2024-01-15T00:32:43.1664098Z [1A[2K[1A[2KChrome Headless 120.0.6099.199 (Linux x86_64): Executed 306 of 306 (1 FAILED) (3.673 secs / 3.61 secs)
2024-01-15T00:32:43.1665853Z Firefox 121.0 (Ubuntu 0.0.0): Executed 175 of 306 SUCCESS (0 secs / 0.502 secs)
2024-01-15T00:32:43.1667903Z [1A[2K[1A[2KChrome Headless 120.0.6099.199 (Linux x86_64): Executed 306 of 306 (1 FAILED) (3.673 secs / 3.61 secs)
2024-01-15T00:32:43.1669775Z Firefox 121.0 (Ubuntu 0.0.0): Executed 176 of 306 SUCCESS (0 secs / 0.503 secs)
2024-01-15T00:32:43.1671807Z [1A[2K[1A[2KChrome Headless 120.0.6099.199 (Linux x86_64): Executed 306 of 306 (1 FAILED) (3.673 secs / 3.61 secs)
2024-01-15T00:32:43.1673579Z Firefox 121.0 (Ubuntu 0.0.0): Executed 177 of 306 SUCCESS (0 secs / 0.503 secs)
2024-01-15T00:32:43.1675770Z [1A[2K[1A[2KChrome Headless 120.0.6099.199 (Linux x86_64): Executed 306 of 306 (1 FAILED) (3.673 secs / 3.61 secs)
2024-01-15T00:32:43.1677608Z Firefox 121.0 (Ubuntu 0.0.0): Executed 178 of 306 SUCCESS (0 secs / 0.504 secs)
2024-01-15T00:32:43.1679708Z [1A[2K[1A[2KChrome Headless 120.0.6099.199 (Linux x86_64): Executed 306 of 306 (1 FAILED) (3.673 secs / 3.61 secs)
2024-01-15T00:32:43.1681661Z Firefox 121.0 (Ubuntu 0.0.0): Executed 179 of 306 SUCCESS (0 secs / 0.504 secs)
2024-01-15T00:32:43.1683822Z [1A[2K[1A[2KChrome Headless 120.0.6099.199 (Linux x86_64): Executed 306 of 306 (1 FAILED) (3.673 secs / 3.61 secs)
2024-01-15T00:32:43.1685605Z Firefox 121.0 (Ubuntu 0.0.0): Executed 180 of 306 SUCCESS (0 secs / 0.504 secs)
2024-01-15T00:32:43.1687825Z [1A[2K[1A[2KChrome Headless 120.0.6099.199 (Linux x86_64): Executed 306 of 306 (1 FAILED) (3.673 secs / 3.61 secs)
2024-01-15T00:32:43.1689588Z Firefox 121.0 (Ubuntu 0.0.0): Executed 181 of 306 SUCCESS (0 secs / 0.505 secs)
2024-01-15T00:32:43.1691668Z [1A[2K[1A[2KChrome Headless 120.0.6099.199 (Linux x86_64): Executed 306 of 306 (1 FAILED) (3.673 secs / 3.61 secs)
2024-01-15T00:32:43.1693509Z Firefox 121.0 (Ubuntu 0.0.0): Executed 182 of 306 SUCCESS (0 secs / 0.505 secs)
2024-01-15T00:32:43.1695543Z [1A[2K[1A[2KChrome Headless 120.0.6099.199 (Linux x86_64): Executed 306 of 306 (1 FAILED) (3.673 secs / 3.61 secs)
2024-01-15T00:32:43.1697313Z Firefox 121.0 (Ubuntu 0.0.0): Executed 183 of 306 SUCCESS (0 secs / 0.506 secs)
2024-01-15T00:32:43.2710369Z [1A[2K[1A[2KChrome Headless 120.0.6099.199 (Linux x86_64): Executed 306 of 306 (1 FAILED) (3.673 secs / 3.61 secs)
2024-01-15T00:32:43.2712575Z Firefox 121.0 (Ubuntu 0.0.0): Executed 184 of 306 SUCCESS (0 secs / 0.606 secs)
2024-01-15T00:32:43.2715266Z [1A[2K[1A[2KChrome Headless 120.0.6099.199 (Linux x86_64): Executed 306 of 306 (1 FAILED) (3.673 secs / 3.61 secs)
2024-01-15T00:32:43.2717799Z Firefox 121.0 (Ubuntu 0.0.0): Executed 185 of 306 SUCCESS (0 secs / 0.607 secs)
2024-01-15T00:32:43.2720105Z [1A[2K[1A[2KChrome Headless 120.0.6099.199 (Linux x86_64): Executed 306 of 306 (1 FAILED) (3.673 secs / 3.61 secs)
2024-01-15T00:32:43.2722344Z Firefox 121.0 (Ubuntu 0.0.0): Executed 186 of 306 SUCCESS (0 secs / 0.608 secs)
2024-01-15T00:32:43.2724762Z [1A[2K[1A[2KChrome Headless 120.0.6099.199 (Linux x86_64): Executed 306 of 306 (1 FAILED) (3.673 secs / 3.61 secs)
2024-01-15T00:32:43.2726551Z Firefox 121.0 (Ubuntu 0.0.0): Executed 187 of 306 SUCCESS (0 secs / 0.608 secs)
2024-01-15T00:32:43.2729113Z [1A[2K[1A[2KChrome Headless 120.0.6099.199 (Linux x86_64): Executed 306 of 306 (1 FAILED) (3.673 secs / 3.61 secs)
2024-01-15T00:32:43.2730922Z Firefox 121.0 (Ubuntu 0.0.0): Executed 188 of 306 SUCCESS (0 secs / 0.608 secs)
2024-01-15T00:32:43.2732869Z [1A[2K[1A[2KChrome Headless 120.0.6099.199 (Linux x86_64): Executed 306 of 306 (1 FAILED) (3.673 secs / 3.61 secs)
2024-01-15T00:32:43.2734732Z Firefox 121.0 (Ubuntu 0.0.0): Executed 189 of 306 SUCCESS (0 secs / 0.609 secs)
2024-01-15T00:32:43.2736696Z [1A[2K[1A[2KChrome Headless 120.0.6099.199 (Linux x86_64): Executed 306 of 306 (1 FAILED) (3.673 secs / 3.61 secs)
2024-01-15T00:32:43.2738420Z Firefox 121.0 (Ubuntu 0.0.0): Executed 190 of 306 SUCCESS (0 secs / 0.609 secs)
2024-01-15T00:32:43.2740481Z [1A[2K[1A[2KChrome Headless 120.0.6099.199 (Linux x86_64): Executed 306 of 306 (1 FAILED) (3.673 secs / 3.61 secs)
2024-01-15T00:32:43.2742234Z Firefox 121.0 (Ubuntu 0.0.0): Executed 191 of 306 SUCCESS (0 secs / 0.609 secs)
2024-01-15T00:32:43.2744325Z [1A[2K[1A[2KChrome Headless 120.0.6099.199 (Linux x86_64): Executed 306 of 306 (1 FAILED) (3.673 secs / 3.61 secs)
2024-01-15T00:32:43.2746154Z Firefox 121.0 (Ubuntu 0.0.0): Executed 192 of 306 SUCCESS (0 secs / 0.61 secs)
2024-01-15T00:32:43.2748171Z [1A[2K[1A[2KChrome Headless 120.0.6099.199 (Linux x86_64): Executed 306 of 306 (1 FAILED) (3.673 secs / 3.61 secs)
2024-01-15T00:32:43.2749914Z Firefox 121.0 (Ubuntu 0.0.0): Executed 193 of 306 SUCCESS (0 secs / 0.61 secs)
2024-01-15T00:32:43.2752013Z [1A[2K[1A[2KChrome Headless 120.0.6099.199 (Linux x86_64): Executed 306 of 306 (1 FAILED) (3.673 secs / 3.61 secs)
2024-01-15T00:32:43.2753708Z Firefox 121.0 (Ubuntu 0.0.0): Executed 194 of 306 SUCCESS (0 secs / 0.611 secs)
2024-01-15T00:32:43.2755794Z [1A[2K[1A[2KChrome Headless 120.0.6099.199 (Linux x86_64): Executed 306 of 306 (1 FAILED) (3.673 secs / 3.61 secs)
2024-01-15T00:32:43.2757481Z Firefox 121.0 (Ubuntu 0.0.0): Executed 195 of 306 SUCCESS (0 secs / 0.611 secs)
2024-01-15T00:32:43.2759511Z [1A[2K[1A[2KChrome Headless 120.0.6099.199 (Linux x86_64): Executed 306 of 306 (1 FAILED) (3.673 secs / 3.61 secs)
2024-01-15T00:32:43.2761349Z Firefox 121.0 (Ubuntu 0.0.0): Executed 196 of 306 SUCCESS (0 secs / 0.611 secs)
2024-01-15T00:32:43.4201184Z [1A[2K[1A[2KChrome Headless 120.0.6099.199 (Linux x86_64): Executed 306 of 306 (1 FAILED) (3.673 secs / 3.61 secs)
2024-01-15T00:32:43.4202317Z Firefox 121.0 (Ubuntu 0.0.0): Executed 197 of 306 SUCCESS (0 secs / 0.762 secs)
2024-01-15T00:32:43.4211556Z [1A[2K[1A[2KChrome Headless 120.0.6099.199 (Linux x86_64): Executed 306 of 306 (1 FAILED) (3.673 secs / 3.61 secs)
2024-01-15T00:32:43.4212676Z Firefox 121.0 (Ubuntu 0.0.0): Executed 198 of 306 SUCCESS (0 secs / 0.763 secs)
2024-01-15T00:32:43.5222656Z [1A[2K[1A[2KChrome Headless 120.0.6099.199 (Linux x86_64): Executed 306 of 306 (1 FAILED) (3.673 secs / 3.61 secs)
2024-01-15T00:32:43.5223708Z Firefox 121.0 (Ubuntu 0.0.0): Executed 199 of 306 SUCCESS (0 secs / 0.864 secs)
2024-01-15T00:32:43.6238674Z [1A[2K[1A[2KChrome Headless 120.0.6099.199 (Linux x86_64): Executed 306 of 306 (1 FAILED) (3.673 secs / 3.61 secs)
2024-01-15T00:32:43.6239815Z Firefox 121.0 (Ubuntu 0.0.0): Executed 200 of 306 SUCCESS (0 secs / 0.965 secs)
2024-01-15T00:32:43.7251897Z [1A[2K[1A[2KChrome Headless 120.0.6099.199 (Linux x86_64): Executed 306 of 306 (1 FAILED) (3.673 secs / 3.61 secs)
2024-01-15T00:32:43.7253446Z Firefox 121.0 (Ubuntu 0.0.0): Executed 201 of 306 SUCCESS (0 secs / 1.067 secs)
2024-01-15T00:32:43.8268084Z [1A[2K[1A[2KChrome Headless 120.0.6099.199 (Linux x86_64): Executed 306 of 306 (1 FAILED) (3.673 secs / 3.61 secs)
2024-01-15T00:32:43.8269169Z Firefox 121.0 (Ubuntu 0.0.0): Executed 202 of 306 SUCCESS (0 secs / 1.168 secs)
2024-01-15T00:32:43.9282941Z [1A[2K[1A[2KChrome Headless 120.0.6099.199 (Linux x86_64): Executed 306 of 306 (1 FAILED) (3.673 secs / 3.61 secs)
2024-01-15T00:32:43.9284296Z Firefox 121.0 (Ubuntu 0.0.0): Executed 203 of 306 SUCCESS (0 secs / 1.269 secs)
2024-01-15T00:32:44.0295539Z [1A[2K[1A[2KChrome Headless 120.0.6099.199 (Linux x86_64): Executed 306 of 306 (1 FAILED) (3.673 secs / 3.61 secs)
2024-01-15T00:32:44.0296762Z Firefox 121.0 (Ubuntu 0.0.0): Executed 204 of 306 SUCCESS (0 secs / 1.37 secs)
2024-01-15T00:32:44.1309788Z [1A[2K[1A[2KChrome Headless 120.0.6099.199 (Linux x86_64): Executed 306 of 306 (1 FAILED) (3.673 secs / 3.61 secs)
2024-01-15T00:32:44.1311840Z Firefox 121.0 (Ubuntu 0.0.0): Executed 205 of 306 SUCCESS (0 secs / 1.471 secs)
2024-01-15T00:32:44.2325569Z [1A[2K[1A[2KChrome Headless 120.0.6099.199 (Linux x86_64): Executed 306 of 306 (1 FAILED) (3.673 secs / 3.61 secs)
2024-01-15T00:32:44.2328010Z Firefox 121.0 (Ubuntu 0.0.0): Executed 206 of 306 SUCCESS (0 secs / 1.572 secs)
2024-01-15T00:32:44.3340755Z [1A[2K[1A[2KChrome Headless 120.0.6099.199 (Linux x86_64): Executed 306 of 306 (1 FAILED) (3.673 secs / 3.61 secs)
2024-01-15T00:32:44.3342654Z Firefox 121.0 (Ubuntu 0.0.0): Executed 207 of 306 SUCCESS (0 secs / 1.673 secs)
2024-01-15T00:32:44.4353783Z [1A[2K[1A[2KChrome Headless 120.0.6099.199 (Linux x86_64): Executed 306 of 306 (1 FAILED) (3.673 secs / 3.61 secs)
2024-01-15T00:32:44.4355634Z Firefox 121.0 (Ubuntu 0.0.0): Executed 208 of 306 SUCCESS (0 secs / 1.774 secs)
2024-01-15T00:32:44.5366116Z [1A[2K[1A[2KChrome Headless 120.0.6099.199 (Linux x86_64): Executed 306 of 306 (1 FAILED) (3.673 secs / 3.61 secs)
2024-01-15T00:32:44.5367867Z Firefox 121.0 (Ubuntu 0.0.0): Executed 209 of 306 SUCCESS (0 secs / 1.875 secs)
2024-01-15T00:32:44.6378653Z [1A[2K[1A[2KChrome Headless 120.0.6099.199 (Linux x86_64): Executed 306 of 306 (1 FAILED) (3.673 secs / 3.61 secs)
2024-01-15T00:32:44.6380645Z Firefox 121.0 (Ubuntu 0.0.0): Executed 210 of 306 SUCCESS (0 secs / 1.976 secs)
2024-01-15T00:32:44.6387091Z [1A[2K[1A[2KChrome Headless 120.0.6099.199 (Linux x86_64): Executed 306 of 306 (1 FAILED) (3.673 secs / 3.61 secs)
2024-01-15T00:32:44.6388210Z Firefox 121.0 (Ubuntu 0.0.0): Executed 211 of 306 SUCCESS (0 secs / 1.976 secs)
2024-01-15T00:32:44.6405328Z [1A[2K[1A[2KChrome Headless 120.0.6099.199 (Linux x86_64): Executed 306 of 306 (1 FAILED) (3.673 secs / 3.61 secs)
2024-01-15T00:32:44.6406388Z Firefox 121.0 (Ubuntu 0.0.0): Executed 212 of 306 SUCCESS (0 secs / 1.978 secs)
2024-01-15T00:32:44.6413480Z [1A[2K[1A[2KChrome Headless 120.0.6099.199 (Linux x86_64): Executed 306 of 306 (1 FAILED) (3.673 secs / 3.61 secs)
2024-01-15T00:32:44.6415189Z Firefox 121.0 (Ubuntu 0.0.0): Executed 213 of 306 SUCCESS (0 secs / 1.978 secs)
2024-01-15T00:32:44.6417087Z [1A[2K[1A[2KChrome Headless 120.0.6099.199 (Linux x86_64): Executed 306 of 306 (1 FAILED) (3.673 secs / 3.61 secs)
2024-01-15T00:32:44.6419871Z Firefox 121.0 (Ubuntu 0.0.0): Executed 214 of 306 SUCCESS (0 secs / 1.979 secs)
2024-01-15T00:32:44.6421938Z [1A[2K[1A[2KChrome Headless 120.0.6099.199 (Linux x86_64): Executed 306 of 306 (1 FAILED) (3.673 secs / 3.61 secs)
2024-01-15T00:32:44.6423559Z Firefox 121.0 (Ubuntu 0.0.0): Executed 215 of 306 SUCCESS (0 secs / 1.979 secs)
2024-01-15T00:32:44.6425654Z [1A[2K[1A[2KChrome Headless 120.0.6099.199 (Linux x86_64): Executed 306 of 306 (1 FAILED) (3.673 secs / 3.61 secs)
2024-01-15T00:32:44.6427428Z Firefox 121.0 (Ubuntu 0.0.0): Executed 216 of 306 SUCCESS (0 secs / 1.979 secs)
2024-01-15T00:32:44.6429768Z [1A[2K[1A[2KChrome Headless 120.0.6099.199 (Linux x86_64): Executed 306 of 306 (1 FAILED) (3.673 secs / 3.61 secs)
2024-01-15T00:32:44.6431615Z Firefox 121.0 (Ubuntu 0.0.0): Executed 217 of 306 SUCCESS (0 secs / 1.98 secs)
2024-01-15T00:32:44.6434429Z [1A[2K[1A[2KChrome Headless 120.0.6099.199 (Linux x86_64): Executed 306 of 306 (1 FAILED) (3.673 secs / 3.61 secs)
2024-01-15T00:32:44.6435696Z Firefox 121.0 (Ubuntu 0.0.0): Executed 218 of 306 SUCCESS (0 secs / 1.98 secs)
2024-01-15T00:32:44.6437682Z [1A[2K[1A[2KChrome Headless 120.0.6099.199 (Linux x86_64): Executed 306 of 306 (1 FAILED) (3.673 secs / 3.61 secs)
2024-01-15T00:32:44.6439073Z Firefox 121.0 (Ubuntu 0.0.0): Executed 219 of 306 SUCCESS (0 secs / 1.98 secs)
2024-01-15T00:32:44.6441841Z [1A[2K[1A[2KChrome Headless 120.0.6099.199 (Linux x86_64): Executed 306 of 306 (1 FAILED) (3.673 secs / 3.61 secs)
2024-01-15T00:32:44.6443809Z Firefox 121.0 (Ubuntu 0.0.0): Executed 220 of 306 SUCCESS (0 secs / 1.98 secs)
2024-01-15T00:32:44.6447194Z [1A[2K[1A[2KChrome Headless 120.0.6099.199 (Linux x86_64): Executed 306 of 306 (1 FAILED) (3.673 secs / 3.61 secs)
2024-01-15T00:32:44.6449536Z Firefox 121.0 (Ubuntu 0.0.0): Executed 221 of 306 SUCCESS (0 secs / 1.981 secs)
2024-01-15T00:32:44.6455126Z [1A[2K[1A[2KChrome Headless 120.0.6099.199 (Linux x86_64): Executed 306 of 306 (1 FAILED) (3.673 secs / 3.61 secs)
2024-01-15T00:32:44.6456881Z Firefox 121.0 (Ubuntu 0.0.0): Executed 222 of 306 SUCCESS (0 secs / 1.981 secs)
2024-01-15T00:32:44.6465448Z [1A[2K[1A[2KChrome Headless 120.0.6099.199 (Linux x86_64): Executed 306 of 306 (1 FAILED) (3.673 secs / 3.61 secs)
2024-01-15T00:32:44.6468801Z Firefox 121.0 (Ubuntu 0.0.0): Executed 223 of 306 SUCCESS (0 secs / 1.982 secs)
2024-01-15T00:32:44.6470946Z [1A[2K[1A[2KChrome Headless 120.0.6099.199 (Linux x86_64): Executed 306 of 306 (1 FAILED) (3.673 secs / 3.61 secs)
2024-01-15T00:32:44.6474607Z Firefox 121.0 (Ubuntu 0.0.0): Executed 224 of 306 SUCCESS (0 secs / 1.983 secs)
2024-01-15T00:32:44.6476782Z [1A[2K[1A[2KChrome Headless 120.0.6099.199 (Linux x86_64): Executed 306 of 306 (1 FAILED) (3.673 secs / 3.61 secs)
2024-01-15T00:32:44.6480243Z Firefox 121.0 (Ubuntu 0.0.0): Executed 225 of 306 SUCCESS (0 secs / 1.983 secs)
2024-01-15T00:32:44.6482538Z [1A[2K[1A[2KChrome Headless 120.0.6099.199 (Linux x86_64): Executed 306 of 306 (1 FAILED) (3.673 secs / 3.61 secs)
2024-01-15T00:32:44.6486116Z Firefox 121.0 (Ubuntu 0.0.0): Executed 226 of 306 SUCCESS (0 secs / 1.984 secs)
2024-01-15T00:32:44.6488314Z [1A[2K[1A[2KChrome Headless 120.0.6099.199 (Linux x86_64): Executed 306 of 306 (1 FAILED) (3.673 secs / 3.61 secs)
2024-01-15T00:32:44.6491770Z Firefox 121.0 (Ubuntu 0.0.0): Executed 227 of 306 SUCCESS (0 secs / 1.984 secs)
2024-01-15T00:32:44.6493157Z [1A[2K[1A[2KChrome Headless 120.0.6099.199 (Linux x86_64): Executed 306 of 306 (1 FAILED) (3.673 secs / 3.61 secs)
2024-01-15T00:32:44.6494220Z Firefox 121.0 (Ubuntu 0.0.0): Executed 228 of 306 SUCCESS (0 secs / 1.985 secs)
2024-01-15T00:32:44.6495275Z [1A[2K[1A[2KChrome Headless 120.0.6099.199 (Linux x86_64): Executed 306 of 306 (1 FAILED) (3.673 secs / 3.61 secs)
2024-01-15T00:32:44.6496243Z Firefox 121.0 (Ubuntu 0.0.0): Executed 229 of 306 SUCCESS (0 secs / 1.985 secs)
2024-01-15T00:32:44.7505756Z [1A[2K[1A[2KChrome Headless 120.0.6099.199 (Linux x86_64): Executed 306 of 306 (1 FAILED) (3.673 secs / 3.61 secs)
2024-01-15T00:32:44.7507172Z Firefox 121.0 (Ubuntu 0.0.0): Executed 230 of 306 SUCCESS (0 secs / 2.087 secs)
2024-01-15T00:32:44.8512848Z [1A[2K[1A[2KChrome Headless 120.0.6099.199 (Linux x86_64): Executed 306 of 306 (1 FAILED) (3.673 secs / 3.61 secs)
2024-01-15T00:32:44.8514465Z Firefox 121.0 (Ubuntu 0.0.0): Executed 231 of 306 SUCCESS (0 secs / 2.187 secs)
2024-01-15T00:32:44.9519180Z [1A[2K[1A[2KChrome Headless 120.0.6099.199 (Linux x86_64): Executed 306 of 306 (1 FAILED) (3.673 secs / 3.61 secs)
2024-01-15T00:32:44.9520773Z Firefox 121.0 (Ubuntu 0.0.0): Executed 232 of 306 SUCCESS (0 secs / 2.288 secs)
2024-01-15T00:32:44.9528134Z [1A[2K[1A[2KChrome Headless 120.0.6099.199 (Linux x86_64): Executed 306 of 306 (1 FAILED) (3.673 secs / 3.61 secs)
2024-01-15T00:32:44.9530742Z Firefox 121.0 (Ubuntu 0.0.0): Executed 233 of 306 SUCCESS (0 secs / 2.289 secs)
2024-01-15T00:32:44.9532931Z [1A[2K[1A[2KChrome Headless 120.0.6099.199 (Linux x86_64): Executed 306 of 306 (1 FAILED) (3.673 secs / 3.61 secs)
2024-01-15T00:32:44.9534968Z Firefox 121.0 (Ubuntu 0.0.0): Executed 234 of 306 SUCCESS (0 secs / 2.289 secs)
2024-01-15T00:32:44.9537782Z [1A[2K[1A[2KChrome Headless 120.0.6099.199 (Linux x86_64): Executed 306 of 306 (1 FAILED) (3.673 secs / 3.61 secs)
2024-01-15T00:32:44.9539779Z Firefox 121.0 (Ubuntu 0.0.0): Executed 235 of 306 SUCCESS (0 secs / 2.29 secs)
2024-01-15T00:32:44.9542741Z [1A[2K[1A[2KChrome Headless 120.0.6099.199 (Linux x86_64): Executed 306 of 306 (1 FAILED) (3.673 secs / 3.61 secs)
2024-01-15T00:32:44.9544580Z Firefox 121.0 (Ubuntu 0.0.0): Executed 236 of 306 SUCCESS (0 secs / 2.29 secs)
2024-01-15T00:32:44.9546789Z [1A[2K[1A[2KChrome Headless 120.0.6099.199 (Linux x86_64): Executed 306 of 306 (1 FAILED) (3.673 secs / 3.61 secs)
2024-01-15T00:32:44.9548662Z Firefox 121.0 (Ubuntu 0.0.0): Executed 237 of 306 SUCCESS (0 secs / 2.291 secs)
2024-01-15T00:32:44.9552996Z [1A[2K[1A[2KChrome Headless 120.0.6099.199 (Linux x86_64): Executed 306 of 306 (1 FAILED) (3.673 secs / 3.61 secs)
2024-01-15T00:32:44.9555065Z Firefox 121.0 (Ubuntu 0.0.0): Executed 238 of 306 SUCCESS (0 secs / 2.291 secs)
2024-01-15T00:32:44.9558011Z [1A[2K[1A[2KChrome Headless 120.0.6099.199 (Linux x86_64): Executed 306 of 306 (1 FAILED) (3.673 secs / 3.61 secs)
2024-01-15T00:32:44.9559747Z Firefox 121.0 (Ubuntu 0.0.0): Executed 239 of 306 SUCCESS (0 secs / 2.292 secs)
2024-01-15T00:32:45.0430330Z [1A[2K[1A[2KChrome Headless 120.0.6099.199 (Linux x86_64): Executed 306 of 306 (1 FAILED) (3.673 secs / 3.61 secs)
2024-01-15T00:32:45.0432168Z Firefox 121.0 (Ubuntu 0.0.0): Executed 240 of 306 SUCCESS (0 secs / 2.379 secs)
2024-01-15T00:32:45.0440769Z [1A[2K[1A[2KChrome Headless 120.0.6099.199 (Linux x86_64): Executed 306 of 306 (1 FAILED) (3.673 secs / 3.61 secs)
2024-01-15T00:32:45.0442807Z Firefox 121.0 (Ubuntu 0.0.0): Executed 241 of 306 SUCCESS (0 secs / 2.38 secs)
2024-01-15T00:32:45.0455252Z [1A[2K[1A[2KChrome Headless 120.0.6099.199 (Linux x86_64): Executed 306 of 306 (1 FAILED) (3.673 secs / 3.61 secs)
2024-01-15T00:32:45.0457068Z Firefox 121.0 (Ubuntu 0.0.0): Executed 242 of 306 SUCCESS (0 secs / 2.381 secs)
2024-01-15T00:32:45.0459807Z [1A[2K[1A[2KChrome Headless 120.0.6099.199 (Linux x86_64): Executed 306 of 306 (1 FAILED) (3.673 secs / 3.61 secs)
2024-01-15T00:32:45.0461671Z Firefox 121.0 (Ubuntu 0.0.0): Executed 243 of 306 SUCCESS (0 secs / 2.382 secs)
2024-01-15T00:32:45.0464504Z [1A[2K[1A[2KChrome Headless 120.0.6099.199 (Linux x86_64): Executed 306 of 306 (1 FAILED) (3.673 secs / 3.61 secs)
2024-01-15T00:32:45.0466521Z Firefox 121.0 (Ubuntu 0.0.0): Executed 244 of 306 SUCCESS (0 secs / 2.382 secs)
2024-01-15T00:32:45.0468919Z [1A[2K[1A[2KChrome Headless 120.0.6099.199 (Linux x86_64): Executed 306 of 306 (1 FAILED) (3.673 secs / 3.61 secs)
2024-01-15T00:32:45.0470770Z Firefox 121.0 (Ubuntu 0.0.0): Executed 245 of 306 SUCCESS (0 secs / 2.383 secs)
2024-01-15T00:32:45.0473410Z [1A[2K[1A[2KChrome Headless 120.0.6099.199 (Linux x86_64): Executed 306 of 306 (1 FAILED) (3.673 secs / 3.61 secs)
2024-01-15T00:32:45.0474847Z Firefox 121.0 (Ubuntu 0.0.0): Executed 246 of 306 SUCCESS (0 secs / 2.383 secs)
2024-01-15T00:32:45.1487384Z [1A[2K[1A[2KChrome Headless 120.0.6099.199 (Linux x86_64): Executed 306 of 306 (1 FAILED) (3.673 secs / 3.61 secs)
2024-01-15T00:32:45.1489220Z Firefox 121.0 (Ubuntu 0.0.0): Executed 247 of 306 SUCCESS (0 secs / 2.484 secs)
2024-01-15T00:32:45.2503607Z [1A[2K[1A[2KChrome Headless 120.0.6099.199 (Linux x86_64): Executed 306 of 306 (1 FAILED) (3.673 secs / 3.61 secs)
2024-01-15T00:32:45.2505758Z Firefox 121.0 (Ubuntu 0.0.0): Executed 248 of 306 SUCCESS (0 secs / 2.585 secs)
2024-01-15T00:32:45.3519923Z [1A[2K[1A[2KChrome Headless 120.0.6099.199 (Linux x86_64): Executed 306 of 306 (1 FAILED) (3.673 secs / 3.61 secs)
2024-01-15T00:32:45.3521282Z Firefox 121.0 (Ubuntu 0.0.0): Executed 249 of 306 SUCCESS (0 secs / 2.687 secs)
2024-01-15T00:32:45.4536882Z [1A[2K[1A[2KChrome Headless 120.0.6099.199 (Linux x86_64): Executed 306 of 306 (1 FAILED) (3.673 secs / 3.61 secs)
2024-01-15T00:32:45.4538589Z Firefox 121.0 (Ubuntu 0.0.0): Executed 250 of 306 SUCCESS (0 secs / 2.789 secs)
2024-01-15T00:32:45.4545908Z [1A[2K[1A[2KChrome Headless 120.0.6099.199 (Linux x86_64): Executed 306 of 306 (1 FAILED) (3.673 secs / 3.61 secs)
2024-01-15T00:32:45.4548031Z Firefox 121.0 (Ubuntu 0.0.0): Executed 251 of 306 SUCCESS (0 secs / 2.79 secs)
2024-01-15T00:32:45.4551275Z [1A[2K[1A[2KChrome Headless 120.0.6099.199 (Linux x86_64): Executed 306 of 306 (1 FAILED) (3.673 secs / 3.61 secs)
2024-01-15T00:32:45.4553403Z Firefox 121.0 (Ubuntu 0.0.0): Executed 252 of 306 SUCCESS (0 secs / 2.791 secs)
2024-01-15T00:32:45.4557582Z [1A[2K[1A[2KChrome Headless 120.0.6099.199 (Linux x86_64): Executed 306 of 306 (1 FAILED) (3.673 secs / 3.61 secs)
2024-01-15T00:32:45.4558603Z Firefox 121.0 (Ubuntu 0.0.0): Executed 253 of 306 SUCCESS (0 secs / 2.791 secs)
2024-01-15T00:32:45.5571473Z [1A[2K[1A[2KChrome Headless 120.0.6099.199 (Linux x86_64): Executed 306 of 306 (1 FAILED) (3.673 secs / 3.61 secs)
2024-01-15T00:32:45.5573588Z Firefox 121.0 (Ubuntu 0.0.0): Executed 254 of 306 SUCCESS (0 secs / 2.892 secs)
2024-01-15T00:32:45.5579882Z [1A[2K[1A[2KChrome Headless 120.0.6099.199 (Linux x86_64): Executed 306 of 306 (1 FAILED) (3.673 secs / 3.61 secs)
2024-01-15T00:32:45.5581299Z Firefox 121.0 (Ubuntu 0.0.0): Executed 255 of 306 SUCCESS (0 secs / 2.893 secs)
2024-01-15T00:32:45.5585597Z [1A[2K[1A[2KChrome Headless 120.0.6099.199 (Linux x86_64): Executed 306 of 306 (1 FAILED) (3.673 secs / 3.61 secs)
2024-01-15T00:32:45.5587186Z Firefox 121.0 (Ubuntu 0.0.0): Executed 256 of 306 SUCCESS (0 secs / 2.894 secs)
2024-01-15T00:32:45.5589864Z [1A[2K[1A[2KChrome Headless 120.0.6099.199 (Linux x86_64): Executed 306 of 306 (1 FAILED) (3.673 secs / 3.61 secs)
2024-01-15T00:32:45.5591259Z Firefox 121.0 (Ubuntu 0.0.0): Executed 257 of 306 SUCCESS (0 secs / 2.894 secs)
2024-01-15T00:32:45.5594908Z [1A[2K[1A[2KChrome Headless 120.0.6099.199 (Linux x86_64): Executed 306 of 306 (1 FAILED) (3.673 secs / 3.61 secs)
2024-01-15T00:32:45.5595915Z Firefox 121.0 (Ubuntu 0.0.0): Executed 258 of 306 SUCCESS (0 secs / 2.895 secs)
2024-01-15T00:32:45.5600439Z [1A[2K[1A[2KChrome Headless 120.0.6099.199 (Linux x86_64): Executed 306 of 306 (1 FAILED) (3.673 secs / 3.61 secs)
2024-01-15T00:32:45.5601407Z Firefox 121.0 (Ubuntu 0.0.0): Executed 259 of 306 SUCCESS (0 secs / 2.895 secs)
2024-01-15T00:32:45.6610755Z [1A[2K[1A[2KChrome Headless 120.0.6099.199 (Linux x86_64): Executed 306 of 306 (1 FAILED) (3.673 secs / 3.61 secs)
2024-01-15T00:32:45.6612313Z Firefox 121.0 (Ubuntu 0.0.0): Executed 260 of 306 SUCCESS (0 secs / 2.996 secs)
2024-01-15T00:32:45.7623270Z [1A[2K[1A[2KChrome Headless 120.0.6099.199 (Linux x86_64): Executed 306 of 306 (1 FAILED) (3.673 secs / 3.61 secs)
2024-01-15T00:32:45.7625385Z Firefox 121.0 (Ubuntu 0.0.0): Executed 261 of 306 SUCCESS (0 secs / 3.096 secs)
2024-01-15T00:32:45.8638983Z [1A[2K[1A[2KChrome Headless 120.0.6099.199 (Linux x86_64): Executed 306 of 306 (1 FAILED) (3.673 secs / 3.61 secs)
2024-01-15T00:32:45.8640720Z Firefox 121.0 (Ubuntu 0.0.0): Executed 262 of 306 SUCCESS (0 secs / 3.198 secs)
2024-01-15T00:32:45.9654351Z [1A[2K[1A[2KChrome Headless 120.0.6099.199 (Linux x86_64): Executed 306 of 306 (1 FAILED) (3.673 secs / 3.61 secs)
2024-01-15T00:32:45.9655422Z Firefox 121.0 (Ubuntu 0.0.0): Executed 263 of 306 SUCCESS (0 secs / 3.299 secs)
2024-01-15T00:32:45.9663109Z [1A[2K[1A[2KChrome Headless 120.0.6099.199 (Linux x86_64): Executed 306 of 306 (1 FAILED) (3.673 secs / 3.61 secs)
2024-01-15T00:32:45.9665118Z Firefox 121.0 (Ubuntu 0.0.0): Executed 264 of 306 SUCCESS (0 secs / 3.3 secs)
2024-01-15T00:32:45.9668669Z [1A[2K[1A[2KChrome Headless 120.0.6099.199 (Linux x86_64): Executed 306 of 306 (1 FAILED) (3.673 secs / 3.61 secs)
2024-01-15T00:32:45.9670459Z Firefox 121.0 (Ubuntu 0.0.0): Executed 265 of 306 SUCCESS (0 secs / 3.301 secs)
2024-01-15T00:32:45.9674237Z [1A[2K[1A[2KChrome Headless 120.0.6099.199 (Linux x86_64): Executed 306 of 306 (1 FAILED) (3.673 secs / 3.61 secs)
2024-01-15T00:32:45.9676424Z Firefox 121.0 (Ubuntu 0.0.0): Executed 266 of 306 SUCCESS (0 secs / 3.302 secs)
2024-01-15T00:32:45.9678888Z [1A[2K[1A[2KChrome Headless 120.0.6099.199 (Linux x86_64): Executed 306 of 306 (1 FAILED) (3.673 secs / 3.61 secs)
2024-01-15T00:32:45.9681214Z Firefox 121.0 (Ubuntu 0.0.0): Executed 267 of 306 SUCCESS (0 secs / 3.302 secs)
2024-01-15T00:32:45.9685123Z [1A[2K[1A[2KChrome Headless 120.0.6099.199 (Linux x86_64): Executed 306 of 306 (1 FAILED) (3.673 secs / 3.61 secs)
2024-01-15T00:32:45.9686825Z Firefox 121.0 (Ubuntu 0.0.0): Executed 268 of 306 SUCCESS (0 secs / 3.302 secs)
2024-01-15T00:32:45.9690043Z [1A[2K[1A[2KChrome Headless 120.0.6099.199 (Linux x86_64): Executed 306 of 306 (1 FAILED) (3.673 secs / 3.61 secs)
2024-01-15T00:32:45.9691663Z Firefox 121.0 (Ubuntu 0.0.0): Executed 269 of 306 SUCCESS (0 secs / 3.302 secs)
2024-01-15T00:32:45.9702617Z [1A[2K[1A[2KChrome Headless 120.0.6099.199 (Linux x86_64): Executed 306 of 306 (1 FAILED) (3.673 secs / 3.61 secs)
2024-01-15T00:32:45.9704303Z Firefox 121.0 (Ubuntu 0.0.0): Executed 270 of 306 SUCCESS (0 secs / 3.302 secs)
2024-01-15T00:32:45.9706138Z [1A[2K[1A[2KChrome Headless 120.0.6099.199 (Linux x86_64): Executed 306 of 306 (1 FAILED) (3.673 secs / 3.61 secs)
2024-01-15T00:32:45.9707840Z Firefox 121.0 (Ubuntu 0.0.0): Executed 271 of 306 SUCCESS (0 secs / 3.302 secs)
2024-01-15T00:32:45.9709606Z [1A[2K[1A[2KChrome Headless 120.0.6099.199 (Linux x86_64): Executed 306 of 306 (1 FAILED) (3.673 secs / 3.61 secs)
2024-01-15T00:32:45.9711206Z Firefox 121.0 (Ubuntu 0.0.0): Executed 272 of 306 SUCCESS (0 secs / 3.302 secs)
2024-01-15T00:32:45.9713161Z [1A[2K[1A[2KChrome Headless 120.0.6099.199 (Linux x86_64): Executed 306 of 306 (1 FAILED) (3.673 secs / 3.61 secs)
2024-01-15T00:32:45.9715427Z Firefox 121.0 (Ubuntu 0.0.0): Executed 273 of 306 SUCCESS (0 secs / 3.303 secs)
2024-01-15T00:32:45.9717488Z [1A[2K[1A[2KChrome Headless 120.0.6099.199 (Linux x86_64): Executed 306 of 306 (1 FAILED) (3.673 secs / 3.61 secs)
2024-01-15T00:32:45.9719335Z Firefox 121.0 (Ubuntu 0.0.0): Executed 274 of 306 SUCCESS (0 secs / 3.303 secs)
2024-01-15T00:32:45.9722484Z [1A[2K[1A[2KChrome Headless 120.0.6099.199 (Linux x86_64): Executed 306 of 306 (1 FAILED) (3.673 secs / 3.61 secs)
2024-01-15T00:32:45.9724511Z Firefox 121.0 (Ubuntu 0.0.0): Executed 275 of 306 SUCCESS (0 secs / 3.303 secs)
2024-01-15T00:32:45.9726738Z [1A[2K[1A[2KChrome Headless 120.0.6099.199 (Linux x86_64): Executed 306 of 306 (1 FAILED) (3.673 secs / 3.61 secs)
2024-01-15T00:32:45.9728506Z Firefox 121.0 (Ubuntu 0.0.0): Executed 276 of 306 SUCCESS (0 secs / 3.303 secs)
2024-01-15T00:32:45.9730686Z [1A[2K[1A[2KChrome Headless 120.0.6099.199 (Linux x86_64): Executed 306 of 306 (1 FAILED) (3.673 secs / 3.61 secs)
2024-01-15T00:32:45.9733197Z Firefox 121.0 (Ubuntu 0.0.0): Executed 277 of 306 SUCCESS (0 secs / 3.303 secs)
2024-01-15T00:32:45.9735848Z [1A[2K[1A[2KChrome Headless 120.0.6099.199 (Linux x86_64): Executed 306 of 306 (1 FAILED) (3.673 secs / 3.61 secs)
2024-01-15T00:32:45.9737867Z Firefox 121.0 (Ubuntu 0.0.0): Executed 278 of 306 SUCCESS (0 secs / 3.303 secs)
2024-01-15T00:32:45.9740067Z [1A[2K[1A[2KChrome Headless 120.0.6099.199 (Linux x86_64): Executed 306 of 306 (1 FAILED) (3.673 secs / 3.61 secs)
2024-01-15T00:32:45.9741876Z Firefox 121.0 (Ubuntu 0.0.0): Executed 279 of 306 SUCCESS (0 secs / 3.303 secs)
2024-01-15T00:32:45.9744770Z [1A[2K[1A[2KChrome Headless 120.0.6099.199 (Linux x86_64): Executed 306 of 306 (1 FAILED) (3.673 secs / 3.61 secs)
2024-01-15T00:32:45.9746815Z Firefox 121.0 (Ubuntu 0.0.0): Executed 280 of 306 SUCCESS (0 secs / 3.303 secs)
2024-01-15T00:32:45.9749232Z [1A[2K[1A[2KChrome Headless 120.0.6099.199 (Linux x86_64): Executed 306 of 306 (1 FAILED) (3.673 secs / 3.61 secs)
2024-01-15T00:32:45.9751056Z Firefox 121.0 (Ubuntu 0.0.0): Executed 281 of 306 SUCCESS (0 secs / 3.303 secs)
2024-01-15T00:32:45.9753714Z [1A[2K[1A[2KChrome Headless 120.0.6099.199 (Linux x86_64): Executed 306 of 306 (1 FAILED) (3.673 secs / 3.61 secs)
2024-01-15T00:32:45.9755567Z Firefox 121.0 (Ubuntu 0.0.0): Executed 282 of 306 SUCCESS (0 secs / 3.303 secs)
2024-01-15T00:32:45.9757769Z [1A[2K[1A[2KChrome Headless 120.0.6099.199 (Linux x86_64): Executed 306 of 306 (1 FAILED) (3.673 secs / 3.61 secs)
2024-01-15T00:32:45.9759954Z Firefox 121.0 (Ubuntu 0.0.0): Executed 283 of 306 SUCCESS (0 secs / 3.303 secs)
2024-01-15T00:32:45.9762330Z [1A[2K[1A[2KChrome Headless 120.0.6099.199 (Linux x86_64): Executed 306 of 306 (1 FAILED) (3.673 secs / 3.61 secs)
2024-01-15T00:32:45.9764199Z Firefox 121.0 (Ubuntu 0.0.0): Executed 284 of 306 SUCCESS (0 secs / 3.303 secs)
2024-01-15T00:32:45.9766286Z [1A[2K[1A[2KChrome Headless 120.0.6099.199 (Linux x86_64): Executed 306 of 306 (1 FAILED) (3.673 secs / 3.61 secs)
2024-01-15T00:32:45.9768068Z Firefox 121.0 (Ubuntu 0.0.0): Executed 285 of 306 SUCCESS (0 secs / 3.303 secs)
2024-01-15T00:32:45.9770487Z [1A[2K[1A[2KChrome Headless 120.0.6099.199 (Linux x86_64): Executed 306 of 306 (1 FAILED) (3.673 secs / 3.61 secs)
2024-01-15T00:32:45.9772046Z Firefox 121.0 (Ubuntu 0.0.0): Executed 286 of 306 SUCCESS (0 secs / 3.303 secs)
2024-01-15T00:32:45.9776028Z [1A[2K[1A[2KChrome Headless 120.0.6099.199 (Linux x86_64): Executed 306 of 306 (1 FAILED) (3.673 secs / 3.61 secs)
2024-01-15T00:32:45.9777842Z Firefox 121.0 (Ubuntu 0.0.0): Executed 287 of 306 SUCCESS (0 secs / 3.304 secs)
2024-01-15T00:32:45.9780063Z [1A[2K[1A[2KChrome Headless 120.0.6099.199 (Linux x86_64): Executed 306 of 306 (1 FAILED) (3.673 secs / 3.61 secs)
2024-01-15T00:32:45.9782122Z Firefox 121.0 (Ubuntu 0.0.0): Executed 288 of 306 SUCCESS (0 secs / 3.304 secs)
2024-01-15T00:32:45.9784306Z [1A[2K[1A[2KChrome Headless 120.0.6099.199 (Linux x86_64): Executed 306 of 306 (1 FAILED) (3.673 secs / 3.61 secs)
2024-01-15T00:32:45.9786102Z Firefox 121.0 (Ubuntu 0.0.0): Executed 289 of 306 SUCCESS (0 secs / 3.304 secs)
2024-01-15T00:32:45.9788261Z [1A[2K[1A[2KChrome Headless 120.0.6099.199 (Linux x86_64): Executed 306 of 306 (1 FAILED) (3.673 secs / 3.61 secs)
2024-01-15T00:32:45.9790059Z Firefox 121.0 (Ubuntu 0.0.0): Executed 290 of 306 SUCCESS (0 secs / 3.304 secs)
2024-01-15T00:32:45.9792601Z [1A[2K[1A[2KChrome Headless 120.0.6099.199 (Linux x86_64): Executed 306 of 306 (1 FAILED) (3.673 secs / 3.61 secs)
2024-01-15T00:32:45.9794604Z Firefox 121.0 (Ubuntu 0.0.0): Executed 291 of 306 SUCCESS (0 secs / 3.304 secs)
2024-01-15T00:32:45.9796648Z [1A[2K[1A[2KChrome Headless 120.0.6099.199 (Linux x86_64): Executed 306 of 306 (1 FAILED) (3.673 secs / 3.61 secs)
2024-01-15T00:32:45.9798595Z Firefox 121.0 (Ubuntu 0.0.0): Executed 292 of 306 SUCCESS (0 secs / 3.304 secs)
2024-01-15T00:32:45.9800732Z [1A[2K[1A[2KChrome Headless 120.0.6099.199 (Linux x86_64): Executed 306 of 306 (1 FAILED) (3.673 secs / 3.61 secs)
2024-01-15T00:32:45.9802572Z Firefox 121.0 (Ubuntu 0.0.0): Executed 293 of 306 SUCCESS (0 secs / 3.304 secs)
2024-01-15T00:32:45.9805315Z [1A[2K[1A[2KChrome Headless 120.0.6099.199 (Linux x86_64): Executed 306 of 306 (1 FAILED) (3.673 secs / 3.61 secs)
2024-01-15T00:32:45.9807154Z Firefox 121.0 (Ubuntu 0.0.0): Executed 294 of 306 SUCCESS (0 secs / 3.304 secs)
2024-01-15T00:32:45.9809189Z [1A[2K[1A[2KChrome Headless 120.0.6099.199 (Linux x86_64): Executed 306 of 306 (1 FAILED) (3.673 secs / 3.61 secs)
2024-01-15T00:32:45.9811478Z Firefox 121.0 (Ubuntu 0.0.0): Executed 295 of 306 SUCCESS (0 secs / 3.305 secs)
2024-01-15T00:32:45.9813477Z [1A[2K[1A[2KChrome Headless 120.0.6099.199 (Linux x86_64): Executed 306 of 306 (1 FAILED) (3.673 secs / 3.61 secs)
2024-01-15T00:32:45.9815668Z Firefox 121.0 (Ubuntu 0.0.0): Executed 296 of 306 SUCCESS (0 secs / 3.305 secs)
2024-01-15T00:32:45.9818036Z [1A[2K[1A[2KChrome Headless 120.0.6099.199 (Linux x86_64): Executed 306 of 306 (1 FAILED) (3.673 secs / 3.61 secs)
2024-01-15T00:32:45.9819811Z Firefox 121.0 (Ubuntu 0.0.0): Executed 297 of 306 SUCCESS (0 secs / 3.305 secs)
2024-01-15T00:32:45.9821630Z [1A[2K[1A[2KChrome Headless 120.0.6099.199 (Linux x86_64): Executed 306 of 306 (1 FAILED) (3.673 secs / 3.61 secs)
2024-01-15T00:32:45.9823317Z Firefox 121.0 (Ubuntu 0.0.0): Executed 298 of 306 SUCCESS (0 secs / 3.305 secs)
2024-01-15T00:32:45.9825114Z [1A[2K[1A[2KChrome Headless 120.0.6099.199 (Linux x86_64): Executed 306 of 306 (1 FAILED) (3.673 secs / 3.61 secs)
2024-01-15T00:32:45.9830409Z Firefox 121.0 (Ubuntu 0.0.0): Executed 299 of 306 SUCCESS (0 secs / 3.305 secs)
2024-01-15T00:32:45.9832797Z [1A[2K[1A[2KChrome Headless 120.0.6099.199 (Linux x86_64): Executed 306 of 306 (1 FAILED) (3.673 secs / 3.61 secs)
2024-01-15T00:32:45.9834327Z Firefox 121.0 (Ubuntu 0.0.0): Executed 300 of 306 SUCCESS (0 secs / 3.305 secs)
2024-01-15T00:32:45.9836124Z [1A[2K[1A[2KChrome Headless 120.0.6099.199 (Linux x86_64): Executed 306 of 306 (1 FAILED) (3.673 secs / 3.61 secs)
2024-01-15T00:32:45.9837865Z Firefox 121.0 (Ubuntu 0.0.0): Executed 301 of 306 SUCCESS (0 secs / 3.306 secs)
2024-01-15T00:32:45.9839119Z [1A[2K[1A[2KChrome Headless 120.0.6099.199 (Linux x86_64): Executed 306 of 306 (1 FAILED) (3.673 secs / 3.61 secs)
2024-01-15T00:32:45.9840043Z Firefox 121.0 (Ubuntu 0.0.0): Executed 302 of 306 SUCCESS (0 secs / 3.306 secs)
2024-01-15T00:32:45.9841488Z [1A[2K[1A[2KChrome Headless 120.0.6099.199 (Linux x86_64): Executed 306 of 306 (1 FAILED) (3.673 secs / 3.61 secs)
2024-01-15T00:32:45.9842842Z Firefox 121.0 (Ubuntu 0.0.0): Executed 303 of 306 SUCCESS (0 secs / 3.307 secs)
2024-01-15T00:32:45.9844217Z [1A[2K[1A[2KChrome Headless 120.0.6099.199 (Linux x86_64): Executed 306 of 306 (1 FAILED) (3.673 secs / 3.61 secs)
2024-01-15T00:32:45.9845108Z Firefox 121.0 (Ubuntu 0.0.0): Executed 304 of 306 SUCCESS (0 secs / 3.309 secs)
2024-01-15T00:32:45.9846288Z [1A[2K[1A[2KChrome Headless 120.0.6099.199 (Linux x86_64): Executed 306 of 306 (1 FAILED) (3.673 secs / 3.61 secs)
2024-01-15T00:32:45.9847469Z Firefox 121.0 (Ubuntu 0.0.0): Executed 305 of 306 SUCCESS (0 secs / 3.31 secs)
2024-01-15T00:32:45.9848785Z [1A[2K[1A[2KFirefox 121.0 (Ubuntu 0.0.0) xsrf should set xsrf header for cross origin when using withCredentials FAILED
2024-01-15T00:32:45.9849601Z 	Expected undefined to equal '12345'.
2024-01-15T00:32:45.9850280Z 	@test/specs/xsrf.spec.js:78:69 <- test/specs/xsrf.spec.js:1279:71
2024-01-15T00:32:45.9851230Z Chrome Headless 120.0.6099.199 (Linux x86_64): Executed 306 of 306 (1 FAILED) (3.673 secs / 3.61 secs)
2024-01-15T00:32:45.9852202Z Firefox 121.0 (Ubuntu 0.0.0): Executed 306 of 306 (1 FAILED) (0 secs / 3.311 secs)
2024-01-15T00:32:45.9853236Z [1A[2K[1A[2KChrome Headless 120.0.6099.199 (Linux x86_64): Executed 306 of 306 (1 FAILED) (3.673 secs / 3.61 secs)
2024-01-15T00:32:45.9854251Z Firefox 121.0 (Ubuntu 0.0.0): Executed 306 of 306 (1 FAILED) (3.354 secs / 3.311 secs)
2024-01-15T00:32:45.9854901Z TOTAL: 2 FAILED, 610 SUCCESS
2024-01-15T00:32:46.0695355Z ##[error]Process completed with exit code 1.
2024-01-15T00:32:46.0786849Z Post job cleanup.
2024-01-15T00:32:46.1614887Z [command]/usr/bin/git version
2024-01-15T00:32:46.1660283Z git version 2.43.0
2024-01-15T00:32:46.1698956Z Temporarily overriding HOME='/home/runner/work/_temp/a76c1313-7f79-422d-9182-f27624633d35' before making global git config changes
2024-01-15T00:32:46.1700617Z Adding repository directory to the temporary git global config as a safe directory
2024-01-15T00:32:46.1704872Z [command]/usr/bin/git config --global --add safe.directory /home/runner/work/axios-microprint-example/axios-microprint-example
2024-01-15T00:32:46.1745867Z [command]/usr/bin/git config --local --name-only --get-regexp core\.sshCommand
2024-01-15T00:32:46.1784190Z [command]/usr/bin/git submodule foreach --recursive sh -c "git config --local --name-only --get-regexp 'core\.sshCommand' && git config --local --unset-all 'core.sshCommand' || :"
2024-01-15T00:32:46.2038682Z [command]/usr/bin/git config --local --name-only --get-regexp http\.https\:\/\/github\.com\/\.extraheader
2024-01-15T00:32:46.2082090Z [command]/usr/bin/git submodule foreach --recursive sh -c "git config --local --name-only --get-regexp 'http\.https\:\/\/github\.com\/\.extraheader' && git config --local --unset-all 'http.https://github.com/.extraheader' || :"
2024-01-15T00:32:46.2587246Z Cleaning up orphan processes
