2023-11-20T02:18:59.0905708Z Requested labels: ubuntu-latest
2023-11-20T02:18:59.0905888Z Job defined at: AlphaSteam/axios-microprint-example/.github/workflows/ci.yml@refs/heads/microprint_test
2023-11-20T02:18:59.0905994Z Waiting for a runner to pick up this job...
2023-11-20T02:19:00.4383052Z Job is waiting for a hosted runner to come online.
2023-11-20T02:19:02.3545984Z Job is about to start running on the hosted runner: GitHub Actions 6 (hosted)
2023-11-20T02:19:04.2251054Z Current runner version: '2.311.0'
2023-11-20T02:19:04.2277526Z ##[group]Operating System
2023-11-20T02:19:04.2278345Z Ubuntu
2023-11-20T02:19:04.2278667Z 22.04.3
2023-11-20T02:19:04.2279033Z LTS
2023-11-20T02:19:04.2279462Z ##[endgroup]
2023-11-20T02:19:04.2279822Z ##[group]Runner Image
2023-11-20T02:19:04.2280291Z Image: ubuntu-22.04
2023-11-20T02:19:04.2280778Z Version: 20231030.2.0
2023-11-20T02:19:04.2281848Z Included Software: https://github.com/actions/runner-images/blob/ubuntu22/20231030.2/images/linux/Ubuntu2204-Readme.md
2023-11-20T02:19:04.2283458Z Image Release: https://github.com/actions/runner-images/releases/tag/ubuntu22%2F20231030.2
2023-11-20T02:19:04.2284527Z ##[endgroup]
2023-11-20T02:19:04.2284933Z ##[group]Runner Image Provisioner
2023-11-20T02:19:04.2285445Z 2.0.312.1
2023-11-20T02:19:04.2285871Z ##[endgroup]
2023-11-20T02:19:04.2286824Z ##[group]GITHUB_TOKEN Permissions
2023-11-20T02:19:04.2288594Z Contents: read
2023-11-20T02:19:04.2289024Z Metadata: read
2023-11-20T02:19:04.2289733Z ##[endgroup]
2023-11-20T02:19:04.2293074Z Secret source: Actions
2023-11-20T02:19:04.2293726Z Prepare workflow directory
2023-11-20T02:19:04.2925623Z Prepare all required actions
2023-11-20T02:19:04.3082479Z Getting action download info
2023-11-20T02:19:04.4602153Z Download action repository 'actions/checkout@v3' (SHA:f43a0e5ff2bd294095638e18286ca9a3d1956744)
2023-11-20T02:19:04.5763033Z Download action repository 'actions/setup-node@v3' (SHA:1a4442cacd436585916779262731d5b162bc6ec7)
2023-11-20T02:19:04.7771857Z Complete job name: build (20.x)
2023-11-20T02:19:04.8844869Z ##[group]Run actions/checkout@v3
2023-11-20T02:19:04.8845749Z with:
2023-11-20T02:19:04.8846187Z   persist-credentials: false
2023-11-20T02:19:04.8846833Z   repository: AlphaSteam/axios-microprint-example
2023-11-20T02:19:04.8847809Z   token: ***
2023-11-20T02:19:04.8848283Z   ssh-strict: true
2023-11-20T02:19:04.8848678Z   clean: true
2023-11-20T02:19:04.8849227Z   sparse-checkout-cone-mode: true
2023-11-20T02:19:04.8849805Z   fetch-depth: 1
2023-11-20T02:19:04.8850222Z   fetch-tags: false
2023-11-20T02:19:04.8850749Z   lfs: false
2023-11-20T02:19:04.8851189Z   submodules: false
2023-11-20T02:19:04.8851610Z   set-safe-directory: true
2023-11-20T02:19:04.8852195Z ##[endgroup]
2023-11-20T02:19:05.0516330Z Syncing repository: AlphaSteam/axios-microprint-example
2023-11-20T02:19:05.0518706Z ##[group]Getting Git version info
2023-11-20T02:19:05.0520017Z Working directory is '/home/runner/work/axios-microprint-example/axios-microprint-example'
2023-11-20T02:19:05.0521593Z [command]/usr/bin/git version
2023-11-20T02:19:05.0529642Z git version 2.42.0
2023-11-20T02:19:05.0552795Z ##[endgroup]
2023-11-20T02:19:05.0566668Z Temporarily overriding HOME='/home/runner/work/_temp/dc299c15-0096-4538-9eb9-6eb8f11b40d3' before making global git config changes
2023-11-20T02:19:05.0568631Z Adding repository directory to the temporary git global config as a safe directory
2023-11-20T02:19:05.0571591Z [command]/usr/bin/git config --global --add safe.directory /home/runner/work/axios-microprint-example/axios-microprint-example
2023-11-20T02:19:05.0617188Z Deleting the contents of '/home/runner/work/axios-microprint-example/axios-microprint-example'
2023-11-20T02:19:05.0621287Z ##[group]Initializing the repository
2023-11-20T02:19:05.0624865Z [command]/usr/bin/git init /home/runner/work/axios-microprint-example/axios-microprint-example
2023-11-20T02:19:05.0701779Z hint: Using 'master' as the name for the initial branch. This default branch name
2023-11-20T02:19:05.0703975Z hint: is subject to change. To configure the initial branch name to use in all
2023-11-20T02:19:05.0706168Z hint: of your new repositories, which will suppress this warning, call:
2023-11-20T02:19:05.0707516Z hint: 
2023-11-20T02:19:05.0708607Z hint: 	git config --global init.defaultBranch <name>
2023-11-20T02:19:05.0709938Z hint: 
2023-11-20T02:19:05.0711196Z hint: Names commonly chosen instead of 'master' are 'main', 'trunk' and
2023-11-20T02:19:05.0713343Z hint: 'development'. The just-created branch can be renamed via this command:
2023-11-20T02:19:05.0715493Z hint: 
2023-11-20T02:19:05.0716260Z hint: 	git branch -m <name>
2023-11-20T02:19:05.0717475Z Initialized empty Git repository in /home/runner/work/axios-microprint-example/axios-microprint-example/.git/
2023-11-20T02:19:05.0724273Z [command]/usr/bin/git remote add origin https://github.com/AlphaSteam/axios-microprint-example
2023-11-20T02:19:05.0766568Z ##[endgroup]
2023-11-20T02:19:05.0767429Z ##[group]Disabling automatic garbage collection
2023-11-20T02:19:05.0769515Z [command]/usr/bin/git config --local gc.auto 0
2023-11-20T02:19:05.0805670Z ##[endgroup]
2023-11-20T02:19:05.0806377Z ##[group]Setting up auth
2023-11-20T02:19:05.0811598Z [command]/usr/bin/git config --local --name-only --get-regexp core\.sshCommand
2023-11-20T02:19:05.0848694Z [command]/usr/bin/git submodule foreach --recursive sh -c "git config --local --name-only --get-regexp 'core\.sshCommand' && git config --local --unset-all 'core.sshCommand' || :"
2023-11-20T02:19:05.1166851Z [command]/usr/bin/git config --local --name-only --get-regexp http\.https\:\/\/github\.com\/\.extraheader
2023-11-20T02:19:05.1204717Z [command]/usr/bin/git submodule foreach --recursive sh -c "git config --local --name-only --get-regexp 'http\.https\:\/\/github\.com\/\.extraheader' && git config --local --unset-all 'http.https://github.com/.extraheader' || :"
2023-11-20T02:19:05.1444667Z [command]/usr/bin/git config --local http.https://github.com/.extraheader AUTHORIZATION: basic ***
2023-11-20T02:19:05.1488700Z ##[endgroup]
2023-11-20T02:19:05.1490475Z ##[group]Fetching the repository
2023-11-20T02:19:05.1499443Z [command]/usr/bin/git -c protocol.version=2 fetch --no-tags --prune --progress --no-recurse-submodules --depth=1 origin +2fec34afc2595046becf855557f7b8b787a38172:refs/remotes/origin/microprint_test
2023-11-20T02:19:05.3586968Z remote: Enumerating objects: 277, done.        
2023-11-20T02:19:05.3588467Z remote: Counting objects:   0% (1/277)        
2023-11-20T02:19:05.3589768Z remote: Counting objects:   1% (3/277)        
2023-11-20T02:19:05.3590924Z remote: Counting objects:   2% (6/277)        
2023-11-20T02:19:05.3591785Z remote: Counting objects:   3% (9/277)        
2023-11-20T02:19:05.3592553Z remote: Counting objects:   4% (12/277)        
2023-11-20T02:19:05.3593311Z remote: Counting objects:   5% (14/277)        
2023-11-20T02:19:05.3594165Z remote: Counting objects:   6% (17/277)        
2023-11-20T02:19:05.3594940Z remote: Counting objects:   7% (20/277)        
2023-11-20T02:19:05.3595675Z remote: Counting objects:   8% (23/277)        
2023-11-20T02:19:05.3596500Z remote: Counting objects:   9% (25/277)        
2023-11-20T02:19:05.3597281Z remote: Counting objects:  10% (28/277)        
2023-11-20T02:19:05.3598026Z remote: Counting objects:  11% (31/277)        
2023-11-20T02:19:05.3598799Z remote: Counting objects:  12% (34/277)        
2023-11-20T02:19:05.3599562Z remote: Counting objects:  13% (37/277)        
2023-11-20T02:19:05.3600322Z remote: Counting objects:  14% (39/277)        
2023-11-20T02:19:05.3601107Z remote: Counting objects:  15% (42/277)        
2023-11-20T02:19:05.3601866Z remote: Counting objects:  16% (45/277)        
2023-11-20T02:19:05.3602515Z remote: Counting objects:  17% (48/277)        
2023-11-20T02:19:05.3603165Z remote: Counting objects:  18% (50/277)        
2023-11-20T02:19:05.3603800Z remote: Counting objects:  19% (53/277)        
2023-11-20T02:19:05.3604415Z remote: Counting objects:  20% (56/277)        
2023-11-20T02:19:05.3605074Z remote: Counting objects:  21% (59/277)        
2023-11-20T02:19:05.3605724Z remote: Counting objects:  22% (61/277)        
2023-11-20T02:19:05.3606338Z remote: Counting objects:  23% (64/277)        
2023-11-20T02:19:05.3606994Z remote: Counting objects:  24% (67/277)        
2023-11-20T02:19:05.3607606Z remote: Counting objects:  25% (70/277)        
2023-11-20T02:19:05.3608237Z remote: Counting objects:  26% (73/277)        
2023-11-20T02:19:05.3608900Z remote: Counting objects:  27% (75/277)        
2023-11-20T02:19:05.3609830Z remote: Counting objects:  28% (78/277)        
2023-11-20T02:19:05.3610485Z remote: Counting objects:  29% (81/277)        
2023-11-20T02:19:05.3611157Z remote: Counting objects:  30% (84/277)        
2023-11-20T02:19:05.3611780Z remote: Counting objects:  31% (86/277)        
2023-11-20T02:19:05.3612411Z remote: Counting objects:  32% (89/277)        
2023-11-20T02:19:05.3613101Z remote: Counting objects:  33% (92/277)        
2023-11-20T02:19:05.3613680Z remote: Counting objects:  34% (95/277)        
2023-11-20T02:19:05.3614320Z remote: Counting objects:  35% (97/277)        
2023-11-20T02:19:05.3615045Z remote: Counting objects:  36% (100/277)        
2023-11-20T02:19:05.3615707Z remote: Counting objects:  37% (103/277)        
2023-11-20T02:19:05.3616324Z remote: Counting objects:  38% (106/277)        
2023-11-20T02:19:05.3617048Z remote: Counting objects:  39% (109/277)        
2023-11-20T02:19:05.3617698Z remote: Counting objects:  40% (111/277)        
2023-11-20T02:19:05.3618653Z remote: Counting objects:  41% (114/277)        
2023-11-20T02:19:05.3619389Z remote: Counting objects:  42% (117/277)        
2023-11-20T02:19:05.3620035Z remote: Counting objects:  43% (120/277)        
2023-11-20T02:19:05.3620619Z remote: Counting objects:  44% (122/277)        
2023-11-20T02:19:05.3621320Z remote: Counting objects:  45% (125/277)        
2023-11-20T02:19:05.3621961Z remote: Counting objects:  46% (128/277)        
2023-11-20T02:19:05.3622540Z remote: Counting objects:  47% (131/277)        
2023-11-20T02:19:05.3623430Z remote: Counting objects:  48% (133/277)        
2023-11-20T02:19:05.3624094Z remote: Counting objects:  49% (136/277)        
2023-11-20T02:19:05.3624676Z remote: Counting objects:  50% (139/277)        
2023-11-20T02:19:05.3625390Z remote: Counting objects:  51% (142/277)        
2023-11-20T02:19:05.3626009Z remote: Counting objects:  52% (145/277)        
2023-11-20T02:19:05.3626586Z remote: Counting objects:  53% (147/277)        
2023-11-20T02:19:05.3627318Z remote: Counting objects:  54% (150/277)        
2023-11-20T02:19:05.3628069Z remote: Counting objects:  55% (153/277)        
2023-11-20T02:19:05.3628669Z remote: Counting objects:  56% (156/277)        
2023-11-20T02:19:05.3629387Z remote: Counting objects:  57% (158/277)        
2023-11-20T02:19:05.3629998Z remote: Counting objects:  58% (161/277)        
2023-11-20T02:19:05.3630678Z remote: Counting objects:  59% (164/277)        
2023-11-20T02:19:05.3631334Z remote: Counting objects:  60% (167/277)        
2023-11-20T02:19:05.3631959Z remote: Counting objects:  61% (169/277)        
2023-11-20T02:19:05.3632661Z remote: Counting objects:  62% (172/277)        
2023-11-20T02:19:05.3633247Z remote: Counting objects:  63% (175/277)        
2023-11-20T02:19:05.3633997Z remote: Counting objects:  64% (178/277)        
2023-11-20T02:19:05.3634711Z remote: Counting objects:  65% (181/277)        
2023-11-20T02:19:05.3635325Z remote: Counting objects:  66% (183/277)        
2023-11-20T02:19:05.3635902Z remote: Counting objects:  67% (186/277)        
2023-11-20T02:19:05.3637015Z remote: Counting objects:  68% (189/277)        
2023-11-20T02:19:05.3637897Z remote: Counting objects:  69% (192/277)        
2023-11-20T02:19:05.3638833Z remote: Counting objects:  70% (194/277)        
2023-11-20T02:19:05.3639994Z remote: Counting objects:  71% (197/277)        
2023-11-20T02:19:05.3640982Z remote: Counting objects:  72% (200/277)        
2023-11-20T02:19:05.3641895Z remote: Counting objects:  73% (203/277)        
2023-11-20T02:19:05.3642666Z remote: Counting objects:  74% (205/277)        
2023-11-20T02:19:05.3643299Z remote: Counting objects:  75% (208/277)        
2023-11-20T02:19:05.3643900Z remote: Counting objects:  76% (211/277)        
2023-11-20T02:19:05.3644610Z remote: Counting objects:  77% (214/277)        
2023-11-20T02:19:05.3645235Z remote: Counting objects:  78% (217/277)        
2023-11-20T02:19:05.3645831Z remote: Counting objects:  79% (219/277)        
2023-11-20T02:19:05.3646514Z remote: Counting objects:  80% (222/277)        
2023-11-20T02:19:05.3647462Z remote: Counting objects:  81% (225/277)        
2023-11-20T02:19:05.3648335Z remote: Counting objects:  82% (228/277)        
2023-11-20T02:19:05.3649087Z remote: Counting objects:  83% (230/277)        
2023-11-20T02:19:05.3649719Z remote: Counting objects:  84% (233/277)        
2023-11-20T02:19:05.3650300Z remote: Counting objects:  85% (236/277)        
2023-11-20T02:19:05.3650992Z remote: Counting objects:  86% (239/277)        
2023-11-20T02:19:05.3651642Z remote: Counting objects:  87% (241/277)        
2023-11-20T02:19:05.3652504Z remote: Counting objects:  88% (244/277)        
2023-11-20T02:19:05.3653316Z remote: Counting objects:  89% (247/277)        
2023-11-20T02:19:05.3654073Z remote: Counting objects:  90% (250/277)        
2023-11-20T02:19:05.3654983Z remote: Counting objects:  91% (253/277)        
2023-11-20T02:19:05.3655782Z remote: Counting objects:  92% (255/277)        
2023-11-20T02:19:05.3656679Z remote: Counting objects:  93% (258/277)        
2023-11-20T02:19:05.3657306Z remote: Counting objects:  94% (261/277)        
2023-11-20T02:19:05.3658299Z remote: Counting objects:  95% (264/277)        
2023-11-20T02:19:05.3659340Z remote: Counting objects:  96% (266/277)        
2023-11-20T02:19:05.3660271Z remote: Counting objects:  97% (269/277)        
2023-11-20T02:19:05.3661294Z remote: Counting objects:  98% (272/277)        
2023-11-20T02:19:05.3662078Z remote: Counting objects:  99% (275/277)        
2023-11-20T02:19:05.3662711Z remote: Counting objects: 100% (277/277)        
2023-11-20T02:19:05.3663634Z remote: Counting objects: 100% (277/277), done.        
2023-11-20T02:19:05.3664396Z remote: Compressing objects:   0% (1/254)        
2023-11-20T02:19:05.3665074Z remote: Compressing objects:   1% (3/254)        
2023-11-20T02:19:05.3665854Z remote: Compressing objects:   2% (6/254)        
2023-11-20T02:19:05.3666465Z remote: Compressing objects:   3% (8/254)        
2023-11-20T02:19:05.3667173Z remote: Compressing objects:   4% (11/254)        
2023-11-20T02:19:05.3667930Z remote: Compressing objects:   5% (13/254)        
2023-11-20T02:19:05.3668576Z remote: Compressing objects:   6% (16/254)        
2023-11-20T02:19:05.3669259Z remote: Compressing objects:   7% (18/254)        
2023-11-20T02:19:05.3669995Z remote: Compressing objects:   8% (21/254)        
2023-11-20T02:19:05.3670627Z remote: Compressing objects:   9% (23/254)        
2023-11-20T02:19:05.3671308Z remote: Compressing objects:  10% (26/254)        
2023-11-20T02:19:05.3672047Z remote: Compressing objects:  11% (28/254)        
2023-11-20T02:19:05.3672676Z remote: Compressing objects:  12% (31/254)        
2023-11-20T02:19:05.3673367Z remote: Compressing objects:  13% (34/254)        
2023-11-20T02:19:05.3674103Z remote: Compressing objects:  14% (36/254)        
2023-11-20T02:19:05.3675132Z remote: Compressing objects:  15% (39/254)        
2023-11-20T02:19:05.3676271Z remote: Compressing objects:  16% (41/254)        
2023-11-20T02:19:05.3677088Z remote: Compressing objects:  17% (44/254)        
2023-11-20T02:19:05.3677839Z remote: Compressing objects:  18% (46/254)        
2023-11-20T02:19:05.3678473Z remote: Compressing objects:  19% (49/254)        
2023-11-20T02:19:05.3686669Z remote: Compressing objects:  20% (51/254)        
2023-11-20T02:19:05.3689398Z remote: Compressing objects:  21% (54/254)        
2023-11-20T02:19:05.3697444Z remote: Compressing objects:  22% (56/254)        
2023-11-20T02:19:05.3699184Z remote: Compressing objects:  23% (59/254)        
2023-11-20T02:19:05.3701121Z remote: Compressing objects:  24% (61/254)        
2023-11-20T02:19:05.3703874Z remote: Compressing objects:  25% (64/254)        
2023-11-20T02:19:05.3704598Z remote: Compressing objects:  26% (67/254)        
2023-11-20T02:19:05.3706824Z remote: Compressing objects:  27% (69/254)        
2023-11-20T02:19:05.3708828Z remote: Compressing objects:  28% (72/254)        
2023-11-20T02:19:05.3709538Z remote: Compressing objects:  29% (74/254)        
2023-11-20T02:19:05.3718872Z remote: Compressing objects:  30% (77/254)        
2023-11-20T02:19:05.3722408Z remote: Compressing objects:  31% (79/254)        
2023-11-20T02:19:05.3726449Z remote: Compressing objects:  32% (82/254)        
2023-11-20T02:19:05.3727624Z remote: Compressing objects:  33% (84/254)        
2023-11-20T02:19:05.3728840Z remote: Compressing objects:  34% (87/254)        
2023-11-20T02:19:05.3729955Z remote: Compressing objects:  35% (89/254)        
2023-11-20T02:19:05.3730635Z remote: Compressing objects:  36% (92/254)        
2023-11-20T02:19:05.3731444Z remote: Compressing objects:  37% (94/254)        
2023-11-20T02:19:05.3738396Z remote: Compressing objects:  38% (97/254)        
2023-11-20T02:19:05.3740087Z remote: Compressing objects:  39% (100/254)        
2023-11-20T02:19:05.3742267Z remote: Compressing objects:  40% (102/254)        
2023-11-20T02:19:05.3743072Z remote: Compressing objects:  41% (105/254)        
2023-11-20T02:19:05.3743748Z remote: Compressing objects:  42% (107/254)        
2023-11-20T02:19:05.3744942Z remote: Compressing objects:  43% (110/254)        
2023-11-20T02:19:05.3751347Z remote: Compressing objects:  44% (112/254)        
2023-11-20T02:19:05.3753064Z remote: Compressing objects:  45% (115/254)        
2023-11-20T02:19:05.3757031Z remote: Compressing objects:  46% (117/254)        
2023-11-20T02:19:05.3758174Z remote: Compressing objects:  47% (120/254)        
2023-11-20T02:19:05.3761016Z remote: Compressing objects:  48% (122/254)        
2023-11-20T02:19:05.3763019Z remote: Compressing objects:  49% (125/254)        
2023-11-20T02:19:05.3770123Z remote: Compressing objects:  50% (127/254)        
2023-11-20T02:19:05.3771524Z remote: Compressing objects:  51% (130/254)        
2023-11-20T02:19:05.3772520Z remote: Compressing objects:  52% (133/254)        
2023-11-20T02:19:05.3777432Z remote: Compressing objects:  53% (135/254)        
2023-11-20T02:19:05.3778733Z remote: Compressing objects:  54% (138/254)        
2023-11-20T02:19:05.3783705Z remote: Compressing objects:  55% (140/254)        
2023-11-20T02:19:05.3784632Z remote: Compressing objects:  56% (143/254)        
2023-11-20T02:19:05.3788232Z remote: Compressing objects:  57% (145/254)        
2023-11-20T02:19:05.3789460Z remote: Compressing objects:  58% (148/254)        
2023-11-20T02:19:05.3790591Z remote: Compressing objects:  59% (150/254)        
2023-11-20T02:19:05.3793607Z remote: Compressing objects:  60% (153/254)        
2023-11-20T02:19:05.3794645Z remote: Compressing objects:  61% (155/254)        
2023-11-20T02:19:05.3796704Z remote: Compressing objects:  62% (158/254)        
2023-11-20T02:19:05.3801102Z remote: Compressing objects:  63% (161/254)        
2023-11-20T02:19:05.3806444Z remote: Compressing objects:  64% (163/254)        
2023-11-20T02:19:05.3807157Z remote: Compressing objects:  65% (166/254)        
2023-11-20T02:19:05.3898984Z remote: Compressing objects:  66% (168/254)        
2023-11-20T02:19:05.3954608Z remote: Compressing objects:  67% (171/254)        
2023-11-20T02:19:05.3999597Z remote: Compressing objects:  68% (173/254)        
2023-11-20T02:19:05.4001384Z remote: Compressing objects:  69% (176/254)        
2023-11-20T02:19:05.4003460Z remote: Compressing objects:  70% (178/254)        
2023-11-20T02:19:05.4004820Z remote: Compressing objects:  71% (181/254)        
2023-11-20T02:19:05.4006344Z remote: Compressing objects:  72% (183/254)        
2023-11-20T02:19:05.4007545Z remote: Compressing objects:  73% (186/254)        
2023-11-20T02:19:05.4008390Z remote: Compressing objects:  74% (188/254)        
2023-11-20T02:19:05.4010557Z remote: Compressing objects:  75% (191/254)        
2023-11-20T02:19:05.4011696Z remote: Compressing objects:  76% (194/254)        
2023-11-20T02:19:05.4015171Z remote: Compressing objects:  77% (196/254)        
2023-11-20T02:19:05.4016629Z remote: Compressing objects:  78% (199/254)        
2023-11-20T02:19:05.4024141Z remote: Compressing objects:  79% (201/254)        
2023-11-20T02:19:05.4028199Z remote: Compressing objects:  80% (204/254)        
2023-11-20T02:19:05.4030434Z remote: Compressing objects:  81% (206/254)        
2023-11-20T02:19:05.4031177Z remote: Compressing objects:  82% (209/254)        
2023-11-20T02:19:05.4031872Z remote: Compressing objects:  83% (211/254)        
2023-11-20T02:19:05.4032661Z remote: Compressing objects:  84% (214/254)        
2023-11-20T02:19:05.4033334Z remote: Compressing objects:  85% (216/254)        
2023-11-20T02:19:05.4034011Z remote: Compressing objects:  86% (219/254)        
2023-11-20T02:19:05.4034861Z remote: Compressing objects:  87% (221/254)        
2023-11-20T02:19:05.4035762Z remote: Compressing objects:  88% (224/254)        
2023-11-20T02:19:05.4036465Z remote: Compressing objects:  89% (227/254)        
2023-11-20T02:19:05.4037274Z remote: Compressing objects:  90% (229/254)        
2023-11-20T02:19:05.4037969Z remote: Compressing objects:  91% (232/254)        
2023-11-20T02:19:05.4038754Z remote: Compressing objects:  92% (234/254)        
2023-11-20T02:19:05.4039425Z remote: Compressing objects:  93% (237/254)        
2023-11-20T02:19:05.4040111Z remote: Compressing objects:  94% (239/254)        
2023-11-20T02:19:05.4040851Z remote: Compressing objects:  95% (242/254)        
2023-11-20T02:19:05.4041510Z remote: Compressing objects:  96% (244/254)        
2023-11-20T02:19:05.4042177Z remote: Compressing objects:  97% (247/254)        
2023-11-20T02:19:05.4042904Z remote: Compressing objects:  98% (249/254)        
2023-11-20T02:19:05.4043539Z remote: Compressing objects:  99% (252/254)        
2023-11-20T02:19:05.4044379Z remote: Compressing objects: 100% (254/254)        
2023-11-20T02:19:05.4045203Z remote: Compressing objects: 100% (254/254), done.        
2023-11-20T02:19:05.4081362Z Receiving objects:   0% (1/277)
2023-11-20T02:19:05.4082495Z Receiving objects:   1% (3/277)
2023-11-20T02:19:05.4083561Z Receiving objects:   2% (6/277)
2023-11-20T02:19:05.4085207Z Receiving objects:   3% (9/277)
2023-11-20T02:19:05.4086592Z Receiving objects:   4% (12/277)
2023-11-20T02:19:05.4087169Z Receiving objects:   5% (14/277)
2023-11-20T02:19:05.4087664Z Receiving objects:   6% (17/277)
2023-11-20T02:19:05.4088260Z Receiving objects:   7% (20/277)
2023-11-20T02:19:05.4091090Z Receiving objects:   8% (23/277)
2023-11-20T02:19:05.4107597Z Receiving objects:   9% (25/277)
2023-11-20T02:19:05.4108575Z Receiving objects:  10% (28/277)
2023-11-20T02:19:05.4137894Z Receiving objects:  11% (31/277)
2023-11-20T02:19:05.4139236Z Receiving objects:  12% (34/277)
2023-11-20T02:19:05.4140019Z Receiving objects:  13% (37/277)
2023-11-20T02:19:05.4161115Z Receiving objects:  14% (39/277)
2023-11-20T02:19:05.4191913Z Receiving objects:  15% (42/277)
2023-11-20T02:19:05.4325402Z Receiving objects:  16% (45/277)
2023-11-20T02:19:05.4352934Z Receiving objects:  17% (48/277)
2023-11-20T02:19:05.4406220Z Receiving objects:  18% (50/277)
2023-11-20T02:19:05.4442512Z Receiving objects:  19% (53/277)
2023-11-20T02:19:05.4499035Z Receiving objects:  20% (56/277)
2023-11-20T02:19:05.4500391Z Receiving objects:  21% (59/277)
2023-11-20T02:19:05.4501189Z Receiving objects:  22% (61/277)
2023-11-20T02:19:05.4501844Z Receiving objects:  23% (64/277)
2023-11-20T02:19:05.4511753Z Receiving objects:  24% (67/277)
2023-11-20T02:19:05.4514478Z Receiving objects:  25% (70/277)
2023-11-20T02:19:05.4516710Z Receiving objects:  26% (73/277)
2023-11-20T02:19:05.4518615Z Receiving objects:  27% (75/277)
2023-11-20T02:19:05.4519289Z Receiving objects:  28% (78/277)
2023-11-20T02:19:05.4519911Z Receiving objects:  29% (81/277)
2023-11-20T02:19:05.4520758Z Receiving objects:  30% (84/277)
2023-11-20T02:19:05.4521816Z Receiving objects:  31% (86/277)
2023-11-20T02:19:05.4550408Z Receiving objects:  32% (89/277)
2023-11-20T02:19:05.4551395Z Receiving objects:  33% (92/277)
2023-11-20T02:19:05.4552261Z Receiving objects:  34% (95/277)
2023-11-20T02:19:05.4553089Z Receiving objects:  35% (97/277)
2023-11-20T02:19:05.4554073Z Receiving objects:  36% (100/277)
2023-11-20T02:19:05.4554955Z Receiving objects:  37% (103/277)
2023-11-20T02:19:05.4555772Z Receiving objects:  38% (106/277)
2023-11-20T02:19:05.4556922Z Receiving objects:  39% (109/277)
2023-11-20T02:19:05.4557467Z Receiving objects:  40% (111/277)
2023-11-20T02:19:05.4557970Z Receiving objects:  41% (114/277)
2023-11-20T02:19:05.4558528Z Receiving objects:  42% (117/277)
2023-11-20T02:19:05.4933937Z Receiving objects:  43% (120/277)
2023-11-20T02:19:05.4935027Z Receiving objects:  44% (122/277)
2023-11-20T02:19:05.4936168Z Receiving objects:  45% (125/277)
2023-11-20T02:19:05.4937052Z Receiving objects:  46% (128/277)
2023-11-20T02:19:05.4937664Z Receiving objects:  47% (131/277)
2023-11-20T02:19:05.4938607Z Receiving objects:  48% (133/277)
2023-11-20T02:19:05.4957119Z Receiving objects:  49% (136/277)
2023-11-20T02:19:05.4958454Z Receiving objects:  50% (139/277)
2023-11-20T02:19:05.4959935Z Receiving objects:  51% (142/277)
2023-11-20T02:19:05.4961193Z Receiving objects:  52% (145/277)
2023-11-20T02:19:05.4962179Z Receiving objects:  53% (147/277)
2023-11-20T02:19:05.4962907Z Receiving objects:  54% (150/277)
2023-11-20T02:19:05.4963605Z Receiving objects:  55% (153/277)
2023-11-20T02:19:05.4964453Z Receiving objects:  56% (156/277)
2023-11-20T02:19:05.5354778Z Receiving objects:  57% (158/277)
2023-11-20T02:19:05.5355824Z Receiving objects:  58% (161/277)
2023-11-20T02:19:05.5356961Z Receiving objects:  59% (164/277)
2023-11-20T02:19:05.5357951Z Receiving objects:  60% (167/277)
2023-11-20T02:19:05.5358746Z Receiving objects:  61% (169/277)
2023-11-20T02:19:05.5359805Z Receiving objects:  62% (172/277)
2023-11-20T02:19:05.5361097Z Receiving objects:  63% (175/277)
2023-11-20T02:19:05.5362141Z Receiving objects:  64% (178/277)
2023-11-20T02:19:05.5363221Z Receiving objects:  65% (181/277)
2023-11-20T02:19:05.5364117Z Receiving objects:  66% (183/277)
2023-11-20T02:19:05.5364966Z Receiving objects:  67% (186/277)
2023-11-20T02:19:05.5365936Z Receiving objects:  68% (189/277)
2023-11-20T02:19:05.5366771Z Receiving objects:  69% (192/277)
2023-11-20T02:19:05.5367536Z Receiving objects:  70% (194/277)
2023-11-20T02:19:05.5368392Z Receiving objects:  71% (197/277)
2023-11-20T02:19:05.5369176Z Receiving objects:  72% (200/277)
2023-11-20T02:19:05.5369947Z Receiving objects:  73% (203/277)
2023-11-20T02:19:05.5370819Z Receiving objects:  74% (205/277)
2023-11-20T02:19:05.5371503Z Receiving objects:  75% (208/277)
2023-11-20T02:19:05.5372026Z Receiving objects:  76% (211/277)
2023-11-20T02:19:05.5372597Z Receiving objects:  77% (214/277)
2023-11-20T02:19:05.5373100Z Receiving objects:  78% (217/277)
2023-11-20T02:19:05.5395835Z Receiving objects:  79% (219/277)
2023-11-20T02:19:05.5397341Z Receiving objects:  80% (222/277)
2023-11-20T02:19:05.5399246Z Receiving objects:  81% (225/277)
2023-11-20T02:19:05.5402380Z Receiving objects:  82% (228/277)
2023-11-20T02:19:05.5404737Z Receiving objects:  83% (230/277)
2023-11-20T02:19:05.5405765Z Receiving objects:  84% (233/277)
2023-11-20T02:19:05.5407258Z remote: Total 277 (delta 28), reused 108 (delta 8), pack-reused 0        
2023-11-20T02:19:05.5408752Z Receiving objects:  85% (236/277)
2023-11-20T02:19:05.5409615Z Receiving objects:  86% (239/277)
2023-11-20T02:19:05.5410496Z Receiving objects:  87% (241/277)
2023-11-20T02:19:05.5411546Z Receiving objects:  88% (244/277)
2023-11-20T02:19:05.5412333Z Receiving objects:  89% (247/277)
2023-11-20T02:19:05.5412975Z Receiving objects:  90% (250/277)
2023-11-20T02:19:05.5413599Z Receiving objects:  91% (253/277)
2023-11-20T02:19:05.5414091Z Receiving objects:  92% (255/277)
2023-11-20T02:19:05.5416990Z Receiving objects:  93% (258/277)
2023-11-20T02:19:05.5418864Z Receiving objects:  94% (261/277)
2023-11-20T02:19:05.5419769Z Receiving objects:  95% (264/277)
2023-11-20T02:19:05.5420586Z Receiving objects:  96% (266/277)
2023-11-20T02:19:05.5421644Z Receiving objects:  97% (269/277)
2023-11-20T02:19:05.5422526Z Receiving objects:  98% (272/277)
2023-11-20T02:19:05.5423292Z Receiving objects:  99% (275/277)
2023-11-20T02:19:05.5424381Z Receiving objects: 100% (277/277)
2023-11-20T02:19:05.5425496Z Receiving objects: 100% (277/277), 774.89 KiB | 5.66 MiB/s, done.
2023-11-20T02:19:05.5426930Z Resolving deltas:   0% (0/28)
2023-11-20T02:19:05.5427907Z Resolving deltas:   3% (1/28)
2023-11-20T02:19:05.5428700Z Resolving deltas:   7% (2/28)
2023-11-20T02:19:05.5442742Z Resolving deltas:  10% (3/28)
2023-11-20T02:19:05.5445324Z Resolving deltas:  14% (4/28)
2023-11-20T02:19:05.5451128Z Resolving deltas:  17% (5/28)
2023-11-20T02:19:05.5457154Z Resolving deltas:  21% (6/28)
2023-11-20T02:19:05.5461969Z Resolving deltas:  25% (7/28)
2023-11-20T02:19:05.5464543Z Resolving deltas:  32% (9/28)
2023-11-20T02:19:05.5465513Z Resolving deltas:  35% (10/28)
2023-11-20T02:19:05.5466310Z Resolving deltas:  39% (11/28)
2023-11-20T02:19:05.5467004Z Resolving deltas:  42% (12/28)
2023-11-20T02:19:05.5469762Z Resolving deltas:  46% (13/28)
2023-11-20T02:19:05.5470716Z Resolving deltas:  50% (14/28)
2023-11-20T02:19:05.5471476Z Resolving deltas:  53% (15/28)
2023-11-20T02:19:05.5472370Z Resolving deltas:  57% (16/28)
2023-11-20T02:19:05.5473140Z Resolving deltas:  60% (17/28)
2023-11-20T02:19:05.5473868Z Resolving deltas:  64% (18/28)
2023-11-20T02:19:05.5474713Z Resolving deltas:  67% (19/28)
2023-11-20T02:19:05.5475463Z Resolving deltas:  71% (20/28)
2023-11-20T02:19:05.5476262Z Resolving deltas:  75% (21/28)
2023-11-20T02:19:05.5477086Z Resolving deltas:  78% (22/28)
2023-11-20T02:19:05.5480140Z Resolving deltas:  82% (23/28)
2023-11-20T02:19:05.5480715Z Resolving deltas:  85% (24/28)
2023-11-20T02:19:05.5481294Z Resolving deltas:  89% (25/28)
2023-11-20T02:19:05.5481816Z Resolving deltas:  92% (26/28)
2023-11-20T02:19:05.5482865Z Resolving deltas:  96% (27/28)
2023-11-20T02:19:05.5485039Z Resolving deltas: 100% (28/28)
2023-11-20T02:19:05.5485887Z Resolving deltas: 100% (28/28), done.
2023-11-20T02:19:05.5626328Z From https://github.com/AlphaSteam/axios-microprint-example
2023-11-20T02:19:05.5627791Z  * [new ref]         2fec34afc2595046becf855557f7b8b787a38172 -> origin/microprint_test
2023-11-20T02:19:05.5651915Z ##[endgroup]
2023-11-20T02:19:05.5653628Z ##[group]Determining the checkout info
2023-11-20T02:19:05.5655426Z ##[endgroup]
2023-11-20T02:19:05.5656814Z ##[group]Checking out the ref
2023-11-20T02:19:05.5661797Z [command]/usr/bin/git checkout --progress --force -B microprint_test refs/remotes/origin/microprint_test
2023-11-20T02:19:05.5951820Z Switched to a new branch 'microprint_test'
2023-11-20T02:19:05.5953084Z branch 'microprint_test' set up to track 'origin/microprint_test'.
2023-11-20T02:19:05.5959192Z ##[endgroup]
2023-11-20T02:19:05.6002802Z [command]/usr/bin/git log -1 --format='%H'
2023-11-20T02:19:05.6035571Z '2fec34afc2595046becf855557f7b8b787a38172'
2023-11-20T02:19:05.6044105Z ##[group]Removing auth
2023-11-20T02:19:05.6048206Z [command]/usr/bin/git config --local --name-only --get-regexp core\.sshCommand
2023-11-20T02:19:05.6086029Z [command]/usr/bin/git submodule foreach --recursive sh -c "git config --local --name-only --get-regexp 'core\.sshCommand' && git config --local --unset-all 'core.sshCommand' || :"
2023-11-20T02:19:05.6342119Z [command]/usr/bin/git config --local --name-only --get-regexp http\.https\:\/\/github\.com\/\.extraheader
2023-11-20T02:19:05.6371169Z http.https://github.com/.extraheader
2023-11-20T02:19:05.6381001Z [command]/usr/bin/git config --local --unset-all http.https://github.com/.extraheader
2023-11-20T02:19:05.6421623Z [command]/usr/bin/git submodule foreach --recursive sh -c "git config --local --name-only --get-regexp 'http\.https\:\/\/github\.com\/\.extraheader' && git config --local --unset-all 'http.https://github.com/.extraheader' || :"
2023-11-20T02:19:05.6654134Z ##[endgroup]
2023-11-20T02:19:05.6959414Z ##[group]Run actions/setup-node@v3
2023-11-20T02:19:05.6959990Z with:
2023-11-20T02:19:05.6960342Z   node-version: 20.x
2023-11-20T02:19:05.6960817Z   cache: npm
2023-11-20T02:19:05.6961192Z   always-auth: false
2023-11-20T02:19:05.6961603Z   check-latest: false
2023-11-20T02:19:05.6962280Z   token: ***
2023-11-20T02:19:05.6962622Z ##[endgroup]
2023-11-20T02:19:05.9075188Z Found in cache @ /opt/hostedtoolcache/node/20.9.0/x64
2023-11-20T02:19:05.9085188Z ##[group]Environment details
2023-11-20T02:19:06.3913294Z node: v20.9.0
2023-11-20T02:19:06.3913970Z npm: 10.1.0
2023-11-20T02:19:06.3914577Z yarn: 1.22.19
2023-11-20T02:19:06.3915441Z ##[endgroup]
2023-11-20T02:19:06.3927235Z [command]/opt/hostedtoolcache/node/20.9.0/x64/bin/npm config get cache
2023-11-20T02:19:06.6405379Z /home/runner/.npm
2023-11-20T02:19:06.7581261Z npm cache is not found
2023-11-20T02:19:06.7757317Z ##[group]Run npm ci
2023-11-20T02:19:06.7757761Z [36;1mnpm ci[0m
2023-11-20T02:19:06.7817265Z shell: /usr/bin/bash -e {0}
2023-11-20T02:19:06.7817660Z ##[endgroup]
2023-11-20T02:19:16.8180097Z npm WARN deprecated source-map-resolve@0.5.3: See https://github.com/lydell/source-map-resolve#deprecated
2023-11-20T02:19:17.1123048Z npm WARN deprecated urix@0.1.0: Please see https://github.com/lydell/urix#deprecated
2023-11-20T02:19:17.1583298Z npm WARN deprecated resolve-url@0.2.1: https://github.com/lydell/resolve-url#deprecated
2023-11-20T02:19:17.1822316Z npm WARN deprecated source-map-url@0.4.1: See https://github.com/lydell/source-map-url#deprecated
2023-11-20T02:19:17.3662406Z npm WARN deprecated har-validator@5.1.5: this library is no longer supported
2023-11-20T02:19:17.5657694Z npm WARN deprecated querystring@0.2.0: The querystring API is considered Legacy. new code should use the URLSearchParams API instead.
2023-11-20T02:19:17.6133503Z npm WARN deprecated chokidar@2.1.8: Chokidar 2 does not receive security updates since 2019. Upgrade to chokidar 3 with 15x fewer dependencies
2023-11-20T02:19:17.6478487Z npm WARN deprecated chokidar@2.1.8: Chokidar 2 does not receive security updates since 2019. Upgrade to chokidar 3 with 15x fewer dependencies
2023-11-20T02:19:17.7456129Z npm WARN deprecated samsam@1.3.0: This package has been deprecated in favour of @sinonjs/samsam
2023-11-20T02:19:18.1657278Z npm WARN deprecated uuid@3.4.0: Please upgrade  to version 7 or higher.  Older versions may use Math.random() in certain circumstances, which is known to be problematic.  See https://v8.dev/blog/math-random for details.
2023-11-20T02:19:18.4456781Z npm WARN deprecated request@2.88.2: request has been deprecated, see https://github.com/request/request/issues/3142
2023-11-20T02:19:19.2770255Z npm WARN deprecated tar@2.2.2: This version of tar is no longer supported, and will not receive security updates. Please upgrade asap.
2023-11-20T02:19:20.4819099Z npm WARN deprecated core-js@2.6.12: core-js@<3.4 is no longer maintained and not recommended for usage due to the number of issues. Because of the V8 engine whims, feature detection in old core-js versions could cause a slowdown up to 100x even if nothing is polyfilled. Please, upgrade your dependencies to the actual version of core-js.
2023-11-20T02:19:24.1153457Z 
2023-11-20T02:19:24.1154779Z > axios@1.6.0 prepare
2023-11-20T02:19:24.1160239Z > husky install && npm run prepare:hooks
2023-11-20T02:19:24.1161007Z 
2023-11-20T02:19:24.1641282Z husky - Git hooks installed
2023-11-20T02:19:24.4013797Z 
2023-11-20T02:19:24.4014562Z > axios@1.6.0 prepare:hooks
2023-11-20T02:19:24.4016067Z > npx husky set .husky/commit-msg "npx commitlint --edit $1"
2023-11-20T02:19:24.4016994Z 
2023-11-20T02:19:24.7619471Z husky - created .husky/commit-msg
2023-11-20T02:19:24.8028209Z 
2023-11-20T02:19:24.8029055Z added 2053 packages, and audited 2054 packages in 18s
2023-11-20T02:19:24.8030268Z 
2023-11-20T02:19:24.8031001Z 197 packages are looking for funding
2023-11-20T02:19:24.8031798Z   run `npm fund` for details
2023-11-20T02:19:24.8280077Z 
2023-11-20T02:19:24.8280795Z 47 vulnerabilities (17 moderate, 28 high, 2 critical)
2023-11-20T02:19:24.8281324Z 
2023-11-20T02:19:24.8282104Z To address issues that do not require attention, run:
2023-11-20T02:19:24.8283069Z   npm audit fix
2023-11-20T02:19:24.8283384Z 
2023-11-20T02:19:24.8283891Z To address all issues possible (including breaking changes), run:
2023-11-20T02:19:24.8284795Z   npm audit fix --force
2023-11-20T02:19:24.8285037Z 
2023-11-20T02:19:24.8285368Z Some issues need review, and may require choosing
2023-11-20T02:19:24.8286190Z a different dependency.
2023-11-20T02:19:24.8286421Z 
2023-11-20T02:19:24.8286973Z Run `npm audit` for details.
2023-11-20T02:19:24.8857355Z ##[group]Run npm test
2023-11-20T02:19:24.8857762Z [36;1mnpm test[0m
2023-11-20T02:19:24.8903727Z shell: /usr/bin/bash -e {0}
2023-11-20T02:19:24.8904144Z ##[endgroup]
2023-11-20T02:19:25.1245355Z 
2023-11-20T02:19:25.1245675Z > axios@1.6.0 test
2023-11-20T02:19:25.1247215Z > npm run test:eslint && npm run test:mocha && npm run test:karma && npm run test:dtslint && npm run test:exports
2023-11-20T02:19:25.1248173Z 
2023-11-20T02:19:25.3699695Z 
2023-11-20T02:19:25.3700706Z > axios@1.6.0 test:eslint
2023-11-20T02:19:25.3701914Z > node bin/ssl_hotfix.js eslint lib/**/*.js
2023-11-20T02:19:25.3702550Z 
2023-11-20T02:19:25.4053639Z Running eslint lib/adapters/adapters.js lib/adapters/http.js lib/adapters/xhr.js lib/cancel/CancelToken.js lib/cancel/CanceledError.js lib/cancel/isCancel.js lib/core/Axios.js lib/core/AxiosError.js lib/core/AxiosHeaders.js lib/core/InterceptorManager.js lib/core/buildFullPath.js lib/core/dispatchRequest.js lib/core/mergeConfig.js lib/core/settle.js lib/core/transformData.js lib/defaults/index.js lib/defaults/transitional.js lib/env/data.js lib/helpers/AxiosTransformStream.js lib/helpers/AxiosURLSearchParams.js lib/helpers/HttpStatusCode.js lib/helpers/ZlibHeaderTransformStream.js lib/helpers/bind.js lib/helpers/buildURL.js lib/helpers/callbackify.js lib/helpers/combineURLs.js lib/helpers/cookies.js lib/helpers/deprecatedMethod.js lib/helpers/formDataToJSON.js lib/helpers/formDataToStream.js lib/helpers/fromDataURI.js lib/helpers/isAbsoluteURL.js lib/helpers/isAxiosError.js lib/helpers/isURLSameOrigin.js lib/helpers/null.js lib/helpers/parseHeaders.js lib/helpers/parseProtocol.js lib/helpers/readBlob.js lib/helpers/speedometer.js lib/helpers/spread.js lib/helpers/throttle.js lib/helpers/toFormData.js lib/helpers/toURLEncodedForm.js lib/helpers/validator.js lib/platform/index.js on v20.9.0
2023-11-20T02:19:25.4066410Z Setting --openssl-legacy-provider as ssl hotfix
2023-11-20T02:19:25.4067196Z 
2023-11-20T02:19:26.3446091Z 
2023-11-20T02:19:26.3447006Z > axios@1.6.0 test:mocha
2023-11-20T02:19:26.3448383Z > node bin/ssl_hotfix.js mocha test/unit/**/*.js --timeout 30000 --exit
2023-11-20T02:19:26.3448972Z 
2023-11-20T02:19:26.3786568Z Running mocha test/unit/adapters/adapters.js test/unit/adapters/http.js test/unit/core/AxiosHeaders.js test/unit/defaults/transformReponse.js test/unit/helpers/fromDataURI.js test/unit/helpers/parseProtocol.js test/unit/regression/SNYK-JS-AXIOS-1038255.js test/unit/regression/bugs.js test/unit/utils/utils.js --timeout 30000 --exit on v20.9.0
2023-11-20T02:19:26.3789454Z 
2023-11-20T02:19:26.3790123Z Setting --openssl-legacy-provider as ssl hotfix
2023-11-20T02:19:26.7232236Z 
2023-11-20T02:19:26.7236944Z 
2023-11-20T02:19:26.7241330Z   adapters
2023-11-20T02:19:26.7252142Z     ✔ should support loading by fn handle
2023-11-20T02:19:26.7254699Z     ✔ should support loading by name
2023-11-20T02:19:26.7262167Z     ✔ should detect adapter unavailable status
2023-11-20T02:19:26.7264696Z     ✔ should detect adapter unsupported status
2023-11-20T02:19:26.7268085Z     ✔ should pick suitable adapter from the list
2023-11-20T02:19:26.7269314Z 
2023-11-20T02:19:26.7273437Z   supports http with nodejs
2023-11-20T02:19:27.0405128Z     ✔ should throw an error if the timeout property is not parsable as a number (313ms)
2023-11-20T02:19:27.3439435Z     ✔ should parse the timeout property (301ms)
2023-11-20T02:19:27.6454050Z     ✔ should respect the timeout property (301ms)
2023-11-20T02:19:27.9466214Z     ✔ should respect the timeoutErrorMessage property (301ms)
2023-11-20T02:19:27.9519163Z     ✔ should allow passing JSON
2023-11-20T02:19:27.9543197Z     ✔ should allow passing JSON with BOM
2023-11-20T02:19:27.9585191Z     ✔ should redirect
2023-11-20T02:19:27.9607413Z     ✔ should not redirect
2023-11-20T02:19:27.9668347Z     ✔ should support max redirects
2023-11-20T02:19:27.9689561Z     ✔ should support beforeRedirect
2023-11-20T02:19:27.9822821Z     ✔ should support beforeRedirect and proxy with redirect
2023-11-20T02:19:27.9851973Z     ✔ should preserve the HTTP verb on redirect
2023-11-20T02:19:27.9898128Z     ✔ should support UTF8
2023-11-20T02:19:27.9919109Z     ✔ should support basic auth
2023-11-20T02:19:27.9937506Z     ✔ should support basic auth with a header
2023-11-20T02:19:27.9959636Z     ✔ should provides a default User-Agent header
2023-11-20T02:19:27.9976179Z     ✔ should allow the User-Agent header to be overridden
2023-11-20T02:19:27.9994488Z     ✔ should allow the Content-Length header to be overridden
2023-11-20T02:19:28.0017459Z     ✔ should support max content length
2023-11-20T02:19:28.1040109Z     ✔ should support max content length for redirected (102ms)
2023-11-20T02:19:28.2063041Z     ✔ should support max body length (102ms)
2023-11-20T02:19:28.5503468Z     ✔ should properly support default max body length (follow-redirects as well) (343ms)
2023-11-20T02:19:28.5520374Z     ✔ should display error while parsing params
2023-11-20T02:19:28.5543209Z     ✔ should support sockets
2023-11-20T02:19:28.5564746Z     ✔ should support buffers
2023-11-20T02:19:28.5590824Z     ✔ should support HTTP proxies
2023-11-20T02:19:28.5924618Z     ✔ should support HTTPS proxies
2023-11-20T02:19:28.5943756Z     ✔ should not pass through disabled proxy
2023-11-20T02:19:28.5968400Z     ✔ should support proxy set via env var
2023-11-20T02:19:28.6065769Z     ✔ should support HTTPS proxy set via env var
2023-11-20T02:19:28.6093707Z     ✔ should re-evaluate proxy on redirect when proxy set via env var
2023-11-20T02:19:28.6109446Z     ✔ should not use proxy for domains in no_proxy
2023-11-20T02:19:28.6129819Z     ✔ should use proxy for domains not in no_proxy
2023-11-20T02:19:28.6153400Z     ✔ should support HTTP proxy auth
2023-11-20T02:19:28.6175131Z     ✔ should support proxy auth from env
2023-11-20T02:19:28.6197053Z     ✔ should support proxy auth with header
2023-11-20T02:19:28.6212717Z     ✔ should support cancel
2023-11-20T02:19:28.6230811Z     ✔ should combine baseURL and url
2023-11-20T02:19:29.6258766Z     ✔ should support HTTP protocol (1002ms)
2023-11-20T02:19:29.7048957Z     ✔ should support HTTPS protocol (78ms)
2023-11-20T02:19:30.0060601Z     ✔ should return malformed URL (301ms)
2023-11-20T02:19:30.3071177Z     ✔ should return unsupported protocol (300ms)
2023-11-20T02:19:30.3088989Z     ✔ should supply a user-agent if one is not specified
2023-11-20T02:19:30.3105619Z     ✔ should omit a user-agent if one is explicitly disclaimed
2023-11-20T02:19:30.5119548Z     ✔ should throw an error if http server that aborts a chunked request (201ms)
2023-11-20T02:19:30.5142110Z     ✔ should able to cancel multiple requests with CancelToken
2023-11-20T02:19:30.5182597Z     ✔ should respect formSerializer config
2023-11-20T02:19:30.5188818Z     ✔ should properly handle synchronous errors inside the adapter
2023-11-20T02:19:30.5202398Z     ✔ should support function as paramsSerializer value
2023-11-20T02:19:30.5206474Z     compression
2023-11-20T02:19:30.5227882Z       ✔ should support transparent gunzip
2023-11-20T02:19:30.5246131Z       ✔ should support gunzip error handling
2023-11-20T02:19:30.5264076Z       ✔ should support disabling automatic decompression of response data
2023-11-20T02:19:30.5267756Z       algorithms
2023-11-20T02:19:30.5268476Z         gzip decompression
2023-11-20T02:19:30.5287129Z           ✔ should support decompression
2023-11-20T02:19:30.5308280Z           ✔ should not fail if response content-length header is missing (gzip)
2023-11-20T02:19:30.5325080Z           ✔ should not fail with chunked responses (without Content-Length header)
2023-11-20T02:19:30.5339696Z           ✔ should not fail with an empty response without content-length header (Z_BUF_ERROR)
2023-11-20T02:19:30.5353528Z           ✔ should not fail with an empty response with content-length header (Z_BUF_ERROR)
2023-11-20T02:19:30.5356092Z         GZIP decompression
2023-11-20T02:19:30.5368091Z           ✔ should support decompression
2023-11-20T02:19:30.5383880Z           ✔ should not fail if response content-length header is missing (GZIP)
2023-11-20T02:19:30.5398120Z           ✔ should not fail with chunked responses (without Content-Length header)
2023-11-20T02:19:30.5411764Z           ✔ should not fail with an empty response without content-length header (Z_BUF_ERROR)
2023-11-20T02:19:30.5425845Z           ✔ should not fail with an empty response with content-length header (Z_BUF_ERROR)
2023-11-20T02:19:30.5428613Z         compress decompression
2023-11-20T02:19:30.5442439Z           ✔ should support decompression
2023-11-20T02:19:30.5457681Z           ✔ should not fail if response content-length header is missing (compress)
2023-11-20T02:19:30.5472562Z           ✔ should not fail with chunked responses (without Content-Length header)
2023-11-20T02:19:30.5485825Z           ✔ should not fail with an empty response without content-length header (Z_BUF_ERROR)
2023-11-20T02:19:30.5499730Z           ✔ should not fail with an empty response with content-length header (Z_BUF_ERROR)
2023-11-20T02:19:30.5502522Z         deflate decompression
2023-11-20T02:19:30.5517496Z           ✔ should support decompression
2023-11-20T02:19:30.5532113Z           ✔ should not fail if response content-length header is missing (deflate)
2023-11-20T02:19:30.5548072Z           ✔ should not fail with chunked responses (without Content-Length header)
2023-11-20T02:19:30.5562053Z           ✔ should not fail with an empty response without content-length header (Z_BUF_ERROR)
2023-11-20T02:19:30.5576534Z           ✔ should not fail with an empty response with content-length header (Z_BUF_ERROR)
2023-11-20T02:19:30.5579751Z         deflate-raw decompression
2023-11-20T02:19:30.5593024Z           ✔ should support decompression
2023-11-20T02:19:30.5608059Z           ✔ should not fail if response content-length header is missing (deflate)
2023-11-20T02:19:30.5623975Z           ✔ should not fail with chunked responses (without Content-Length header)
2023-11-20T02:19:30.5637672Z           ✔ should not fail with an empty response without content-length header (Z_BUF_ERROR)
2023-11-20T02:19:30.5653087Z           ✔ should not fail with an empty response with content-length header (Z_BUF_ERROR)
2023-11-20T02:19:30.5654722Z         br decompression
2023-11-20T02:19:30.5672876Z           ✔ should support decompression
2023-11-20T02:19:30.5689801Z           ✔ should not fail if response content-length header is missing (br)
2023-11-20T02:19:30.5706699Z           ✔ should not fail with chunked responses (without Content-Length header)
2023-11-20T02:19:30.5720175Z           ✔ should not fail with an empty response without content-length header (Z_BUF_ERROR)
2023-11-20T02:19:30.5733807Z           ✔ should not fail with an empty response with content-length header (Z_BUF_ERROR)
2023-11-20T02:19:30.5736683Z     streams
2023-11-20T02:19:30.5768703Z       ✔ should support streams
2023-11-20T02:19:30.5780339Z       ✔ should pass errors for a failed stream
2023-11-20T02:19:31.5829036Z pipeline error: CanceledError: Request stream has been aborted
2023-11-20T02:19:31.5830636Z       ✔ should destroy the response stream with an error on request stream destroying (1004ms)
2023-11-20T02:19:31.5833142Z Server warning: Premature close
2023-11-20T02:19:31.5836221Z     different options for direct proxy configuration (without env variables)
2023-11-20T02:19:31.5837922Z       ✔ hostname and trailing colon in protocol
2023-11-20T02:19:31.5839745Z       ✔ hostname and no trailing colon in protocol
2023-11-20T02:19:31.5841333Z       ✔ both hostname and host -> hostname takes precedence
2023-11-20T02:19:31.5844303Z       ✔ only host and https protocol
2023-11-20T02:19:31.5845564Z     FormData
2023-11-20T02:19:31.5846709Z       form-data instance (https://www.npmjs.com/package/form-data)
2023-11-20T02:19:31.5925819Z         ✔ should allow passing FormData
2023-11-20T02:19:31.5928826Z       SpecCompliant FormData
2023-11-20T02:19:31.5990802Z         ✔ should allow passing FormData
2023-11-20T02:19:31.5993481Z       toFormData helper
2023-11-20T02:19:31.6205918Z         ✔ should properly serialize nested objects for parsing with multer.js (express.js)
2023-11-20T02:19:31.6210128Z     Blob
2023-11-20T02:19:31.6230343Z       ✔ should support Blob
2023-11-20T02:19:31.6233099Z     URLEncoded Form
2023-11-20T02:19:31.6333856Z       ✔ should post object data as url-encoded form if content-type is application/x-www-form-urlencoded
2023-11-20T02:19:31.6336040Z     Data URL
2023-11-20T02:19:31.6343423Z       ✔ should support requesting data URL as a Buffer
2023-11-20T02:19:31.6350280Z       ✔ should support requesting data URL as a Blob (if supported by the environment)
2023-11-20T02:19:31.6353990Z       ✔ should support requesting data URL as a String (text)
2023-11-20T02:19:31.6358622Z       ✔ should support requesting data URL as a Stream
2023-11-20T02:19:31.6359821Z     progress
2023-11-20T02:19:31.6360378Z       upload
2023-11-20T02:19:42.6456068Z         ✔ should support upload progress capturing (11009ms)
2023-11-20T02:19:42.6460175Z       download
2023-11-20T02:19:53.6601079Z         ✔ should support download progress capturing (11013ms)
2023-11-20T02:19:53.6604237Z     Rate limit
2023-11-20T02:20:03.1699538Z       ✔ should support upload rate limit (9509ms)
2023-11-20T02:20:12.6832509Z       ✔ should support download rate limit (9512ms)
2023-11-20T02:20:12.6833500Z     request aborting
2023-11-20T02:20:13.2909796Z pipeline error: CanceledError: canceled
2023-11-20T02:20:13.2911442Z       ✔ should be able to abort the response stream (607ms)
2023-11-20T02:20:13.2915725Z Server warning: Premature close
2023-11-20T02:20:13.2917965Z     DNS
2023-11-20T02:20:13.2936248Z       ✔ should support a custom DNS lookup function
2023-11-20T02:20:13.2951360Z       ✔ should support a custom DNS lookup function with address entry passing
2023-11-20T02:20:13.2965453Z       ✔ should support a custom DNS lookup function (async)
2023-11-20T02:20:13.3067865Z       ✔ should support a custom DNS lookup function with address entry (async)
2023-11-20T02:20:13.3085725Z       ✔ should support a custom DNS lookup function that returns only IP address (async)
2023-11-20T02:20:13.3087986Z 
2023-11-20T02:20:13.3089099Z   AxiosHeaders
2023-11-20T02:20:13.3090989Z     ✔ should support headers argument
2023-11-20T02:20:13.3092808Z     ✔ should support uppercase name mapping for names overlapped by class methods
2023-11-20T02:20:13.3094137Z     ✔ should be caseless
2023-11-20T02:20:13.3095128Z     set
2023-11-20T02:20:13.3096697Z       ✔ should support adding a single header
2023-11-20T02:20:13.3098607Z       ✔ should support adding multiple headers
2023-11-20T02:20:13.3102052Z       ✔ should support adding multiple headers from raw headers string
2023-11-20T02:20:13.3103553Z       ✔ should not rewrite header the header if the value is false
2023-11-20T02:20:13.3105295Z       ✔ should not rewrite the header if its value is false, unless rewrite options is set to true
2023-11-20T02:20:13.3106640Z     get
2023-11-20T02:20:13.3107198Z       filter
2023-11-20T02:20:13.3108049Z         ✔ should support RegExp
2023-11-20T02:20:13.3110582Z         ✔ should support function
2023-11-20T02:20:13.3111308Z     has
2023-11-20T02:20:13.3112952Z       ✔ should return true if the header is defined, otherwise false
2023-11-20T02:20:13.3114133Z       filter
2023-11-20T02:20:13.3115777Z         ✔ should support RegExp
2023-11-20T02:20:13.3118524Z         ✔ should support function
2023-11-20T02:20:13.3121314Z         ✔ should support string pattern
2023-11-20T02:20:13.3122135Z     delete
2023-11-20T02:20:13.3123471Z       ✔ should delete the header
2023-11-20T02:20:13.3125385Z       ✔ should return true if the header has been deleted, otherwise false
2023-11-20T02:20:13.3126963Z       ✔ should support headers array
2023-11-20T02:20:13.3127721Z       filter
2023-11-20T02:20:13.3129406Z         ✔ should support RegExp
2023-11-20T02:20:13.3131834Z         ✔ should support function
2023-11-20T02:20:13.3133482Z         ✔ should support string pattern
2023-11-20T02:20:13.3134878Z     clear
2023-11-20T02:20:13.3136420Z       ✔ should clear all headers
2023-11-20T02:20:13.3140095Z       ✔ should clear matching headers if a matcher was specified
2023-11-20T02:20:13.3141249Z     toJSON
2023-11-20T02:20:13.3142249Z       ✔ should return headers object with original headers case
2023-11-20T02:20:13.3143216Z     accessors
2023-11-20T02:20:13.3146436Z       ✔ should support get accessor
2023-11-20T02:20:13.3148108Z       ✔ should support set accessor
2023-11-20T02:20:13.3150080Z       ✔ should support has accessor
2023-11-20T02:20:13.3150911Z     normalize()
2023-11-20T02:20:13.3153823Z       ✔ should support auto-formatting
2023-11-20T02:20:13.3155829Z       ✔ should support external defined values
2023-11-20T02:20:13.3157647Z       ✔ should support array values
2023-11-20T02:20:13.3158470Z     AxiosHeaders.concat
2023-11-20T02:20:13.3161124Z       ✔ should concatenate plain headers into an AxiosHeader instance
2023-11-20T02:20:13.3162936Z       ✔ should concatenate raw headers into an AxiosHeader instance
2023-11-20T02:20:13.3165309Z       ✔ should concatenate Axios headers into a new AxiosHeader instance
2023-11-20T02:20:13.3166564Z     toString
2023-11-20T02:20:13.3168211Z       ✔ should serialize AxiosHeader instance to a raw headers string
2023-11-20T02:20:13.3169068Z 
2023-11-20T02:20:13.3169325Z   transformResponse
2023-11-20T02:20:13.3170150Z     200 request
2023-11-20T02:20:13.3171257Z       ✔ parses json
2023-11-20T02:20:13.3173453Z       ✔ ignores XML
2023-11-20T02:20:13.3174312Z     204 request
2023-11-20T02:20:13.3175770Z       ✔ does not parse the empty string
2023-11-20T02:20:13.3177388Z       ✔ does not parse undefined
2023-11-20T02:20:13.3178405Z 
2023-11-20T02:20:13.3178673Z   helpers::fromDataURI
2023-11-20T02:20:13.3183745Z     ✔ should return buffer from data uri
2023-11-20T02:20:13.3184313Z 
2023-11-20T02:20:13.3184626Z   helpers::parseProtocol
2023-11-20T02:20:13.3187230Z     ✔ should parse protocol part if it exists
2023-11-20T02:20:13.3187891Z 
2023-11-20T02:20:13.3188349Z   Server-Side Request Forgery (SSRF)
2023-11-20T02:20:13.3216866Z     ✔ obeys proxy settings when following redirects
2023-11-20T02:20:13.3219974Z 
2023-11-20T02:20:13.3220374Z   issues
2023-11-20T02:20:13.3220961Z     4999
2023-11-20T02:20:13.4632421Z       ✔ should not fail with query parsing (140ms)
2023-11-20T02:20:13.4634020Z     5028
2023-11-20T02:20:13.4653449Z       ✔ should handle set-cookie headers as an array
2023-11-20T02:20:13.4654544Z 
2023-11-20T02:20:13.4655319Z   utils
2023-11-20T02:20:13.4657177Z     ✔ should validate Stream
2023-11-20T02:20:13.4658599Z     ✔ should validate Buffer
2023-11-20T02:20:13.4659504Z     utils::isFormData
2023-11-20T02:20:13.4662507Z       ✔ should detect the FormData instance provided by the `form-data` package
2023-11-20T02:20:13.4664123Z       ✔ should not call toString method on built-in objects instances
2023-11-20T02:20:13.4666212Z       ✔ should not call toString method on built-in objects instances, even if append method exists
2023-11-20T02:20:13.4668292Z       ✔ should detect custom FormData instances by toStringTag signature and append method presence
2023-11-20T02:20:13.4669635Z     toJSON
2023-11-20T02:20:13.4672534Z       ✔ should convert to a plain object without circular references
2023-11-20T02:20:13.4674617Z       ✔ should use objects with defined toJSON method without rebuilding
2023-11-20T02:20:13.4675493Z 
2023-11-20T02:20:13.4676964Z 
2023-11-20T02:20:13.4678538Z   163 passing (47s)
2023-11-20T02:20:13.4679130Z 
2023-11-20T02:20:13.7107076Z 
2023-11-20T02:20:13.7107879Z > axios@1.6.0 test:karma
2023-11-20T02:20:13.7109880Z > node bin/ssl_hotfix.js cross-env LISTEN_ADDR=:: karma start karma.conf.cjs --single-run
2023-11-20T02:20:13.7144985Z 
2023-11-20T02:20:13.7442375Z Running cross-env LISTEN_ADDR=:: karma start karma.conf.cjs --single-run on v20.9.0
2023-11-20T02:20:13.7443695Z 
2023-11-20T02:20:13.7447207Z Setting --openssl-legacy-provider as ssl hotfix
2023-11-20T02:20:14.0199335Z Running ci on GitHub Actions.
2023-11-20T02:20:14.3195367Z (node:2272) MaxListenersExceededWarning: Possible EventEmitter memory leak detected. 11 beforeExit listeners added to [process]. Use emitter.setMaxListeners() to increase limit
2023-11-20T02:20:14.3198928Z (Use `node --trace-warnings ...` to show where the warning was created)
2023-11-20T02:20:14.3882102Z [32m20 11 2023 02:20:14.386:INFO [preprocessor.rollup]: [39mGenerating bundle for ./test/specs/adapter.spec.js
2023-11-20T02:20:14.4098868Z [32m20 11 2023 02:20:14.409:INFO [preprocessor.rollup]: [39mGenerating bundle for ./test/specs/api.spec.js
2023-11-20T02:20:14.4316717Z [32m20 11 2023 02:20:14.431:INFO [preprocessor.rollup]: [39mGenerating bundle for ./test/specs/formdata.spec.js
2023-11-20T02:20:14.4493130Z [32m20 11 2023 02:20:14.449:INFO [preprocessor.rollup]: [39mGenerating bundle for ./test/specs/instance.spec.js
2023-11-20T02:20:14.4826573Z [32m20 11 2023 02:20:14.482:INFO [preprocessor.rollup]: [39mGenerating bundle for ./test/specs/interceptors.spec.js
2023-11-20T02:20:14.5050013Z [32m20 11 2023 02:20:14.504:INFO [preprocessor.rollup]: [39mGenerating bundle for ./test/specs/progress.spec.js
2023-11-20T02:20:14.5082335Z [32m20 11 2023 02:20:14.507:INFO [preprocessor.rollup]: [39mGenerating bundle for ./test/specs/promise.spec.js
2023-11-20T02:20:14.5328719Z [32m20 11 2023 02:20:14.532:INFO [preprocessor.rollup]: [39mGenerating bundle for ./test/specs/requests.spec.js
2023-11-20T02:20:14.5451864Z [32m20 11 2023 02:20:14.544:INFO [preprocessor.rollup]: [39mGenerating bundle for ./test/specs/core/enhanceError.spec.js
2023-11-20T02:20:14.5455821Z Generated an empty chunk: "enhanceError.spec"
2023-11-20T02:20:14.7034029Z [32m20 11 2023 02:20:14.702:INFO [preprocessor.rollup]: [39mGenerating bundle for ./test/specs/helpers/bind.spec.js
2023-11-20T02:20:14.7108171Z [32m20 11 2023 02:20:14.710:INFO [preprocessor.rollup]: [39mGenerating bundle for ./test/specs/helpers/combineURLs.spec.js
2023-11-20T02:20:14.7149201Z [32m20 11 2023 02:20:14.714:INFO [preprocessor.rollup]: [39mGenerating bundle for ./test/specs/helpers/isAbsoluteURL.spec.js
2023-11-20T02:20:14.7197231Z [32m20 11 2023 02:20:14.719:INFO [preprocessor.rollup]: [39mGenerating bundle for ./test/specs/helpers/spread.spec.js
2023-11-20T02:20:14.7259188Z preferring built-in module 'assert' over local alternative at '/home/runner/work/axios-microprint-example/axios-microprint-example/node_modules/assert/assert.js', pass 'preferBuiltins: false' to disable this behavior or 'preferBuiltins: true' to disable this warning
2023-11-20T02:20:14.7688954Z [32m20 11 2023 02:20:14.768:INFO [preprocessor.rollup]: [39mGenerating bundle for ./test/specs/cancel.spec.js
2023-11-20T02:20:14.9465551Z [32m20 11 2023 02:20:14.946:INFO [preprocessor.rollup]: [39mGenerating bundle for ./test/specs/utils/extend.spec.js
2023-11-20T02:20:14.9700507Z [32m20 11 2023 02:20:14.969:INFO [preprocessor.rollup]: [39mGenerating bundle for ./test/specs/utils/isX.spec.js
2023-11-20T02:20:14.9820673Z [32m20 11 2023 02:20:14.981:INFO [preprocessor.rollup]: [39mGenerating bundle for ./test/specs/utils/forEach.spec.js
2023-11-20T02:20:14.9988172Z [32m20 11 2023 02:20:14.998:INFO [preprocessor.rollup]: [39mGenerating bundle for ./test/specs/utils/trim.spec.js
2023-11-20T02:20:15.0127617Z [32m20 11 2023 02:20:15.012:INFO [preprocessor.rollup]: [39mGenerating bundle for ./test/specs/utils/merge.spec.js
2023-11-20T02:20:15.0198277Z [32m20 11 2023 02:20:15.019:INFO [preprocessor.rollup]: [39mGenerating bundle for ./test/specs/core/buildFullPath.spec.js
2023-11-20T02:20:15.1552741Z preferring built-in module 'assert' over local alternative at '/home/runner/work/axios-microprint-example/axios-microprint-example/node_modules/assert/assert.js', pass 'preferBuiltins: false' to disable this behavior or 'preferBuiltins: true' to disable this warning
2023-11-20T02:20:15.1556792Z 'assert' is imported by test/specs/headers.spec.js, but could not be resolved – treating it as an external dependency
2023-11-20T02:20:15.1589377Z "default" is imported from external module "assert" but never used in "test/specs/headers.spec.js".
2023-11-20T02:20:15.1592791Z [32m20 11 2023 02:20:15.158:INFO [preprocessor.rollup]: [39mGenerating bundle for ./test/specs/headers.spec.js
2023-11-20T02:20:15.1604300Z Creating a browser bundle that depends on Node.js built-in modules ("assert"). You might need to include https://github.com/snowpackjs/rollup-plugin-polyfill-node
2023-11-20T02:20:15.1972606Z [32m20 11 2023 02:20:15.196:INFO [preprocessor.rollup]: [39mGenerating bundle for ./test/specs/options.spec.js
2023-11-20T02:20:15.2164314Z [32m20 11 2023 02:20:15.216:INFO [preprocessor.rollup]: [39mGenerating bundle for ./test/specs/transform.spec.js
2023-11-20T02:20:15.2350847Z [32m20 11 2023 02:20:15.234:INFO [preprocessor.rollup]: [39mGenerating bundle for ./test/specs/core/AxiosError.spec.js
2023-11-20T02:20:15.2485762Z [32m20 11 2023 02:20:15.248:INFO [preprocessor.rollup]: [39mGenerating bundle for ./test/specs/helpers/isAxiosError.spec.js
2023-11-20T02:20:15.2588649Z [32m20 11 2023 02:20:15.258:INFO [preprocessor.rollup]: [39mGenerating bundle for ./test/specs/cancel/CanceledError.spec.js
2023-11-20T02:20:15.2760415Z [32m20 11 2023 02:20:15.275:INFO [preprocessor.rollup]: [39mGenerating bundle for ./test/specs/cancel/CancelToken.spec.js
2023-11-20T02:20:15.2891111Z [32m20 11 2023 02:20:15.288:INFO [preprocessor.rollup]: [39mGenerating bundle for ./test/specs/cancel/isCancel.spec.js
2023-11-20T02:20:15.3016664Z [32m20 11 2023 02:20:15.301:INFO [preprocessor.rollup]: [39mGenerating bundle for ./test/specs/helpers/formDataToJSON.spec.js
2023-11-20T02:20:15.3159917Z [32m20 11 2023 02:20:15.315:INFO [preprocessor.rollup]: [39mGenerating bundle for ./test/specs/helpers/parseHeaders.spec.js
2023-11-20T02:20:15.3310357Z [32m20 11 2023 02:20:15.330:INFO [preprocessor.rollup]: [39mGenerating bundle for ./test/specs/helpers/toFormData.spec.js
2023-11-20T02:20:15.4326655Z [32m20 11 2023 02:20:15.432:INFO [preprocessor.rollup]: [39mGenerating bundle for ./test/specs/core/settle.spec.js
2023-11-20T02:20:15.4487930Z [32m20 11 2023 02:20:15.448:INFO [preprocessor.rollup]: [39mGenerating bundle for ./test/specs/helpers/validator.spec.js
2023-11-20T02:20:15.5019849Z [32m20 11 2023 02:20:15.501:INFO [preprocessor.rollup]: [39mGenerating bundle for ./test/specs/helpers/buildURL.spec.js
2023-11-20T02:20:15.5529369Z [32m20 11 2023 02:20:15.552:INFO [preprocessor.rollup]: [39mGenerating bundle for ./test/specs/core/mergeConfig.spec.js
2023-11-20T02:20:15.6009121Z [32m20 11 2023 02:20:15.600:INFO [preprocessor.rollup]: [39mGenerating bundle for ./test/specs/defaults.spec.js
2023-11-20T02:20:15.6452668Z [32m20 11 2023 02:20:15.644:INFO [preprocessor.rollup]: [39mGenerating bundle for ./test/specs/basicAuth.spec.js
2023-11-20T02:20:15.6898819Z [32m20 11 2023 02:20:15.689:INFO [preprocessor.rollup]: [39mGenerating bundle for ./test/specs/__helpers.js
2023-11-20T02:20:15.7470789Z [32m20 11 2023 02:20:15.746:INFO [preprocessor.rollup]: [39mGenerating bundle for ./test/specs/core/transformData.spec.js
2023-11-20T02:20:15.7755342Z [32m20 11 2023 02:20:15.775:INFO [preprocessor.rollup]: [39mGenerating bundle for ./test/specs/helpers/isURLSameOrigin.spec.js
2023-11-20T02:20:15.7945274Z [32m20 11 2023 02:20:15.794:INFO [preprocessor.rollup]: [39mGenerating bundle for ./test/specs/xsrf.spec.js
2023-11-20T02:20:15.8140022Z [32m20 11 2023 02:20:15.813:INFO [preprocessor.rollup]: [39mGenerating bundle for ./test/specs/helpers/cookies.spec.js
2023-11-20T02:20:15.8261274Z [32m20 11 2023 02:20:15.825:INFO [karma-server]: [39mKarma v6.3.20 server started at http://localhost:9876/
2023-11-20T02:20:15.8263101Z [32m20 11 2023 02:20:15.826:INFO [launcher]: [39mLaunching browsers FirefoxHeadless, ChromeHeadless with concurrency unlimited
2023-11-20T02:20:15.8297187Z [32m20 11 2023 02:20:15.829:INFO [launcher]: [39mStarting browser FirefoxHeadless
2023-11-20T02:20:15.8364771Z [32m20 11 2023 02:20:15.836:INFO [launcher]: [39mStarting browser ChromeHeadless
2023-11-20T02:20:16.4336168Z [32m20 11 2023 02:20:16.433:INFO [Chrome Headless 118.0.5993.117 (Linux x86_64)]: [39mConnected on socket 7b-7zzNBKGT3wyQKAAAB with id 49190101
2023-11-20T02:20:16.5984889Z Chrome Headless 118.0.5993.117 (Linux x86_64): Executed 0 of 306 SUCCESS (0 secs / 0 secs)
2023-11-20T02:20:16.5989102Z [1A[2KChrome Headless 118.0.5993.117 (Linux x86_64): Executed 1 of 306 SUCCESS (0 secs / 0.004 secs)
2023-11-20T02:20:16.6018841Z [1A[2KChrome Headless 118.0.5993.117 (Linux x86_64): Executed 2 of 306 SUCCESS (0 secs / 0.008 secs)
2023-11-20T02:20:16.6033679Z [1A[2KChrome Headless 118.0.5993.117 (Linux x86_64): Executed 3 of 306 SUCCESS (0 secs / 0.009 secs)
2023-11-20T02:20:16.6047300Z [1A[2KChrome Headless 118.0.5993.117 (Linux x86_64): Executed 4 of 306 SUCCESS (0 secs / 0.01 secs)
2023-11-20T02:20:16.6076344Z [33m20 11 2023 02:20:16.607:WARN [web-server]: [39m404: /test
2023-11-20T02:20:16.6098827Z [1A[2KChrome Headless 118.0.5993.117 (Linux x86_64): Executed 5 of 306 SUCCESS (0 secs / 0.012 secs)
2023-11-20T02:20:16.6101515Z [1A[2KChrome Headless 118.0.5993.117 (Linux x86_64): Executed 6 of 306 SUCCESS (0 secs / 0.012 secs)
2023-11-20T02:20:16.6103748Z [1A[2KChrome Headless 118.0.5993.117 (Linux x86_64): Executed 7 of 306 SUCCESS (0 secs / 0.012 secs)
2023-11-20T02:20:16.6106229Z [1A[2KChrome Headless 118.0.5993.117 (Linux x86_64): Executed 8 of 306 SUCCESS (0 secs / 0.012 secs)
2023-11-20T02:20:16.6108077Z [1A[2KChrome Headless 118.0.5993.117 (Linux x86_64): Executed 9 of 306 SUCCESS (0 secs / 0.013 secs)
2023-11-20T02:20:16.6109493Z [1A[2KChrome Headless 118.0.5993.117 (Linux x86_64): Executed 10 of 306 SUCCESS (0 secs / 0.013 secs)
2023-11-20T02:20:16.6111985Z [1A[2KChrome Headless 118.0.5993.117 (Linux x86_64): Executed 11 of 306 SUCCESS (0 secs / 0.013 secs)
2023-11-20T02:20:16.6113973Z [1A[2KChrome Headless 118.0.5993.117 (Linux x86_64): Executed 12 of 306 SUCCESS (0 secs / 0.013 secs)
2023-11-20T02:20:16.6115847Z [1A[2KChrome Headless 118.0.5993.117 (Linux x86_64): Executed 13 of 306 SUCCESS (0 secs / 0.013 secs)
2023-11-20T02:20:16.6118157Z [1A[2KChrome Headless 118.0.5993.117 (Linux x86_64): Executed 14 of 306 SUCCESS (0 secs / 0.013 secs)
2023-11-20T02:20:16.6120059Z [1A[2KChrome Headless 118.0.5993.117 (Linux x86_64): Executed 15 of 306 SUCCESS (0 secs / 0.013 secs)
2023-11-20T02:20:16.6121907Z [1A[2KChrome Headless 118.0.5993.117 (Linux x86_64): Executed 16 of 306 SUCCESS (0 secs / 0.014 secs)
2023-11-20T02:20:16.7153614Z [1A[2KChrome Headless 118.0.5993.117 (Linux x86_64): Executed 17 of 306 SUCCESS (0 secs / 0.116 secs)
2023-11-20T02:20:16.8166247Z [1A[2KChrome Headless 118.0.5993.117 (Linux x86_64): Executed 18 of 306 SUCCESS (0 secs / 0.217 secs)
2023-11-20T02:20:16.9176207Z [1A[2KChrome Headless 118.0.5993.117 (Linux x86_64): Executed 19 of 306 SUCCESS (0 secs / 0.318 secs)
2023-11-20T02:20:16.9183518Z [1A[2KChrome Headless 118.0.5993.117 (Linux x86_64): Executed 20 of 306 SUCCESS (0 secs / 0.319 secs)
2023-11-20T02:20:16.9192793Z [1A[2KChrome Headless 118.0.5993.117 (Linux x86_64): Executed 21 of 306 SUCCESS (0 secs / 0.319 secs)
2023-11-20T02:20:16.9204967Z [1A[2KChrome Headless 118.0.5993.117 (Linux x86_64): Executed 22 of 306 SUCCESS (0 secs / 0.32 secs)
2023-11-20T02:20:16.9212834Z [1A[2KChrome Headless 118.0.5993.117 (Linux x86_64): Executed 23 of 306 SUCCESS (0 secs / 0.321 secs)
2023-11-20T02:20:16.9225825Z [1A[2KChrome Headless 118.0.5993.117 (Linux x86_64): Executed 24 of 306 SUCCESS (0 secs / 0.322 secs)
2023-11-20T02:20:16.9241789Z [1A[2KChrome Headless 118.0.5993.117 (Linux x86_64): Executed 25 of 306 SUCCESS (0 secs / 0.323 secs)
2023-11-20T02:20:16.9244451Z [1A[2KChrome Headless 118.0.5993.117 (Linux x86_64): Executed 26 of 306 SUCCESS (0 secs / 0.323 secs)
2023-11-20T02:20:16.9247757Z [1A[2KChrome Headless 118.0.5993.117 (Linux x86_64): Executed 27 of 306 SUCCESS (0 secs / 0.323 secs)
2023-11-20T02:20:16.9250338Z [1A[2KChrome Headless 118.0.5993.117 (Linux x86_64): Executed 28 of 306 SUCCESS (0 secs / 0.323 secs)
2023-11-20T02:20:16.9253817Z [1A[2KChrome Headless 118.0.5993.117 (Linux x86_64): Executed 29 of 306 SUCCESS (0 secs / 0.323 secs)
2023-11-20T02:20:16.9260493Z [1A[2KChrome Headless 118.0.5993.117 (Linux x86_64): Executed 30 of 306 SUCCESS (0 secs / 0.323 secs)
2023-11-20T02:20:16.9265680Z [1A[2KChrome Headless 118.0.5993.117 (Linux x86_64): Executed 31 of 306 SUCCESS (0 secs / 0.324 secs)
2023-11-20T02:20:16.9271990Z [1A[2KChrome Headless 118.0.5993.117 (Linux x86_64): Executed 32 of 306 SUCCESS (0 secs / 0.324 secs)
2023-11-20T02:20:16.9278079Z [1A[2KChrome Headless 118.0.5993.117 (Linux x86_64): Executed 33 of 306 SUCCESS (0 secs / 0.324 secs)
2023-11-20T02:20:16.9282773Z [1A[2KChrome Headless 118.0.5993.117 (Linux x86_64): Executed 34 of 306 SUCCESS (0 secs / 0.324 secs)
2023-11-20T02:20:16.9288861Z [1A[2KChrome Headless 118.0.5993.117 (Linux x86_64): Executed 35 of 306 SUCCESS (0 secs / 0.324 secs)
2023-11-20T02:20:16.9293333Z [1A[2KChrome Headless 118.0.5993.117 (Linux x86_64): Executed 36 of 306 SUCCESS (0 secs / 0.324 secs)
2023-11-20T02:20:16.9309542Z [1A[2KChrome Headless 118.0.5993.117 (Linux x86_64): Executed 37 of 306 SUCCESS (0 secs / 0.325 secs)
2023-11-20T02:20:16.9318083Z [1A[2KChrome Headless 118.0.5993.117 (Linux x86_64): Executed 38 of 306 SUCCESS (0 secs / 0.326 secs)
2023-11-20T02:20:16.9325619Z [1A[2KChrome Headless 118.0.5993.117 (Linux x86_64): Executed 39 of 306 SUCCESS (0 secs / 0.327 secs)
2023-11-20T02:20:16.9328991Z [1A[2KChrome Headless 118.0.5993.117 (Linux x86_64): Executed 40 of 306 SUCCESS (0 secs / 0.327 secs)
2023-11-20T02:20:16.9334530Z [1A[2KChrome Headless 118.0.5993.117 (Linux x86_64): Executed 41 of 306 SUCCESS (0 secs / 0.327 secs)
2023-11-20T02:20:16.9337773Z [1A[2KChrome Headless 118.0.5993.117 (Linux x86_64): Executed 42 of 306 SUCCESS (0 secs / 0.327 secs)
2023-11-20T02:20:16.9340609Z [1A[2KChrome Headless 118.0.5993.117 (Linux x86_64): Executed 43 of 306 SUCCESS (0 secs / 0.327 secs)
2023-11-20T02:20:16.9344273Z [1A[2KChrome Headless 118.0.5993.117 (Linux x86_64): Executed 44 of 306 SUCCESS (0 secs / 0.327 secs)
2023-11-20T02:20:16.9352666Z [1A[2KChrome Headless 118.0.5993.117 (Linux x86_64): Executed 45 of 306 SUCCESS (0 secs / 0.328 secs)
2023-11-20T02:20:16.9358627Z [1A[2KChrome Headless 118.0.5993.117 (Linux x86_64): Executed 46 of 306 SUCCESS (0 secs / 0.329 secs)
2023-11-20T02:20:16.9361083Z [1A[2KChrome Headless 118.0.5993.117 (Linux x86_64): Executed 47 of 306 SUCCESS (0 secs / 0.329 secs)
2023-11-20T02:20:16.9363058Z [1A[2KChrome Headless 118.0.5993.117 (Linux x86_64): Executed 48 of 306 SUCCESS (0 secs / 0.329 secs)
2023-11-20T02:20:16.9365167Z [1A[2KChrome Headless 118.0.5993.117 (Linux x86_64): Executed 49 of 306 SUCCESS (0 secs / 0.329 secs)
2023-11-20T02:20:16.9367832Z [1A[2KChrome Headless 118.0.5993.117 (Linux x86_64): Executed 50 of 306 SUCCESS (0 secs / 0.329 secs)
2023-11-20T02:20:16.9369983Z [1A[2KChrome Headless 118.0.5993.117 (Linux x86_64): Executed 51 of 306 SUCCESS (0 secs / 0.329 secs)
2023-11-20T02:20:16.9372683Z [1A[2KChrome Headless 118.0.5993.117 (Linux x86_64): Executed 52 of 306 SUCCESS (0 secs / 0.329 secs)
2023-11-20T02:20:16.9376176Z [1A[2KChrome Headless 118.0.5993.117 (Linux x86_64): Executed 53 of 306 SUCCESS (0 secs / 0.329 secs)
2023-11-20T02:20:16.9378447Z [1A[2KChrome Headless 118.0.5993.117 (Linux x86_64): Executed 54 of 306 SUCCESS (0 secs / 0.329 secs)
2023-11-20T02:20:16.9380642Z [1A[2KChrome Headless 118.0.5993.117 (Linux x86_64): Executed 55 of 306 SUCCESS (0 secs / 0.329 secs)
2023-11-20T02:20:16.9382598Z [1A[2KChrome Headless 118.0.5993.117 (Linux x86_64): Executed 56 of 306 SUCCESS (0 secs / 0.329 secs)
2023-11-20T02:20:16.9387209Z [1A[2KChrome Headless 118.0.5993.117 (Linux x86_64): Executed 57 of 306 SUCCESS (0 secs / 0.329 secs)
2023-11-20T02:20:16.9389180Z [1A[2KChrome Headless 118.0.5993.117 (Linux x86_64): Executed 58 of 306 SUCCESS (0 secs / 0.329 secs)
2023-11-20T02:20:16.9391264Z [1A[2KChrome Headless 118.0.5993.117 (Linux x86_64): Executed 59 of 306 SUCCESS (0 secs / 0.33 secs)
2023-11-20T02:20:16.9393513Z [1A[2KChrome Headless 118.0.5993.117 (Linux x86_64): Executed 60 of 306 SUCCESS (0 secs / 0.33 secs)
2023-11-20T02:20:16.9395665Z [1A[2KChrome Headless 118.0.5993.117 (Linux x86_64): Executed 61 of 306 SUCCESS (0 secs / 0.33 secs)
2023-11-20T02:20:16.9397661Z [1A[2KChrome Headless 118.0.5993.117 (Linux x86_64): Executed 62 of 306 SUCCESS (0 secs / 0.33 secs)
2023-11-20T02:20:16.9399538Z [1A[2KChrome Headless 118.0.5993.117 (Linux x86_64): Executed 63 of 306 SUCCESS (0 secs / 0.33 secs)
2023-11-20T02:20:16.9401412Z [1A[2KChrome Headless 118.0.5993.117 (Linux x86_64): Executed 64 of 306 SUCCESS (0 secs / 0.331 secs)
2023-11-20T02:20:16.9403417Z [1A[2KChrome Headless 118.0.5993.117 (Linux x86_64): Executed 65 of 306 SUCCESS (0 secs / 0.331 secs)
2023-11-20T02:20:16.9405278Z [1A[2KChrome Headless 118.0.5993.117 (Linux x86_64): Executed 66 of 306 SUCCESS (0 secs / 0.331 secs)
2023-11-20T02:20:16.9407115Z [1A[2KChrome Headless 118.0.5993.117 (Linux x86_64): Executed 67 of 306 SUCCESS (0 secs / 0.331 secs)
2023-11-20T02:20:16.9409119Z [1A[2KChrome Headless 118.0.5993.117 (Linux x86_64): Executed 68 of 306 SUCCESS (0 secs / 0.332 secs)
2023-11-20T02:20:16.9411668Z [1A[2KChrome Headless 118.0.5993.117 (Linux x86_64): Executed 69 of 306 SUCCESS (0 secs / 0.332 secs)
2023-11-20T02:20:16.9414532Z [1A[2KChrome Headless 118.0.5993.117 (Linux x86_64): Executed 70 of 306 SUCCESS (0 secs / 0.332 secs)
2023-11-20T02:20:16.9416583Z [1A[2KChrome Headless 118.0.5993.117 (Linux x86_64): Executed 71 of 306 SUCCESS (0 secs / 0.332 secs)
2023-11-20T02:20:16.9418800Z [1A[2KChrome Headless 118.0.5993.117 (Linux x86_64): Executed 72 of 306 SUCCESS (0 secs / 0.333 secs)
2023-11-20T02:20:16.9423171Z [1A[2KChrome Headless 118.0.5993.117 (Linux x86_64): Executed 73 of 306 SUCCESS (0 secs / 0.333 secs)
2023-11-20T02:20:16.9425173Z [1A[2KChrome Headless 118.0.5993.117 (Linux x86_64): Executed 74 of 306 SUCCESS (0 secs / 0.333 secs)
2023-11-20T02:20:16.9428005Z [1A[2KChrome Headless 118.0.5993.117 (Linux x86_64): Executed 75 of 306 SUCCESS (0 secs / 0.333 secs)
2023-11-20T02:20:16.9430691Z [1A[2KChrome Headless 118.0.5993.117 (Linux x86_64): Executed 76 of 306 SUCCESS (0 secs / 0.334 secs)
2023-11-20T02:20:16.9434515Z [1A[2KChrome Headless 118.0.5993.117 (Linux x86_64): Executed 77 of 306 SUCCESS (0 secs / 0.334 secs)
2023-11-20T02:20:16.9439011Z [1A[2KChrome Headless 118.0.5993.117 (Linux x86_64): Executed 78 of 306 SUCCESS (0 secs / 0.334 secs)
2023-11-20T02:20:16.9441093Z [1A[2KChrome Headless 118.0.5993.117 (Linux x86_64): Executed 79 of 306 SUCCESS (0 secs / 0.334 secs)
2023-11-20T02:20:16.9443010Z [1A[2KChrome Headless 118.0.5993.117 (Linux x86_64): Executed 80 of 306 SUCCESS (0 secs / 0.335 secs)
2023-11-20T02:20:16.9454659Z [1A[2KChrome Headless 118.0.5993.117 (Linux x86_64): Executed 81 of 306 SUCCESS (0 secs / 0.335 secs)
2023-11-20T02:20:16.9461211Z [1A[2KChrome Headless 118.0.5993.117 (Linux x86_64): Executed 82 of 306 SUCCESS (0 secs / 0.335 secs)
2023-11-20T02:20:16.9463376Z [1A[2KChrome Headless 118.0.5993.117 (Linux x86_64): Executed 83 of 306 SUCCESS (0 secs / 0.335 secs)
2023-11-20T02:20:16.9475620Z [1A[2KChrome Headless 118.0.5993.117 (Linux x86_64): Executed 84 of 306 SUCCESS (0 secs / 0.335 secs)
2023-11-20T02:20:16.9477972Z [1A[2KChrome Headless 118.0.5993.117 (Linux x86_64): Executed 85 of 306 SUCCESS (0 secs / 0.335 secs)
2023-11-20T02:20:16.9479905Z [1A[2KChrome Headless 118.0.5993.117 (Linux x86_64): Executed 86 of 306 SUCCESS (0 secs / 0.335 secs)
2023-11-20T02:20:16.9481808Z [1A[2KChrome Headless 118.0.5993.117 (Linux x86_64): Executed 87 of 306 SUCCESS (0 secs / 0.335 secs)
2023-11-20T02:20:16.9483859Z [1A[2KChrome Headless 118.0.5993.117 (Linux x86_64): Executed 88 of 306 SUCCESS (0 secs / 0.335 secs)
2023-11-20T02:20:16.9485726Z [1A[2KChrome Headless 118.0.5993.117 (Linux x86_64): Executed 89 of 306 SUCCESS (0 secs / 0.335 secs)
2023-11-20T02:20:16.9487620Z [1A[2KChrome Headless 118.0.5993.117 (Linux x86_64): Executed 90 of 306 SUCCESS (0 secs / 0.336 secs)
2023-11-20T02:20:16.9490062Z [1A[2KChrome Headless 118.0.5993.117 (Linux x86_64): Executed 91 of 306 SUCCESS (0 secs / 0.336 secs)
2023-11-20T02:20:16.9492506Z [1A[2KChrome Headless 118.0.5993.117 (Linux x86_64): Executed 92 of 306 SUCCESS (0 secs / 0.336 secs)
2023-11-20T02:20:16.9494804Z [1A[2KChrome Headless 118.0.5993.117 (Linux x86_64): Executed 93 of 306 SUCCESS (0 secs / 0.336 secs)
2023-11-20T02:20:16.9496935Z [1A[2KChrome Headless 118.0.5993.117 (Linux x86_64): Executed 94 of 306 SUCCESS (0 secs / 0.337 secs)
2023-11-20T02:20:16.9499356Z [1A[2KChrome Headless 118.0.5993.117 (Linux x86_64): Executed 95 of 306 SUCCESS (0 secs / 0.337 secs)
2023-11-20T02:20:16.9501668Z [1A[2KChrome Headless 118.0.5993.117 (Linux x86_64): Executed 96 of 306 SUCCESS (0 secs / 0.337 secs)
2023-11-20T02:20:16.9503843Z [1A[2KChrome Headless 118.0.5993.117 (Linux x86_64): Executed 97 of 306 SUCCESS (0 secs / 0.337 secs)
2023-11-20T02:20:16.9505989Z [1A[2KChrome Headless 118.0.5993.117 (Linux x86_64): Executed 98 of 306 SUCCESS (0 secs / 0.339 secs)
2023-11-20T02:20:16.9508281Z [1A[2KChrome Headless 118.0.5993.117 (Linux x86_64): Executed 99 of 306 SUCCESS (0 secs / 0.339 secs)
2023-11-20T02:20:16.9510451Z [1A[2KChrome Headless 118.0.5993.117 (Linux x86_64): Executed 100 of 306 SUCCESS (0 secs / 0.339 secs)
2023-11-20T02:20:16.9521424Z [1A[2KChrome Headless 118.0.5993.117 (Linux x86_64): Executed 101 of 306 SUCCESS (0 secs / 0.34 secs)
2023-11-20T02:20:16.9523371Z [1A[2KChrome Headless 118.0.5993.117 (Linux x86_64): Executed 102 of 306 SUCCESS (0 secs / 0.34 secs)
2023-11-20T02:20:16.9557077Z [1A[2KChrome Headless 118.0.5993.117 (Linux x86_64): Executed 103 of 306 SUCCESS (0 secs / 0.343 secs)
2023-11-20T02:20:16.9558671Z [1A[2KChrome Headless 118.0.5993.117 (Linux x86_64): Executed 104 of 306 SUCCESS (0 secs / 0.344 secs)
2023-11-20T02:20:16.9571813Z [1A[2KChrome Headless 118.0.5993.117 (Linux x86_64): Executed 105 of 306 SUCCESS (0 secs / 0.345 secs)
2023-11-20T02:20:16.9578242Z [1A[2KChrome Headless 118.0.5993.117 (Linux x86_64): Executed 106 of 306 SUCCESS (0 secs / 0.345 secs)
2023-11-20T02:20:16.9583913Z [1A[2KChrome Headless 118.0.5993.117 (Linux x86_64): Executed 107 of 306 SUCCESS (0 secs / 0.345 secs)
2023-11-20T02:20:16.9586685Z [1A[2KChrome Headless 118.0.5993.117 (Linux x86_64): Executed 108 of 306 SUCCESS (0 secs / 0.346 secs)
2023-11-20T02:20:16.9597005Z [1A[2KChrome Headless 118.0.5993.117 (Linux x86_64): Executed 109 of 306 SUCCESS (0 secs / 0.347 secs)
2023-11-20T02:20:16.9606761Z [1A[2KChrome Headless 118.0.5993.117 (Linux x86_64): Executed 110 of 306 SUCCESS (0 secs / 0.348 secs)
2023-11-20T02:20:16.9618405Z [1A[2KChrome Headless 118.0.5993.117 (Linux x86_64): Executed 111 of 306 SUCCESS (0 secs / 0.349 secs)
2023-11-20T02:20:16.9632419Z [1A[2KChrome Headless 118.0.5993.117 (Linux x86_64): Executed 112 of 306 SUCCESS (0 secs / 0.35 secs)
2023-11-20T02:20:16.9645822Z [1A[2KChrome Headless 118.0.5993.117 (Linux x86_64): Executed 113 of 306 SUCCESS (0 secs / 0.351 secs)
2023-11-20T02:20:16.9657207Z [1A[2KChrome Headless 118.0.5993.117 (Linux x86_64): Executed 114 of 306 SUCCESS (0 secs / 0.352 secs)
2023-11-20T02:20:16.9669975Z [1A[2KChrome Headless 118.0.5993.117 (Linux x86_64): Executed 115 of 306 SUCCESS (0 secs / 0.353 secs)
2023-11-20T02:20:16.9677828Z [1A[2KChrome Headless 118.0.5993.117 (Linux x86_64): Executed 116 of 306 SUCCESS (0 secs / 0.354 secs)
2023-11-20T02:20:16.9685944Z [1A[2KChrome Headless 118.0.5993.117 (Linux x86_64): Executed 117 of 306 SUCCESS (0 secs / 0.355 secs)
2023-11-20T02:20:17.0104849Z [1A[2KChrome Headless 118.0.5993.117 (Linux x86_64): Executed 118 of 306 SUCCESS (0 secs / 0.396 secs)
2023-11-20T02:20:17.0114047Z [1A[2KChrome Headless 118.0.5993.117 (Linux x86_64): Executed 119 of 306 SUCCESS (0 secs / 0.397 secs)
2023-11-20T02:20:17.0120103Z [1A[2KChrome Headless 118.0.5993.117 (Linux x86_64): Executed 120 of 306 SUCCESS (0 secs / 0.398 secs)
2023-11-20T02:20:17.0128157Z [1A[2KChrome Headless 118.0.5993.117 (Linux x86_64): Executed 121 of 306 SUCCESS (0 secs / 0.398 secs)
2023-11-20T02:20:17.0136953Z [1A[2KChrome Headless 118.0.5993.117 (Linux x86_64): Executed 122 of 306 SUCCESS (0 secs / 0.398 secs)
2023-11-20T02:20:17.0142192Z [1A[2KChrome Headless 118.0.5993.117 (Linux x86_64): Executed 123 of 306 SUCCESS (0 secs / 0.398 secs)
2023-11-20T02:20:17.0149328Z [1A[2KChrome Headless 118.0.5993.117 (Linux x86_64): Executed 124 of 306 SUCCESS (0 secs / 0.399 secs)
2023-11-20T02:20:17.0154541Z [1A[2KChrome Headless 118.0.5993.117 (Linux x86_64): Executed 125 of 306 SUCCESS (0 secs / 0.4 secs)
2023-11-20T02:20:17.0162471Z [1A[2KChrome Headless 118.0.5993.117 (Linux x86_64): Executed 126 of 306 SUCCESS (0 secs / 0.4 secs)
2023-11-20T02:20:17.0167080Z [1A[2KChrome Headless 118.0.5993.117 (Linux x86_64): Executed 127 of 306 SUCCESS (0 secs / 0.4 secs)
2023-11-20T02:20:17.0169546Z [1A[2KChrome Headless 118.0.5993.117 (Linux x86_64): Executed 128 of 306 SUCCESS (0 secs / 0.4 secs)
2023-11-20T02:20:17.0176791Z [1A[2KChrome Headless 118.0.5993.117 (Linux x86_64): Executed 129 of 306 SUCCESS (0 secs / 0.401 secs)
2023-11-20T02:20:17.0187393Z [1A[2KChrome Headless 118.0.5993.117 (Linux x86_64): Executed 130 of 306 SUCCESS (0 secs / 0.402 secs)
2023-11-20T02:20:17.0196113Z [1A[2KChrome Headless 118.0.5993.117 (Linux x86_64): Executed 131 of 306 SUCCESS (0 secs / 0.402 secs)
2023-11-20T02:20:17.0198933Z [1A[2KChrome Headless 118.0.5993.117 (Linux x86_64): Executed 132 of 306 SUCCESS (0 secs / 0.402 secs)
2023-11-20T02:20:17.0201066Z [1A[2KChrome Headless 118.0.5993.117 (Linux x86_64): Executed 133 of 306 SUCCESS (0 secs / 0.403 secs)
2023-11-20T02:20:17.0203242Z [1A[2KChrome Headless 118.0.5993.117 (Linux x86_64): Executed 134 of 306 SUCCESS (0 secs / 0.403 secs)
2023-11-20T02:20:17.0205591Z [1A[2KChrome Headless 118.0.5993.117 (Linux x86_64): Executed 135 of 306 SUCCESS (0 secs / 0.403 secs)
2023-11-20T02:20:17.0207797Z [1A[2KChrome Headless 118.0.5993.117 (Linux x86_64): Executed 136 of 306 SUCCESS (0 secs / 0.403 secs)
2023-11-20T02:20:17.0209938Z [1A[2KChrome Headless 118.0.5993.117 (Linux x86_64): Executed 137 of 306 SUCCESS (0 secs / 0.403 secs)
2023-11-20T02:20:17.0213722Z [1A[2KChrome Headless 118.0.5993.117 (Linux x86_64): Executed 138 of 306 SUCCESS (0 secs / 0.403 secs)
2023-11-20T02:20:17.0219791Z [1A[2KChrome Headless 118.0.5993.117 (Linux x86_64): Executed 139 of 306 SUCCESS (0 secs / 0.403 secs)
2023-11-20T02:20:17.0222258Z [1A[2KChrome Headless 118.0.5993.117 (Linux x86_64): Executed 140 of 306 SUCCESS (0 secs / 0.403 secs)
2023-11-20T02:20:17.0226185Z [1A[2KChrome Headless 118.0.5993.117 (Linux x86_64): Executed 141 of 306 SUCCESS (0 secs / 0.403 secs)
2023-11-20T02:20:17.0230039Z [1A[2KChrome Headless 118.0.5993.117 (Linux x86_64): Executed 142 of 306 SUCCESS (0 secs / 0.403 secs)
2023-11-20T02:20:17.0233170Z [1A[2KChrome Headless 118.0.5993.117 (Linux x86_64): Executed 143 of 306 SUCCESS (0 secs / 0.403 secs)
2023-11-20T02:20:17.0235559Z [1A[2KChrome Headless 118.0.5993.117 (Linux x86_64): Executed 144 of 306 SUCCESS (0 secs / 0.404 secs)
2023-11-20T02:20:17.0242464Z [1A[2KChrome Headless 118.0.5993.117 (Linux x86_64): Executed 145 of 306 SUCCESS (0 secs / 0.404 secs)
2023-11-20T02:20:17.0254012Z [1A[2KChrome Headless 118.0.5993.117 (Linux x86_64): Executed 146 of 306 SUCCESS (0 secs / 0.405 secs)
2023-11-20T02:20:17.0263018Z [1A[2KChrome Headless 118.0.5993.117 (Linux x86_64): Executed 147 of 306 SUCCESS (0 secs / 0.406 secs)
2023-11-20T02:20:17.0268273Z [1A[2KChrome Headless 118.0.5993.117 (Linux x86_64): Executed 148 of 306 SUCCESS (0 secs / 0.407 secs)
2023-11-20T02:20:17.0279649Z [1A[2KChrome Headless 118.0.5993.117 (Linux x86_64): Executed 149 of 306 SUCCESS (0 secs / 0.408 secs)
2023-11-20T02:20:17.0283326Z [1A[2KChrome Headless 118.0.5993.117 (Linux x86_64): Executed 150 of 306 SUCCESS (0 secs / 0.408 secs)
2023-11-20T02:20:17.0285408Z [1A[2KChrome Headless 118.0.5993.117 (Linux x86_64): Executed 151 of 306 SUCCESS (0 secs / 0.409 secs)
2023-11-20T02:20:17.0289894Z [1A[2KChrome Headless 118.0.5993.117 (Linux x86_64): Executed 152 of 306 SUCCESS (0 secs / 0.409 secs)
2023-11-20T02:20:17.0292179Z [1A[2KChrome Headless 118.0.5993.117 (Linux x86_64): Executed 153 of 306 SUCCESS (0 secs / 0.409 secs)
2023-11-20T02:20:17.0298459Z [1A[2KChrome Headless 118.0.5993.117 (Linux x86_64): Executed 154 of 306 SUCCESS (0 secs / 0.41 secs)
2023-11-20T02:20:17.0300928Z [1A[2KChrome Headless 118.0.5993.117 (Linux x86_64): Executed 155 of 306 SUCCESS (0 secs / 0.41 secs)
2023-11-20T02:20:17.0303853Z [1A[2KChrome Headless 118.0.5993.117 (Linux x86_64): Executed 156 of 306 SUCCESS (0 secs / 0.41 secs)
2023-11-20T02:20:17.0305750Z [1A[2KChrome Headless 118.0.5993.117 (Linux x86_64): Executed 157 of 306 SUCCESS (0 secs / 0.41 secs)
2023-11-20T02:20:17.0309293Z [1A[2KChrome Headless 118.0.5993.117 (Linux x86_64): Executed 158 of 306 SUCCESS (0 secs / 0.41 secs)
2023-11-20T02:20:17.0313306Z [1A[2KChrome Headless 118.0.5993.117 (Linux x86_64): Executed 159 of 306 SUCCESS (0 secs / 0.41 secs)
2023-11-20T02:20:17.0316185Z [1A[2KChrome Headless 118.0.5993.117 (Linux x86_64): Executed 160 of 306 SUCCESS (0 secs / 0.41 secs)
2023-11-20T02:20:17.0321317Z [1A[2KChrome Headless 118.0.5993.117 (Linux x86_64): Executed 161 of 306 SUCCESS (0 secs / 0.41 secs)
2023-11-20T02:20:17.0324241Z [1A[2KChrome Headless 118.0.5993.117 (Linux x86_64): Executed 162 of 306 SUCCESS (0 secs / 0.411 secs)
2023-11-20T02:20:17.0329188Z [1A[2KChrome Headless 118.0.5993.117 (Linux x86_64): Executed 163 of 306 SUCCESS (0 secs / 0.411 secs)
2023-11-20T02:20:17.0333578Z [1A[2KChrome Headless 118.0.5993.117 (Linux x86_64): Executed 164 of 306 SUCCESS (0 secs / 0.411 secs)
2023-11-20T02:20:17.0337621Z [1A[2KChrome Headless 118.0.5993.117 (Linux x86_64): Executed 165 of 306 SUCCESS (0 secs / 0.411 secs)
2023-11-20T02:20:17.0343118Z [1A[2KChrome Headless 118.0.5993.117 (Linux x86_64): Executed 166 of 306 SUCCESS (0 secs / 0.411 secs)
2023-11-20T02:20:17.0346055Z [1A[2KChrome Headless 118.0.5993.117 (Linux x86_64): Executed 167 of 306 SUCCESS (0 secs / 0.411 secs)
2023-11-20T02:20:17.0356395Z [1A[2KChrome Headless 118.0.5993.117 (Linux x86_64): Executed 168 of 306 SUCCESS (0 secs / 0.412 secs)
2023-11-20T02:20:17.0360096Z [1A[2KChrome Headless 118.0.5993.117 (Linux x86_64): Executed 169 of 306 SUCCESS (0 secs / 0.412 secs)
2023-11-20T02:20:17.0366028Z [1A[2KChrome Headless 118.0.5993.117 (Linux x86_64): Executed 170 of 306 SUCCESS (0 secs / 0.413 secs)
2023-11-20T02:20:17.0370239Z [1A[2KChrome Headless 118.0.5993.117 (Linux x86_64): Executed 171 of 306 SUCCESS (0 secs / 0.413 secs)
2023-11-20T02:20:17.0375520Z [1A[2KChrome Headless 118.0.5993.117 (Linux x86_64): Executed 172 of 306 SUCCESS (0 secs / 0.414 secs)
2023-11-20T02:20:17.0380083Z [1A[2KChrome Headless 118.0.5993.117 (Linux x86_64): Executed 173 of 306 SUCCESS (0 secs / 0.414 secs)
2023-11-20T02:20:17.0388017Z [1A[2KChrome Headless 118.0.5993.117 (Linux x86_64): Executed 174 of 306 SUCCESS (0 secs / 0.415 secs)
2023-11-20T02:20:17.0391457Z [1A[2KChrome Headless 118.0.5993.117 (Linux x86_64): Executed 175 of 306 SUCCESS (0 secs / 0.415 secs)
2023-11-20T02:20:17.0398985Z [1A[2KChrome Headless 118.0.5993.117 (Linux x86_64): Executed 176 of 306 SUCCESS (0 secs / 0.415 secs)
2023-11-20T02:20:17.0402818Z [1A[2KChrome Headless 118.0.5993.117 (Linux x86_64): Executed 177 of 306 SUCCESS (0 secs / 0.415 secs)
2023-11-20T02:20:17.0410030Z [1A[2KChrome Headless 118.0.5993.117 (Linux x86_64): Executed 178 of 306 SUCCESS (0 secs / 0.415 secs)
2023-11-20T02:20:17.0416719Z [1A[2KChrome Headless 118.0.5993.117 (Linux x86_64): Executed 179 of 306 SUCCESS (0 secs / 0.416 secs)
2023-11-20T02:20:17.0423228Z [1A[2KChrome Headless 118.0.5993.117 (Linux x86_64): Executed 180 of 306 SUCCESS (0 secs / 0.416 secs)
2023-11-20T02:20:17.0431095Z [1A[2KChrome Headless 118.0.5993.117 (Linux x86_64): Executed 181 of 306 SUCCESS (0 secs / 0.416 secs)
2023-11-20T02:20:17.0436534Z [1A[2KChrome Headless 118.0.5993.117 (Linux x86_64): Executed 182 of 306 SUCCESS (0 secs / 0.417 secs)
2023-11-20T02:20:17.0440266Z [1A[2KChrome Headless 118.0.5993.117 (Linux x86_64): Executed 183 of 306 SUCCESS (0 secs / 0.417 secs)
2023-11-20T02:20:17.1458352Z [1A[2KChrome Headless 118.0.5993.117 (Linux x86_64): Executed 184 of 306 SUCCESS (0 secs / 0.518 secs)
2023-11-20T02:20:17.1460455Z [1A[2KChrome Headless 118.0.5993.117 (Linux x86_64): Executed 185 of 306 SUCCESS (0 secs / 0.519 secs)
2023-11-20T02:20:17.1466197Z [1A[2KChrome Headless 118.0.5993.117 (Linux x86_64): Executed 186 of 306 SUCCESS (0 secs / 0.52 secs)
2023-11-20T02:20:17.1471168Z [1A[2KChrome Headless 118.0.5993.117 (Linux x86_64): Executed 187 of 306 SUCCESS (0 secs / 0.52 secs)
2023-11-20T02:20:17.1483725Z [1A[2KChrome Headless 118.0.5993.117 (Linux x86_64): Executed 188 of 306 SUCCESS (0 secs / 0.521 secs)
2023-11-20T02:20:17.1488717Z [1A[2KChrome Headless 118.0.5993.117 (Linux x86_64): Executed 189 of 306 SUCCESS (0 secs / 0.521 secs)
2023-11-20T02:20:17.1494137Z [1A[2KChrome Headless 118.0.5993.117 (Linux x86_64): Executed 190 of 306 SUCCESS (0 secs / 0.522 secs)
2023-11-20T02:20:17.1502276Z [1A[2KChrome Headless 118.0.5993.117 (Linux x86_64): Executed 191 of 306 SUCCESS (0 secs / 0.522 secs)
2023-11-20T02:20:17.1509244Z [1A[2KChrome Headless 118.0.5993.117 (Linux x86_64): Executed 192 of 306 SUCCESS (0 secs / 0.523 secs)
2023-11-20T02:20:17.1514307Z [1A[2KChrome Headless 118.0.5993.117 (Linux x86_64): Executed 193 of 306 SUCCESS (0 secs / 0.524 secs)
2023-11-20T02:20:17.1520901Z [1A[2KChrome Headless 118.0.5993.117 (Linux x86_64): Executed 194 of 306 SUCCESS (0 secs / 0.524 secs)
2023-11-20T02:20:17.1526158Z [1A[2KChrome Headless 118.0.5993.117 (Linux x86_64): Executed 195 of 306 SUCCESS (0 secs / 0.525 secs)
2023-11-20T02:20:17.1530896Z [1A[2KChrome Headless 118.0.5993.117 (Linux x86_64): Executed 196 of 306 SUCCESS (0 secs / 0.525 secs)
2023-11-20T02:20:17.3062148Z [1A[2KChrome Headless 118.0.5993.117 (Linux x86_64): Executed 197 of 306 SUCCESS (0 secs / 0.676 secs)
2023-11-20T02:20:17.3065089Z [1A[2KChrome Headless 118.0.5993.117 (Linux x86_64): Executed 198 of 306 SUCCESS (0 secs / 0.678 secs)
2023-11-20T02:20:17.4074535Z [1A[2KChrome Headless 118.0.5993.117 (Linux x86_64): Executed 199 of 306 SUCCESS (0 secs / 0.779 secs)
2023-11-20T02:20:17.5082581Z [1A[2KChrome Headless 118.0.5993.117 (Linux x86_64): Executed 200 of 306 SUCCESS (0 secs / 0.88 secs)
2023-11-20T02:20:17.6094090Z [1A[2KChrome Headless 118.0.5993.117 (Linux x86_64): Executed 201 of 306 SUCCESS (0 secs / 0.981 secs)
2023-11-20T02:20:17.7151705Z [32m20 11 2023 02:20:17.714:INFO [Firefox 119.0 (Ubuntu 0.0.0)]: [39mConnected on socket ifKadJNR1FbEAWUgAAAD with id 91733556
2023-11-20T02:20:17.7165903Z [1A[2KChrome Headless 118.0.5993.117 (Linux x86_64): Executed 202 of 306 SUCCESS (0 secs / 1.083 secs)
2023-11-20T02:20:17.8138491Z [1A[2KChrome Headless 118.0.5993.117 (Linux x86_64): Executed 203 of 306 SUCCESS (0 secs / 1.185 secs)
2023-11-20T02:20:17.9156768Z [1A[2KChrome Headless 118.0.5993.117 (Linux x86_64): Executed 204 of 306 SUCCESS (0 secs / 1.287 secs)
2023-11-20T02:20:18.0168030Z [1A[2KChrome Headless 118.0.5993.117 (Linux x86_64): Executed 205 of 306 SUCCESS (0 secs / 1.388 secs)
2023-11-20T02:20:18.0684841Z 
2023-11-20T02:20:18.0687593Z [1A[2K[1A[2KChrome Headless 118.0.5993.117 (Linux x86_64): Executed 205 of 306 SUCCESS (0 secs / 1.388 secs)
2023-11-20T02:20:18.0689726Z Firefox 119.0 (Ubuntu 0.0.0): Executed 0 of 306 SUCCESS (0 secs / 0 secs)
2023-11-20T02:20:18.0714395Z [1A[2K[1A[2KChrome Headless 118.0.5993.117 (Linux x86_64): Executed 205 of 306 SUCCESS (0 secs / 1.388 secs)
2023-11-20T02:20:18.0716042Z Firefox 119.0 (Ubuntu 0.0.0): Executed 1 of 306 SUCCESS (0 secs / 0.003 secs)
2023-11-20T02:20:18.0718052Z [1A[2K[1A[2KChrome Headless 118.0.5993.117 (Linux x86_64): Executed 205 of 306 SUCCESS (0 secs / 1.388 secs)
2023-11-20T02:20:18.0719494Z Firefox 119.0 (Ubuntu 0.0.0): Executed 2 of 306 SUCCESS (0 secs / 0.004 secs)
2023-11-20T02:20:18.0721491Z [1A[2K[1A[2KChrome Headless 118.0.5993.117 (Linux x86_64): Executed 205 of 306 SUCCESS (0 secs / 1.388 secs)
2023-11-20T02:20:18.0724205Z Firefox 119.0 (Ubuntu 0.0.0): Executed 3 of 306 SUCCESS (0 secs / 0.005 secs)
2023-11-20T02:20:18.0726206Z [1A[2K[1A[2KChrome Headless 118.0.5993.117 (Linux x86_64): Executed 205 of 306 SUCCESS (0 secs / 1.388 secs)
2023-11-20T02:20:18.0727869Z Firefox 119.0 (Ubuntu 0.0.0): Executed 4 of 306 SUCCESS (0 secs / 0.006 secs)
2023-11-20T02:20:18.0907561Z [1A[2K[1A[2KChrome Headless 118.0.5993.117 (Linux x86_64): Executed 205 of 306 SUCCESS (0 secs / 1.388 secs)
2023-11-20T02:20:18.0909751Z Firefox 119.0 (Ubuntu 0.0.0): Executed 5 of 306 SUCCESS (0 secs / 0.007 secs)
2023-11-20T02:20:18.0912416Z [1A[2K[1A[2KChrome Headless 118.0.5993.117 (Linux x86_64): Executed 205 of 306 SUCCESS (0 secs / 1.388 secs)
2023-11-20T02:20:18.0914511Z Firefox 119.0 (Ubuntu 0.0.0): Executed 6 of 306 SUCCESS (0 secs / 0.008 secs)
2023-11-20T02:20:18.0916406Z [1A[2K[1A[2KChrome Headless 118.0.5993.117 (Linux x86_64): Executed 205 of 306 SUCCESS (0 secs / 1.388 secs)
2023-11-20T02:20:18.0917938Z Firefox 119.0 (Ubuntu 0.0.0): Executed 7 of 306 SUCCESS (0 secs / 0.008 secs)
2023-11-20T02:20:18.0919066Z [1A[2K[1A[2KChrome Headless 118.0.5993.117 (Linux x86_64): Executed 205 of 306 SUCCESS (0 secs / 1.388 secs)
2023-11-20T02:20:18.0920532Z Firefox 119.0 (Ubuntu 0.0.0): Executed 8 of 306 SUCCESS (0 secs / 0.008 secs)
2023-11-20T02:20:18.0921962Z [1A[2K[1A[2KChrome Headless 118.0.5993.117 (Linux x86_64): Executed 205 of 306 SUCCESS (0 secs / 1.388 secs)
2023-11-20T02:20:18.0922914Z Firefox 119.0 (Ubuntu 0.0.0): Executed 9 of 306 SUCCESS (0 secs / 0.009 secs)
2023-11-20T02:20:18.0923967Z [1A[2K[1A[2KChrome Headless 118.0.5993.117 (Linux x86_64): Executed 205 of 306 SUCCESS (0 secs / 1.388 secs)
2023-11-20T02:20:18.0924973Z Firefox 119.0 (Ubuntu 0.0.0): Executed 10 of 306 SUCCESS (0 secs / 0.009 secs)
2023-11-20T02:20:18.0926026Z [1A[2K[1A[2KChrome Headless 118.0.5993.117 (Linux x86_64): Executed 205 of 306 SUCCESS (0 secs / 1.388 secs)
2023-11-20T02:20:18.0927016Z Firefox 119.0 (Ubuntu 0.0.0): Executed 11 of 306 SUCCESS (0 secs / 0.009 secs)
2023-11-20T02:20:18.0928018Z [1A[2K[1A[2KChrome Headless 118.0.5993.117 (Linux x86_64): Executed 205 of 306 SUCCESS (0 secs / 1.388 secs)
2023-11-20T02:20:18.0928952Z Firefox 119.0 (Ubuntu 0.0.0): Executed 12 of 306 SUCCESS (0 secs / 0.01 secs)
2023-11-20T02:20:18.0930050Z [1A[2K[1A[2KChrome Headless 118.0.5993.117 (Linux x86_64): Executed 205 of 306 SUCCESS (0 secs / 1.388 secs)
2023-11-20T02:20:18.0930980Z Firefox 119.0 (Ubuntu 0.0.0): Executed 13 of 306 SUCCESS (0 secs / 0.01 secs)
2023-11-20T02:20:18.0931972Z [1A[2K[1A[2KChrome Headless 118.0.5993.117 (Linux x86_64): Executed 205 of 306 SUCCESS (0 secs / 1.388 secs)
2023-11-20T02:20:18.0932961Z Firefox 119.0 (Ubuntu 0.0.0): Executed 14 of 306 SUCCESS (0 secs / 0.01 secs)
2023-11-20T02:20:18.0934015Z [1A[2K[1A[2KChrome Headless 118.0.5993.117 (Linux x86_64): Executed 205 of 306 SUCCESS (0 secs / 1.388 secs)
2023-11-20T02:20:18.0934933Z Firefox 119.0 (Ubuntu 0.0.0): Executed 15 of 306 SUCCESS (0 secs / 0.01 secs)
2023-11-20T02:20:18.0936035Z [1A[2K[1A[2KChrome Headless 118.0.5993.117 (Linux x86_64): Executed 205 of 306 SUCCESS (0 secs / 1.388 secs)
2023-11-20T02:20:18.0936910Z Firefox 119.0 (Ubuntu 0.0.0): Executed 16 of 306 SUCCESS (0 secs / 0.011 secs)
2023-11-20T02:20:18.0984844Z [33m20 11 2023 02:20:18.098:WARN [web-server]: [39m404: /test
2023-11-20T02:20:18.1178227Z [1A[2K[1A[2KChrome Headless 118.0.5993.117 (Linux x86_64): Executed 206 of 306 SUCCESS (0 secs / 1.488 secs)
2023-11-20T02:20:18.1948749Z Firefox 119.0 (Ubuntu 0.0.0): Executed 16 of 306 SUCCESS (0 secs / 0.011 secs)
2023-11-20T02:20:18.1951326Z [1A[2K[1A[2KChrome Headless 118.0.5993.117 (Linux x86_64): Executed 206 of 306 SUCCESS (0 secs / 1.488 secs)
2023-11-20T02:20:18.1953351Z Firefox 119.0 (Ubuntu 0.0.0): Executed 17 of 306 SUCCESS (0 secs / 0.112 secs)
2023-11-20T02:20:18.2189036Z [1A[2K[1A[2KChrome Headless 118.0.5993.117 (Linux x86_64): Executed 207 of 306 SUCCESS (0 secs / 1.589 secs)
2023-11-20T02:20:18.2190903Z Firefox 119.0 (Ubuntu 0.0.0): Executed 17 of 306 SUCCESS (0 secs / 0.112 secs)
2023-11-20T02:20:18.2761355Z [1A[2K[1A[2KChrome Headless 118.0.5993.117 (Linux x86_64): Executed 207 of 306 SUCCESS (0 secs / 1.589 secs)
2023-11-20T02:20:18.2763268Z Firefox 119.0 (Ubuntu 0.0.0): Executed 18 of 306 SUCCESS (0 secs / 0.213 secs)
2023-11-20T02:20:18.3200074Z [1A[2K[1A[2KChrome Headless 118.0.5993.117 (Linux x86_64): Executed 208 of 306 SUCCESS (0 secs / 1.69 secs)
2023-11-20T02:20:18.3201978Z Firefox 119.0 (Ubuntu 0.0.0): Executed 18 of 306 SUCCESS (0 secs / 0.213 secs)
2023-11-20T02:20:18.3936120Z [1A[2K[1A[2KChrome Headless 118.0.5993.117 (Linux x86_64): Executed 208 of 306 SUCCESS (0 secs / 1.69 secs)
2023-11-20T02:20:18.3938726Z Firefox 119.0 (Ubuntu 0.0.0): Executed 19 of 306 SUCCESS (0 secs / 0.315 secs)
2023-11-20T02:20:18.3941740Z [1A[2K[1A[2KChrome Headless 118.0.5993.117 (Linux x86_64): Executed 208 of 306 SUCCESS (0 secs / 1.69 secs)
2023-11-20T02:20:18.3943967Z Firefox 119.0 (Ubuntu 0.0.0): Executed 20 of 306 SUCCESS (0 secs / 0.316 secs)
2023-11-20T02:20:18.3946603Z [1A[2K[1A[2KChrome Headless 118.0.5993.117 (Linux x86_64): Executed 208 of 306 SUCCESS (0 secs / 1.69 secs)
2023-11-20T02:20:18.3954707Z Firefox 119.0 (Ubuntu 0.0.0): Executed 21 of 306 SUCCESS (0 secs / 0.316 secs)
2023-11-20T02:20:18.3957108Z [1A[2K[1A[2KChrome Headless 118.0.5993.117 (Linux x86_64): Executed 208 of 306 SUCCESS (0 secs / 1.69 secs)
2023-11-20T02:20:18.3959261Z Firefox 119.0 (Ubuntu 0.0.0): Executed 22 of 306 SUCCESS (0 secs / 0.317 secs)
2023-11-20T02:20:18.3961722Z [1A[2K[1A[2KChrome Headless 118.0.5993.117 (Linux x86_64): Executed 208 of 306 SUCCESS (0 secs / 1.69 secs)
2023-11-20T02:20:18.3963954Z Firefox 119.0 (Ubuntu 0.0.0): Executed 23 of 306 SUCCESS (0 secs / 0.318 secs)
2023-11-20T02:20:18.3966238Z [1A[2K[1A[2KChrome Headless 118.0.5993.117 (Linux x86_64): Executed 208 of 306 SUCCESS (0 secs / 1.69 secs)
2023-11-20T02:20:18.3968345Z Firefox 119.0 (Ubuntu 0.0.0): Executed 24 of 306 SUCCESS (0 secs / 0.319 secs)
2023-11-20T02:20:18.3970163Z [1A[2K[1A[2KChrome Headless 118.0.5993.117 (Linux x86_64): Executed 208 of 306 SUCCESS (0 secs / 1.69 secs)
2023-11-20T02:20:18.3971833Z Firefox 119.0 (Ubuntu 0.0.0): Executed 25 of 306 SUCCESS (0 secs / 0.319 secs)
2023-11-20T02:20:18.3973628Z [1A[2K[1A[2KChrome Headless 118.0.5993.117 (Linux x86_64): Executed 208 of 306 SUCCESS (0 secs / 1.69 secs)
2023-11-20T02:20:18.3975179Z Firefox 119.0 (Ubuntu 0.0.0): Executed 26 of 306 SUCCESS (0 secs / 0.319 secs)
2023-11-20T02:20:18.3977269Z [1A[2K[1A[2KChrome Headless 118.0.5993.117 (Linux x86_64): Executed 208 of 306 SUCCESS (0 secs / 1.69 secs)
2023-11-20T02:20:18.3979136Z Firefox 119.0 (Ubuntu 0.0.0): Executed 27 of 306 SUCCESS (0 secs / 0.32 secs)
2023-11-20T02:20:18.3980938Z [1A[2K[1A[2KChrome Headless 118.0.5993.117 (Linux x86_64): Executed 208 of 306 SUCCESS (0 secs / 1.69 secs)
2023-11-20T02:20:18.3982643Z Firefox 119.0 (Ubuntu 0.0.0): Executed 28 of 306 SUCCESS (0 secs / 0.32 secs)
2023-11-20T02:20:18.3984684Z [1A[2K[1A[2KChrome Headless 118.0.5993.117 (Linux x86_64): Executed 208 of 306 SUCCESS (0 secs / 1.69 secs)
2023-11-20T02:20:18.3986279Z Firefox 119.0 (Ubuntu 0.0.0): Executed 29 of 306 SUCCESS (0 secs / 0.32 secs)
2023-11-20T02:20:18.3988321Z [1A[2K[1A[2KChrome Headless 118.0.5993.117 (Linux x86_64): Executed 208 of 306 SUCCESS (0 secs / 1.69 secs)
2023-11-20T02:20:18.3989896Z Firefox 119.0 (Ubuntu 0.0.0): Executed 30 of 306 SUCCESS (0 secs / 0.32 secs)
2023-11-20T02:20:18.3991916Z [1A[2K[1A[2KChrome Headless 118.0.5993.117 (Linux x86_64): Executed 208 of 306 SUCCESS (0 secs / 1.69 secs)
2023-11-20T02:20:18.3993683Z Firefox 119.0 (Ubuntu 0.0.0): Executed 31 of 306 SUCCESS (0 secs / 0.321 secs)
2023-11-20T02:20:18.3995456Z [1A[2K[1A[2KChrome Headless 118.0.5993.117 (Linux x86_64): Executed 208 of 306 SUCCESS (0 secs / 1.69 secs)
2023-11-20T02:20:18.3997205Z Firefox 119.0 (Ubuntu 0.0.0): Executed 32 of 306 SUCCESS (0 secs / 0.321 secs)
2023-11-20T02:20:18.3999885Z [1A[2K[1A[2KChrome Headless 118.0.5993.117 (Linux x86_64): Executed 208 of 306 SUCCESS (0 secs / 1.69 secs)
2023-11-20T02:20:18.4001585Z Firefox 119.0 (Ubuntu 0.0.0): Executed 33 of 306 SUCCESS (0 secs / 0.321 secs)
2023-11-20T02:20:18.4003530Z [1A[2K[1A[2KChrome Headless 118.0.5993.117 (Linux x86_64): Executed 208 of 306 SUCCESS (0 secs / 1.69 secs)
2023-11-20T02:20:18.4005150Z Firefox 119.0 (Ubuntu 0.0.0): Executed 34 of 306 SUCCESS (0 secs / 0.322 secs)
2023-11-20T02:20:18.4007084Z [1A[2K[1A[2KChrome Headless 118.0.5993.117 (Linux x86_64): Executed 208 of 306 SUCCESS (0 secs / 1.69 secs)
2023-11-20T02:20:18.4018889Z Firefox 119.0 (Ubuntu 0.0.0): Executed 35 of 306 SUCCESS (0 secs / 0.322 secs)
2023-11-20T02:20:18.4020801Z [1A[2K[1A[2KChrome Headless 118.0.5993.117 (Linux x86_64): Executed 208 of 306 SUCCESS (0 secs / 1.69 secs)
2023-11-20T02:20:18.4022377Z Firefox 119.0 (Ubuntu 0.0.0): Executed 36 of 306 SUCCESS (0 secs / 0.322 secs)
2023-11-20T02:20:18.4024510Z [1A[2K[1A[2KChrome Headless 118.0.5993.117 (Linux x86_64): Executed 208 of 306 SUCCESS (0 secs / 1.69 secs)
2023-11-20T02:20:18.4026144Z Firefox 119.0 (Ubuntu 0.0.0): Executed 37 of 306 SUCCESS (0 secs / 0.322 secs)
2023-11-20T02:20:18.4029242Z [1A[2K[1A[2KChrome Headless 118.0.5993.117 (Linux x86_64): Executed 208 of 306 SUCCESS (0 secs / 1.69 secs)
2023-11-20T02:20:18.4031186Z Firefox 119.0 (Ubuntu 0.0.0): Executed 38 of 306 SUCCESS (0 secs / 0.322 secs)
2023-11-20T02:20:18.4033152Z [1A[2K[1A[2KChrome Headless 118.0.5993.117 (Linux x86_64): Executed 208 of 306 SUCCESS (0 secs / 1.69 secs)
2023-11-20T02:20:18.4037629Z Firefox 119.0 (Ubuntu 0.0.0): Executed 39 of 306 SUCCESS (0 secs / 0.322 secs)
2023-11-20T02:20:18.4039625Z [1A[2K[1A[2KChrome Headless 118.0.5993.117 (Linux x86_64): Executed 208 of 306 SUCCESS (0 secs / 1.69 secs)
2023-11-20T02:20:18.4042476Z Firefox 119.0 (Ubuntu 0.0.0): Executed 40 of 306 SUCCESS (0 secs / 0.322 secs)
2023-11-20T02:20:18.4045150Z [1A[2K[1A[2KChrome Headless 118.0.5993.117 (Linux x86_64): Executed 208 of 306 SUCCESS (0 secs / 1.69 secs)
2023-11-20T02:20:18.4046958Z Firefox 119.0 (Ubuntu 0.0.0): Executed 41 of 306 SUCCESS (0 secs / 0.322 secs)
2023-11-20T02:20:18.4048978Z [1A[2K[1A[2KChrome Headless 118.0.5993.117 (Linux x86_64): Executed 208 of 306 SUCCESS (0 secs / 1.69 secs)
2023-11-20T02:20:18.4050808Z Firefox 119.0 (Ubuntu 0.0.0): Executed 42 of 306 SUCCESS (0 secs / 0.322 secs)
2023-11-20T02:20:18.4053872Z [1A[2K[1A[2KChrome Headless 118.0.5993.117 (Linux x86_64): Executed 208 of 306 SUCCESS (0 secs / 1.69 secs)
2023-11-20T02:20:18.4055435Z Firefox 119.0 (Ubuntu 0.0.0): Executed 43 of 306 SUCCESS (0 secs / 0.322 secs)
2023-11-20T02:20:18.4056719Z [1A[2K[1A[2KChrome Headless 118.0.5993.117 (Linux x86_64): Executed 208 of 306 SUCCESS (0 secs / 1.69 secs)
2023-11-20T02:20:18.4057674Z Firefox 119.0 (Ubuntu 0.0.0): Executed 44 of 306 SUCCESS (0 secs / 0.322 secs)
2023-11-20T02:20:18.4059063Z [1A[2K[1A[2KChrome Headless 118.0.5993.117 (Linux x86_64): Executed 208 of 306 SUCCESS (0 secs / 1.69 secs)
2023-11-20T02:20:18.4060165Z Firefox 119.0 (Ubuntu 0.0.0): Executed 45 of 306 SUCCESS (0 secs / 0.322 secs)
2023-11-20T02:20:18.4061791Z [1A[2K[1A[2KChrome Headless 118.0.5993.117 (Linux x86_64): Executed 208 of 306 SUCCESS (0 secs / 1.69 secs)
2023-11-20T02:20:18.4063454Z Firefox 119.0 (Ubuntu 0.0.0): Executed 46 of 306 SUCCESS (0 secs / 0.324 secs)
2023-11-20T02:20:18.4065378Z [1A[2K[1A[2KChrome Headless 118.0.5993.117 (Linux x86_64): Executed 208 of 306 SUCCESS (0 secs / 1.69 secs)
2023-11-20T02:20:18.4066875Z Firefox 119.0 (Ubuntu 0.0.0): Executed 47 of 306 SUCCESS (0 secs / 0.325 secs)
2023-11-20T02:20:18.4068548Z [1A[2K[1A[2KChrome Headless 118.0.5993.117 (Linux x86_64): Executed 208 of 306 SUCCESS (0 secs / 1.69 secs)
2023-11-20T02:20:18.4070175Z Firefox 119.0 (Ubuntu 0.0.0): Executed 48 of 306 SUCCESS (0 secs / 0.325 secs)
2023-11-20T02:20:18.4071830Z [1A[2K[1A[2KChrome Headless 118.0.5993.117 (Linux x86_64): Executed 208 of 306 SUCCESS (0 secs / 1.69 secs)
2023-11-20T02:20:18.4073922Z Firefox 119.0 (Ubuntu 0.0.0): Executed 49 of 306 SUCCESS (0 secs / 0.325 secs)
2023-11-20T02:20:18.4075656Z [1A[2K[1A[2KChrome Headless 118.0.5993.117 (Linux x86_64): Executed 208 of 306 SUCCESS (0 secs / 1.69 secs)
2023-11-20T02:20:18.4077279Z Firefox 119.0 (Ubuntu 0.0.0): Executed 50 of 306 SUCCESS (0 secs / 0.326 secs)
2023-11-20T02:20:18.4079119Z [1A[2K[1A[2KChrome Headless 118.0.5993.117 (Linux x86_64): Executed 208 of 306 SUCCESS (0 secs / 1.69 secs)
2023-11-20T02:20:18.4080677Z Firefox 119.0 (Ubuntu 0.0.0): Executed 51 of 306 SUCCESS (0 secs / 0.327 secs)
2023-11-20T02:20:18.4082382Z [1A[2K[1A[2KChrome Headless 118.0.5993.117 (Linux x86_64): Executed 208 of 306 SUCCESS (0 secs / 1.69 secs)
2023-11-20T02:20:18.4083963Z Firefox 119.0 (Ubuntu 0.0.0): Executed 52 of 306 SUCCESS (0 secs / 0.327 secs)
2023-11-20T02:20:18.4085703Z [1A[2K[1A[2KChrome Headless 118.0.5993.117 (Linux x86_64): Executed 208 of 306 SUCCESS (0 secs / 1.69 secs)
2023-11-20T02:20:18.4087213Z Firefox 119.0 (Ubuntu 0.0.0): Executed 53 of 306 SUCCESS (0 secs / 0.328 secs)
2023-11-20T02:20:18.4088967Z [1A[2K[1A[2KChrome Headless 118.0.5993.117 (Linux x86_64): Executed 208 of 306 SUCCESS (0 secs / 1.69 secs)
2023-11-20T02:20:18.4090450Z Firefox 119.0 (Ubuntu 0.0.0): Executed 54 of 306 SUCCESS (0 secs / 0.328 secs)
2023-11-20T02:20:18.4092108Z [1A[2K[1A[2KChrome Headless 118.0.5993.117 (Linux x86_64): Executed 208 of 306 SUCCESS (0 secs / 1.69 secs)
2023-11-20T02:20:18.4093766Z Firefox 119.0 (Ubuntu 0.0.0): Executed 55 of 306 SUCCESS (0 secs / 0.328 secs)
2023-11-20T02:20:18.4209558Z [1A[2K[1A[2KChrome Headless 118.0.5993.117 (Linux x86_64): Executed 209 of 306 SUCCESS (0 secs / 1.791 secs)
2023-11-20T02:20:18.4211375Z Firefox 119.0 (Ubuntu 0.0.0): Executed 55 of 306 SUCCESS (0 secs / 0.328 secs)
2023-11-20T02:20:18.4573585Z [1A[2K[1A[2KChrome Headless 118.0.5993.117 (Linux x86_64): Executed 209 of 306 SUCCESS (0 secs / 1.791 secs)
2023-11-20T02:20:18.4575364Z Firefox 119.0 (Ubuntu 0.0.0): Executed 56 of 306 SUCCESS (0 secs / 0.329 secs)
2023-11-20T02:20:18.4577253Z [1A[2K[1A[2KChrome Headless 118.0.5993.117 (Linux x86_64): Executed 209 of 306 SUCCESS (0 secs / 1.791 secs)
2023-11-20T02:20:18.4579171Z Firefox 119.0 (Ubuntu 0.0.0): Executed 57 of 306 SUCCESS (0 secs / 0.329 secs)
2023-11-20T02:20:18.4580915Z [1A[2K[1A[2KChrome Headless 118.0.5993.117 (Linux x86_64): Executed 209 of 306 SUCCESS (0 secs / 1.791 secs)
2023-11-20T02:20:18.4582610Z Firefox 119.0 (Ubuntu 0.0.0): Executed 58 of 306 SUCCESS (0 secs / 0.329 secs)
2023-11-20T02:20:18.4654818Z [1A[2K[1A[2KChrome Headless 118.0.5993.117 (Linux x86_64): Executed 209 of 306 SUCCESS (0 secs / 1.791 secs)
2023-11-20T02:20:18.4656650Z Firefox 119.0 (Ubuntu 0.0.0): Executed 59 of 306 SUCCESS (0 secs / 0.329 secs)
2023-11-20T02:20:18.4658757Z [1A[2K[1A[2KChrome Headless 118.0.5993.117 (Linux x86_64): Executed 209 of 306 SUCCESS (0 secs / 1.791 secs)
2023-11-20T02:20:18.4660382Z Firefox 119.0 (Ubuntu 0.0.0): Executed 60 of 306 SUCCESS (0 secs / 0.329 secs)
2023-11-20T02:20:18.4662447Z [1A[2K[1A[2KChrome Headless 118.0.5993.117 (Linux x86_64): Executed 209 of 306 SUCCESS (0 secs / 1.791 secs)
2023-11-20T02:20:18.4664001Z Firefox 119.0 (Ubuntu 0.0.0): Executed 61 of 306 SUCCESS (0 secs / 0.33 secs)
2023-11-20T02:20:18.4665831Z [1A[2K[1A[2KChrome Headless 118.0.5993.117 (Linux x86_64): Executed 209 of 306 SUCCESS (0 secs / 1.791 secs)
2023-11-20T02:20:18.4667664Z Firefox 119.0 (Ubuntu 0.0.0): Executed 62 of 306 SUCCESS (0 secs / 0.33 secs)
2023-11-20T02:20:18.4669633Z [1A[2K[1A[2KChrome Headless 118.0.5993.117 (Linux x86_64): Executed 209 of 306 SUCCESS (0 secs / 1.791 secs)
2023-11-20T02:20:18.4671317Z Firefox 119.0 (Ubuntu 0.0.0): Executed 63 of 306 SUCCESS (0 secs / 0.331 secs)
2023-11-20T02:20:18.4673342Z [1A[2K[1A[2KChrome Headless 118.0.5993.117 (Linux x86_64): Executed 209 of 306 SUCCESS (0 secs / 1.791 secs)
2023-11-20T02:20:18.4675470Z Firefox 119.0 (Ubuntu 0.0.0): Executed 64 of 306 SUCCESS (0 secs / 0.331 secs)
2023-11-20T02:20:18.4677637Z [1A[2K[1A[2KChrome Headless 118.0.5993.117 (Linux x86_64): Executed 209 of 306 SUCCESS (0 secs / 1.791 secs)
2023-11-20T02:20:18.4679485Z Firefox 119.0 (Ubuntu 0.0.0): Executed 65 of 306 SUCCESS (0 secs / 0.331 secs)
2023-11-20T02:20:18.4681318Z [1A[2K[1A[2KChrome Headless 118.0.5993.117 (Linux x86_64): Executed 209 of 306 SUCCESS (0 secs / 1.791 secs)
2023-11-20T02:20:18.4682915Z Firefox 119.0 (Ubuntu 0.0.0): Executed 66 of 306 SUCCESS (0 secs / 0.331 secs)
2023-11-20T02:20:18.4684915Z [1A[2K[1A[2KChrome Headless 118.0.5993.117 (Linux x86_64): Executed 209 of 306 SUCCESS (0 secs / 1.791 secs)
2023-11-20T02:20:18.4686507Z Firefox 119.0 (Ubuntu 0.0.0): Executed 67 of 306 SUCCESS (0 secs / 0.331 secs)
2023-11-20T02:20:18.4688452Z [1A[2K[1A[2KChrome Headless 118.0.5993.117 (Linux x86_64): Executed 209 of 306 SUCCESS (0 secs / 1.791 secs)
2023-11-20T02:20:18.4690015Z Firefox 119.0 (Ubuntu 0.0.0): Executed 68 of 306 SUCCESS (0 secs / 0.331 secs)
2023-11-20T02:20:18.4691895Z [1A[2K[1A[2KChrome Headless 118.0.5993.117 (Linux x86_64): Executed 209 of 306 SUCCESS (0 secs / 1.791 secs)
2023-11-20T02:20:18.4693681Z Firefox 119.0 (Ubuntu 0.0.0): Executed 69 of 306 SUCCESS (0 secs / 0.331 secs)
2023-11-20T02:20:18.4695546Z [1A[2K[1A[2KChrome Headless 118.0.5993.117 (Linux x86_64): Executed 209 of 306 SUCCESS (0 secs / 1.791 secs)
2023-11-20T02:20:18.4697220Z Firefox 119.0 (Ubuntu 0.0.0): Executed 70 of 306 SUCCESS (0 secs / 0.331 secs)
2023-11-20T02:20:18.4700947Z [1A[2K[1A[2KChrome Headless 118.0.5993.117 (Linux x86_64): Executed 209 of 306 SUCCESS (0 secs / 1.791 secs)
2023-11-20T02:20:18.4702551Z Firefox 119.0 (Ubuntu 0.0.0): Executed 71 of 306 SUCCESS (0 secs / 0.331 secs)
2023-11-20T02:20:18.4718975Z [1A[2K[1A[2KChrome Headless 118.0.5993.117 (Linux x86_64): Executed 209 of 306 SUCCESS (0 secs / 1.791 secs)
2023-11-20T02:20:18.4720818Z Firefox 119.0 (Ubuntu 0.0.0): Executed 72 of 306 SUCCESS (0 secs / 0.331 secs)
2023-11-20T02:20:18.4722766Z [1A[2K[1A[2KChrome Headless 118.0.5993.117 (Linux x86_64): Executed 209 of 306 SUCCESS (0 secs / 1.791 secs)
2023-11-20T02:20:18.4724456Z Firefox 119.0 (Ubuntu 0.0.0): Executed 73 of 306 SUCCESS (0 secs / 0.331 secs)
2023-11-20T02:20:18.4726551Z [1A[2K[1A[2KChrome Headless 118.0.5993.117 (Linux x86_64): Executed 209 of 306 SUCCESS (0 secs / 1.791 secs)
2023-11-20T02:20:18.4728227Z Firefox 119.0 (Ubuntu 0.0.0): Executed 74 of 306 SUCCESS (0 secs / 0.331 secs)
2023-11-20T02:20:18.4730079Z [1A[2K[1A[2KChrome Headless 118.0.5993.117 (Linux x86_64): Executed 209 of 306 SUCCESS (0 secs / 1.791 secs)
2023-11-20T02:20:18.4731933Z Firefox 119.0 (Ubuntu 0.0.0): Executed 75 of 306 SUCCESS (0 secs / 0.332 secs)
2023-11-20T02:20:18.4733783Z [1A[2K[1A[2KChrome Headless 118.0.5993.117 (Linux x86_64): Executed 209 of 306 SUCCESS (0 secs / 1.791 secs)
2023-11-20T02:20:18.4735559Z Firefox 119.0 (Ubuntu 0.0.0): Executed 76 of 306 SUCCESS (0 secs / 0.332 secs)
2023-11-20T02:20:18.4737477Z [1A[2K[1A[2KChrome Headless 118.0.5993.117 (Linux x86_64): Executed 209 of 306 SUCCESS (0 secs / 1.791 secs)
2023-11-20T02:20:18.4739235Z Firefox 119.0 (Ubuntu 0.0.0): Executed 77 of 306 SUCCESS (0 secs / 0.332 secs)
2023-11-20T02:20:18.4740966Z [1A[2K[1A[2KChrome Headless 118.0.5993.117 (Linux x86_64): Executed 209 of 306 SUCCESS (0 secs / 1.791 secs)
2023-11-20T02:20:18.4742471Z Firefox 119.0 (Ubuntu 0.0.0): Executed 78 of 306 SUCCESS (0 secs / 0.332 secs)
2023-11-20T02:20:18.4744080Z [1A[2K[1A[2KChrome Headless 118.0.5993.117 (Linux x86_64): Executed 209 of 306 SUCCESS (0 secs / 1.791 secs)
2023-11-20T02:20:18.4745605Z Firefox 119.0 (Ubuntu 0.0.0): Executed 79 of 306 SUCCESS (0 secs / 0.332 secs)
2023-11-20T02:20:18.4747246Z [1A[2K[1A[2KChrome Headless 118.0.5993.117 (Linux x86_64): Executed 209 of 306 SUCCESS (0 secs / 1.791 secs)
2023-11-20T02:20:18.4748675Z Firefox 119.0 (Ubuntu 0.0.0): Executed 80 of 306 SUCCESS (0 secs / 0.334 secs)
2023-11-20T02:20:18.4750768Z [1A[2K[1A[2KChrome Headless 118.0.5993.117 (Linux x86_64): Executed 209 of 306 SUCCESS (0 secs / 1.791 secs)
2023-11-20T02:20:18.4752480Z Firefox 119.0 (Ubuntu 0.0.0): Executed 81 of 306 SUCCESS (0 secs / 0.334 secs)
2023-11-20T02:20:18.4754108Z [1A[2K[1A[2KChrome Headless 118.0.5993.117 (Linux x86_64): Executed 209 of 306 SUCCESS (0 secs / 1.791 secs)
2023-11-20T02:20:18.4755711Z Firefox 119.0 (Ubuntu 0.0.0): Executed 82 of 306 SUCCESS (0 secs / 0.334 secs)
2023-11-20T02:20:18.4757390Z [1A[2K[1A[2KChrome Headless 118.0.5993.117 (Linux x86_64): Executed 209 of 306 SUCCESS (0 secs / 1.791 secs)
2023-11-20T02:20:18.4758887Z Firefox 119.0 (Ubuntu 0.0.0): Executed 83 of 306 SUCCESS (0 secs / 0.334 secs)
2023-11-20T02:20:18.4760611Z [1A[2K[1A[2KChrome Headless 118.0.5993.117 (Linux x86_64): Executed 209 of 306 SUCCESS (0 secs / 1.791 secs)
2023-11-20T02:20:18.4762116Z Firefox 119.0 (Ubuntu 0.0.0): Executed 84 of 306 SUCCESS (0 secs / 0.334 secs)
2023-11-20T02:20:18.4763816Z [1A[2K[1A[2KChrome Headless 118.0.5993.117 (Linux x86_64): Executed 209 of 306 SUCCESS (0 secs / 1.791 secs)
2023-11-20T02:20:18.4765412Z Firefox 119.0 (Ubuntu 0.0.0): Executed 85 of 306 SUCCESS (0 secs / 0.335 secs)
2023-11-20T02:20:18.4767083Z [1A[2K[1A[2KChrome Headless 118.0.5993.117 (Linux x86_64): Executed 209 of 306 SUCCESS (0 secs / 1.791 secs)
2023-11-20T02:20:18.4768547Z Firefox 119.0 (Ubuntu 0.0.0): Executed 86 of 306 SUCCESS (0 secs / 0.335 secs)
2023-11-20T02:20:18.4770387Z [1A[2K[1A[2KChrome Headless 118.0.5993.117 (Linux x86_64): Executed 209 of 306 SUCCESS (0 secs / 1.791 secs)
2023-11-20T02:20:18.4771851Z Firefox 119.0 (Ubuntu 0.0.0): Executed 87 of 306 SUCCESS (0 secs / 0.335 secs)
2023-11-20T02:20:18.4773583Z [1A[2K[1A[2KChrome Headless 118.0.5993.117 (Linux x86_64): Executed 209 of 306 SUCCESS (0 secs / 1.791 secs)
2023-11-20T02:20:18.4775113Z Firefox 119.0 (Ubuntu 0.0.0): Executed 88 of 306 SUCCESS (0 secs / 0.336 secs)
2023-11-20T02:20:18.4776805Z [1A[2K[1A[2KChrome Headless 118.0.5993.117 (Linux x86_64): Executed 209 of 306 SUCCESS (0 secs / 1.791 secs)
2023-11-20T02:20:18.4799243Z Firefox 119.0 (Ubuntu 0.0.0): Executed 89 of 306 SUCCESS (0 secs / 0.336 secs)
2023-11-20T02:20:18.4801279Z [1A[2K[1A[2KChrome Headless 118.0.5993.117 (Linux x86_64): Executed 209 of 306 SUCCESS (0 secs / 1.791 secs)
2023-11-20T02:20:18.4803016Z Firefox 119.0 (Ubuntu 0.0.0): Executed 90 of 306 SUCCESS (0 secs / 0.336 secs)
2023-11-20T02:20:18.4805059Z [1A[2K[1A[2KChrome Headless 118.0.5993.117 (Linux x86_64): Executed 209 of 306 SUCCESS (0 secs / 1.791 secs)
2023-11-20T02:20:18.4806633Z Firefox 119.0 (Ubuntu 0.0.0): Executed 91 of 306 SUCCESS (0 secs / 0.337 secs)
2023-11-20T02:20:18.4808456Z [1A[2K[1A[2KChrome Headless 118.0.5993.117 (Linux x86_64): Executed 209 of 306 SUCCESS (0 secs / 1.791 secs)
2023-11-20T02:20:18.4810184Z Firefox 119.0 (Ubuntu 0.0.0): Executed 92 of 306 SUCCESS (0 secs / 0.337 secs)
2023-11-20T02:20:18.4811960Z [1A[2K[1A[2KChrome Headless 118.0.5993.117 (Linux x86_64): Executed 209 of 306 SUCCESS (0 secs / 1.791 secs)
2023-11-20T02:20:18.4813526Z Firefox 119.0 (Ubuntu 0.0.0): Executed 93 of 306 SUCCESS (0 secs / 0.337 secs)
2023-11-20T02:20:18.4815561Z [1A[2K[1A[2KChrome Headless 118.0.5993.117 (Linux x86_64): Executed 209 of 306 SUCCESS (0 secs / 1.791 secs)
2023-11-20T02:20:18.4817166Z Firefox 119.0 (Ubuntu 0.0.0): Executed 94 of 306 SUCCESS (0 secs / 0.338 secs)
2023-11-20T02:20:18.4824845Z [1A[2K[1A[2KChrome Headless 118.0.5993.117 (Linux x86_64): Executed 209 of 306 SUCCESS (0 secs / 1.791 secs)
2023-11-20T02:20:18.4826564Z Firefox 119.0 (Ubuntu 0.0.0): Executed 95 of 306 SUCCESS (0 secs / 0.338 secs)
2023-11-20T02:20:18.4828852Z [1A[2K[1A[2KChrome Headless 118.0.5993.117 (Linux x86_64): Executed 209 of 306 SUCCESS (0 secs / 1.791 secs)
2023-11-20T02:20:18.4830644Z Firefox 119.0 (Ubuntu 0.0.0): Executed 96 of 306 SUCCESS (0 secs / 0.338 secs)
2023-11-20T02:20:18.4832487Z [1A[2K[1A[2KChrome Headless 118.0.5993.117 (Linux x86_64): Executed 209 of 306 SUCCESS (0 secs / 1.791 secs)
2023-11-20T02:20:18.4834313Z Firefox 119.0 (Ubuntu 0.0.0): Executed 97 of 306 SUCCESS (0 secs / 0.338 secs)
2023-11-20T02:20:18.4836378Z [1A[2K[1A[2KChrome Headless 118.0.5993.117 (Linux x86_64): Executed 209 of 306 SUCCESS (0 secs / 1.791 secs)
2023-11-20T02:20:18.4837938Z Firefox 119.0 (Ubuntu 0.0.0): Executed 98 of 306 SUCCESS (0 secs / 0.339 secs)
2023-11-20T02:20:18.4839665Z [1A[2K[1A[2KChrome Headless 118.0.5993.117 (Linux x86_64): Executed 209 of 306 SUCCESS (0 secs / 1.791 secs)
2023-11-20T02:20:18.4841218Z Firefox 119.0 (Ubuntu 0.0.0): Executed 99 of 306 SUCCESS (0 secs / 0.339 secs)
2023-11-20T02:20:18.4842918Z [1A[2K[1A[2KChrome Headless 118.0.5993.117 (Linux x86_64): Executed 209 of 306 SUCCESS (0 secs / 1.791 secs)
2023-11-20T02:20:18.4844390Z Firefox 119.0 (Ubuntu 0.0.0): Executed 100 of 306 SUCCESS (0 secs / 0.339 secs)
2023-11-20T02:20:18.4846218Z [1A[2K[1A[2KChrome Headless 118.0.5993.117 (Linux x86_64): Executed 209 of 306 SUCCESS (0 secs / 1.791 secs)
2023-11-20T02:20:18.4847738Z Firefox 119.0 (Ubuntu 0.0.0): Executed 101 of 306 SUCCESS (0 secs / 0.339 secs)
2023-11-20T02:20:18.4862981Z [1A[2K[1A[2KChrome Headless 118.0.5993.117 (Linux x86_64): Executed 209 of 306 SUCCESS (0 secs / 1.791 secs)
2023-11-20T02:20:18.4864786Z Firefox 119.0 (Ubuntu 0.0.0): Executed 102 of 306 SUCCESS (0 secs / 0.34 secs)
2023-11-20T02:20:18.4866636Z [1A[2K[1A[2KChrome Headless 118.0.5993.117 (Linux x86_64): Executed 209 of 306 SUCCESS (0 secs / 1.791 secs)
2023-11-20T02:20:18.4868228Z Firefox 119.0 (Ubuntu 0.0.0): Executed 103 of 306 SUCCESS (0 secs / 0.34 secs)
2023-11-20T02:20:18.4870128Z [1A[2K[1A[2KChrome Headless 118.0.5993.117 (Linux x86_64): Executed 209 of 306 SUCCESS (0 secs / 1.791 secs)
2023-11-20T02:20:18.4872032Z Firefox 119.0 (Ubuntu 0.0.0): Executed 104 of 306 SUCCESS (0 secs / 0.34 secs)
2023-11-20T02:20:18.4873828Z [1A[2K[1A[2KChrome Headless 118.0.5993.117 (Linux x86_64): Executed 209 of 306 SUCCESS (0 secs / 1.791 secs)
2023-11-20T02:20:18.4875590Z Firefox 119.0 (Ubuntu 0.0.0): Executed 105 of 306 SUCCESS (0 secs / 0.34 secs)
2023-11-20T02:20:18.4877491Z [1A[2K[1A[2KChrome Headless 118.0.5993.117 (Linux x86_64): Executed 209 of 306 SUCCESS (0 secs / 1.791 secs)
2023-11-20T02:20:18.4879185Z Firefox 119.0 (Ubuntu 0.0.0): Executed 106 of 306 SUCCESS (0 secs / 0.34 secs)
2023-11-20T02:20:18.4881109Z [1A[2K[1A[2KChrome Headless 118.0.5993.117 (Linux x86_64): Executed 209 of 306 SUCCESS (0 secs / 1.791 secs)
2023-11-20T02:20:18.4882730Z Firefox 119.0 (Ubuntu 0.0.0): Executed 107 of 306 SUCCESS (0 secs / 0.34 secs)
2023-11-20T02:20:18.4884750Z [1A[2K[1A[2KChrome Headless 118.0.5993.117 (Linux x86_64): Executed 209 of 306 SUCCESS (0 secs / 1.791 secs)
2023-11-20T02:20:18.4886561Z Firefox 119.0 (Ubuntu 0.0.0): Executed 108 of 306 SUCCESS (0 secs / 0.341 secs)
2023-11-20T02:20:18.4888492Z [1A[2K[1A[2KChrome Headless 118.0.5993.117 (Linux x86_64): Executed 209 of 306 SUCCESS (0 secs / 1.791 secs)
2023-11-20T02:20:18.4890163Z Firefox 119.0 (Ubuntu 0.0.0): Executed 109 of 306 SUCCESS (0 secs / 0.342 secs)
2023-11-20T02:20:18.4892091Z [1A[2K[1A[2KChrome Headless 118.0.5993.117 (Linux x86_64): Executed 209 of 306 SUCCESS (0 secs / 1.791 secs)
2023-11-20T02:20:18.4893690Z Firefox 119.0 (Ubuntu 0.0.0): Executed 110 of 306 SUCCESS (0 secs / 0.343 secs)
2023-11-20T02:20:18.4895595Z [1A[2K[1A[2KChrome Headless 118.0.5993.117 (Linux x86_64): Executed 209 of 306 SUCCESS (0 secs / 1.791 secs)
2023-11-20T02:20:18.4897232Z Firefox 119.0 (Ubuntu 0.0.0): Executed 111 of 306 SUCCESS (0 secs / 0.344 secs)
2023-11-20T02:20:18.4899261Z [1A[2K[1A[2KChrome Headless 118.0.5993.117 (Linux x86_64): Executed 209 of 306 SUCCESS (0 secs / 1.791 secs)
2023-11-20T02:20:18.4900996Z Firefox 119.0 (Ubuntu 0.0.0): Executed 112 of 306 SUCCESS (0 secs / 0.346 secs)
2023-11-20T02:20:18.4902824Z [1A[2K[1A[2KChrome Headless 118.0.5993.117 (Linux x86_64): Executed 209 of 306 SUCCESS (0 secs / 1.791 secs)
2023-11-20T02:20:18.4904430Z Firefox 119.0 (Ubuntu 0.0.0): Executed 113 of 306 SUCCESS (0 secs / 0.347 secs)
2023-11-20T02:20:18.4906869Z [1A[2K[1A[2KChrome Headless 118.0.5993.117 (Linux x86_64): Executed 209 of 306 SUCCESS (0 secs / 1.791 secs)
2023-11-20T02:20:18.4908445Z Firefox 119.0 (Ubuntu 0.0.0): Executed 114 of 306 SUCCESS (0 secs / 0.35 secs)
2023-11-20T02:20:18.4910277Z [1A[2K[1A[2KChrome Headless 118.0.5993.117 (Linux x86_64): Executed 209 of 306 SUCCESS (0 secs / 1.791 secs)
2023-11-20T02:20:18.4911916Z Firefox 119.0 (Ubuntu 0.0.0): Executed 115 of 306 SUCCESS (0 secs / 0.352 secs)
2023-11-20T02:20:18.4913726Z [1A[2K[1A[2KChrome Headless 118.0.5993.117 (Linux x86_64): Executed 209 of 306 SUCCESS (0 secs / 1.791 secs)
2023-11-20T02:20:18.4915261Z Firefox 119.0 (Ubuntu 0.0.0): Executed 116 of 306 SUCCESS (0 secs / 0.353 secs)
2023-11-20T02:20:18.4917743Z [1A[2K[1A[2KChrome Headless 118.0.5993.117 (Linux x86_64): Executed 209 of 306 SUCCESS (0 secs / 1.791 secs)
2023-11-20T02:20:18.4919396Z Firefox 119.0 (Ubuntu 0.0.0): Executed 117 of 306 SUCCESS (0 secs / 0.353 secs)
2023-11-20T02:20:18.5228088Z [1A[2K[1A[2KChrome Headless 118.0.5993.117 (Linux x86_64): Executed 210 of 306 SUCCESS (0 secs / 1.892 secs)
2023-11-20T02:20:18.5230103Z Firefox 119.0 (Ubuntu 0.0.0): Executed 117 of 306 SUCCESS (0 secs / 0.353 secs)
2023-11-20T02:20:18.5243645Z [1A[2K[1A[2KChrome Headless 118.0.5993.117 (Linux x86_64): Executed 211 of 306 SUCCESS (0 secs / 1.894 secs)
2023-11-20T02:20:18.5245831Z Firefox 119.0 (Ubuntu 0.0.0): Executed 117 of 306 SUCCESS (0 secs / 0.353 secs)
2023-11-20T02:20:18.5277375Z [1A[2K[1A[2KChrome Headless 118.0.5993.117 (Linux x86_64): Executed 212 of 306 SUCCESS (0 secs / 1.895 secs)
2023-11-20T02:20:18.5281957Z Firefox 119.0 (Ubuntu 0.0.0): Executed 117 of 306 SUCCESS (0 secs / 0.353 secs)
2023-11-20T02:20:18.5284265Z [1A[2K[1A[2KChrome Headless 118.0.5993.117 (Linux x86_64): Executed 213 of 306 SUCCESS (0 secs / 1.895 secs)
2023-11-20T02:20:18.5286046Z Firefox 119.0 (Ubuntu 0.0.0): Executed 117 of 306 SUCCESS (0 secs / 0.353 secs)
2023-11-20T02:20:18.5288090Z [1A[2K[1A[2KChrome Headless 118.0.5993.117 (Linux x86_64): Executed 214 of 306 SUCCESS (0 secs / 1.895 secs)
2023-11-20T02:20:18.5290048Z Firefox 119.0 (Ubuntu 0.0.0): Executed 117 of 306 SUCCESS (0 secs / 0.353 secs)
2023-11-20T02:20:18.5292028Z [1A[2K[1A[2KChrome Headless 118.0.5993.117 (Linux x86_64): Executed 215 of 306 SUCCESS (0 secs / 1.896 secs)
2023-11-20T02:20:18.5293856Z Firefox 119.0 (Ubuntu 0.0.0): Executed 117 of 306 SUCCESS (0 secs / 0.353 secs)
2023-11-20T02:20:18.5296057Z [1A[2K[1A[2KChrome Headless 118.0.5993.117 (Linux x86_64): Executed 216 of 306 SUCCESS (0 secs / 1.896 secs)
2023-11-20T02:20:18.5299869Z Firefox 119.0 (Ubuntu 0.0.0): Executed 117 of 306 SUCCESS (0 secs / 0.353 secs)
2023-11-20T02:20:18.5301995Z [1A[2K[1A[2KChrome Headless 118.0.5993.117 (Linux x86_64): Executed 217 of 306 SUCCESS (0 secs / 1.896 secs)
2023-11-20T02:20:18.5304009Z Firefox 119.0 (Ubuntu 0.0.0): Executed 117 of 306 SUCCESS (0 secs / 0.353 secs)
2023-11-20T02:20:18.5306109Z [1A[2K[1A[2KChrome Headless 118.0.5993.117 (Linux x86_64): Executed 218 of 306 SUCCESS (0 secs / 1.897 secs)
2023-11-20T02:20:18.5307855Z Firefox 119.0 (Ubuntu 0.0.0): Executed 117 of 306 SUCCESS (0 secs / 0.353 secs)
2023-11-20T02:20:18.5309961Z [1A[2K[1A[2KChrome Headless 118.0.5993.117 (Linux x86_64): Executed 219 of 306 SUCCESS (0 secs / 1.897 secs)
2023-11-20T02:20:18.5311759Z Firefox 119.0 (Ubuntu 0.0.0): Executed 117 of 306 SUCCESS (0 secs / 0.353 secs)
2023-11-20T02:20:18.5313997Z [1A[2K[1A[2KChrome Headless 118.0.5993.117 (Linux x86_64): Executed 220 of 306 SUCCESS (0 secs / 1.898 secs)
2023-11-20T02:20:18.5315676Z Firefox 119.0 (Ubuntu 0.0.0): Executed 117 of 306 SUCCESS (0 secs / 0.353 secs)
2023-11-20T02:20:18.5317736Z [1A[2K[1A[2KChrome Headless 118.0.5993.117 (Linux x86_64): Executed 221 of 306 SUCCESS (0 secs / 1.899 secs)
2023-11-20T02:20:18.5319629Z Firefox 119.0 (Ubuntu 0.0.0): Executed 117 of 306 SUCCESS (0 secs / 0.353 secs)
2023-11-20T02:20:18.5321979Z [1A[2K[1A[2KChrome Headless 118.0.5993.117 (Linux x86_64): Executed 222 of 306 SUCCESS (0 secs / 1.899 secs)
2023-11-20T02:20:18.5324056Z Firefox 119.0 (Ubuntu 0.0.0): Executed 117 of 306 SUCCESS (0 secs / 0.353 secs)
2023-11-20T02:20:18.5326210Z [1A[2K[1A[2KChrome Headless 118.0.5993.117 (Linux x86_64): Executed 223 of 306 SUCCESS (0 secs / 1.9 secs)
2023-11-20T02:20:18.5327933Z Firefox 119.0 (Ubuntu 0.0.0): Executed 117 of 306 SUCCESS (0 secs / 0.353 secs)
2023-11-20T02:20:18.5329938Z [1A[2K[1A[2KChrome Headless 118.0.5993.117 (Linux x86_64): Executed 224 of 306 SUCCESS (0 secs / 1.901 secs)
2023-11-20T02:20:18.5331890Z Firefox 119.0 (Ubuntu 0.0.0): Executed 117 of 306 SUCCESS (0 secs / 0.353 secs)
2023-11-20T02:20:18.5337390Z [1A[2K[1A[2KChrome Headless 118.0.5993.117 (Linux x86_64): Executed 225 of 306 SUCCESS (0 secs / 1.902 secs)
2023-11-20T02:20:18.5339975Z Firefox 119.0 (Ubuntu 0.0.0): Executed 117 of 306 SUCCESS (0 secs / 0.353 secs)
2023-11-20T02:20:18.5349944Z [1A[2K[1A[2KChrome Headless 118.0.5993.117 (Linux x86_64): Executed 226 of 306 SUCCESS (0 secs / 1.903 secs)
2023-11-20T02:20:18.5351718Z Firefox 119.0 (Ubuntu 0.0.0): Executed 117 of 306 SUCCESS (0 secs / 0.353 secs)
2023-11-20T02:20:18.5359049Z [1A[2K[1A[2KChrome Headless 118.0.5993.117 (Linux x86_64): Executed 227 of 306 SUCCESS (0 secs / 1.904 secs)
2023-11-20T02:20:18.5360464Z Firefox 119.0 (Ubuntu 0.0.0): Executed 117 of 306 SUCCESS (0 secs / 0.353 secs)
2023-11-20T02:20:18.5369933Z [1A[2K[1A[2KChrome Headless 118.0.5993.117 (Linux x86_64): Executed 228 of 306 SUCCESS (0 secs / 1.905 secs)
2023-11-20T02:20:18.5374108Z Firefox 119.0 (Ubuntu 0.0.0): Executed 117 of 306 SUCCESS (0 secs / 0.353 secs)
2023-11-20T02:20:18.5377263Z [1A[2K[1A[2KChrome Headless 118.0.5993.117 (Linux x86_64): Executed 229 of 306 SUCCESS (0 secs / 1.905 secs)
2023-11-20T02:20:18.5379161Z Firefox 119.0 (Ubuntu 0.0.0): Executed 117 of 306 SUCCESS (0 secs / 0.353 secs)
2023-11-20T02:20:18.6387409Z [1A[2K[1A[2KChrome Headless 118.0.5993.117 (Linux x86_64): Executed 230 of 306 SUCCESS (0 secs / 2.005 secs)
2023-11-20T02:20:18.6388669Z Firefox 119.0 (Ubuntu 0.0.0): Executed 117 of 306 SUCCESS (0 secs / 0.353 secs)
2023-11-20T02:20:18.6580016Z [1A[2K[1A[2KChrome Headless 118.0.5993.117 (Linux x86_64): Executed 230 of 306 SUCCESS (0 secs / 2.005 secs)
2023-11-20T02:20:18.6582841Z Firefox 119.0 (Ubuntu 0.0.0): Executed 118 of 306 SUCCESS (0 secs / 0.57 secs)
2023-11-20T02:20:18.6590403Z [1A[2K[1A[2KChrome Headless 118.0.5993.117 (Linux x86_64): Executed 230 of 306 SUCCESS (0 secs / 2.005 secs)
2023-11-20T02:20:18.6596480Z Firefox 119.0 (Ubuntu 0.0.0): Executed 119 of 306 SUCCESS (0 secs / 0.571 secs)
2023-11-20T02:20:18.6598572Z [1A[2K[1A[2KChrome Headless 118.0.5993.117 (Linux x86_64): Executed 230 of 306 SUCCESS (0 secs / 2.005 secs)
2023-11-20T02:20:18.6601153Z Firefox 119.0 (Ubuntu 0.0.0): Executed 120 of 306 SUCCESS (0 secs / 0.571 secs)
2023-11-20T02:20:18.6603589Z [1A[2K[1A[2KChrome Headless 118.0.5993.117 (Linux x86_64): Executed 230 of 306 SUCCESS (0 secs / 2.005 secs)
2023-11-20T02:20:18.6605169Z Firefox 119.0 (Ubuntu 0.0.0): Executed 121 of 306 SUCCESS (0 secs / 0.572 secs)
2023-11-20T02:20:18.6610877Z [1A[2K[1A[2KChrome Headless 118.0.5993.117 (Linux x86_64): Executed 230 of 306 SUCCESS (0 secs / 2.005 secs)
2023-11-20T02:20:18.6612959Z Firefox 119.0 (Ubuntu 0.0.0): Executed 122 of 306 SUCCESS (0 secs / 0.573 secs)
2023-11-20T02:20:18.6615791Z [1A[2K[1A[2KChrome Headless 118.0.5993.117 (Linux x86_64): Executed 230 of 306 SUCCESS (0 secs / 2.005 secs)
2023-11-20T02:20:18.6617671Z Firefox 119.0 (Ubuntu 0.0.0): Executed 123 of 306 SUCCESS (0 secs / 0.573 secs)
2023-11-20T02:20:18.6622929Z [1A[2K[1A[2KChrome Headless 118.0.5993.117 (Linux x86_64): Executed 230 of 306 SUCCESS (0 secs / 2.005 secs)
2023-11-20T02:20:18.6624710Z Firefox 119.0 (Ubuntu 0.0.0): Executed 124 of 306 SUCCESS (0 secs / 0.574 secs)
2023-11-20T02:20:18.6627077Z [1A[2K[1A[2KChrome Headless 118.0.5993.117 (Linux x86_64): Executed 230 of 306 SUCCESS (0 secs / 2.005 secs)
2023-11-20T02:20:18.6629540Z Firefox 119.0 (Ubuntu 0.0.0): Executed 125 of 306 SUCCESS (0 secs / 0.575 secs)
2023-11-20T02:20:18.6634895Z [1A[2K[1A[2KChrome Headless 118.0.5993.117 (Linux x86_64): Executed 230 of 306 SUCCESS (0 secs / 2.005 secs)
2023-11-20T02:20:18.6636914Z Firefox 119.0 (Ubuntu 0.0.0): Executed 126 of 306 SUCCESS (0 secs / 0.575 secs)
2023-11-20T02:20:18.6641509Z [1A[2K[1A[2KChrome Headless 118.0.5993.117 (Linux x86_64): Executed 230 of 306 SUCCESS (0 secs / 2.005 secs)
2023-11-20T02:20:18.6643272Z Firefox 119.0 (Ubuntu 0.0.0): Executed 127 of 306 SUCCESS (0 secs / 0.575 secs)
2023-11-20T02:20:18.6645346Z [1A[2K[1A[2KChrome Headless 118.0.5993.117 (Linux x86_64): Executed 230 of 306 SUCCESS (0 secs / 2.005 secs)
2023-11-20T02:20:18.6647177Z Firefox 119.0 (Ubuntu 0.0.0): Executed 128 of 306 SUCCESS (0 secs / 0.575 secs)
2023-11-20T02:20:18.6654636Z [1A[2K[1A[2KChrome Headless 118.0.5993.117 (Linux x86_64): Executed 230 of 306 SUCCESS (0 secs / 2.005 secs)
2023-11-20T02:20:18.6658236Z Firefox 119.0 (Ubuntu 0.0.0): Executed 129 of 306 SUCCESS (0 secs / 0.575 secs)
2023-11-20T02:20:18.6662485Z [1A[2K[1A[2KChrome Headless 118.0.5993.117 (Linux x86_64): Executed 230 of 306 SUCCESS (0 secs / 2.005 secs)
2023-11-20T02:20:18.6664354Z Firefox 119.0 (Ubuntu 0.0.0): Executed 130 of 306 SUCCESS (0 secs / 0.576 secs)
2023-11-20T02:20:18.6668791Z [1A[2K[1A[2KChrome Headless 118.0.5993.117 (Linux x86_64): Executed 230 of 306 SUCCESS (0 secs / 2.005 secs)
2023-11-20T02:20:18.6671696Z Firefox 119.0 (Ubuntu 0.0.0): Executed 131 of 306 SUCCESS (0 secs / 0.576 secs)
2023-11-20T02:20:18.6674286Z [1A[2K[1A[2KChrome Headless 118.0.5993.117 (Linux x86_64): Executed 230 of 306 SUCCESS (0 secs / 2.005 secs)
2023-11-20T02:20:18.6676320Z Firefox 119.0 (Ubuntu 0.0.0): Executed 132 of 306 SUCCESS (0 secs / 0.576 secs)
2023-11-20T02:20:18.6678891Z [1A[2K[1A[2KChrome Headless 118.0.5993.117 (Linux x86_64): Executed 230 of 306 SUCCESS (0 secs / 2.005 secs)
2023-11-20T02:20:18.6681198Z Firefox 119.0 (Ubuntu 0.0.0): Executed 133 of 306 SUCCESS (0 secs / 0.577 secs)
2023-11-20T02:20:18.6683159Z [1A[2K[1A[2KChrome Headless 118.0.5993.117 (Linux x86_64): Executed 230 of 306 SUCCESS (0 secs / 2.005 secs)
2023-11-20T02:20:18.6684910Z Firefox 119.0 (Ubuntu 0.0.0): Executed 134 of 306 SUCCESS (0 secs / 0.578 secs)
2023-11-20T02:20:18.6687108Z [1A[2K[1A[2KChrome Headless 118.0.5993.117 (Linux x86_64): Executed 230 of 306 SUCCESS (0 secs / 2.005 secs)
2023-11-20T02:20:18.6688912Z Firefox 119.0 (Ubuntu 0.0.0): Executed 135 of 306 SUCCESS (0 secs / 0.578 secs)
2023-11-20T02:20:18.6690960Z [1A[2K[1A[2KChrome Headless 118.0.5993.117 (Linux x86_64): Executed 230 of 306 SUCCESS (0 secs / 2.005 secs)
2023-11-20T02:20:18.6692848Z Firefox 119.0 (Ubuntu 0.0.0): Executed 136 of 306 SUCCESS (0 secs / 0.579 secs)
2023-11-20T02:20:18.6694920Z [1A[2K[1A[2KChrome Headless 118.0.5993.117 (Linux x86_64): Executed 230 of 306 SUCCESS (0 secs / 2.005 secs)
2023-11-20T02:20:18.6696763Z Firefox 119.0 (Ubuntu 0.0.0): Executed 137 of 306 SUCCESS (0 secs / 0.579 secs)
2023-11-20T02:20:18.6699230Z [1A[2K[1A[2KChrome Headless 118.0.5993.117 (Linux x86_64): Executed 230 of 306 SUCCESS (0 secs / 2.005 secs)
2023-11-20T02:20:18.6701050Z Firefox 119.0 (Ubuntu 0.0.0): Executed 138 of 306 SUCCESS (0 secs / 0.579 secs)
2023-11-20T02:20:18.6703042Z [1A[2K[1A[2KChrome Headless 118.0.5993.117 (Linux x86_64): Executed 230 of 306 SUCCESS (0 secs / 2.005 secs)
2023-11-20T02:20:18.6704928Z Firefox 119.0 (Ubuntu 0.0.0): Executed 139 of 306 SUCCESS (0 secs / 0.579 secs)
2023-11-20T02:20:18.6706984Z [1A[2K[1A[2KChrome Headless 118.0.5993.117 (Linux x86_64): Executed 230 of 306 SUCCESS (0 secs / 2.005 secs)
2023-11-20T02:20:18.6708893Z Firefox 119.0 (Ubuntu 0.0.0): Executed 140 of 306 SUCCESS (0 secs / 0.579 secs)
2023-11-20T02:20:18.6710972Z [1A[2K[1A[2KChrome Headless 118.0.5993.117 (Linux x86_64): Executed 230 of 306 SUCCESS (0 secs / 2.005 secs)
2023-11-20T02:20:18.6712638Z Firefox 119.0 (Ubuntu 0.0.0): Executed 141 of 306 SUCCESS (0 secs / 0.58 secs)
2023-11-20T02:20:18.6715435Z [1A[2K[1A[2KChrome Headless 118.0.5993.117 (Linux x86_64): Executed 230 of 306 SUCCESS (0 secs / 2.005 secs)
2023-11-20T02:20:18.6717257Z Firefox 119.0 (Ubuntu 0.0.0): Executed 142 of 306 SUCCESS (0 secs / 0.58 secs)
2023-11-20T02:20:18.6719285Z [1A[2K[1A[2KChrome Headless 118.0.5993.117 (Linux x86_64): Executed 230 of 306 SUCCESS (0 secs / 2.005 secs)
2023-11-20T02:20:18.6721157Z Firefox 119.0 (Ubuntu 0.0.0): Executed 143 of 306 SUCCESS (0 secs / 0.58 secs)
2023-11-20T02:20:18.6723193Z [1A[2K[1A[2KChrome Headless 118.0.5993.117 (Linux x86_64): Executed 230 of 306 SUCCESS (0 secs / 2.005 secs)
2023-11-20T02:20:18.6725044Z Firefox 119.0 (Ubuntu 0.0.0): Executed 144 of 306 SUCCESS (0 secs / 0.58 secs)
2023-11-20T02:20:18.6727114Z [1A[2K[1A[2KChrome Headless 118.0.5993.117 (Linux x86_64): Executed 230 of 306 SUCCESS (0 secs / 2.005 secs)
2023-11-20T02:20:18.6728875Z Firefox 119.0 (Ubuntu 0.0.0): Executed 145 of 306 SUCCESS (0 secs / 0.581 secs)
2023-11-20T02:20:18.6730828Z [1A[2K[1A[2KChrome Headless 118.0.5993.117 (Linux x86_64): Executed 230 of 306 SUCCESS (0 secs / 2.005 secs)
2023-11-20T02:20:18.6733156Z Firefox 119.0 (Ubuntu 0.0.0): Executed 146 of 306 SUCCESS (0 secs / 0.582 secs)
2023-11-20T02:20:18.6740406Z [1A[2K[1A[2KChrome Headless 118.0.5993.117 (Linux x86_64): Executed 230 of 306 SUCCESS (0 secs / 2.005 secs)
2023-11-20T02:20:18.6741756Z Firefox 119.0 (Ubuntu 0.0.0): Executed 147 of 306 SUCCESS (0 secs / 0.582 secs)
2023-11-20T02:20:18.6743679Z [1A[2K[1A[2KChrome Headless 118.0.5993.117 (Linux x86_64): Executed 230 of 306 SUCCESS (0 secs / 2.005 secs)
2023-11-20T02:20:18.6745453Z Firefox 119.0 (Ubuntu 0.0.0): Executed 148 of 306 SUCCESS (0 secs / 0.583 secs)
2023-11-20T02:20:18.6747328Z [1A[2K[1A[2KChrome Headless 118.0.5993.117 (Linux x86_64): Executed 230 of 306 SUCCESS (0 secs / 2.005 secs)
2023-11-20T02:20:18.6749272Z Firefox 119.0 (Ubuntu 0.0.0): Executed 149 of 306 SUCCESS (0 secs / 0.584 secs)
2023-11-20T02:20:18.6751761Z [1A[2K[1A[2KChrome Headless 118.0.5993.117 (Linux x86_64): Executed 230 of 306 SUCCESS (0 secs / 2.005 secs)
2023-11-20T02:20:18.6752954Z Firefox 119.0 (Ubuntu 0.0.0): Executed 150 of 306 SUCCESS (0 secs / 0.584 secs)
2023-11-20T02:20:18.6754318Z [1A[2K[1A[2KChrome Headless 118.0.5993.117 (Linux x86_64): Executed 230 of 306 SUCCESS (0 secs / 2.005 secs)
2023-11-20T02:20:18.6755733Z Firefox 119.0 (Ubuntu 0.0.0): Executed 151 of 306 SUCCESS (0 secs / 0.584 secs)
2023-11-20T02:20:18.6756914Z [1A[2K[1A[2KChrome Headless 118.0.5993.117 (Linux x86_64): Executed 230 of 306 SUCCESS (0 secs / 2.005 secs)
2023-11-20T02:20:18.6758572Z Firefox 119.0 (Ubuntu 0.0.0): Executed 152 of 306 SUCCESS (0 secs / 0.584 secs)
2023-11-20T02:20:18.6760685Z [1A[2K[1A[2KChrome Headless 118.0.5993.117 (Linux x86_64): Executed 230 of 306 SUCCESS (0 secs / 2.005 secs)
2023-11-20T02:20:18.6766042Z Firefox 119.0 (Ubuntu 0.0.0): Executed 153 of 306 SUCCESS (0 secs / 0.584 secs)
2023-11-20T02:20:18.6774040Z [1A[2K[1A[2KChrome Headless 118.0.5993.117 (Linux x86_64): Executed 230 of 306 SUCCESS (0 secs / 2.005 secs)
2023-11-20T02:20:18.6776109Z Firefox 119.0 (Ubuntu 0.0.0): Executed 154 of 306 SUCCESS (0 secs / 0.584 secs)
2023-11-20T02:20:18.6778369Z [1A[2K[1A[2KChrome Headless 118.0.5993.117 (Linux x86_64): Executed 230 of 306 SUCCESS (0 secs / 2.005 secs)
2023-11-20T02:20:18.6780270Z Firefox 119.0 (Ubuntu 0.0.0): Executed 155 of 306 SUCCESS (0 secs / 0.585 secs)
2023-11-20T02:20:18.6782257Z [1A[2K[1A[2KChrome Headless 118.0.5993.117 (Linux x86_64): Executed 230 of 306 SUCCESS (0 secs / 2.005 secs)
2023-11-20T02:20:18.6783998Z Firefox 119.0 (Ubuntu 0.0.0): Executed 156 of 306 SUCCESS (0 secs / 0.585 secs)
2023-11-20T02:20:18.6786124Z [1A[2K[1A[2KChrome Headless 118.0.5993.117 (Linux x86_64): Executed 230 of 306 SUCCESS (0 secs / 2.005 secs)
2023-11-20T02:20:18.6787860Z Firefox 119.0 (Ubuntu 0.0.0): Executed 157 of 306 SUCCESS (0 secs / 0.585 secs)
2023-11-20T02:20:18.6790096Z [1A[2K[1A[2KChrome Headless 118.0.5993.117 (Linux x86_64): Executed 230 of 306 SUCCESS (0 secs / 2.005 secs)
2023-11-20T02:20:18.6791941Z Firefox 119.0 (Ubuntu 0.0.0): Executed 158 of 306 SUCCESS (0 secs / 0.585 secs)
2023-11-20T02:20:18.6793488Z [1A[2K[1A[2KChrome Headless 118.0.5993.117 (Linux x86_64): Executed 230 of 306 SUCCESS (0 secs / 2.005 secs)
2023-11-20T02:20:18.6795110Z Firefox 119.0 (Ubuntu 0.0.0): Executed 159 of 306 SUCCESS (0 secs / 0.586 secs)
2023-11-20T02:20:18.6796879Z [1A[2K[1A[2KChrome Headless 118.0.5993.117 (Linux x86_64): Executed 230 of 306 SUCCESS (0 secs / 2.005 secs)
2023-11-20T02:20:18.6797885Z Firefox 119.0 (Ubuntu 0.0.0): Executed 160 of 306 SUCCESS (0 secs / 0.586 secs)
2023-11-20T02:20:18.6799347Z [1A[2K[1A[2KChrome Headless 118.0.5993.117 (Linux x86_64): Executed 230 of 306 SUCCESS (0 secs / 2.005 secs)
2023-11-20T02:20:18.6800945Z Firefox 119.0 (Ubuntu 0.0.0): Executed 161 of 306 SUCCESS (0 secs / 0.586 secs)
2023-11-20T02:20:18.6802231Z [1A[2K[1A[2KChrome Headless 118.0.5993.117 (Linux x86_64): Executed 230 of 306 SUCCESS (0 secs / 2.005 secs)
2023-11-20T02:20:18.6803661Z Firefox 119.0 (Ubuntu 0.0.0): Executed 162 of 306 SUCCESS (0 secs / 0.587 secs)
2023-11-20T02:20:18.6805769Z [1A[2K[1A[2KChrome Headless 118.0.5993.117 (Linux x86_64): Executed 230 of 306 SUCCESS (0 secs / 2.005 secs)
2023-11-20T02:20:18.6806995Z Firefox 119.0 (Ubuntu 0.0.0): Executed 163 of 306 SUCCESS (0 secs / 0.587 secs)
2023-11-20T02:20:18.6808686Z [1A[2K[1A[2KChrome Headless 118.0.5993.117 (Linux x86_64): Executed 230 of 306 SUCCESS (0 secs / 2.005 secs)
2023-11-20T02:20:18.6809828Z Firefox 119.0 (Ubuntu 0.0.0): Executed 164 of 306 SUCCESS (0 secs / 0.587 secs)
2023-11-20T02:20:18.6811522Z [1A[2K[1A[2KChrome Headless 118.0.5993.117 (Linux x86_64): Executed 230 of 306 SUCCESS (0 secs / 2.005 secs)
2023-11-20T02:20:18.6813118Z Firefox 119.0 (Ubuntu 0.0.0): Executed 165 of 306 SUCCESS (0 secs / 0.587 secs)
2023-11-20T02:20:18.6814860Z [1A[2K[1A[2KChrome Headless 118.0.5993.117 (Linux x86_64): Executed 230 of 306 SUCCESS (0 secs / 2.005 secs)
2023-11-20T02:20:18.6816282Z Firefox 119.0 (Ubuntu 0.0.0): Executed 166 of 306 SUCCESS (0 secs / 0.587 secs)
2023-11-20T02:20:18.6817732Z [1A[2K[1A[2KChrome Headless 118.0.5993.117 (Linux x86_64): Executed 230 of 306 SUCCESS (0 secs / 2.005 secs)
2023-11-20T02:20:18.6819693Z Firefox 119.0 (Ubuntu 0.0.0): Executed 167 of 306 SUCCESS (0 secs / 0.587 secs)
2023-11-20T02:20:18.6821652Z [1A[2K[1A[2KChrome Headless 118.0.5993.117 (Linux x86_64): Executed 230 of 306 SUCCESS (0 secs / 2.005 secs)
2023-11-20T02:20:18.6823918Z Firefox 119.0 (Ubuntu 0.0.0): Executed 168 of 306 SUCCESS (0 secs / 0.588 secs)
2023-11-20T02:20:18.6826160Z [1A[2K[1A[2KChrome Headless 118.0.5993.117 (Linux x86_64): Executed 230 of 306 SUCCESS (0 secs / 2.005 secs)
2023-11-20T02:20:18.6828123Z Firefox 119.0 (Ubuntu 0.0.0): Executed 169 of 306 SUCCESS (0 secs / 0.588 secs)
2023-11-20T02:20:18.6829980Z [1A[2K[1A[2KChrome Headless 118.0.5993.117 (Linux x86_64): Executed 230 of 306 SUCCESS (0 secs / 2.005 secs)
2023-11-20T02:20:18.6831462Z Firefox 119.0 (Ubuntu 0.0.0): Executed 170 of 306 SUCCESS (0 secs / 0.589 secs)
2023-11-20T02:20:18.6832687Z [1A[2K[1A[2KChrome Headless 118.0.5993.117 (Linux x86_64): Executed 230 of 306 SUCCESS (0 secs / 2.005 secs)
2023-11-20T02:20:18.6833899Z Firefox 119.0 (Ubuntu 0.0.0): Executed 171 of 306 SUCCESS (0 secs / 0.59 secs)
2023-11-20T02:20:18.6835674Z [1A[2K[1A[2KChrome Headless 118.0.5993.117 (Linux x86_64): Executed 230 of 306 SUCCESS (0 secs / 2.005 secs)
2023-11-20T02:20:18.6837046Z Firefox 119.0 (Ubuntu 0.0.0): Executed 172 of 306 SUCCESS (0 secs / 0.59 secs)
2023-11-20T02:20:18.6838827Z [1A[2K[1A[2KChrome Headless 118.0.5993.117 (Linux x86_64): Executed 230 of 306 SUCCESS (0 secs / 2.005 secs)
2023-11-20T02:20:18.6840613Z Firefox 119.0 (Ubuntu 0.0.0): Executed 173 of 306 SUCCESS (0 secs / 0.591 secs)
2023-11-20T02:20:18.6842779Z [1A[2K[1A[2KChrome Headless 118.0.5993.117 (Linux x86_64): Executed 230 of 306 SUCCESS (0 secs / 2.005 secs)
2023-11-20T02:20:18.6844820Z Firefox 119.0 (Ubuntu 0.0.0): Executed 174 of 306 SUCCESS (0 secs / 0.591 secs)
2023-11-20T02:20:18.6847407Z [1A[2K[1A[2KChrome Headless 118.0.5993.117 (Linux x86_64): Executed 230 of 306 SUCCESS (0 secs / 2.005 secs)
2023-11-20T02:20:18.6849272Z Firefox 119.0 (Ubuntu 0.0.0): Executed 175 of 306 SUCCESS (0 secs / 0.591 secs)
2023-11-20T02:20:18.6851303Z [1A[2K[1A[2KChrome Headless 118.0.5993.117 (Linux x86_64): Executed 230 of 306 SUCCESS (0 secs / 2.005 secs)
2023-11-20T02:20:18.6853291Z Firefox 119.0 (Ubuntu 0.0.0): Executed 176 of 306 SUCCESS (0 secs / 0.592 secs)
2023-11-20T02:20:18.6865227Z [1A[2K[1A[2KChrome Headless 118.0.5993.117 (Linux x86_64): Executed 230 of 306 SUCCESS (0 secs / 2.005 secs)
2023-11-20T02:20:18.6867067Z Firefox 119.0 (Ubuntu 0.0.0): Executed 177 of 306 SUCCESS (0 secs / 0.592 secs)
2023-11-20T02:20:18.6869287Z [1A[2K[1A[2KChrome Headless 118.0.5993.117 (Linux x86_64): Executed 230 of 306 SUCCESS (0 secs / 2.005 secs)
2023-11-20T02:20:18.6871201Z Firefox 119.0 (Ubuntu 0.0.0): Executed 178 of 306 SUCCESS (0 secs / 0.592 secs)
2023-11-20T02:20:18.6873265Z [1A[2K[1A[2KChrome Headless 118.0.5993.117 (Linux x86_64): Executed 230 of 306 SUCCESS (0 secs / 2.005 secs)
2023-11-20T02:20:18.6874993Z Firefox 119.0 (Ubuntu 0.0.0): Executed 179 of 306 SUCCESS (0 secs / 0.593 secs)
2023-11-20T02:20:18.6886765Z [1A[2K[1A[2KChrome Headless 118.0.5993.117 (Linux x86_64): Executed 230 of 306 SUCCESS (0 secs / 2.005 secs)
2023-11-20T02:20:18.6888531Z Firefox 119.0 (Ubuntu 0.0.0): Executed 180 of 306 SUCCESS (0 secs / 0.593 secs)
2023-11-20T02:20:18.6890597Z [1A[2K[1A[2KChrome Headless 118.0.5993.117 (Linux x86_64): Executed 230 of 306 SUCCESS (0 secs / 2.005 secs)
2023-11-20T02:20:18.6892490Z Firefox 119.0 (Ubuntu 0.0.0): Executed 181 of 306 SUCCESS (0 secs / 0.593 secs)
2023-11-20T02:20:18.6894541Z [1A[2K[1A[2KChrome Headless 118.0.5993.117 (Linux x86_64): Executed 230 of 306 SUCCESS (0 secs / 2.005 secs)
2023-11-20T02:20:18.6896238Z Firefox 119.0 (Ubuntu 0.0.0): Executed 182 of 306 SUCCESS (0 secs / 0.594 secs)
2023-11-20T02:20:18.6897656Z [1A[2K[1A[2KChrome Headless 118.0.5993.117 (Linux x86_64): Executed 230 of 306 SUCCESS (0 secs / 2.005 secs)
2023-11-20T02:20:18.6898936Z Firefox 119.0 (Ubuntu 0.0.0): Executed 183 of 306 SUCCESS (0 secs / 0.594 secs)
2023-11-20T02:20:18.7393650Z [1A[2K[1A[2KChrome Headless 118.0.5993.117 (Linux x86_64): Executed 231 of 306 SUCCESS (0 secs / 2.105 secs)
2023-11-20T02:20:18.7395426Z Firefox 119.0 (Ubuntu 0.0.0): Executed 183 of 306 SUCCESS (0 secs / 0.594 secs)
2023-11-20T02:20:18.7932361Z [1A[2K[1A[2KChrome Headless 118.0.5993.117 (Linux x86_64): Executed 231 of 306 SUCCESS (0 secs / 2.105 secs)
2023-11-20T02:20:18.7934261Z Firefox 119.0 (Ubuntu 0.0.0): Executed 184 of 306 SUCCESS (0 secs / 0.695 secs)
2023-11-20T02:20:18.7936063Z [1A[2K[1A[2KChrome Headless 118.0.5993.117 (Linux x86_64): Executed 231 of 306 SUCCESS (0 secs / 2.105 secs)
2023-11-20T02:20:18.7937625Z Firefox 119.0 (Ubuntu 0.0.0): Executed 185 of 306 SUCCESS (0 secs / 0.696 secs)
2023-11-20T02:20:18.7939838Z [1A[2K[1A[2KChrome Headless 118.0.5993.117 (Linux x86_64): Executed 231 of 306 SUCCESS (0 secs / 2.105 secs)
2023-11-20T02:20:18.7941509Z Firefox 119.0 (Ubuntu 0.0.0): Executed 186 of 306 SUCCESS (0 secs / 0.697 secs)
2023-11-20T02:20:18.7943489Z [1A[2K[1A[2KChrome Headless 118.0.5993.117 (Linux x86_64): Executed 231 of 306 SUCCESS (0 secs / 2.105 secs)
2023-11-20T02:20:18.7945336Z Firefox 119.0 (Ubuntu 0.0.0): Executed 187 of 306 SUCCESS (0 secs / 0.697 secs)
2023-11-20T02:20:18.7953593Z [1A[2K[1A[2KChrome Headless 118.0.5993.117 (Linux x86_64): Executed 231 of 306 SUCCESS (0 secs / 2.105 secs)
2023-11-20T02:20:18.7955505Z Firefox 119.0 (Ubuntu 0.0.0): Executed 188 of 306 SUCCESS (0 secs / 0.698 secs)
2023-11-20T02:20:18.7957732Z [1A[2K[1A[2KChrome Headless 118.0.5993.117 (Linux x86_64): Executed 231 of 306 SUCCESS (0 secs / 2.105 secs)
2023-11-20T02:20:18.7959423Z Firefox 119.0 (Ubuntu 0.0.0): Executed 189 of 306 SUCCESS (0 secs / 0.699 secs)
2023-11-20T02:20:18.7966821Z [1A[2K[1A[2KChrome Headless 118.0.5993.117 (Linux x86_64): Executed 231 of 306 SUCCESS (0 secs / 2.105 secs)
2023-11-20T02:20:18.7968495Z Firefox 119.0 (Ubuntu 0.0.0): Executed 190 of 306 SUCCESS (0 secs / 0.699 secs)
2023-11-20T02:20:18.8049387Z [1A[2K[1A[2KChrome Headless 118.0.5993.117 (Linux x86_64): Executed 231 of 306 SUCCESS (0 secs / 2.105 secs)
2023-11-20T02:20:18.8051171Z Firefox 119.0 (Ubuntu 0.0.0): Executed 191 of 306 SUCCESS (0 secs / 0.699 secs)
2023-11-20T02:20:18.8053017Z [1A[2K[1A[2KChrome Headless 118.0.5993.117 (Linux x86_64): Executed 231 of 306 SUCCESS (0 secs / 2.105 secs)
2023-11-20T02:20:18.8054414Z Firefox 119.0 (Ubuntu 0.0.0): Executed 192 of 306 SUCCESS (0 secs / 0.7 secs)
2023-11-20T02:20:18.8055623Z [1A[2K[1A[2KChrome Headless 118.0.5993.117 (Linux x86_64): Executed 231 of 306 SUCCESS (0 secs / 2.105 secs)
2023-11-20T02:20:18.8056609Z Firefox 119.0 (Ubuntu 0.0.0): Executed 193 of 306 SUCCESS (0 secs / 0.7 secs)
2023-11-20T02:20:18.8057645Z [1A[2K[1A[2KChrome Headless 118.0.5993.117 (Linux x86_64): Executed 231 of 306 SUCCESS (0 secs / 2.105 secs)
2023-11-20T02:20:18.8058953Z Firefox 119.0 (Ubuntu 0.0.0): Executed 194 of 306 SUCCESS (0 secs / 0.7 secs)
2023-11-20T02:20:18.8060128Z [1A[2K[1A[2KChrome Headless 118.0.5993.117 (Linux x86_64): Executed 231 of 306 SUCCESS (0 secs / 2.105 secs)
2023-11-20T02:20:18.8061075Z Firefox 119.0 (Ubuntu 0.0.0): Executed 195 of 306 SUCCESS (0 secs / 0.7 secs)
2023-11-20T02:20:18.8062200Z [1A[2K[1A[2KChrome Headless 118.0.5993.117 (Linux x86_64): Executed 231 of 306 SUCCESS (0 secs / 2.105 secs)
2023-11-20T02:20:18.8063115Z Firefox 119.0 (Ubuntu 0.0.0): Executed 196 of 306 SUCCESS (0 secs / 0.701 secs)
2023-11-20T02:20:18.8398763Z [1A[2K[1A[2KChrome Headless 118.0.5993.117 (Linux x86_64): Executed 232 of 306 SUCCESS (0 secs / 2.206 secs)
2023-11-20T02:20:18.8399947Z Firefox 119.0 (Ubuntu 0.0.0): Executed 196 of 306 SUCCESS (0 secs / 0.701 secs)
2023-11-20T02:20:18.8403907Z [1A[2K[1A[2KChrome Headless 118.0.5993.117 (Linux x86_64): Executed 233 of 306 SUCCESS (0 secs / 2.206 secs)
2023-11-20T02:20:18.8405827Z Firefox 119.0 (Ubuntu 0.0.0): Executed 196 of 306 SUCCESS (0 secs / 0.701 secs)
2023-11-20T02:20:18.8416871Z [1A[2K[1A[2KChrome Headless 118.0.5993.117 (Linux x86_64): Executed 234 of 306 SUCCESS (0 secs / 2.207 secs)
2023-11-20T02:20:18.8418771Z Firefox 119.0 (Ubuntu 0.0.0): Executed 196 of 306 SUCCESS (0 secs / 0.701 secs)
2023-11-20T02:20:18.8420749Z [1A[2K[1A[2KChrome Headless 118.0.5993.117 (Linux x86_64): Executed 235 of 306 SUCCESS (0 secs / 2.207 secs)
2023-11-20T02:20:18.8422418Z Firefox 119.0 (Ubuntu 0.0.0): Executed 196 of 306 SUCCESS (0 secs / 0.701 secs)
2023-11-20T02:20:18.8424324Z [1A[2K[1A[2KChrome Headless 118.0.5993.117 (Linux x86_64): Executed 236 of 306 SUCCESS (0 secs / 2.208 secs)
2023-11-20T02:20:18.8426088Z Firefox 119.0 (Ubuntu 0.0.0): Executed 196 of 306 SUCCESS (0 secs / 0.701 secs)
2023-11-20T02:20:18.8433323Z [1A[2K[1A[2KChrome Headless 118.0.5993.117 (Linux x86_64): Executed 237 of 306 SUCCESS (0 secs / 2.209 secs)
2023-11-20T02:20:18.8435025Z Firefox 119.0 (Ubuntu 0.0.0): Executed 196 of 306 SUCCESS (0 secs / 0.701 secs)
2023-11-20T02:20:18.8443908Z [1A[2K[1A[2KChrome Headless 118.0.5993.117 (Linux x86_64): Executed 238 of 306 SUCCESS (0 secs / 2.21 secs)
2023-11-20T02:20:18.8446348Z Firefox 119.0 (Ubuntu 0.0.0): Executed 196 of 306 SUCCESS (0 secs / 0.701 secs)
2023-11-20T02:20:18.8448526Z [1A[2K[1A[2KChrome Headless 118.0.5993.117 (Linux x86_64): Executed 239 of 306 SUCCESS (0 secs / 2.211 secs)
2023-11-20T02:20:18.8450342Z Firefox 119.0 (Ubuntu 0.0.0): Executed 196 of 306 SUCCESS (0 secs / 0.701 secs)
2023-11-20T02:20:18.8522844Z [1A[2K[1A[2KChrome Headless 118.0.5993.117 (Linux x86_64): Executed 240 of 306 SUCCESS (0 secs / 2.218 secs)
2023-11-20T02:20:18.8524821Z Firefox 119.0 (Ubuntu 0.0.0): Executed 196 of 306 SUCCESS (0 secs / 0.701 secs)
2023-11-20T02:20:18.8527644Z [1A[2K[1A[2KChrome Headless 118.0.5993.117 (Linux x86_64): Executed 241 of 306 SUCCESS (0 secs / 2.219 secs)
2023-11-20T02:20:18.8529677Z Firefox 119.0 (Ubuntu 0.0.0): Executed 196 of 306 SUCCESS (0 secs / 0.701 secs)
2023-11-20T02:20:18.8536427Z [1A[2K[1A[2KChrome Headless 118.0.5993.117 (Linux x86_64): Executed 242 of 306 SUCCESS (0 secs / 2.22 secs)
2023-11-20T02:20:18.8538503Z Firefox 119.0 (Ubuntu 0.0.0): Executed 196 of 306 SUCCESS (0 secs / 0.701 secs)
2023-11-20T02:20:18.8540802Z [1A[2K[1A[2KChrome Headless 118.0.5993.117 (Linux x86_64): Executed 243 of 306 SUCCESS (0 secs / 2.22 secs)
2023-11-20T02:20:18.8542711Z Firefox 119.0 (Ubuntu 0.0.0): Executed 196 of 306 SUCCESS (0 secs / 0.701 secs)
2023-11-20T02:20:18.8544947Z [1A[2K[1A[2KChrome Headless 118.0.5993.117 (Linux x86_64): Executed 244 of 306 SUCCESS (0 secs / 2.221 secs)
2023-11-20T02:20:18.8546959Z Firefox 119.0 (Ubuntu 0.0.0): Executed 196 of 306 SUCCESS (0 secs / 0.701 secs)
2023-11-20T02:20:18.8551589Z [1A[2K[1A[2KChrome Headless 118.0.5993.117 (Linux x86_64): Executed 245 of 306 SUCCESS (0 secs / 2.221 secs)
2023-11-20T02:20:18.8553351Z Firefox 119.0 (Ubuntu 0.0.0): Executed 196 of 306 SUCCESS (0 secs / 0.701 secs)
2023-11-20T02:20:18.8555562Z [1A[2K[1A[2KChrome Headless 118.0.5993.117 (Linux x86_64): Executed 246 of 306 SUCCESS (0 secs / 2.222 secs)
2023-11-20T02:20:18.8557251Z Firefox 119.0 (Ubuntu 0.0.0): Executed 196 of 306 SUCCESS (0 secs / 0.701 secs)
2023-11-20T02:20:18.9511098Z [1A[2K[1A[2KChrome Headless 118.0.5993.117 (Linux x86_64): Executed 246 of 306 SUCCESS (0 secs / 2.222 secs)
2023-11-20T02:20:18.9512835Z Firefox 119.0 (Ubuntu 0.0.0): Executed 197 of 306 SUCCESS (0 secs / 0.852 secs)
2023-11-20T02:20:18.9532139Z [1A[2K[1A[2KChrome Headless 118.0.5993.117 (Linux x86_64): Executed 246 of 306 SUCCESS (0 secs / 2.222 secs)
2023-11-20T02:20:18.9533172Z Firefox 119.0 (Ubuntu 0.0.0): Executed 198 of 306 SUCCESS (0 secs / 0.853 secs)
2023-11-20T02:20:18.9565212Z [1A[2K[1A[2KChrome Headless 118.0.5993.117 (Linux x86_64): Executed 247 of 306 SUCCESS (0 secs / 2.323 secs)
2023-11-20T02:20:18.9566945Z Firefox 119.0 (Ubuntu 0.0.0): Executed 198 of 306 SUCCESS (0 secs / 0.853 secs)
2023-11-20T02:20:19.0532602Z [1A[2K[1A[2KChrome Headless 118.0.5993.117 (Linux x86_64): Executed 247 of 306 SUCCESS (0 secs / 2.323 secs)
2023-11-20T02:20:19.0534508Z Firefox 119.0 (Ubuntu 0.0.0): Executed 199 of 306 SUCCESS (0 secs / 0.953 secs)
2023-11-20T02:20:19.0576206Z [1A[2K[1A[2KChrome Headless 118.0.5993.117 (Linux x86_64): Executed 248 of 306 SUCCESS (0 secs / 2.424 secs)
2023-11-20T02:20:19.0577786Z Firefox 119.0 (Ubuntu 0.0.0): Executed 199 of 306 SUCCESS (0 secs / 0.953 secs)
2023-11-20T02:20:19.1548094Z [1A[2K[1A[2KChrome Headless 118.0.5993.117 (Linux x86_64): Executed 248 of 306 SUCCESS (0 secs / 2.424 secs)
2023-11-20T02:20:19.1550059Z Firefox 119.0 (Ubuntu 0.0.0): Executed 200 of 306 SUCCESS (0 secs / 1.055 secs)
2023-11-20T02:20:19.1585956Z [1A[2K[1A[2KChrome Headless 118.0.5993.117 (Linux x86_64): Executed 249 of 306 SUCCESS (0 secs / 2.525 secs)
2023-11-20T02:20:19.1587141Z Firefox 119.0 (Ubuntu 0.0.0): Executed 200 of 306 SUCCESS (0 secs / 1.055 secs)
2023-11-20T02:20:19.2560540Z [1A[2K[1A[2KChrome Headless 118.0.5993.117 (Linux x86_64): Executed 249 of 306 SUCCESS (0 secs / 2.525 secs)
2023-11-20T02:20:19.2561644Z Firefox 119.0 (Ubuntu 0.0.0): Executed 201 of 306 SUCCESS (0 secs / 1.156 secs)
2023-11-20T02:20:19.2594616Z [1A[2K[1A[2KChrome Headless 118.0.5993.117 (Linux x86_64): Executed 250 of 306 SUCCESS (0 secs / 2.625 secs)
2023-11-20T02:20:19.2596328Z Firefox 119.0 (Ubuntu 0.0.0): Executed 201 of 306 SUCCESS (0 secs / 1.156 secs)
2023-11-20T02:20:19.2600315Z [1A[2K[1A[2KChrome Headless 118.0.5993.117 (Linux x86_64): Executed 251 of 306 SUCCESS (0 secs / 2.625 secs)
2023-11-20T02:20:19.2602155Z Firefox 119.0 (Ubuntu 0.0.0): Executed 201 of 306 SUCCESS (0 secs / 1.156 secs)
2023-11-20T02:20:19.2604689Z [1A[2K[1A[2KChrome Headless 118.0.5993.117 (Linux x86_64): Executed 252 of 306 SUCCESS (0 secs / 2.626 secs)
2023-11-20T02:20:19.2606983Z Firefox 119.0 (Ubuntu 0.0.0): Executed 201 of 306 SUCCESS (0 secs / 1.156 secs)
2023-11-20T02:20:19.2609790Z [1A[2K[1A[2KChrome Headless 118.0.5993.117 (Linux x86_64): Executed 253 of 306 SUCCESS (0 secs / 2.626 secs)
2023-11-20T02:20:19.2611531Z Firefox 119.0 (Ubuntu 0.0.0): Executed 201 of 306 SUCCESS (0 secs / 1.156 secs)
2023-11-20T02:20:19.3574047Z [1A[2K[1A[2KChrome Headless 118.0.5993.117 (Linux x86_64): Executed 253 of 306 SUCCESS (0 secs / 2.626 secs)
2023-11-20T02:20:19.3575634Z Firefox 119.0 (Ubuntu 0.0.0): Executed 202 of 306 SUCCESS (0 secs / 1.258 secs)
2023-11-20T02:20:19.3619189Z [1A[2K[1A[2KChrome Headless 118.0.5993.117 (Linux x86_64): Executed 254 of 306 SUCCESS (0 secs / 2.727 secs)
2023-11-20T02:20:19.3621259Z Firefox 119.0 (Ubuntu 0.0.0): Executed 202 of 306 SUCCESS (0 secs / 1.258 secs)
2023-11-20T02:20:19.3624693Z [1A[2K[1A[2KChrome Headless 118.0.5993.117 (Linux x86_64): Executed 255 of 306 SUCCESS (0 secs / 2.727 secs)
2023-11-20T02:20:19.3626110Z Firefox 119.0 (Ubuntu 0.0.0): Executed 202 of 306 SUCCESS (0 secs / 1.258 secs)
2023-11-20T02:20:19.3630044Z [1A[2K[1A[2KChrome Headless 118.0.5993.117 (Linux x86_64): Executed 256 of 306 SUCCESS (0 secs / 2.727 secs)
2023-11-20T02:20:19.3631834Z Firefox 119.0 (Ubuntu 0.0.0): Executed 202 of 306 SUCCESS (0 secs / 1.258 secs)
2023-11-20T02:20:19.3635129Z [1A[2K[1A[2KChrome Headless 118.0.5993.117 (Linux x86_64): Executed 257 of 306 SUCCESS (0 secs / 2.727 secs)
2023-11-20T02:20:19.3636958Z Firefox 119.0 (Ubuntu 0.0.0): Executed 202 of 306 SUCCESS (0 secs / 1.258 secs)
2023-11-20T02:20:19.3640514Z [1A[2K[1A[2KChrome Headless 118.0.5993.117 (Linux x86_64): Executed 258 of 306 SUCCESS (0 secs / 2.727 secs)
2023-11-20T02:20:19.3642197Z Firefox 119.0 (Ubuntu 0.0.0): Executed 202 of 306 SUCCESS (0 secs / 1.258 secs)
2023-11-20T02:20:19.3648388Z [1A[2K[1A[2KChrome Headless 118.0.5993.117 (Linux x86_64): Executed 259 of 306 SUCCESS (0 secs / 2.728 secs)
2023-11-20T02:20:19.3649794Z Firefox 119.0 (Ubuntu 0.0.0): Executed 202 of 306 SUCCESS (0 secs / 1.258 secs)
2023-11-20T02:20:19.4590833Z [1A[2K[1A[2KChrome Headless 118.0.5993.117 (Linux x86_64): Executed 259 of 306 SUCCESS (0 secs / 2.728 secs)
2023-11-20T02:20:19.4592168Z Firefox 119.0 (Ubuntu 0.0.0): Executed 203 of 306 SUCCESS (0 secs / 1.359 secs)
2023-11-20T02:20:19.4656995Z [1A[2K[1A[2KChrome Headless 118.0.5993.117 (Linux x86_64): Executed 260 of 306 SUCCESS (0 secs / 2.829 secs)
2023-11-20T02:20:19.4659584Z Firefox 119.0 (Ubuntu 0.0.0): Executed 203 of 306 SUCCESS (0 secs / 1.359 secs)
2023-11-20T02:20:19.5605932Z [1A[2K[1A[2KChrome Headless 118.0.5993.117 (Linux x86_64): Executed 260 of 306 SUCCESS (0 secs / 2.829 secs)
2023-11-20T02:20:19.5607573Z Firefox 119.0 (Ubuntu 0.0.0): Executed 204 of 306 SUCCESS (0 secs / 1.461 secs)
2023-11-20T02:20:19.5666583Z [1A[2K[1A[2KChrome Headless 118.0.5993.117 (Linux x86_64): Executed 261 of 306 SUCCESS (0 secs / 2.93 secs)
2023-11-20T02:20:19.5668067Z Firefox 119.0 (Ubuntu 0.0.0): Executed 204 of 306 SUCCESS (0 secs / 1.461 secs)
2023-11-20T02:20:19.6618923Z [1A[2K[1A[2KChrome Headless 118.0.5993.117 (Linux x86_64): Executed 261 of 306 SUCCESS (0 secs / 2.93 secs)
2023-11-20T02:20:19.6620867Z Firefox 119.0 (Ubuntu 0.0.0): Executed 205 of 306 SUCCESS (0 secs / 1.561 secs)
2023-11-20T02:20:19.6673114Z [1A[2K[1A[2KChrome Headless 118.0.5993.117 (Linux x86_64): Executed 262 of 306 SUCCESS (0 secs / 3.03 secs)
2023-11-20T02:20:19.6674934Z Firefox 119.0 (Ubuntu 0.0.0): Executed 205 of 306 SUCCESS (0 secs / 1.561 secs)
2023-11-20T02:20:19.7633721Z [1A[2K[1A[2KChrome Headless 118.0.5993.117 (Linux x86_64): Executed 262 of 306 SUCCESS (0 secs / 3.03 secs)
2023-11-20T02:20:19.7635384Z Firefox 119.0 (Ubuntu 0.0.0): Executed 206 of 306 SUCCESS (0 secs / 1.662 secs)
2023-11-20T02:20:19.7680070Z [1A[2K[1A[2KChrome Headless 118.0.5993.117 (Linux x86_64): Executed 263 of 306 SUCCESS (0 secs / 3.131 secs)
2023-11-20T02:20:19.7681649Z Firefox 119.0 (Ubuntu 0.0.0): Executed 206 of 306 SUCCESS (0 secs / 1.662 secs)
2023-11-20T02:20:19.7687117Z [1A[2K[1A[2KChrome Headless 118.0.5993.117 (Linux x86_64): Executed 264 of 306 SUCCESS (0 secs / 3.132 secs)
2023-11-20T02:20:19.7689064Z Firefox 119.0 (Ubuntu 0.0.0): Executed 206 of 306 SUCCESS (0 secs / 1.662 secs)
2023-11-20T02:20:19.7694415Z [1A[2K[1A[2KChrome Headless 118.0.5993.117 (Linux x86_64): Executed 265 of 306 SUCCESS (0 secs / 3.133 secs)
2023-11-20T02:20:19.7695626Z Firefox 119.0 (Ubuntu 0.0.0): Executed 206 of 306 SUCCESS (0 secs / 1.662 secs)
2023-11-20T02:20:19.7699364Z [1A[2K[1A[2KChrome Headless 118.0.5993.117 (Linux x86_64): Executed 266 of 306 SUCCESS (0 secs / 3.133 secs)
2023-11-20T02:20:19.7700398Z Firefox 119.0 (Ubuntu 0.0.0): Executed 206 of 306 SUCCESS (0 secs / 1.662 secs)
2023-11-20T02:20:19.7703943Z [1A[2K[1A[2KChrome Headless 118.0.5993.117 (Linux x86_64): Executed 267 of 306 SUCCESS (0 secs / 3.134 secs)
2023-11-20T02:20:19.7705567Z Firefox 119.0 (Ubuntu 0.0.0): Executed 206 of 306 SUCCESS (0 secs / 1.662 secs)
2023-11-20T02:20:19.7707819Z [1A[2K[1A[2KChrome Headless 118.0.5993.117 (Linux x86_64): Executed 268 of 306 SUCCESS (0 secs / 3.134 secs)
2023-11-20T02:20:19.7709390Z Firefox 119.0 (Ubuntu 0.0.0): Executed 206 of 306 SUCCESS (0 secs / 1.662 secs)
2023-11-20T02:20:19.7711375Z [1A[2K[1A[2KChrome Headless 118.0.5993.117 (Linux x86_64): Executed 269 of 306 SUCCESS (0 secs / 3.134 secs)
2023-11-20T02:20:19.7712752Z Firefox 119.0 (Ubuntu 0.0.0): Executed 206 of 306 SUCCESS (0 secs / 1.662 secs)
2023-11-20T02:20:19.7716008Z [1A[2K[1A[2KChrome Headless 118.0.5993.117 (Linux x86_64): Executed 270 of 306 SUCCESS (0 secs / 3.134 secs)
2023-11-20T02:20:19.7717853Z Firefox 119.0 (Ubuntu 0.0.0): Executed 206 of 306 SUCCESS (0 secs / 1.662 secs)
2023-11-20T02:20:19.7719845Z [1A[2K[1A[2KChrome Headless 118.0.5993.117 (Linux x86_64): Executed 271 of 306 SUCCESS (0 secs / 3.134 secs)
2023-11-20T02:20:19.7721756Z Firefox 119.0 (Ubuntu 0.0.0): Executed 206 of 306 SUCCESS (0 secs / 1.662 secs)
2023-11-20T02:20:19.7723822Z [1A[2K[1A[2KChrome Headless 118.0.5993.117 (Linux x86_64): Executed 272 of 306 SUCCESS (0 secs / 3.134 secs)
2023-11-20T02:20:19.7725599Z Firefox 119.0 (Ubuntu 0.0.0): Executed 206 of 306 SUCCESS (0 secs / 1.662 secs)
2023-11-20T02:20:19.7727799Z [1A[2K[1A[2KChrome Headless 118.0.5993.117 (Linux x86_64): Executed 273 of 306 SUCCESS (0 secs / 3.134 secs)
2023-11-20T02:20:19.7729504Z Firefox 119.0 (Ubuntu 0.0.0): Executed 206 of 306 SUCCESS (0 secs / 1.662 secs)
2023-11-20T02:20:19.7730985Z [1A[2K[1A[2KChrome Headless 118.0.5993.117 (Linux x86_64): Executed 274 of 306 SUCCESS (0 secs / 3.134 secs)
2023-11-20T02:20:19.7732906Z Firefox 119.0 (Ubuntu 0.0.0): Executed 206 of 306 SUCCESS (0 secs / 1.662 secs)
2023-11-20T02:20:19.7734976Z [1A[2K[1A[2KChrome Headless 118.0.5993.117 (Linux x86_64): Executed 275 of 306 SUCCESS (0 secs / 3.134 secs)
2023-11-20T02:20:19.7736754Z Firefox 119.0 (Ubuntu 0.0.0): Executed 206 of 306 SUCCESS (0 secs / 1.662 secs)
2023-11-20T02:20:19.7739126Z [1A[2K[1A[2KChrome Headless 118.0.5993.117 (Linux x86_64): Executed 276 of 306 SUCCESS (0 secs / 3.134 secs)
2023-11-20T02:20:19.7740905Z Firefox 119.0 (Ubuntu 0.0.0): Executed 206 of 306 SUCCESS (0 secs / 1.662 secs)
2023-11-20T02:20:19.7742910Z [1A[2K[1A[2KChrome Headless 118.0.5993.117 (Linux x86_64): Executed 277 of 306 SUCCESS (0 secs / 3.134 secs)
2023-11-20T02:20:19.7744877Z Firefox 119.0 (Ubuntu 0.0.0): Executed 206 of 306 SUCCESS (0 secs / 1.662 secs)
2023-11-20T02:20:19.7746823Z [1A[2K[1A[2KChrome Headless 118.0.5993.117 (Linux x86_64): Executed 278 of 306 SUCCESS (0 secs / 3.134 secs)
2023-11-20T02:20:19.7748633Z Firefox 119.0 (Ubuntu 0.0.0): Executed 206 of 306 SUCCESS (0 secs / 1.662 secs)
2023-11-20T02:20:19.7750858Z [1A[2K[1A[2KChrome Headless 118.0.5993.117 (Linux x86_64): Executed 279 of 306 SUCCESS (0 secs / 3.134 secs)
2023-11-20T02:20:19.7752599Z Firefox 119.0 (Ubuntu 0.0.0): Executed 206 of 306 SUCCESS (0 secs / 1.662 secs)
2023-11-20T02:20:19.7755090Z [1A[2K[1A[2KChrome Headless 118.0.5993.117 (Linux x86_64): Executed 280 of 306 SUCCESS (0 secs / 3.135 secs)
2023-11-20T02:20:19.7757144Z Firefox 119.0 (Ubuntu 0.0.0): Executed 206 of 306 SUCCESS (0 secs / 1.662 secs)
2023-11-20T02:20:19.7759203Z [1A[2K[1A[2KChrome Headless 118.0.5993.117 (Linux x86_64): Executed 281 of 306 SUCCESS (0 secs / 3.135 secs)
2023-11-20T02:20:19.7761116Z Firefox 119.0 (Ubuntu 0.0.0): Executed 206 of 306 SUCCESS (0 secs / 1.662 secs)
2023-11-20T02:20:19.7763119Z [1A[2K[1A[2KChrome Headless 118.0.5993.117 (Linux x86_64): Executed 282 of 306 SUCCESS (0 secs / 3.136 secs)
2023-11-20T02:20:19.7764883Z Firefox 119.0 (Ubuntu 0.0.0): Executed 206 of 306 SUCCESS (0 secs / 1.662 secs)
2023-11-20T02:20:19.7766988Z [1A[2K[1A[2KChrome Headless 118.0.5993.117 (Linux x86_64): Executed 283 of 306 SUCCESS (0 secs / 3.136 secs)
2023-11-20T02:20:19.7768745Z Firefox 119.0 (Ubuntu 0.0.0): Executed 206 of 306 SUCCESS (0 secs / 1.662 secs)
2023-11-20T02:20:19.7770791Z [1A[2K[1A[2KChrome Headless 118.0.5993.117 (Linux x86_64): Executed 284 of 306 SUCCESS (0 secs / 3.136 secs)
2023-11-20T02:20:19.7772756Z Firefox 119.0 (Ubuntu 0.0.0): Executed 206 of 306 SUCCESS (0 secs / 1.662 secs)
2023-11-20T02:20:19.7774810Z [1A[2K[1A[2KChrome Headless 118.0.5993.117 (Linux x86_64): Executed 285 of 306 SUCCESS (0 secs / 3.137 secs)
2023-11-20T02:20:19.7776542Z Firefox 119.0 (Ubuntu 0.0.0): Executed 206 of 306 SUCCESS (0 secs / 1.662 secs)
2023-11-20T02:20:19.7778920Z [1A[2K[1A[2KChrome Headless 118.0.5993.117 (Linux x86_64): Executed 286 of 306 SUCCESS (0 secs / 3.137 secs)
2023-11-20T02:20:19.7780679Z Firefox 119.0 (Ubuntu 0.0.0): Executed 206 of 306 SUCCESS (0 secs / 1.662 secs)
2023-11-20T02:20:19.7782805Z [1A[2K[1A[2KChrome Headless 118.0.5993.117 (Linux x86_64): Executed 287 of 306 SUCCESS (0 secs / 3.137 secs)
2023-11-20T02:20:19.7784546Z Firefox 119.0 (Ubuntu 0.0.0): Executed 206 of 306 SUCCESS (0 secs / 1.662 secs)
2023-11-20T02:20:19.7786546Z [1A[2K[1A[2KChrome Headless 118.0.5993.117 (Linux x86_64): Executed 288 of 306 SUCCESS (0 secs / 3.137 secs)
2023-11-20T02:20:19.7788540Z Firefox 119.0 (Ubuntu 0.0.0): Executed 206 of 306 SUCCESS (0 secs / 1.662 secs)
2023-11-20T02:20:19.7790599Z [1A[2K[1A[2KChrome Headless 118.0.5993.117 (Linux x86_64): Executed 289 of 306 SUCCESS (0 secs / 3.137 secs)
2023-11-20T02:20:19.7792351Z Firefox 119.0 (Ubuntu 0.0.0): Executed 206 of 306 SUCCESS (0 secs / 1.662 secs)
2023-11-20T02:20:19.7794506Z [1A[2K[1A[2KChrome Headless 118.0.5993.117 (Linux x86_64): Executed 290 of 306 SUCCESS (0 secs / 3.138 secs)
2023-11-20T02:20:19.7796318Z Firefox 119.0 (Ubuntu 0.0.0): Executed 206 of 306 SUCCESS (0 secs / 1.662 secs)
2023-11-20T02:20:19.7798362Z [1A[2K[1A[2KChrome Headless 118.0.5993.117 (Linux x86_64): Executed 291 of 306 SUCCESS (0 secs / 3.138 secs)
2023-11-20T02:20:19.7800137Z Firefox 119.0 (Ubuntu 0.0.0): Executed 206 of 306 SUCCESS (0 secs / 1.662 secs)
2023-11-20T02:20:19.7802095Z [1A[2K[1A[2KChrome Headless 118.0.5993.117 (Linux x86_64): Executed 292 of 306 SUCCESS (0 secs / 3.138 secs)
2023-11-20T02:20:19.7803833Z Firefox 119.0 (Ubuntu 0.0.0): Executed 206 of 306 SUCCESS (0 secs / 1.662 secs)
2023-11-20T02:20:19.7805952Z [1A[2K[1A[2KChrome Headless 118.0.5993.117 (Linux x86_64): Executed 293 of 306 SUCCESS (0 secs / 3.139 secs)
2023-11-20T02:20:19.7807599Z Firefox 119.0 (Ubuntu 0.0.0): Executed 206 of 306 SUCCESS (0 secs / 1.662 secs)
2023-11-20T02:20:19.7809721Z [1A[2K[1A[2KChrome Headless 118.0.5993.117 (Linux x86_64): Executed 294 of 306 SUCCESS (0 secs / 3.139 secs)
2023-11-20T02:20:19.7811340Z Firefox 119.0 (Ubuntu 0.0.0): Executed 206 of 306 SUCCESS (0 secs / 1.662 secs)
2023-11-20T02:20:19.7813218Z [1A[2K[1A[2KChrome Headless 118.0.5993.117 (Linux x86_64): Executed 295 of 306 SUCCESS (0 secs / 3.139 secs)
2023-11-20T02:20:19.7814989Z Firefox 119.0 (Ubuntu 0.0.0): Executed 206 of 306 SUCCESS (0 secs / 1.662 secs)
2023-11-20T02:20:19.7816993Z [1A[2K[1A[2KChrome Headless 118.0.5993.117 (Linux x86_64): Executed 296 of 306 SUCCESS (0 secs / 3.14 secs)
2023-11-20T02:20:19.7819166Z Firefox 119.0 (Ubuntu 0.0.0): Executed 206 of 306 SUCCESS (0 secs / 1.662 secs)
2023-11-20T02:20:19.7821560Z [1A[2K[1A[2KChrome Headless 118.0.5993.117 (Linux x86_64): Executed 297 of 306 SUCCESS (0 secs / 3.14 secs)
2023-11-20T02:20:19.7823327Z Firefox 119.0 (Ubuntu 0.0.0): Executed 206 of 306 SUCCESS (0 secs / 1.662 secs)
2023-11-20T02:20:19.7825349Z [1A[2K[1A[2KChrome Headless 118.0.5993.117 (Linux x86_64): Executed 298 of 306 SUCCESS (0 secs / 3.14 secs)
2023-11-20T02:20:19.7826901Z Firefox 119.0 (Ubuntu 0.0.0): Executed 206 of 306 SUCCESS (0 secs / 1.662 secs)
2023-11-20T02:20:19.7828076Z [1A[2K[1A[2KChrome Headless 118.0.5993.117 (Linux x86_64): Executed 299 of 306 SUCCESS (0 secs / 3.14 secs)
2023-11-20T02:20:19.7829859Z Firefox 119.0 (Ubuntu 0.0.0): Executed 206 of 306 SUCCESS (0 secs / 1.662 secs)
2023-11-20T02:20:19.7831441Z [1A[2K[1A[2KChrome Headless 118.0.5993.117 (Linux x86_64): Executed 300 of 306 SUCCESS (0 secs / 3.141 secs)
2023-11-20T02:20:19.7832416Z Firefox 119.0 (Ubuntu 0.0.0): Executed 206 of 306 SUCCESS (0 secs / 1.662 secs)
2023-11-20T02:20:19.7834482Z [1A[2K[1A[2KChrome Headless 118.0.5993.117 (Linux x86_64): Executed 301 of 306 SUCCESS (0 secs / 3.141 secs)
2023-11-20T02:20:19.7836145Z Firefox 119.0 (Ubuntu 0.0.0): Executed 206 of 306 SUCCESS (0 secs / 1.662 secs)
2023-11-20T02:20:19.7837889Z [1A[2K[1A[2KChrome Headless 118.0.5993.117 (Linux x86_64): Executed 302 of 306 SUCCESS (0 secs / 3.142 secs)
2023-11-20T02:20:19.7839420Z Firefox 119.0 (Ubuntu 0.0.0): Executed 206 of 306 SUCCESS (0 secs / 1.662 secs)
2023-11-20T02:20:19.7841202Z [1A[2K[1A[2KChrome Headless 118.0.5993.117 (Linux x86_64): Executed 303 of 306 SUCCESS (0 secs / 3.143 secs)
2023-11-20T02:20:19.7842743Z Firefox 119.0 (Ubuntu 0.0.0): Executed 206 of 306 SUCCESS (0 secs / 1.662 secs)
2023-11-20T02:20:19.7844440Z [1A[2K[1A[2KChrome Headless 118.0.5993.117 (Linux x86_64): Executed 304 of 306 SUCCESS (0 secs / 3.143 secs)
2023-11-20T02:20:19.7846337Z Firefox 119.0 (Ubuntu 0.0.0): Executed 206 of 306 SUCCESS (0 secs / 1.662 secs)
2023-11-20T02:20:19.7848335Z [1A[2K[1A[2KChrome Headless 118.0.5993.117 (Linux x86_64): Executed 305 of 306 SUCCESS (0 secs / 3.144 secs)
2023-11-20T02:20:19.7850142Z Firefox 119.0 (Ubuntu 0.0.0): Executed 206 of 306 SUCCESS (0 secs / 1.662 secs)
2023-11-20T02:20:19.8009393Z [1A[2K[1A[2KChrome Headless 118.0.5993.117 (Linux x86_64) xsrf should set xsrf header for cross origin when using withCredentials FAILED
2023-11-20T02:20:19.8010684Z 	Expected undefined to equal '12345'.
2023-11-20T02:20:19.8011733Z 	    at test/specs/xsrf.spec.js:78:69 <- test/specs/xsrf.spec.js:1279:71
2023-11-20T02:20:19.8013670Z Chrome Headless 118.0.5993.117 (Linux x86_64): Executed 306 of 306 (1 FAILED) (0 secs / 3.146 secs)
2023-11-20T02:20:19.8016141Z Firefox 119.0 (Ubuntu 0.0.0): Executed 206 of 306 SUCCESS (0 secs / 1.662 secs)
2023-11-20T02:20:19.8018440Z [1A[2K[1A[2KChrome Headless 118.0.5993.117 (Linux x86_64): Executed 306 of 306 (1 FAILED) (3.204 secs / 3.146 secs)
2023-11-20T02:20:19.8020194Z Firefox 119.0 (Ubuntu 0.0.0): Executed 206 of 306 SUCCESS (0 secs / 1.662 secs)
2023-11-20T02:20:19.8651286Z [1A[2K[1A[2KChrome Headless 118.0.5993.117 (Linux x86_64): Executed 306 of 306 (1 FAILED) (3.204 secs / 3.146 secs)
2023-11-20T02:20:19.8653108Z Firefox 119.0 (Ubuntu 0.0.0): Executed 207 of 306 SUCCESS (0 secs / 1.763 secs)
2023-11-20T02:20:19.9665669Z [1A[2K[1A[2KChrome Headless 118.0.5993.117 (Linux x86_64): Executed 306 of 306 (1 FAILED) (3.204 secs / 3.146 secs)
2023-11-20T02:20:19.9667710Z Firefox 119.0 (Ubuntu 0.0.0): Executed 208 of 306 SUCCESS (0 secs / 1.864 secs)
2023-11-20T02:20:20.0677833Z [1A[2K[1A[2KChrome Headless 118.0.5993.117 (Linux x86_64): Executed 306 of 306 (1 FAILED) (3.204 secs / 3.146 secs)
2023-11-20T02:20:20.0680115Z Firefox 119.0 (Ubuntu 0.0.0): Executed 209 of 306 SUCCESS (0 secs / 1.966 secs)
2023-11-20T02:20:20.1691749Z [1A[2K[1A[2KChrome Headless 118.0.5993.117 (Linux x86_64): Executed 306 of 306 (1 FAILED) (3.204 secs / 3.146 secs)
2023-11-20T02:20:20.1694494Z Firefox 119.0 (Ubuntu 0.0.0): Executed 210 of 306 SUCCESS (0 secs / 2.067 secs)
2023-11-20T02:20:20.1704011Z [1A[2K[1A[2KChrome Headless 118.0.5993.117 (Linux x86_64): Executed 306 of 306 (1 FAILED) (3.204 secs / 3.146 secs)
2023-11-20T02:20:20.1705891Z Firefox 119.0 (Ubuntu 0.0.0): Executed 211 of 306 SUCCESS (0 secs / 2.067 secs)
2023-11-20T02:20:20.1707760Z [1A[2K[1A[2KChrome Headless 118.0.5993.117 (Linux x86_64): Executed 306 of 306 (1 FAILED) (3.204 secs / 3.146 secs)
2023-11-20T02:20:20.1710006Z Firefox 119.0 (Ubuntu 0.0.0): Executed 212 of 306 SUCCESS (0 secs / 2.067 secs)
2023-11-20T02:20:20.1712823Z [1A[2K[1A[2KChrome Headless 118.0.5993.117 (Linux x86_64): Executed 306 of 306 (1 FAILED) (3.204 secs / 3.146 secs)
2023-11-20T02:20:20.1714931Z Firefox 119.0 (Ubuntu 0.0.0): Executed 213 of 306 SUCCESS (0 secs / 2.068 secs)
2023-11-20T02:20:20.1716827Z [1A[2K[1A[2KChrome Headless 118.0.5993.117 (Linux x86_64): Executed 306 of 306 (1 FAILED) (3.204 secs / 3.146 secs)
2023-11-20T02:20:20.1718606Z Firefox 119.0 (Ubuntu 0.0.0): Executed 214 of 306 SUCCESS (0 secs / 2.068 secs)
2023-11-20T02:20:20.1721271Z [1A[2K[1A[2KChrome Headless 118.0.5993.117 (Linux x86_64): Executed 306 of 306 (1 FAILED) (3.204 secs / 3.146 secs)
2023-11-20T02:20:20.1722569Z Firefox 119.0 (Ubuntu 0.0.0): Executed 215 of 306 SUCCESS (0 secs / 2.068 secs)
2023-11-20T02:20:20.1724968Z [1A[2K[1A[2KChrome Headless 118.0.5993.117 (Linux x86_64): Executed 306 of 306 (1 FAILED) (3.204 secs / 3.146 secs)
2023-11-20T02:20:20.1727064Z Firefox 119.0 (Ubuntu 0.0.0): Executed 216 of 306 SUCCESS (0 secs / 2.068 secs)
2023-11-20T02:20:20.1729220Z [1A[2K[1A[2KChrome Headless 118.0.5993.117 (Linux x86_64): Executed 306 of 306 (1 FAILED) (3.204 secs / 3.146 secs)
2023-11-20T02:20:20.1730967Z Firefox 119.0 (Ubuntu 0.0.0): Executed 217 of 306 SUCCESS (0 secs / 2.068 secs)
2023-11-20T02:20:20.1738534Z [1A[2K[1A[2KChrome Headless 118.0.5993.117 (Linux x86_64): Executed 306 of 306 (1 FAILED) (3.204 secs / 3.146 secs)
2023-11-20T02:20:20.1740169Z Firefox 119.0 (Ubuntu 0.0.0): Executed 218 of 306 SUCCESS (0 secs / 2.069 secs)
2023-11-20T02:20:20.1742982Z [1A[2K[1A[2KChrome Headless 118.0.5993.117 (Linux x86_64): Executed 306 of 306 (1 FAILED) (3.204 secs / 3.146 secs)
2023-11-20T02:20:20.1744710Z Firefox 119.0 (Ubuntu 0.0.0): Executed 219 of 306 SUCCESS (0 secs / 2.069 secs)
2023-11-20T02:20:20.1747137Z [1A[2K[1A[2KChrome Headless 118.0.5993.117 (Linux x86_64): Executed 306 of 306 (1 FAILED) (3.204 secs / 3.146 secs)
2023-11-20T02:20:20.1749011Z Firefox 119.0 (Ubuntu 0.0.0): Executed 220 of 306 SUCCESS (0 secs / 2.069 secs)
2023-11-20T02:20:20.1751665Z [1A[2K[1A[2KChrome Headless 118.0.5993.117 (Linux x86_64): Executed 306 of 306 (1 FAILED) (3.204 secs / 3.146 secs)
2023-11-20T02:20:20.1754165Z Firefox 119.0 (Ubuntu 0.0.0): Executed 221 of 306 SUCCESS (0 secs / 2.069 secs)
2023-11-20T02:20:20.1756197Z [1A[2K[1A[2KChrome Headless 118.0.5993.117 (Linux x86_64): Executed 306 of 306 (1 FAILED) (3.204 secs / 3.146 secs)
2023-11-20T02:20:20.1757952Z Firefox 119.0 (Ubuntu 0.0.0): Executed 222 of 306 SUCCESS (0 secs / 2.07 secs)
2023-11-20T02:20:20.1759878Z [1A[2K[1A[2KChrome Headless 118.0.5993.117 (Linux x86_64): Executed 306 of 306 (1 FAILED) (3.204 secs / 3.146 secs)
2023-11-20T02:20:20.1761452Z Firefox 119.0 (Ubuntu 0.0.0): Executed 223 of 306 SUCCESS (0 secs / 2.07 secs)
2023-11-20T02:20:20.1768325Z [1A[2K[1A[2KChrome Headless 118.0.5993.117 (Linux x86_64): Executed 306 of 306 (1 FAILED) (3.204 secs / 3.146 secs)
2023-11-20T02:20:20.1769993Z Firefox 119.0 (Ubuntu 0.0.0): Executed 224 of 306 SUCCESS (0 secs / 2.071 secs)
2023-11-20T02:20:20.1773909Z [1A[2K[1A[2KChrome Headless 118.0.5993.117 (Linux x86_64): Executed 306 of 306 (1 FAILED) (3.204 secs / 3.146 secs)
2023-11-20T02:20:20.1775035Z Firefox 119.0 (Ubuntu 0.0.0): Executed 225 of 306 SUCCESS (0 secs / 2.072 secs)
2023-11-20T02:20:20.1779865Z [1A[2K[1A[2KChrome Headless 118.0.5993.117 (Linux x86_64): Executed 306 of 306 (1 FAILED) (3.204 secs / 3.146 secs)
2023-11-20T02:20:20.1782039Z Firefox 119.0 (Ubuntu 0.0.0): Executed 226 of 306 SUCCESS (0 secs / 2.073 secs)
2023-11-20T02:20:20.1786059Z [1A[2K[1A[2KChrome Headless 118.0.5993.117 (Linux x86_64): Executed 306 of 306 (1 FAILED) (3.204 secs / 3.146 secs)
2023-11-20T02:20:20.1787767Z Firefox 119.0 (Ubuntu 0.0.0): Executed 227 of 306 SUCCESS (0 secs / 2.073 secs)
2023-11-20T02:20:20.1790284Z [1A[2K[1A[2KChrome Headless 118.0.5993.117 (Linux x86_64): Executed 306 of 306 (1 FAILED) (3.204 secs / 3.146 secs)
2023-11-20T02:20:20.1791433Z Firefox 119.0 (Ubuntu 0.0.0): Executed 228 of 306 SUCCESS (0 secs / 2.074 secs)
2023-11-20T02:20:20.1796304Z [1A[2K[1A[2KChrome Headless 118.0.5993.117 (Linux x86_64): Executed 306 of 306 (1 FAILED) (3.204 secs / 3.146 secs)
2023-11-20T02:20:20.1797329Z Firefox 119.0 (Ubuntu 0.0.0): Executed 229 of 306 SUCCESS (0 secs / 2.074 secs)
2023-11-20T02:20:20.2806253Z [1A[2K[1A[2KChrome Headless 118.0.5993.117 (Linux x86_64): Executed 306 of 306 (1 FAILED) (3.204 secs / 3.146 secs)
2023-11-20T02:20:20.2808164Z Firefox 119.0 (Ubuntu 0.0.0): Executed 230 of 306 SUCCESS (0 secs / 2.175 secs)
2023-11-20T02:20:20.3811332Z [1A[2K[1A[2KChrome Headless 118.0.5993.117 (Linux x86_64): Executed 306 of 306 (1 FAILED) (3.204 secs / 3.146 secs)
2023-11-20T02:20:20.3813187Z Firefox 119.0 (Ubuntu 0.0.0): Executed 231 of 306 SUCCESS (0 secs / 2.276 secs)
2023-11-20T02:20:20.4817830Z [1A[2K[1A[2KChrome Headless 118.0.5993.117 (Linux x86_64): Executed 306 of 306 (1 FAILED) (3.204 secs / 3.146 secs)
2023-11-20T02:20:20.4820330Z Firefox 119.0 (Ubuntu 0.0.0): Executed 232 of 306 SUCCESS (0 secs / 2.376 secs)
2023-11-20T02:20:20.4829165Z [1A[2K[1A[2KChrome Headless 118.0.5993.117 (Linux x86_64): Executed 306 of 306 (1 FAILED) (3.204 secs / 3.146 secs)
2023-11-20T02:20:20.4830697Z Firefox 119.0 (Ubuntu 0.0.0): Executed 233 of 306 SUCCESS (0 secs / 2.376 secs)
2023-11-20T02:20:20.4838132Z [1A[2K[1A[2KChrome Headless 118.0.5993.117 (Linux x86_64): Executed 306 of 306 (1 FAILED) (3.204 secs / 3.146 secs)
2023-11-20T02:20:20.4839175Z Firefox 119.0 (Ubuntu 0.0.0): Executed 234 of 306 SUCCESS (0 secs / 2.377 secs)
2023-11-20T02:20:20.4843946Z [1A[2K[1A[2KChrome Headless 118.0.5993.117 (Linux x86_64): Executed 306 of 306 (1 FAILED) (3.204 secs / 3.146 secs)
2023-11-20T02:20:20.4846020Z Firefox 119.0 (Ubuntu 0.0.0): Executed 235 of 306 SUCCESS (0 secs / 2.378 secs)
2023-11-20T02:20:20.4848621Z [1A[2K[1A[2KChrome Headless 118.0.5993.117 (Linux x86_64): Executed 306 of 306 (1 FAILED) (3.204 secs / 3.146 secs)
2023-11-20T02:20:20.4850508Z Firefox 119.0 (Ubuntu 0.0.0): Executed 236 of 306 SUCCESS (0 secs / 2.379 secs)
2023-11-20T02:20:20.4852961Z [1A[2K[1A[2KChrome Headless 118.0.5993.117 (Linux x86_64): Executed 306 of 306 (1 FAILED) (3.204 secs / 3.146 secs)
2023-11-20T02:20:20.4854786Z Firefox 119.0 (Ubuntu 0.0.0): Executed 237 of 306 SUCCESS (0 secs / 2.379 secs)
2023-11-20T02:20:20.4859287Z [1A[2K[1A[2KChrome Headless 118.0.5993.117 (Linux x86_64): Executed 306 of 306 (1 FAILED) (3.204 secs / 3.146 secs)
2023-11-20T02:20:20.4861307Z Firefox 119.0 (Ubuntu 0.0.0): Executed 238 of 306 SUCCESS (0 secs / 2.38 secs)
2023-11-20T02:20:20.4864817Z [1A[2K[1A[2KChrome Headless 118.0.5993.117 (Linux x86_64): Executed 306 of 306 (1 FAILED) (3.204 secs / 3.146 secs)
2023-11-20T02:20:20.4866730Z Firefox 119.0 (Ubuntu 0.0.0): Executed 239 of 306 SUCCESS (0 secs / 2.38 secs)
2023-11-20T02:20:20.5076015Z [1A[2K[1A[2KChrome Headless 118.0.5993.117 (Linux x86_64): Executed 306 of 306 (1 FAILED) (3.204 secs / 3.146 secs)
2023-11-20T02:20:20.5077948Z Firefox 119.0 (Ubuntu 0.0.0): Executed 240 of 306 SUCCESS (0 secs / 2.401 secs)
2023-11-20T02:20:20.5082507Z [1A[2K[1A[2KChrome Headless 118.0.5993.117 (Linux x86_64): Executed 306 of 306 (1 FAILED) (3.204 secs / 3.146 secs)
2023-11-20T02:20:20.5084395Z Firefox 119.0 (Ubuntu 0.0.0): Executed 241 of 306 SUCCESS (0 secs / 2.402 secs)
2023-11-20T02:20:20.5090050Z [1A[2K[1A[2KChrome Headless 118.0.5993.117 (Linux x86_64): Executed 306 of 306 (1 FAILED) (3.204 secs / 3.146 secs)
2023-11-20T02:20:20.5092335Z Firefox 119.0 (Ubuntu 0.0.0): Executed 242 of 306 SUCCESS (0 secs / 2.403 secs)
2023-11-20T02:20:20.5095162Z [1A[2K[1A[2KChrome Headless 118.0.5993.117 (Linux x86_64): Executed 306 of 306 (1 FAILED) (3.204 secs / 3.146 secs)
2023-11-20T02:20:20.5097072Z Firefox 119.0 (Ubuntu 0.0.0): Executed 243 of 306 SUCCESS (0 secs / 2.403 secs)
2023-11-20T02:20:20.5100188Z [1A[2K[1A[2KChrome Headless 118.0.5993.117 (Linux x86_64): Executed 306 of 306 (1 FAILED) (3.204 secs / 3.146 secs)
2023-11-20T02:20:20.5102077Z Firefox 119.0 (Ubuntu 0.0.0): Executed 244 of 306 SUCCESS (0 secs / 2.404 secs)
2023-11-20T02:20:20.5105087Z [1A[2K[1A[2KChrome Headless 118.0.5993.117 (Linux x86_64): Executed 306 of 306 (1 FAILED) (3.204 secs / 3.146 secs)
2023-11-20T02:20:20.5106912Z Firefox 119.0 (Ubuntu 0.0.0): Executed 245 of 306 SUCCESS (0 secs / 2.404 secs)
2023-11-20T02:20:20.5109525Z [1A[2K[1A[2KChrome Headless 118.0.5993.117 (Linux x86_64): Executed 306 of 306 (1 FAILED) (3.204 secs / 3.146 secs)
2023-11-20T02:20:20.5111080Z Firefox 119.0 (Ubuntu 0.0.0): Executed 246 of 306 SUCCESS (0 secs / 2.404 secs)
2023-11-20T02:20:20.6118234Z [1A[2K[1A[2KChrome Headless 118.0.5993.117 (Linux x86_64): Executed 306 of 306 (1 FAILED) (3.204 secs / 3.146 secs)
2023-11-20T02:20:20.6120697Z Firefox 119.0 (Ubuntu 0.0.0): Executed 247 of 306 SUCCESS (0 secs / 2.504 secs)
2023-11-20T02:20:20.7132087Z [1A[2K[1A[2KChrome Headless 118.0.5993.117 (Linux x86_64): Executed 306 of 306 (1 FAILED) (3.204 secs / 3.146 secs)
2023-11-20T02:20:20.7134329Z Firefox 119.0 (Ubuntu 0.0.0): Executed 248 of 306 SUCCESS (0 secs / 2.605 secs)
2023-11-20T02:20:20.8145541Z [1A[2K[1A[2KChrome Headless 118.0.5993.117 (Linux x86_64): Executed 306 of 306 (1 FAILED) (3.204 secs / 3.146 secs)
2023-11-20T02:20:20.8147788Z Firefox 119.0 (Ubuntu 0.0.0): Executed 249 of 306 SUCCESS (0 secs / 2.706 secs)
2023-11-20T02:20:20.9159461Z [1A[2K[1A[2KChrome Headless 118.0.5993.117 (Linux x86_64): Executed 306 of 306 (1 FAILED) (3.204 secs / 3.146 secs)
2023-11-20T02:20:20.9161353Z Firefox 119.0 (Ubuntu 0.0.0): Executed 250 of 306 SUCCESS (0 secs / 2.807 secs)
2023-11-20T02:20:20.9167889Z [1A[2K[1A[2KChrome Headless 118.0.5993.117 (Linux x86_64): Executed 306 of 306 (1 FAILED) (3.204 secs / 3.146 secs)
2023-11-20T02:20:20.9169797Z Firefox 119.0 (Ubuntu 0.0.0): Executed 251 of 306 SUCCESS (0 secs / 2.808 secs)
2023-11-20T02:20:20.9175930Z [1A[2K[1A[2KChrome Headless 118.0.5993.117 (Linux x86_64): Executed 306 of 306 (1 FAILED) (3.204 secs / 3.146 secs)
2023-11-20T02:20:20.9177450Z Firefox 119.0 (Ubuntu 0.0.0): Executed 252 of 306 SUCCESS (0 secs / 2.809 secs)
2023-11-20T02:20:20.9180855Z [1A[2K[1A[2KChrome Headless 118.0.5993.117 (Linux x86_64): Executed 306 of 306 (1 FAILED) (3.204 secs / 3.146 secs)
2023-11-20T02:20:20.9181934Z Firefox 119.0 (Ubuntu 0.0.0): Executed 253 of 306 SUCCESS (0 secs / 2.81 secs)
2023-11-20T02:20:21.0233472Z [1A[2K[1A[2KChrome Headless 118.0.5993.117 (Linux x86_64): Executed 306 of 306 (1 FAILED) (3.204 secs / 3.146 secs)
2023-11-20T02:20:21.0234899Z Firefox 119.0 (Ubuntu 0.0.0): Executed 254 of 306 SUCCESS (0 secs / 2.91 secs)
2023-11-20T02:20:21.0236395Z [1A[2K[1A[2KChrome Headless 118.0.5993.117 (Linux x86_64): Executed 306 of 306 (1 FAILED) (3.204 secs / 3.146 secs)
2023-11-20T02:20:21.0237400Z Firefox 119.0 (Ubuntu 0.0.0): Executed 255 of 306 SUCCESS (0 secs / 2.911 secs)
2023-11-20T02:20:21.0238521Z [1A[2K[1A[2KChrome Headless 118.0.5993.117 (Linux x86_64): Executed 306 of 306 (1 FAILED) (3.204 secs / 3.146 secs)
2023-11-20T02:20:21.0239518Z Firefox 119.0 (Ubuntu 0.0.0): Executed 256 of 306 SUCCESS (0 secs / 2.911 secs)
2023-11-20T02:20:21.0240599Z [1A[2K[1A[2KChrome Headless 118.0.5993.117 (Linux x86_64): Executed 306 of 306 (1 FAILED) (3.204 secs / 3.146 secs)
2023-11-20T02:20:21.0241579Z Firefox 119.0 (Ubuntu 0.0.0): Executed 257 of 306 SUCCESS (0 secs / 2.912 secs)
2023-11-20T02:20:21.0243095Z [1A[2K[1A[2KChrome Headless 118.0.5993.117 (Linux x86_64): Executed 306 of 306 (1 FAILED) (3.204 secs / 3.146 secs)
2023-11-20T02:20:21.0244331Z Firefox 119.0 (Ubuntu 0.0.0): Executed 258 of 306 SUCCESS (0 secs / 2.912 secs)
2023-11-20T02:20:21.0245404Z [1A[2K[1A[2KChrome Headless 118.0.5993.117 (Linux x86_64): Executed 306 of 306 (1 FAILED) (3.204 secs / 3.146 secs)
2023-11-20T02:20:21.0246459Z Firefox 119.0 (Ubuntu 0.0.0): Executed 259 of 306 SUCCESS (0 secs / 2.913 secs)
2023-11-20T02:20:21.1232773Z [1A[2K[1A[2KChrome Headless 118.0.5993.117 (Linux x86_64): Executed 306 of 306 (1 FAILED) (3.204 secs / 3.146 secs)
2023-11-20T02:20:21.1234008Z Firefox 119.0 (Ubuntu 0.0.0): Executed 260 of 306 SUCCESS (0 secs / 3.013 secs)
2023-11-20T02:20:21.2245231Z [1A[2K[1A[2KChrome Headless 118.0.5993.117 (Linux x86_64): Executed 306 of 306 (1 FAILED) (3.204 secs / 3.146 secs)
2023-11-20T02:20:21.2246590Z Firefox 119.0 (Ubuntu 0.0.0): Executed 261 of 306 SUCCESS (0 secs / 3.115 secs)
2023-11-20T02:20:21.3263803Z [1A[2K[1A[2KChrome Headless 118.0.5993.117 (Linux x86_64): Executed 306 of 306 (1 FAILED) (3.204 secs / 3.146 secs)
2023-11-20T02:20:21.3265106Z Firefox 119.0 (Ubuntu 0.0.0): Executed 262 of 306 SUCCESS (0 secs / 3.216 secs)
2023-11-20T02:20:21.4278757Z [1A[2K[1A[2KChrome Headless 118.0.5993.117 (Linux x86_64): Executed 306 of 306 (1 FAILED) (3.204 secs / 3.146 secs)
2023-11-20T02:20:21.4280996Z Firefox 119.0 (Ubuntu 0.0.0): Executed 263 of 306 SUCCESS (0 secs / 3.318 secs)
2023-11-20T02:20:21.4287465Z [1A[2K[1A[2KChrome Headless 118.0.5993.117 (Linux x86_64): Executed 306 of 306 (1 FAILED) (3.204 secs / 3.146 secs)
2023-11-20T02:20:21.4288906Z Firefox 119.0 (Ubuntu 0.0.0): Executed 264 of 306 SUCCESS (0 secs / 3.319 secs)
2023-11-20T02:20:21.4293383Z [1A[2K[1A[2KChrome Headless 118.0.5993.117 (Linux x86_64): Executed 306 of 306 (1 FAILED) (3.204 secs / 3.146 secs)
2023-11-20T02:20:21.4294756Z Firefox 119.0 (Ubuntu 0.0.0): Executed 265 of 306 SUCCESS (0 secs / 3.319 secs)
2023-11-20T02:20:21.4300053Z [1A[2K[1A[2KChrome Headless 118.0.5993.117 (Linux x86_64): Executed 306 of 306 (1 FAILED) (3.204 secs / 3.146 secs)
2023-11-20T02:20:21.4304623Z Firefox 119.0 (Ubuntu 0.0.0): Executed 266 of 306 SUCCESS (0 secs / 3.32 secs)
2023-11-20T02:20:21.4307189Z [1A[2K[1A[2KChrome Headless 118.0.5993.117 (Linux x86_64): Executed 306 of 306 (1 FAILED) (3.204 secs / 3.146 secs)
2023-11-20T02:20:21.4308821Z Firefox 119.0 (Ubuntu 0.0.0): Executed 267 of 306 SUCCESS (0 secs / 3.32 secs)
2023-11-20T02:20:21.4317134Z [1A[2K[1A[2KChrome Headless 118.0.5993.117 (Linux x86_64): Executed 306 of 306 (1 FAILED) (3.204 secs / 3.146 secs)
2023-11-20T02:20:21.4319162Z Firefox 119.0 (Ubuntu 0.0.0): Executed 268 of 306 SUCCESS (0 secs / 3.32 secs)
2023-11-20T02:20:21.4321295Z [1A[2K[1A[2KChrome Headless 118.0.5993.117 (Linux x86_64): Executed 306 of 306 (1 FAILED) (3.204 secs / 3.146 secs)
2023-11-20T02:20:21.4323079Z Firefox 119.0 (Ubuntu 0.0.0): Executed 269 of 306 SUCCESS (0 secs / 3.32 secs)
2023-11-20T02:20:21.4325308Z [1A[2K[1A[2KChrome Headless 118.0.5993.117 (Linux x86_64): Executed 306 of 306 (1 FAILED) (3.204 secs / 3.146 secs)
2023-11-20T02:20:21.4327165Z Firefox 119.0 (Ubuntu 0.0.0): Executed 270 of 306 SUCCESS (0 secs / 3.321 secs)
2023-11-20T02:20:21.4329274Z [1A[2K[1A[2KChrome Headless 118.0.5993.117 (Linux x86_64): Executed 306 of 306 (1 FAILED) (3.204 secs / 3.146 secs)
2023-11-20T02:20:21.4331228Z Firefox 119.0 (Ubuntu 0.0.0): Executed 271 of 306 SUCCESS (0 secs / 3.321 secs)
2023-11-20T02:20:21.4333262Z [1A[2K[1A[2KChrome Headless 118.0.5993.117 (Linux x86_64): Executed 306 of 306 (1 FAILED) (3.204 secs / 3.146 secs)
2023-11-20T02:20:21.4335062Z Firefox 119.0 (Ubuntu 0.0.0): Executed 272 of 306 SUCCESS (0 secs / 3.321 secs)
2023-11-20T02:20:21.4337308Z [1A[2K[1A[2KChrome Headless 118.0.5993.117 (Linux x86_64): Executed 306 of 306 (1 FAILED) (3.204 secs / 3.146 secs)
2023-11-20T02:20:21.4339334Z Firefox 119.0 (Ubuntu 0.0.0): Executed 273 of 306 SUCCESS (0 secs / 3.321 secs)
2023-11-20T02:20:21.4342241Z [1A[2K[1A[2KChrome Headless 118.0.5993.117 (Linux x86_64): Executed 306 of 306 (1 FAILED) (3.204 secs / 3.146 secs)
2023-11-20T02:20:21.4344007Z Firefox 119.0 (Ubuntu 0.0.0): Executed 274 of 306 SUCCESS (0 secs / 3.321 secs)
2023-11-20T02:20:21.4346150Z [1A[2K[1A[2KChrome Headless 118.0.5993.117 (Linux x86_64): Executed 306 of 306 (1 FAILED) (3.204 secs / 3.146 secs)
2023-11-20T02:20:21.4348249Z Firefox 119.0 (Ubuntu 0.0.0): Executed 275 of 306 SUCCESS (0 secs / 3.322 secs)
2023-11-20T02:20:21.4350377Z [1A[2K[1A[2KChrome Headless 118.0.5993.117 (Linux x86_64): Executed 306 of 306 (1 FAILED) (3.204 secs / 3.146 secs)
2023-11-20T02:20:21.4352194Z Firefox 119.0 (Ubuntu 0.0.0): Executed 276 of 306 SUCCESS (0 secs / 3.322 secs)
2023-11-20T02:20:21.4354372Z [1A[2K[1A[2KChrome Headless 118.0.5993.117 (Linux x86_64): Executed 306 of 306 (1 FAILED) (3.204 secs / 3.146 secs)
2023-11-20T02:20:21.4356225Z Firefox 119.0 (Ubuntu 0.0.0): Executed 277 of 306 SUCCESS (0 secs / 3.322 secs)
2023-11-20T02:20:21.4358369Z [1A[2K[1A[2KChrome Headless 118.0.5993.117 (Linux x86_64): Executed 306 of 306 (1 FAILED) (3.204 secs / 3.146 secs)
2023-11-20T02:20:21.4360322Z Firefox 119.0 (Ubuntu 0.0.0): Executed 278 of 306 SUCCESS (0 secs / 3.322 secs)
2023-11-20T02:20:21.4362323Z [1A[2K[1A[2KChrome Headless 118.0.5993.117 (Linux x86_64): Executed 306 of 306 (1 FAILED) (3.204 secs / 3.146 secs)
2023-11-20T02:20:21.4364161Z Firefox 119.0 (Ubuntu 0.0.0): Executed 279 of 306 SUCCESS (0 secs / 3.323 secs)
2023-11-20T02:20:21.4366408Z [1A[2K[1A[2KChrome Headless 118.0.5993.117 (Linux x86_64): Executed 306 of 306 (1 FAILED) (3.204 secs / 3.146 secs)
2023-11-20T02:20:21.4368216Z Firefox 119.0 (Ubuntu 0.0.0): Executed 280 of 306 SUCCESS (0 secs / 3.323 secs)
2023-11-20T02:20:21.4370498Z [1A[2K[1A[2KChrome Headless 118.0.5993.117 (Linux x86_64): Executed 306 of 306 (1 FAILED) (3.204 secs / 3.146 secs)
2023-11-20T02:20:21.4372284Z Firefox 119.0 (Ubuntu 0.0.0): Executed 281 of 306 SUCCESS (0 secs / 3.323 secs)
2023-11-20T02:20:21.4374369Z [1A[2K[1A[2KChrome Headless 118.0.5993.117 (Linux x86_64): Executed 306 of 306 (1 FAILED) (3.204 secs / 3.146 secs)
2023-11-20T02:20:21.4376321Z Firefox 119.0 (Ubuntu 0.0.0): Executed 282 of 306 SUCCESS (0 secs / 3.323 secs)
2023-11-20T02:20:21.4378658Z [1A[2K[1A[2KChrome Headless 118.0.5993.117 (Linux x86_64): Executed 306 of 306 (1 FAILED) (3.204 secs / 3.146 secs)
2023-11-20T02:20:21.4380506Z Firefox 119.0 (Ubuntu 0.0.0): Executed 283 of 306 SUCCESS (0 secs / 3.323 secs)
2023-11-20T02:20:21.4382703Z [1A[2K[1A[2KChrome Headless 118.0.5993.117 (Linux x86_64): Executed 306 of 306 (1 FAILED) (3.204 secs / 3.146 secs)
2023-11-20T02:20:21.4384517Z Firefox 119.0 (Ubuntu 0.0.0): Executed 284 of 306 SUCCESS (0 secs / 3.323 secs)
2023-11-20T02:20:21.4386630Z [1A[2K[1A[2KChrome Headless 118.0.5993.117 (Linux x86_64): Executed 306 of 306 (1 FAILED) (3.204 secs / 3.146 secs)
2023-11-20T02:20:21.4388617Z Firefox 119.0 (Ubuntu 0.0.0): Executed 285 of 306 SUCCESS (0 secs / 3.323 secs)
2023-11-20T02:20:21.4390818Z [1A[2K[1A[2KChrome Headless 118.0.5993.117 (Linux x86_64): Executed 306 of 306 (1 FAILED) (3.204 secs / 3.146 secs)
2023-11-20T02:20:21.4392592Z Firefox 119.0 (Ubuntu 0.0.0): Executed 286 of 306 SUCCESS (0 secs / 3.323 secs)
2023-11-20T02:20:21.4394849Z [1A[2K[1A[2KChrome Headless 118.0.5993.117 (Linux x86_64): Executed 306 of 306 (1 FAILED) (3.204 secs / 3.146 secs)
2023-11-20T02:20:21.4396652Z Firefox 119.0 (Ubuntu 0.0.0): Executed 287 of 306 SUCCESS (0 secs / 3.323 secs)
2023-11-20T02:20:21.4398903Z [1A[2K[1A[2KChrome Headless 118.0.5993.117 (Linux x86_64): Executed 306 of 306 (1 FAILED) (3.204 secs / 3.146 secs)
2023-11-20T02:20:21.4400637Z Firefox 119.0 (Ubuntu 0.0.0): Executed 288 of 306 SUCCESS (0 secs / 3.324 secs)
2023-11-20T02:20:21.4402837Z [1A[2K[1A[2KChrome Headless 118.0.5993.117 (Linux x86_64): Executed 306 of 306 (1 FAILED) (3.204 secs / 3.146 secs)
2023-11-20T02:20:21.4404801Z Firefox 119.0 (Ubuntu 0.0.0): Executed 289 of 306 SUCCESS (0 secs / 3.324 secs)
2023-11-20T02:20:21.4407821Z [1A[2K[1A[2KChrome Headless 118.0.5993.117 (Linux x86_64): Executed 306 of 306 (1 FAILED) (3.204 secs / 3.146 secs)
2023-11-20T02:20:21.4409662Z Firefox 119.0 (Ubuntu 0.0.0): Executed 290 of 306 SUCCESS (0 secs / 3.324 secs)
2023-11-20T02:20:21.4411827Z [1A[2K[1A[2KChrome Headless 118.0.5993.117 (Linux x86_64): Executed 306 of 306 (1 FAILED) (3.204 secs / 3.146 secs)
2023-11-20T02:20:21.4413679Z Firefox 119.0 (Ubuntu 0.0.0): Executed 291 of 306 SUCCESS (0 secs / 3.324 secs)
2023-11-20T02:20:21.4415739Z [1A[2K[1A[2KChrome Headless 118.0.5993.117 (Linux x86_64): Executed 306 of 306 (1 FAILED) (3.204 secs / 3.146 secs)
2023-11-20T02:20:21.4417706Z Firefox 119.0 (Ubuntu 0.0.0): Executed 292 of 306 SUCCESS (0 secs / 3.325 secs)
2023-11-20T02:20:21.4419988Z [1A[2K[1A[2KChrome Headless 118.0.5993.117 (Linux x86_64): Executed 306 of 306 (1 FAILED) (3.204 secs / 3.146 secs)
2023-11-20T02:20:21.4421753Z Firefox 119.0 (Ubuntu 0.0.0): Executed 293 of 306 SUCCESS (0 secs / 3.325 secs)
2023-11-20T02:20:21.4424010Z [1A[2K[1A[2KChrome Headless 118.0.5993.117 (Linux x86_64): Executed 306 of 306 (1 FAILED) (3.204 secs / 3.146 secs)
2023-11-20T02:20:21.4425838Z Firefox 119.0 (Ubuntu 0.0.0): Executed 294 of 306 SUCCESS (0 secs / 3.325 secs)
2023-11-20T02:20:21.4427936Z [1A[2K[1A[2KChrome Headless 118.0.5993.117 (Linux x86_64): Executed 306 of 306 (1 FAILED) (3.204 secs / 3.146 secs)
2023-11-20T02:20:21.4429891Z Firefox 119.0 (Ubuntu 0.0.0): Executed 295 of 306 SUCCESS (0 secs / 3.326 secs)
2023-11-20T02:20:21.4431899Z [1A[2K[1A[2KChrome Headless 118.0.5993.117 (Linux x86_64): Executed 306 of 306 (1 FAILED) (3.204 secs / 3.146 secs)
2023-11-20T02:20:21.4433688Z Firefox 119.0 (Ubuntu 0.0.0): Executed 296 of 306 SUCCESS (0 secs / 3.326 secs)
2023-11-20T02:20:21.4435845Z [1A[2K[1A[2KChrome Headless 118.0.5993.117 (Linux x86_64): Executed 306 of 306 (1 FAILED) (3.204 secs / 3.146 secs)
2023-11-20T02:20:21.4437652Z Firefox 119.0 (Ubuntu 0.0.0): Executed 297 of 306 SUCCESS (0 secs / 3.326 secs)
2023-11-20T02:20:21.4439650Z [1A[2K[1A[2KChrome Headless 118.0.5993.117 (Linux x86_64): Executed 306 of 306 (1 FAILED) (3.204 secs / 3.146 secs)
2023-11-20T02:20:21.4441495Z Firefox 119.0 (Ubuntu 0.0.0): Executed 298 of 306 SUCCESS (0 secs / 3.326 secs)
2023-11-20T02:20:21.4443457Z [1A[2K[1A[2KChrome Headless 118.0.5993.117 (Linux x86_64): Executed 306 of 306 (1 FAILED) (3.204 secs / 3.146 secs)
2023-11-20T02:20:21.4445293Z Firefox 119.0 (Ubuntu 0.0.0): Executed 299 of 306 SUCCESS (0 secs / 3.326 secs)
2023-11-20T02:20:21.4446483Z [1A[2K[1A[2KChrome Headless 118.0.5993.117 (Linux x86_64): Executed 306 of 306 (1 FAILED) (3.204 secs / 3.146 secs)
2023-11-20T02:20:21.4447617Z Firefox 119.0 (Ubuntu 0.0.0): Executed 300 of 306 SUCCESS (0 secs / 3.326 secs)
2023-11-20T02:20:21.4449509Z [1A[2K[1A[2KChrome Headless 118.0.5993.117 (Linux x86_64): Executed 306 of 306 (1 FAILED) (3.204 secs / 3.146 secs)
2023-11-20T02:20:21.4450527Z Firefox 119.0 (Ubuntu 0.0.0): Executed 301 of 306 SUCCESS (0 secs / 3.327 secs)
2023-11-20T02:20:21.4456036Z [1A[2K[1A[2KChrome Headless 118.0.5993.117 (Linux x86_64): Executed 306 of 306 (1 FAILED) (3.204 secs / 3.146 secs)
2023-11-20T02:20:21.4457784Z Firefox 119.0 (Ubuntu 0.0.0): Executed 302 of 306 SUCCESS (0 secs / 3.327 secs)
2023-11-20T02:20:21.4459599Z [1A[2K[1A[2KChrome Headless 118.0.5993.117 (Linux x86_64): Executed 306 of 306 (1 FAILED) (3.204 secs / 3.146 secs)
2023-11-20T02:20:21.4462038Z Firefox 119.0 (Ubuntu 0.0.0): Executed 303 of 306 SUCCESS (0 secs / 3.328 secs)
2023-11-20T02:20:21.4463916Z [1A[2K[1A[2KChrome Headless 118.0.5993.117 (Linux x86_64): Executed 306 of 306 (1 FAILED) (3.204 secs / 3.146 secs)
2023-11-20T02:20:21.4465449Z Firefox 119.0 (Ubuntu 0.0.0): Executed 304 of 306 SUCCESS (0 secs / 3.329 secs)
2023-11-20T02:20:21.4467159Z [1A[2K[1A[2KChrome Headless 118.0.5993.117 (Linux x86_64): Executed 306 of 306 (1 FAILED) (3.204 secs / 3.146 secs)
2023-11-20T02:20:21.4469246Z Firefox 119.0 (Ubuntu 0.0.0): Executed 305 of 306 SUCCESS (0 secs / 3.33 secs)
2023-11-20T02:20:21.4471265Z [1A[2K[1A[2KFirefox 119.0 (Ubuntu 0.0.0) xsrf should set xsrf header for cross origin when using withCredentials FAILED
2023-11-20T02:20:21.4472627Z 	Expected undefined to equal '12345'.
2023-11-20T02:20:21.4473714Z 	@test/specs/xsrf.spec.js:78:69 <- test/specs/xsrf.spec.js:1279:71
2023-11-20T02:20:21.4475194Z Chrome Headless 118.0.5993.117 (Linux x86_64): Executed 306 of 306 (1 FAILED) (3.204 secs / 3.146 secs)
2023-11-20T02:20:21.4476721Z Firefox 119.0 (Ubuntu 0.0.0): Executed 306 of 306 (1 FAILED) (0 secs / 3.33 secs)
2023-11-20T02:20:21.4478592Z [1A[2K[1A[2KChrome Headless 118.0.5993.117 (Linux x86_64): Executed 306 of 306 (1 FAILED) (3.204 secs / 3.146 secs)
2023-11-20T02:20:21.4480260Z Firefox 119.0 (Ubuntu 0.0.0): Executed 306 of 306 (1 FAILED) (3.376 secs / 3.33 secs)
2023-11-20T02:20:21.4481282Z TOTAL: 2 FAILED, 610 SUCCESS
2023-11-20T02:20:21.5431338Z ##[error]Process completed with exit code 1.
2023-11-20T02:20:21.5525771Z Post job cleanup.
2023-11-20T02:20:21.6364535Z [command]/usr/bin/git version
2023-11-20T02:20:21.6410578Z git version 2.42.0
2023-11-20T02:20:21.6449832Z Temporarily overriding HOME='/home/runner/work/_temp/07c79c60-117e-4c7f-9eee-6b491e95088d' before making global git config changes
2023-11-20T02:20:21.6451580Z Adding repository directory to the temporary git global config as a safe directory
2023-11-20T02:20:21.6455670Z [command]/usr/bin/git config --global --add safe.directory /home/runner/work/axios-microprint-example/axios-microprint-example
2023-11-20T02:20:21.6497708Z [command]/usr/bin/git config --local --name-only --get-regexp core\.sshCommand
2023-11-20T02:20:21.6537239Z [command]/usr/bin/git submodule foreach --recursive sh -c "git config --local --name-only --get-regexp 'core\.sshCommand' && git config --local --unset-all 'core.sshCommand' || :"
2023-11-20T02:20:21.6836126Z [command]/usr/bin/git config --local --name-only --get-regexp http\.https\:\/\/github\.com\/\.extraheader
2023-11-20T02:20:21.6855580Z [command]/usr/bin/git submodule foreach --recursive sh -c "git config --local --name-only --get-regexp 'http\.https\:\/\/github\.com\/\.extraheader' && git config --local --unset-all 'http.https://github.com/.extraheader' || :"
2023-11-20T02:20:21.7342862Z Cleaning up orphan processes
