2023-11-20T02:18:59.0604827Z Requested labels: ubuntu-latest
2023-11-20T02:18:59.0605065Z Job defined at: AlphaSteam/axios-microprint-example/.github/workflows/ci.yml@refs/heads/microprint_test
2023-11-20T02:18:59.0605183Z Waiting for a runner to pick up this job...
2023-11-20T02:19:00.4378414Z Job is waiting for a hosted runner to come online.
2023-11-20T02:19:02.3278791Z Job is about to start running on the hosted runner: GitHub Actions 5 (hosted)
2023-11-20T02:19:04.2112812Z Current runner version: '2.311.0'
2023-11-20T02:19:04.2136362Z ##[group]Operating System
2023-11-20T02:19:04.2136997Z Ubuntu
2023-11-20T02:19:04.2137413Z 22.04.3
2023-11-20T02:19:04.2137756Z LTS
2023-11-20T02:19:04.2138086Z ##[endgroup]
2023-11-20T02:19:04.2138488Z ##[group]Runner Image
2023-11-20T02:19:04.2138922Z Image: ubuntu-22.04
2023-11-20T02:19:04.2139309Z Version: 20231030.2.0
2023-11-20T02:19:04.2140337Z Included Software: https://github.com/actions/runner-images/blob/ubuntu22/20231030.2/images/linux/Ubuntu2204-Readme.md
2023-11-20T02:19:04.2141843Z Image Release: https://github.com/actions/runner-images/releases/tag/ubuntu22%2F20231030.2
2023-11-20T02:19:04.2142716Z ##[endgroup]
2023-11-20T02:19:04.2143188Z ##[group]Runner Image Provisioner
2023-11-20T02:19:04.2143662Z 2.0.312.1
2023-11-20T02:19:04.2143985Z ##[endgroup]
2023-11-20T02:19:04.2144922Z ##[group]GITHUB_TOKEN Permissions
2023-11-20T02:19:04.2146519Z Contents: read
2023-11-20T02:19:04.2147072Z Metadata: read
2023-11-20T02:19:04.2147615Z ##[endgroup]
2023-11-20T02:19:04.2150940Z Secret source: Actions
2023-11-20T02:19:04.2151533Z Prepare workflow directory
2023-11-20T02:19:04.2772963Z Prepare all required actions
2023-11-20T02:19:04.2929454Z Getting action download info
2023-11-20T02:19:04.4639582Z Download action repository 'actions/checkout@v3' (SHA:f43a0e5ff2bd294095638e18286ca9a3d1956744)
2023-11-20T02:19:04.5749463Z Download action repository 'actions/setup-node@v3' (SHA:1a4442cacd436585916779262731d5b162bc6ec7)
2023-11-20T02:19:04.7726339Z Complete job name: build (18.x)
2023-11-20T02:19:04.8800880Z ##[group]Run actions/checkout@v3
2023-11-20T02:19:04.8801443Z with:
2023-11-20T02:19:04.8801837Z   persist-credentials: false
2023-11-20T02:19:04.8802537Z   repository: AlphaSteam/axios-microprint-example
2023-11-20T02:19:04.8803334Z   token: ***
2023-11-20T02:19:04.8803733Z   ssh-strict: true
2023-11-20T02:19:04.8804222Z   clean: true
2023-11-20T02:19:04.8804595Z   sparse-checkout-cone-mode: true
2023-11-20T02:19:04.8805094Z   fetch-depth: 1
2023-11-20T02:19:04.8805572Z   fetch-tags: false
2023-11-20T02:19:04.8805921Z   lfs: false
2023-11-20T02:19:04.8806275Z   submodules: false
2023-11-20T02:19:04.8806757Z   set-safe-directory: true
2023-11-20T02:19:04.8807162Z ##[endgroup]
2023-11-20T02:19:05.0382218Z Syncing repository: AlphaSteam/axios-microprint-example
2023-11-20T02:19:05.0384546Z ##[group]Getting Git version info
2023-11-20T02:19:05.0385760Z Working directory is '/home/runner/work/axios-microprint-example/axios-microprint-example'
2023-11-20T02:19:05.0387412Z [command]/usr/bin/git version
2023-11-20T02:19:05.0387953Z git version 2.42.0
2023-11-20T02:19:05.0401386Z ##[endgroup]
2023-11-20T02:19:05.0416060Z Temporarily overriding HOME='/home/runner/work/_temp/bed94209-d76f-45da-9b73-1d26f9261d9a' before making global git config changes
2023-11-20T02:19:05.0417978Z Adding repository directory to the temporary git global config as a safe directory
2023-11-20T02:19:05.0420634Z [command]/usr/bin/git config --global --add safe.directory /home/runner/work/axios-microprint-example/axios-microprint-example
2023-11-20T02:19:05.0464477Z Deleting the contents of '/home/runner/work/axios-microprint-example/axios-microprint-example'
2023-11-20T02:19:05.0468199Z ##[group]Initializing the repository
2023-11-20T02:19:05.0471541Z [command]/usr/bin/git init /home/runner/work/axios-microprint-example/axios-microprint-example
2023-11-20T02:19:05.0535369Z hint: Using 'master' as the name for the initial branch. This default branch name
2023-11-20T02:19:05.0537611Z hint: is subject to change. To configure the initial branch name to use in all
2023-11-20T02:19:05.0539613Z hint: of your new repositories, which will suppress this warning, call:
2023-11-20T02:19:05.0540972Z hint: 
2023-11-20T02:19:05.0542163Z hint: 	git config --global init.defaultBranch <name>
2023-11-20T02:19:05.0543286Z hint: 
2023-11-20T02:19:05.0544375Z hint: Names commonly chosen instead of 'master' are 'main', 'trunk' and
2023-11-20T02:19:05.0546175Z hint: 'development'. The just-created branch can be renamed via this command:
2023-11-20T02:19:05.0547331Z hint: 
2023-11-20T02:19:05.0547736Z hint: 	git branch -m <name>
2023-11-20T02:19:05.0549582Z Initialized empty Git repository in /home/runner/work/axios-microprint-example/axios-microprint-example/.git/
2023-11-20T02:19:05.0554346Z [command]/usr/bin/git remote add origin https://github.com/AlphaSteam/axios-microprint-example
2023-11-20T02:19:05.0594438Z ##[endgroup]
2023-11-20T02:19:05.0595398Z ##[group]Disabling automatic garbage collection
2023-11-20T02:19:05.0597711Z [command]/usr/bin/git config --local gc.auto 0
2023-11-20T02:19:05.0634104Z ##[endgroup]
2023-11-20T02:19:05.0635271Z ##[group]Setting up auth
2023-11-20T02:19:05.0640085Z [command]/usr/bin/git config --local --name-only --get-regexp core\.sshCommand
2023-11-20T02:19:05.0677351Z [command]/usr/bin/git submodule foreach --recursive sh -c "git config --local --name-only --get-regexp 'core\.sshCommand' && git config --local --unset-all 'core.sshCommand' || :"
2023-11-20T02:19:05.1023698Z [command]/usr/bin/git config --local --name-only --get-regexp http\.https\:\/\/github\.com\/\.extraheader
2023-11-20T02:19:05.1062902Z [command]/usr/bin/git submodule foreach --recursive sh -c "git config --local --name-only --get-regexp 'http\.https\:\/\/github\.com\/\.extraheader' && git config --local --unset-all 'http.https://github.com/.extraheader' || :"
2023-11-20T02:19:05.1301301Z [command]/usr/bin/git config --local http.https://github.com/.extraheader AUTHORIZATION: basic ***
2023-11-20T02:19:05.1344746Z ##[endgroup]
2023-11-20T02:19:05.1346718Z ##[group]Fetching the repository
2023-11-20T02:19:05.1355560Z [command]/usr/bin/git -c protocol.version=2 fetch --no-tags --prune --progress --no-recurse-submodules --depth=1 origin +2fec34afc2595046becf855557f7b8b787a38172:refs/remotes/origin/microprint_test
2023-11-20T02:19:05.3311679Z remote: Enumerating objects: 277, done.        
2023-11-20T02:19:05.3313285Z remote: Counting objects:   0% (1/277)        
2023-11-20T02:19:05.3314451Z remote: Counting objects:   1% (3/277)        
2023-11-20T02:19:05.3315590Z remote: Counting objects:   2% (6/277)        
2023-11-20T02:19:05.3316710Z remote: Counting objects:   3% (9/277)        
2023-11-20T02:19:05.3317544Z remote: Counting objects:   4% (12/277)        
2023-11-20T02:19:05.3318271Z remote: Counting objects:   5% (14/277)        
2023-11-20T02:19:05.3318896Z remote: Counting objects:   6% (17/277)        
2023-11-20T02:19:05.3319536Z remote: Counting objects:   7% (20/277)        
2023-11-20T02:19:05.3320267Z remote: Counting objects:   8% (23/277)        
2023-11-20T02:19:05.3320880Z remote: Counting objects:   9% (25/277)        
2023-11-20T02:19:05.3321530Z remote: Counting objects:  10% (28/277)        
2023-11-20T02:19:05.3322238Z remote: Counting objects:  11% (31/277)        
2023-11-20T02:19:05.3322841Z remote: Counting objects:  12% (34/277)        
2023-11-20T02:19:05.3323463Z remote: Counting objects:  13% (37/277)        
2023-11-20T02:19:05.3324139Z remote: Counting objects:  14% (39/277)        
2023-11-20T02:19:05.3324742Z remote: Counting objects:  15% (42/277)        
2023-11-20T02:19:05.3325358Z remote: Counting objects:  16% (45/277)        
2023-11-20T02:19:05.3326035Z remote: Counting objects:  17% (48/277)        
2023-11-20T02:19:05.3326632Z remote: Counting objects:  18% (50/277)        
2023-11-20T02:19:05.3327243Z remote: Counting objects:  19% (53/277)        
2023-11-20T02:19:05.3327917Z remote: Counting objects:  20% (56/277)        
2023-11-20T02:19:05.3328505Z remote: Counting objects:  21% (59/277)        
2023-11-20T02:19:05.3329110Z remote: Counting objects:  22% (61/277)        
2023-11-20T02:19:05.3329855Z remote: Counting objects:  23% (64/277)        
2023-11-20T02:19:05.3330422Z remote: Counting objects:  24% (67/277)        
2023-11-20T02:19:05.3331021Z remote: Counting objects:  25% (70/277)        
2023-11-20T02:19:05.3331714Z remote: Counting objects:  26% (73/277)        
2023-11-20T02:19:05.3332280Z remote: Counting objects:  27% (75/277)        
2023-11-20T02:19:05.3333170Z remote: Counting objects:  28% (78/277)        
2023-11-20T02:19:05.3333868Z remote: Counting objects:  29% (81/277)        
2023-11-20T02:19:05.3334435Z remote: Counting objects:  30% (84/277)        
2023-11-20T02:19:05.3335031Z remote: Counting objects:  31% (86/277)        
2023-11-20T02:19:05.3335713Z remote: Counting objects:  32% (89/277)        
2023-11-20T02:19:05.3336347Z remote: Counting objects:  33% (92/277)        
2023-11-20T02:19:05.3336926Z remote: Counting objects:  34% (95/277)        
2023-11-20T02:19:05.3337627Z remote: Counting objects:  35% (97/277)        
2023-11-20T02:19:05.3338234Z remote: Counting objects:  36% (100/277)        
2023-11-20T02:19:05.3338945Z remote: Counting objects:  37% (103/277)        
2023-11-20T02:19:05.3339537Z remote: Counting objects:  38% (106/277)        
2023-11-20T02:19:05.3340161Z remote: Counting objects:  39% (109/277)        
2023-11-20T02:19:05.3340860Z remote: Counting objects:  40% (111/277)        
2023-11-20T02:19:05.3341443Z remote: Counting objects:  41% (114/277)        
2023-11-20T02:19:05.3342064Z remote: Counting objects:  42% (117/277)        
2023-11-20T02:19:05.3342756Z remote: Counting objects:  43% (120/277)        
2023-11-20T02:19:05.3343340Z remote: Counting objects:  44% (122/277)        
2023-11-20T02:19:05.3343971Z remote: Counting objects:  45% (125/277)        
2023-11-20T02:19:05.3344658Z remote: Counting objects:  46% (128/277)        
2023-11-20T02:19:05.3345237Z remote: Counting objects:  47% (131/277)        
2023-11-20T02:19:05.3346038Z remote: Counting objects:  48% (133/277)        
2023-11-20T02:19:05.3346755Z remote: Counting objects:  49% (136/277)        
2023-11-20T02:19:05.3347354Z remote: Counting objects:  50% (139/277)        
2023-11-20T02:19:05.3347991Z remote: Counting objects:  51% (142/277)        
2023-11-20T02:19:05.3348671Z remote: Counting objects:  52% (145/277)        
2023-11-20T02:19:05.3349251Z remote: Counting objects:  53% (147/277)        
2023-11-20T02:19:05.3349877Z remote: Counting objects:  54% (150/277)        
2023-11-20T02:19:05.3350551Z remote: Counting objects:  55% (153/277)        
2023-11-20T02:19:05.3351146Z remote: Counting objects:  56% (156/277)        
2023-11-20T02:19:05.3351762Z remote: Counting objects:  57% (158/277)        
2023-11-20T02:19:05.3352748Z remote: Counting objects:  58% (161/277)        
2023-11-20T02:19:05.3353477Z remote: Counting objects:  59% (164/277)        
2023-11-20T02:19:05.3354074Z remote: Counting objects:  60% (167/277)        
2023-11-20T02:19:05.3354773Z remote: Counting objects:  61% (169/277)        
2023-11-20T02:19:05.3355417Z remote: Counting objects:  62% (172/277)        
2023-11-20T02:19:05.3355990Z remote: Counting objects:  63% (175/277)        
2023-11-20T02:19:05.3356675Z remote: Counting objects:  64% (178/277)        
2023-11-20T02:19:05.3357306Z remote: Counting objects:  65% (181/277)        
2023-11-20T02:19:05.3357913Z remote: Counting objects:  66% (183/277)        
2023-11-20T02:19:05.3358556Z remote: Counting objects:  67% (186/277)        
2023-11-20T02:19:05.3359179Z remote: Counting objects:  68% (189/277)        
2023-11-20T02:19:05.3359809Z remote: Counting objects:  69% (192/277)        
2023-11-20T02:19:05.3360470Z remote: Counting objects:  70% (194/277)        
2023-11-20T02:19:05.3361084Z remote: Counting objects:  71% (197/277)        
2023-11-20T02:19:05.3361693Z remote: Counting objects:  72% (200/277)        
2023-11-20T02:19:05.3362353Z remote: Counting objects:  73% (203/277)        
2023-11-20T02:19:05.3363075Z remote: Counting objects:  74% (205/277)        
2023-11-20T02:19:05.3363922Z remote: Counting objects:  75% (208/277)        
2023-11-20T02:19:05.3364785Z remote: Counting objects:  76% (211/277)        
2023-11-20T02:19:05.3365534Z remote: Counting objects:  77% (214/277)        
2023-11-20T02:19:05.3366170Z remote: Counting objects:  78% (217/277)        
2023-11-20T02:19:05.3366818Z remote: Counting objects:  79% (219/277)        
2023-11-20T02:19:05.3367436Z remote: Counting objects:  80% (222/277)        
2023-11-20T02:19:05.3368429Z remote: Counting objects:  81% (225/277)        
2023-11-20T02:19:05.3369237Z remote: Counting objects:  82% (228/277)        
2023-11-20T02:19:05.3369873Z remote: Counting objects:  83% (230/277)        
2023-11-20T02:19:05.3370516Z remote: Counting objects:  84% (233/277)        
2023-11-20T02:19:05.3371253Z remote: Counting objects:  85% (236/277)        
2023-11-20T02:19:05.3372110Z remote: Counting objects:  86% (239/277)        
2023-11-20T02:19:05.3372769Z remote: Counting objects:  87% (241/277)        
2023-11-20T02:19:05.3373487Z remote: Counting objects:  88% (244/277)        
2023-11-20T02:19:05.3374209Z remote: Counting objects:  89% (247/277)        
2023-11-20T02:19:05.3374898Z remote: Counting objects:  90% (250/277)        
2023-11-20T02:19:05.3375590Z remote: Counting objects:  91% (253/277)        
2023-11-20T02:19:05.3376379Z remote: Counting objects:  92% (255/277)        
2023-11-20T02:19:05.3377204Z remote: Counting objects:  93% (258/277)        
2023-11-20T02:19:05.3377924Z remote: Counting objects:  94% (261/277)        
2023-11-20T02:19:05.3378527Z remote: Counting objects:  95% (264/277)        
2023-11-20T02:19:05.3379137Z remote: Counting objects:  96% (266/277)        
2023-11-20T02:19:05.3380050Z remote: Counting objects:  97% (269/277)        
2023-11-20T02:19:05.3380678Z remote: Counting objects:  98% (272/277)        
2023-11-20T02:19:05.3381296Z remote: Counting objects:  99% (275/277)        
2023-11-20T02:19:05.3381992Z remote: Counting objects: 100% (277/277)        
2023-11-20T02:19:05.3382791Z remote: Counting objects: 100% (277/277), done.        
2023-11-20T02:19:05.3383536Z remote: Compressing objects:   0% (1/253)        
2023-11-20T02:19:05.3384297Z remote: Compressing objects:   1% (3/253)        
2023-11-20T02:19:05.3384965Z remote: Compressing objects:   2% (6/253)        
2023-11-20T02:19:05.3385580Z remote: Compressing objects:   3% (8/253)        
2023-11-20T02:19:05.3386324Z remote: Compressing objects:   4% (11/253)        
2023-11-20T02:19:05.3387002Z remote: Compressing objects:   5% (13/253)        
2023-11-20T02:19:05.3387638Z remote: Compressing objects:   6% (16/253)        
2023-11-20T02:19:05.3388373Z remote: Compressing objects:   7% (18/253)        
2023-11-20T02:19:05.3389029Z remote: Compressing objects:   8% (21/253)        
2023-11-20T02:19:05.3389664Z remote: Compressing objects:   9% (23/253)        
2023-11-20T02:19:05.3390378Z remote: Compressing objects:  10% (26/253)        
2023-11-20T02:19:05.3391032Z remote: Compressing objects:  11% (28/253)        
2023-11-20T02:19:05.3391667Z remote: Compressing objects:  12% (31/253)        
2023-11-20T02:19:05.3392550Z remote: Compressing objects:  13% (33/253)        
2023-11-20T02:19:05.3393227Z remote: Compressing objects:  14% (36/253)        
2023-11-20T02:19:05.3393862Z remote: Compressing objects:  15% (38/253)        
2023-11-20T02:19:05.3394586Z remote: Compressing objects:  16% (41/253)        
2023-11-20T02:19:05.3400377Z remote: Compressing objects:  17% (44/253)        
2023-11-20T02:19:05.3412556Z remote: Compressing objects:  18% (46/253)        
2023-11-20T02:19:05.3425434Z remote: Compressing objects:  19% (49/253)        
2023-11-20T02:19:05.3432556Z remote: Compressing objects:  20% (51/253)        
2023-11-20T02:19:05.3433409Z remote: Compressing objects:  21% (54/253)        
2023-11-20T02:19:05.3434082Z remote: Compressing objects:  22% (56/253)        
2023-11-20T02:19:05.3438253Z remote: Compressing objects:  23% (59/253)        
2023-11-20T02:19:05.3439038Z remote: Compressing objects:  24% (61/253)        
2023-11-20T02:19:05.3439708Z remote: Compressing objects:  25% (64/253)        
2023-11-20T02:19:05.3445089Z remote: Compressing objects:  26% (66/253)        
2023-11-20T02:19:05.3446013Z remote: Compressing objects:  27% (69/253)        
2023-11-20T02:19:05.3446671Z remote: Compressing objects:  28% (71/253)        
2023-11-20T02:19:05.3447486Z remote: Compressing objects:  29% (74/253)        
2023-11-20T02:19:05.3449471Z remote: Compressing objects:  30% (76/253)        
2023-11-20T02:19:05.3452006Z remote: Compressing objects:  31% (79/253)        
2023-11-20T02:19:05.3454777Z remote: Compressing objects:  32% (81/253)        
2023-11-20T02:19:05.3456250Z remote: Compressing objects:  33% (84/253)        
2023-11-20T02:19:05.3456989Z remote: Compressing objects:  34% (87/253)        
2023-11-20T02:19:05.3458009Z remote: Compressing objects:  35% (89/253)        
2023-11-20T02:19:05.3459271Z remote: Compressing objects:  36% (92/253)        
2023-11-20T02:19:05.3460519Z remote: Compressing objects:  37% (94/253)        
2023-11-20T02:19:05.3463323Z remote: Compressing objects:  38% (97/253)        
2023-11-20T02:19:05.3464052Z remote: Compressing objects:  39% (99/253)        
2023-11-20T02:19:05.3472218Z remote: Compressing objects:  40% (102/253)        
2023-11-20T02:19:05.3474755Z remote: Compressing objects:  41% (104/253)        
2023-11-20T02:19:05.3475844Z remote: Compressing objects:  42% (107/253)        
2023-11-20T02:19:05.3476833Z remote: Compressing objects:  43% (109/253)        
2023-11-20T02:19:05.3478011Z remote: Compressing objects:  44% (112/253)        
2023-11-20T02:19:05.3482227Z remote: Compressing objects:  45% (114/253)        
2023-11-20T02:19:05.3485081Z remote: Compressing objects:  46% (117/253)        
2023-11-20T02:19:05.3488745Z remote: Compressing objects:  47% (119/253)        
2023-11-20T02:19:05.3489969Z remote: Compressing objects:  48% (122/253)        
2023-11-20T02:19:05.3494396Z remote: Compressing objects:  49% (124/253)        
2023-11-20T02:19:05.3496395Z remote: Compressing objects:  50% (127/253)        
2023-11-20T02:19:05.3499078Z remote: Compressing objects:  51% (130/253)        
2023-11-20T02:19:05.3503347Z remote: Compressing objects:  52% (132/253)        
2023-11-20T02:19:05.3504591Z remote: Compressing objects:  53% (135/253)        
2023-11-20T02:19:05.3509304Z remote: Compressing objects:  54% (137/253)        
2023-11-20T02:19:05.3511293Z remote: Compressing objects:  55% (140/253)        
2023-11-20T02:19:05.3514793Z remote: Compressing objects:  56% (142/253)        
2023-11-20T02:19:05.3515973Z remote: Compressing objects:  57% (145/253)        
2023-11-20T02:19:05.3518345Z remote: Compressing objects:  58% (147/253)        
2023-11-20T02:19:05.3520895Z remote: Compressing objects:  59% (150/253)        
2023-11-20T02:19:05.3522830Z remote: Compressing objects:  60% (152/253)        
2023-11-20T02:19:05.3523894Z remote: Compressing objects:  61% (155/253)        
2023-11-20T02:19:05.3525352Z remote: Compressing objects:  62% (157/253)        
2023-11-20T02:19:05.3526787Z remote: Compressing objects:  63% (160/253)        
2023-11-20T02:19:05.3530490Z remote: Compressing objects:  64% (162/253)        
2023-11-20T02:19:05.3531538Z remote: Compressing objects:  65% (165/253)        
2023-11-20T02:19:05.3629925Z remote: Compressing objects:  66% (167/253)        
2023-11-20T02:19:05.3730426Z remote: Compressing objects:  67% (170/253)        
2023-11-20T02:19:05.3731357Z remote: Compressing objects:  68% (173/253)        
2023-11-20T02:19:05.3732619Z remote: Compressing objects:  69% (175/253)        
2023-11-20T02:19:05.3734547Z remote: Compressing objects:  70% (178/253)        
2023-11-20T02:19:05.3736257Z remote: Compressing objects:  71% (180/253)        
2023-11-20T02:19:05.3738070Z remote: Compressing objects:  72% (183/253)        
2023-11-20T02:19:05.3739991Z remote: Compressing objects:  73% (185/253)        
2023-11-20T02:19:05.3741556Z remote: Compressing objects:  74% (188/253)        
2023-11-20T02:19:05.3742776Z remote: Compressing objects:  75% (190/253)        
2023-11-20T02:19:05.3744026Z remote: Compressing objects:  76% (193/253)        
2023-11-20T02:19:05.3746450Z remote: Compressing objects:  77% (195/253)        
2023-11-20T02:19:05.3747519Z remote: Compressing objects:  78% (198/253)        
2023-11-20T02:19:05.3756235Z remote: Compressing objects:  79% (200/253)        
2023-11-20T02:19:05.3758946Z remote: Compressing objects:  80% (203/253)        
2023-11-20T02:19:05.3764276Z remote: Compressing objects:  81% (205/253)        
2023-11-20T02:19:05.3765400Z remote: Compressing objects:  82% (208/253)        
2023-11-20T02:19:05.3766448Z remote: Compressing objects:  83% (210/253)        
2023-11-20T02:19:05.3767308Z remote: Compressing objects:  84% (213/253)        
2023-11-20T02:19:05.3768008Z remote: Compressing objects:  85% (216/253)        
2023-11-20T02:19:05.3768663Z remote: Compressing objects:  86% (218/253)        
2023-11-20T02:19:05.3769582Z remote: Compressing objects:  87% (221/253)        
2023-11-20T02:19:05.3770747Z remote: Compressing objects:  88% (223/253)        
2023-11-20T02:19:05.3771812Z remote: Compressing objects:  89% (226/253)        
2023-11-20T02:19:05.3773064Z remote: Compressing objects:  90% (228/253)        
2023-11-20T02:19:05.3773940Z remote: Compressing objects:  91% (231/253)        
2023-11-20T02:19:05.3774663Z remote: Compressing objects:  92% (233/253)        
2023-11-20T02:19:05.3775440Z remote: Compressing objects:  93% (236/253)        
2023-11-20T02:19:05.3776093Z remote: Compressing objects:  94% (238/253)        
2023-11-20T02:19:05.3776772Z remote: Compressing objects:  95% (241/253)        
2023-11-20T02:19:05.3777695Z remote: Compressing objects:  96% (243/253)        
2023-11-20T02:19:05.3778370Z remote: Compressing objects:  97% (246/253)        
2023-11-20T02:19:05.3779026Z remote: Compressing objects:  98% (248/253)        
2023-11-20T02:19:05.3779779Z remote: Compressing objects:  99% (251/253)        
2023-11-20T02:19:05.3780944Z remote: Compressing objects: 100% (253/253)        
2023-11-20T02:19:05.3781771Z remote: Compressing objects: 100% (253/253), done.        
2023-11-20T02:19:05.3797237Z Receiving objects:   0% (1/277)
2023-11-20T02:19:05.3798388Z Receiving objects:   1% (3/277)
2023-11-20T02:19:05.3799541Z Receiving objects:   2% (6/277)
2023-11-20T02:19:05.3800688Z Receiving objects:   3% (9/277)
2023-11-20T02:19:05.3801664Z Receiving objects:   4% (12/277)
2023-11-20T02:19:05.3802530Z Receiving objects:   5% (14/277)
2023-11-20T02:19:05.3803525Z Receiving objects:   6% (17/277)
2023-11-20T02:19:05.3804055Z Receiving objects:   7% (20/277)
2023-11-20T02:19:05.3807362Z Receiving objects:   8% (23/277)
2023-11-20T02:19:05.3828471Z Receiving objects:   9% (25/277)
2023-11-20T02:19:05.3829726Z Receiving objects:  10% (28/277)
2023-11-20T02:19:05.3847436Z Receiving objects:  11% (31/277)
2023-11-20T02:19:05.3848511Z Receiving objects:  12% (34/277)
2023-11-20T02:19:05.3849118Z Receiving objects:  13% (37/277)
2023-11-20T02:19:05.3870699Z Receiving objects:  14% (39/277)
2023-11-20T02:19:05.3911946Z Receiving objects:  15% (42/277)
2023-11-20T02:19:05.4038231Z Receiving objects:  16% (45/277)
2023-11-20T02:19:05.4065598Z Receiving objects:  17% (48/277)
2023-11-20T02:19:05.4119330Z Receiving objects:  18% (50/277)
2023-11-20T02:19:05.4156972Z Receiving objects:  19% (53/277)
2023-11-20T02:19:05.4294684Z Receiving objects:  20% (56/277)
2023-11-20T02:19:05.4295702Z Receiving objects:  21% (59/277)
2023-11-20T02:19:05.4296703Z Receiving objects:  22% (61/277)
2023-11-20T02:19:05.4297599Z Receiving objects:  23% (64/277)
2023-11-20T02:19:05.4298422Z Receiving objects:  24% (67/277)
2023-11-20T02:19:05.4299275Z Receiving objects:  25% (70/277)
2023-11-20T02:19:05.4300170Z Receiving objects:  26% (73/277)
2023-11-20T02:19:05.4300894Z Receiving objects:  27% (75/277)
2023-11-20T02:19:05.4301374Z Receiving objects:  28% (78/277)
2023-11-20T02:19:05.4348970Z Receiving objects:  29% (81/277)
2023-11-20T02:19:05.4350365Z Receiving objects:  30% (84/277)
2023-11-20T02:19:05.4351621Z Receiving objects:  31% (86/277)
2023-11-20T02:19:05.4355701Z Receiving objects:  32% (89/277)
2023-11-20T02:19:05.4356744Z Receiving objects:  33% (92/277)
2023-11-20T02:19:05.4357770Z Receiving objects:  34% (95/277)
2023-11-20T02:19:05.4358685Z Receiving objects:  35% (97/277)
2023-11-20T02:19:05.4360000Z Receiving objects:  36% (100/277)
2023-11-20T02:19:05.4360916Z Receiving objects:  37% (103/277)
2023-11-20T02:19:05.4361952Z Receiving objects:  38% (106/277)
2023-11-20T02:19:05.4363194Z Receiving objects:  39% (109/277)
2023-11-20T02:19:05.4364161Z Receiving objects:  40% (111/277)
2023-11-20T02:19:05.4365251Z Receiving objects:  41% (114/277)
2023-11-20T02:19:05.4366125Z Receiving objects:  42% (117/277)
2023-11-20T02:19:05.4367047Z Receiving objects:  43% (120/277)
2023-11-20T02:19:05.4367844Z Receiving objects:  44% (122/277)
2023-11-20T02:19:05.4368335Z Receiving objects:  45% (125/277)
2023-11-20T02:19:05.4368851Z Receiving objects:  46% (128/277)
2023-11-20T02:19:05.4369446Z Receiving objects:  47% (131/277)
2023-11-20T02:19:05.4369915Z Receiving objects:  48% (133/277)
2023-11-20T02:19:05.4661105Z Receiving objects:  49% (136/277)
2023-11-20T02:19:05.4664419Z Receiving objects:  50% (139/277)
2023-11-20T02:19:05.4665660Z Receiving objects:  51% (142/277)
2023-11-20T02:19:05.4666493Z Receiving objects:  52% (145/277)
2023-11-20T02:19:05.4667264Z Receiving objects:  53% (147/277)
2023-11-20T02:19:05.4668149Z Receiving objects:  54% (150/277)
2023-11-20T02:19:05.4668989Z Receiving objects:  55% (153/277)
2023-11-20T02:19:05.4669719Z Receiving objects:  56% (156/277)
2023-11-20T02:19:05.5063462Z Receiving objects:  57% (158/277)
2023-11-20T02:19:05.5065109Z Receiving objects:  58% (161/277)
2023-11-20T02:19:05.5066023Z Receiving objects:  59% (164/277)
2023-11-20T02:19:05.5066958Z Receiving objects:  60% (167/277)
2023-11-20T02:19:05.5067541Z Receiving objects:  61% (169/277)
2023-11-20T02:19:05.5068243Z Receiving objects:  62% (172/277)
2023-11-20T02:19:05.5069449Z Receiving objects:  63% (175/277)
2023-11-20T02:19:05.5070325Z Receiving objects:  64% (178/277)
2023-11-20T02:19:05.5071019Z Receiving objects:  65% (181/277)
2023-11-20T02:19:05.5071945Z Receiving objects:  66% (183/277)
2023-11-20T02:19:05.5073035Z Receiving objects:  67% (186/277)
2023-11-20T02:19:05.5073638Z Receiving objects:  68% (189/277)
2023-11-20T02:19:05.5074512Z Receiving objects:  69% (192/277)
2023-11-20T02:19:05.5075333Z Receiving objects:  70% (194/277)
2023-11-20T02:19:05.5076243Z Receiving objects:  71% (197/277)
2023-11-20T02:19:05.5077038Z Receiving objects:  72% (200/277)
2023-11-20T02:19:05.5077791Z Receiving objects:  73% (203/277)
2023-11-20T02:19:05.5078643Z Receiving objects:  74% (205/277)
2023-11-20T02:19:05.5079438Z Receiving objects:  75% (208/277)
2023-11-20T02:19:05.5080192Z Receiving objects:  76% (211/277)
2023-11-20T02:19:05.5080965Z Receiving objects:  77% (214/277)
2023-11-20T02:19:05.5081682Z Receiving objects:  78% (217/277)
2023-11-20T02:19:05.5082489Z Receiving objects:  79% (219/277)
2023-11-20T02:19:05.5083584Z Receiving objects:  80% (222/277)
2023-11-20T02:19:05.5084337Z Receiving objects:  81% (225/277)
2023-11-20T02:19:05.5085096Z Receiving objects:  82% (228/277)
2023-11-20T02:19:05.5085968Z Receiving objects:  83% (230/277)
2023-11-20T02:19:05.5086474Z Receiving objects:  84% (233/277)
2023-11-20T02:19:05.5087212Z Receiving objects:  85% (236/277)
2023-11-20T02:19:05.5088131Z Receiving objects:  86% (239/277)
2023-11-20T02:19:05.5089814Z Receiving objects:  87% (241/277)
2023-11-20T02:19:05.5090563Z Receiving objects:  88% (244/277)
2023-11-20T02:19:05.5091513Z Receiving objects:  89% (247/277)
2023-11-20T02:19:05.5092288Z Receiving objects:  90% (250/277)
2023-11-20T02:19:05.5093008Z Receiving objects:  91% (253/277)
2023-11-20T02:19:05.5093817Z Receiving objects:  92% (255/277)
2023-11-20T02:19:05.5111120Z Receiving objects:  93% (258/277)
2023-11-20T02:19:05.5112733Z remote: Total 277 (delta 29), reused 107 (delta 9), pack-reused 0        
2023-11-20T02:19:05.5116523Z Receiving objects:  94% (261/277)
2023-11-20T02:19:05.5117426Z Receiving objects:  95% (264/277)
2023-11-20T02:19:05.5118284Z Receiving objects:  96% (266/277)
2023-11-20T02:19:05.5119320Z Receiving objects:  97% (269/277)
2023-11-20T02:19:05.5120284Z Receiving objects:  98% (272/277)
2023-11-20T02:19:05.5121140Z Receiving objects:  99% (275/277)
2023-11-20T02:19:05.5121913Z Receiving objects: 100% (277/277)
2023-11-20T02:19:05.5123017Z Receiving objects: 100% (277/277), 774.71 KiB | 5.74 MiB/s, done.
2023-11-20T02:19:05.5124329Z Resolving deltas:   0% (0/29)
2023-11-20T02:19:05.5128292Z Resolving deltas:   3% (1/29)
2023-11-20T02:19:05.5129063Z Resolving deltas:   6% (2/29)
2023-11-20T02:19:05.5150541Z Resolving deltas:  10% (3/29)
2023-11-20T02:19:05.5151431Z Resolving deltas:  13% (4/29)
2023-11-20T02:19:05.5152212Z Resolving deltas:  17% (5/29)
2023-11-20T02:19:05.5153270Z Resolving deltas:  20% (6/29)
2023-11-20T02:19:05.5159520Z Resolving deltas:  24% (7/29)
2023-11-20T02:19:05.5160326Z Resolving deltas:  27% (8/29)
2023-11-20T02:19:05.5161063Z Resolving deltas:  31% (9/29)
2023-11-20T02:19:05.5169666Z Resolving deltas:  34% (10/29)
2023-11-20T02:19:05.5170490Z Resolving deltas:  37% (11/29)
2023-11-20T02:19:05.5171364Z Resolving deltas:  41% (12/29)
2023-11-20T02:19:05.5172162Z Resolving deltas:  44% (13/29)
2023-11-20T02:19:05.5172864Z Resolving deltas:  48% (14/29)
2023-11-20T02:19:05.5173699Z Resolving deltas:  51% (15/29)
2023-11-20T02:19:05.5174454Z Resolving deltas:  55% (16/29)
2023-11-20T02:19:05.5175184Z Resolving deltas:  58% (17/29)
2023-11-20T02:19:05.5176016Z Resolving deltas:  62% (18/29)
2023-11-20T02:19:05.5176770Z Resolving deltas:  65% (19/29)
2023-11-20T02:19:05.5177466Z Resolving deltas:  68% (20/29)
2023-11-20T02:19:05.5178314Z Resolving deltas:  72% (21/29)
2023-11-20T02:19:05.5179042Z Resolving deltas:  75% (22/29)
2023-11-20T02:19:05.5179717Z Resolving deltas:  79% (23/29)
2023-11-20T02:19:05.5180544Z Resolving deltas:  82% (24/29)
2023-11-20T02:19:05.5181270Z Resolving deltas:  86% (25/29)
2023-11-20T02:19:05.5182216Z Resolving deltas:  89% (26/29)
2023-11-20T02:19:05.5183070Z Resolving deltas:  93% (27/29)
2023-11-20T02:19:05.5185147Z Resolving deltas:  96% (28/29)
2023-11-20T02:19:05.5187053Z Resolving deltas: 100% (29/29)
2023-11-20T02:19:05.5187702Z Resolving deltas: 100% (29/29), done.
2023-11-20T02:19:05.5302392Z From https://github.com/AlphaSteam/axios-microprint-example
2023-11-20T02:19:05.5304122Z  * [new ref]         2fec34afc2595046becf855557f7b8b787a38172 -> origin/microprint_test
2023-11-20T02:19:05.5330306Z ##[endgroup]
2023-11-20T02:19:05.5331587Z ##[group]Determining the checkout info
2023-11-20T02:19:05.5332823Z ##[endgroup]
2023-11-20T02:19:05.5333981Z ##[group]Checking out the ref
2023-11-20T02:19:05.5336729Z [command]/usr/bin/git checkout --progress --force -B microprint_test refs/remotes/origin/microprint_test
2023-11-20T02:19:05.5615989Z Switched to a new branch 'microprint_test'
2023-11-20T02:19:05.5616851Z branch 'microprint_test' set up to track 'origin/microprint_test'.
2023-11-20T02:19:05.5623589Z ##[endgroup]
2023-11-20T02:19:05.5666255Z [command]/usr/bin/git log -1 --format='%H'
2023-11-20T02:19:05.5697593Z '2fec34afc2595046becf855557f7b8b787a38172'
2023-11-20T02:19:05.5705909Z ##[group]Removing auth
2023-11-20T02:19:05.5709710Z [command]/usr/bin/git config --local --name-only --get-regexp core\.sshCommand
2023-11-20T02:19:05.5746596Z [command]/usr/bin/git submodule foreach --recursive sh -c "git config --local --name-only --get-regexp 'core\.sshCommand' && git config --local --unset-all 'core.sshCommand' || :"
2023-11-20T02:19:05.5990880Z [command]/usr/bin/git config --local --name-only --get-regexp http\.https\:\/\/github\.com\/\.extraheader
2023-11-20T02:19:05.6021138Z http.https://github.com/.extraheader
2023-11-20T02:19:05.6031369Z [command]/usr/bin/git config --local --unset-all http.https://github.com/.extraheader
2023-11-20T02:19:05.6071143Z [command]/usr/bin/git submodule foreach --recursive sh -c "git config --local --name-only --get-regexp 'http\.https\:\/\/github\.com\/\.extraheader' && git config --local --unset-all 'http.https://github.com/.extraheader' || :"
2023-11-20T02:19:05.6302966Z ##[endgroup]
2023-11-20T02:19:05.6602793Z ##[group]Run actions/setup-node@v3
2023-11-20T02:19:05.6603226Z with:
2023-11-20T02:19:05.6603657Z   node-version: 18.x
2023-11-20T02:19:05.6604002Z   cache: npm
2023-11-20T02:19:05.6604313Z   always-auth: false
2023-11-20T02:19:05.6604762Z   check-latest: false
2023-11-20T02:19:05.6605259Z   token: ***
2023-11-20T02:19:05.6605783Z ##[endgroup]
2023-11-20T02:19:05.8572886Z Found in cache @ /opt/hostedtoolcache/node/18.18.2/x64
2023-11-20T02:19:05.8582890Z ##[group]Environment details
2023-11-20T02:19:06.3610238Z node: v18.18.2
2023-11-20T02:19:06.3611001Z npm: 9.8.1
2023-11-20T02:19:06.3611503Z yarn: 1.22.19
2023-11-20T02:19:06.3613024Z ##[endgroup]
2023-11-20T02:19:06.3624667Z [command]/opt/hostedtoolcache/node/18.18.2/x64/bin/npm config get cache
2023-11-20T02:19:06.6352104Z /home/runner/.npm
2023-11-20T02:19:06.7493260Z npm cache is not found
2023-11-20T02:19:06.7659126Z ##[group]Run npm ci
2023-11-20T02:19:06.7659765Z [36;1mnpm ci[0m
2023-11-20T02:19:06.7720814Z shell: /usr/bin/bash -e {0}
2023-11-20T02:19:06.7721280Z ##[endgroup]
2023-11-20T02:19:11.4732419Z npm WARN deprecated urix@0.1.0: Please see https://github.com/lydell/urix#deprecated
2023-11-20T02:19:12.0165477Z npm WARN deprecated source-map-url@0.4.1: See https://github.com/lydell/source-map-url#deprecated
2023-11-20T02:19:12.1006706Z npm WARN deprecated source-map-resolve@0.5.3: See https://github.com/lydell/source-map-resolve#deprecated
2023-11-20T02:19:12.2106377Z npm WARN deprecated uuid@3.4.0: Please upgrade  to version 7 or higher.  Older versions may use Math.random() in certain circumstances, which is known to be problematic.  See https://v8.dev/blog/math-random for details.
2023-11-20T02:19:12.2499561Z npm WARN deprecated resolve-url@0.2.1: https://github.com/lydell/resolve-url#deprecated
2023-11-20T02:19:12.3876326Z npm WARN deprecated samsam@1.3.0: This package has been deprecated in favour of @sinonjs/samsam
2023-11-20T02:19:12.6979511Z npm WARN deprecated querystring@0.2.0: The querystring API is considered Legacy. new code should use the URLSearchParams API instead.
2023-11-20T02:19:13.0876790Z npm WARN deprecated request@2.88.2: request has been deprecated, see https://github.com/request/request/issues/3142
2023-11-20T02:19:14.0842116Z npm WARN deprecated har-validator@5.1.5: this library is no longer supported
2023-11-20T02:19:16.1200946Z npm WARN deprecated tar@2.2.2: This version of tar is no longer supported, and will not receive security updates. Please upgrade asap.
2023-11-20T02:19:17.1122065Z npm WARN deprecated chokidar@2.1.8: Chokidar 2 does not receive security updates since 2019. Upgrade to chokidar 3 with 15x fewer dependencies
2023-11-20T02:19:18.3209916Z npm WARN deprecated chokidar@2.1.8: Chokidar 2 does not receive security updates since 2019. Upgrade to chokidar 3 with 15x fewer dependencies
2023-11-20T02:19:20.9083530Z npm WARN deprecated core-js@2.6.12: core-js@<3.4 is no longer maintained and not recommended for usage due to the number of issues. Because of the V8 engine whims, feature detection in old core-js versions could cause a slowdown up to 100x even if nothing is polyfilled. Please, upgrade your dependencies to the actual version of core-js.
2023-11-20T02:19:23.4058973Z 
2023-11-20T02:19:23.4060589Z > axios@1.6.0 prepare
2023-11-20T02:19:23.4061710Z > husky install && npm run prepare:hooks
2023-11-20T02:19:23.4067291Z 
2023-11-20T02:19:23.4713790Z husky - Git hooks installed
2023-11-20T02:19:23.7359270Z 
2023-11-20T02:19:23.7360035Z > axios@1.6.0 prepare:hooks
2023-11-20T02:19:23.7361581Z > npx husky set .husky/commit-msg "npx commitlint --edit $1"
2023-11-20T02:19:23.7362087Z 
2023-11-20T02:19:24.1821646Z husky - created .husky/commit-msg
2023-11-20T02:19:24.2260158Z 
2023-11-20T02:19:24.2261089Z added 2053 packages, and audited 2054 packages in 17s
2023-11-20T02:19:24.2261763Z 
2023-11-20T02:19:24.2262189Z 197 packages are looking for funding
2023-11-20T02:19:24.2262987Z   run `npm fund` for details
2023-11-20T02:19:24.2612274Z 
2023-11-20T02:19:24.2612883Z 47 vulnerabilities (17 moderate, 28 high, 2 critical)
2023-11-20T02:19:24.2613566Z 
2023-11-20T02:19:24.2614785Z To address issues that do not require attention, run:
2023-11-20T02:19:24.2615741Z   npm audit fix
2023-11-20T02:19:24.2616336Z 
2023-11-20T02:19:24.2617006Z To address all issues possible (including breaking changes), run:
2023-11-20T02:19:24.2619993Z   npm audit fix --force
2023-11-20T02:19:24.2620380Z 
2023-11-20T02:19:24.2620998Z Some issues need review, and may require choosing
2023-11-20T02:19:24.2621972Z a different dependency.
2023-11-20T02:19:24.2622319Z 
2023-11-20T02:19:24.2622551Z Run `npm audit` for details.
2023-11-20T02:19:24.3046074Z ##[group]Run npm test
2023-11-20T02:19:24.3046458Z [36;1mnpm test[0m
2023-11-20T02:19:24.3092066Z shell: /usr/bin/bash -e {0}
2023-11-20T02:19:24.3092569Z ##[endgroup]
2023-11-20T02:19:24.5949322Z 
2023-11-20T02:19:24.5949788Z > axios@1.6.0 test
2023-11-20T02:19:24.5951279Z > npm run test:eslint && npm run test:mocha && npm run test:karma && npm run test:dtslint && npm run test:exports
2023-11-20T02:19:24.5951998Z 
2023-11-20T02:19:24.8780895Z 
2023-11-20T02:19:24.8781600Z > axios@1.6.0 test:eslint
2023-11-20T02:19:24.8782768Z > node bin/ssl_hotfix.js eslint lib/**/*.js
2023-11-20T02:19:24.8783316Z 
2023-11-20T02:19:24.9378623Z Running eslint lib/adapters/adapters.js lib/adapters/http.js lib/adapters/xhr.js lib/cancel/CancelToken.js lib/cancel/CanceledError.js lib/cancel/isCancel.js lib/core/Axios.js lib/core/AxiosError.js lib/core/AxiosHeaders.js lib/core/InterceptorManager.js lib/core/buildFullPath.js lib/core/dispatchRequest.js lib/core/mergeConfig.js lib/core/settle.js lib/core/transformData.js lib/defaults/index.js lib/defaults/transitional.js lib/env/data.js lib/helpers/AxiosTransformStream.js lib/helpers/AxiosURLSearchParams.js lib/helpers/HttpStatusCode.js lib/helpers/ZlibHeaderTransformStream.js lib/helpers/bind.js lib/helpers/buildURL.js lib/helpers/callbackify.js lib/helpers/combineURLs.js lib/helpers/cookies.js lib/helpers/deprecatedMethod.js lib/helpers/formDataToJSON.js lib/helpers/formDataToStream.js lib/helpers/fromDataURI.js lib/helpers/isAbsoluteURL.js lib/helpers/isAxiosError.js lib/helpers/isURLSameOrigin.js lib/helpers/null.js lib/helpers/parseHeaders.js lib/helpers/parseProtocol.js lib/helpers/readBlob.js lib/helpers/speedometer.js lib/helpers/spread.js lib/helpers/throttle.js lib/helpers/toFormData.js lib/helpers/toURLEncodedForm.js lib/helpers/validator.js lib/platform/index.js on v18.18.2
2023-11-20T02:19:24.9386057Z Setting --openssl-legacy-provider as ssl hotfix
2023-11-20T02:19:24.9386427Z 
2023-11-20T02:19:25.9356388Z 
2023-11-20T02:19:25.9357414Z > axios@1.6.0 test:mocha
2023-11-20T02:19:25.9358909Z > node bin/ssl_hotfix.js mocha test/unit/**/*.js --timeout 30000 --exit
2023-11-20T02:19:25.9359785Z 
2023-11-20T02:19:25.9765143Z Running mocha test/unit/adapters/adapters.js test/unit/adapters/http.js test/unit/core/AxiosHeaders.js test/unit/defaults/transformReponse.js test/unit/helpers/fromDataURI.js test/unit/helpers/parseProtocol.js test/unit/regression/SNYK-JS-AXIOS-1038255.js test/unit/regression/bugs.js test/unit/utils/utils.js --timeout 30000 --exit on v18.18.2
2023-11-20T02:19:25.9767633Z 
2023-11-20T02:19:25.9768091Z Setting --openssl-legacy-provider as ssl hotfix
2023-11-20T02:19:26.3657028Z 
2023-11-20T02:19:26.3662155Z 
2023-11-20T02:19:26.3666923Z   adapters
2023-11-20T02:19:26.3678005Z     ✔ should support loading by fn handle
2023-11-20T02:19:26.3680717Z     ✔ should support loading by name
2023-11-20T02:19:26.3688165Z     ✔ should detect adapter unavailable status
2023-11-20T02:19:26.3691218Z     ✔ should detect adapter unsupported status
2023-11-20T02:19:26.3693956Z     ✔ should pick suitable adapter from the list
2023-11-20T02:19:26.3696476Z 
2023-11-20T02:19:26.3700078Z   supports http with nodejs
2023-11-20T02:19:26.6813708Z     ✔ should throw an error if the timeout property is not parsable as a number (310ms)
2023-11-20T02:19:26.9855799Z     ✔ should parse the timeout property (302ms)
2023-11-20T02:19:27.2874486Z     ✔ should respect the timeout property (302ms)
2023-11-20T02:19:27.5891591Z     ✔ should respect the timeoutErrorMessage property (301ms)
2023-11-20T02:19:27.5945887Z     ✔ should allow passing JSON
2023-11-20T02:19:27.5968811Z     ✔ should allow passing JSON with BOM
2023-11-20T02:19:27.6011905Z     ✔ should redirect
2023-11-20T02:19:27.6033537Z     ✔ should not redirect
2023-11-20T02:19:27.6092216Z     ✔ should support max redirects
2023-11-20T02:19:27.6115113Z     ✔ should support beforeRedirect
2023-11-20T02:19:27.6259815Z     ✔ should support beforeRedirect and proxy with redirect
2023-11-20T02:19:27.6287097Z     ✔ should preserve the HTTP verb on redirect
2023-11-20T02:19:27.6338070Z     ✔ should support UTF8
2023-11-20T02:19:27.6359566Z     ✔ should support basic auth
2023-11-20T02:19:27.6376897Z     ✔ should support basic auth with a header
2023-11-20T02:19:27.6395168Z     ✔ should provides a default User-Agent header
2023-11-20T02:19:27.6412292Z     ✔ should allow the User-Agent header to be overridden
2023-11-20T02:19:27.6430291Z     ✔ should allow the Content-Length header to be overridden
2023-11-20T02:19:27.6452874Z     ✔ should support max content length
2023-11-20T02:19:27.7472258Z     ✔ should support max content length for redirected (101ms)
2023-11-20T02:19:27.8504493Z     ✔ should support max body length (103ms)
2023-11-20T02:19:28.1793206Z     ✔ should properly support default max body length (follow-redirects as well) (328ms)
2023-11-20T02:19:28.1805643Z     ✔ should display error while parsing params
2023-11-20T02:19:28.1820879Z     ✔ should support sockets
2023-11-20T02:19:28.1840883Z     ✔ should support buffers
2023-11-20T02:19:28.1866662Z     ✔ should support HTTP proxies
2023-11-20T02:19:28.2201149Z     ✔ should support HTTPS proxies
2023-11-20T02:19:28.2215483Z     ✔ should not pass through disabled proxy
2023-11-20T02:19:28.2237834Z     ✔ should support proxy set via env var
2023-11-20T02:19:28.2335057Z     ✔ should support HTTPS proxy set via env var
2023-11-20T02:19:28.2363686Z     ✔ should re-evaluate proxy on redirect when proxy set via env var
2023-11-20T02:19:28.2381916Z     ✔ should not use proxy for domains in no_proxy
2023-11-20T02:19:28.2406828Z     ✔ should use proxy for domains not in no_proxy
2023-11-20T02:19:28.2427052Z     ✔ should support HTTP proxy auth
2023-11-20T02:19:28.2448138Z     ✔ should support proxy auth from env
2023-11-20T02:19:28.2470487Z     ✔ should support proxy auth with header
2023-11-20T02:19:28.2484255Z     ✔ should support cancel
2023-11-20T02:19:28.2500587Z     ✔ should combine baseURL and url
2023-11-20T02:19:29.2521901Z     ✔ should support HTTP protocol (1001ms)
2023-11-20T02:19:29.3189989Z     ✔ should support HTTPS protocol (66ms)
2023-11-20T02:19:29.6204008Z     ✔ should return malformed URL (301ms)
2023-11-20T02:19:29.9217364Z     ✔ should return unsupported protocol (301ms)
2023-11-20T02:19:29.9233857Z     ✔ should supply a user-agent if one is not specified
2023-11-20T02:19:29.9246907Z     ✔ should omit a user-agent if one is explicitly disclaimed
2023-11-20T02:19:30.1269539Z     ✔ should throw an error if http server that aborts a chunked request (202ms)
2023-11-20T02:19:30.1289094Z     ✔ should able to cancel multiple requests with CancelToken
2023-11-20T02:19:30.1326015Z     ✔ should respect formSerializer config
2023-11-20T02:19:30.1331047Z     ✔ should properly handle synchronous errors inside the adapter
2023-11-20T02:19:30.1343943Z     ✔ should support function as paramsSerializer value
2023-11-20T02:19:30.1346349Z     compression
2023-11-20T02:19:30.1365675Z       ✔ should support transparent gunzip
2023-11-20T02:19:30.1384890Z       ✔ should support gunzip error handling
2023-11-20T02:19:30.1399591Z       ✔ should support disabling automatic decompression of response data
2023-11-20T02:19:30.1401507Z       algorithms
2023-11-20T02:19:30.1402234Z         gzip decompression
2023-11-20T02:19:30.1418696Z           ✔ should support decompression
2023-11-20T02:19:30.1435294Z           ✔ should not fail if response content-length header is missing (gzip)
2023-11-20T02:19:30.1450182Z           ✔ should not fail with chunked responses (without Content-Length header)
2023-11-20T02:19:30.1463535Z           ✔ should not fail with an empty response without content-length header (Z_BUF_ERROR)
2023-11-20T02:19:30.1476925Z           ✔ should not fail with an empty response with content-length header (Z_BUF_ERROR)
2023-11-20T02:19:30.1478296Z         GZIP decompression
2023-11-20T02:19:30.1491012Z           ✔ should support decompression
2023-11-20T02:19:30.1506526Z           ✔ should not fail if response content-length header is missing (GZIP)
2023-11-20T02:19:30.1520331Z           ✔ should not fail with chunked responses (without Content-Length header)
2023-11-20T02:19:30.1532609Z           ✔ should not fail with an empty response without content-length header (Z_BUF_ERROR)
2023-11-20T02:19:30.1546546Z           ✔ should not fail with an empty response with content-length header (Z_BUF_ERROR)
2023-11-20T02:19:30.1548080Z         compress decompression
2023-11-20T02:19:30.1568500Z           ✔ should support decompression
2023-11-20T02:19:30.1584729Z           ✔ should not fail if response content-length header is missing (compress)
2023-11-20T02:19:30.1601106Z           ✔ should not fail with chunked responses (without Content-Length header)
2023-11-20T02:19:30.1616414Z           ✔ should not fail with an empty response without content-length header (Z_BUF_ERROR)
2023-11-20T02:19:30.1629806Z           ✔ should not fail with an empty response with content-length header (Z_BUF_ERROR)
2023-11-20T02:19:30.1631304Z         deflate decompression
2023-11-20T02:19:30.1646762Z           ✔ should support decompression
2023-11-20T02:19:30.1660175Z           ✔ should not fail if response content-length header is missing (deflate)
2023-11-20T02:19:30.1674386Z           ✔ should not fail with chunked responses (without Content-Length header)
2023-11-20T02:19:30.1688258Z           ✔ should not fail with an empty response without content-length header (Z_BUF_ERROR)
2023-11-20T02:19:30.1701287Z           ✔ should not fail with an empty response with content-length header (Z_BUF_ERROR)
2023-11-20T02:19:30.1702781Z         deflate-raw decompression
2023-11-20T02:19:30.1715866Z           ✔ should support decompression
2023-11-20T02:19:30.1729819Z           ✔ should not fail if response content-length header is missing (deflate)
2023-11-20T02:19:30.1743942Z           ✔ should not fail with chunked responses (without Content-Length header)
2023-11-20T02:19:30.1756681Z           ✔ should not fail with an empty response without content-length header (Z_BUF_ERROR)
2023-11-20T02:19:30.1770138Z           ✔ should not fail with an empty response with content-length header (Z_BUF_ERROR)
2023-11-20T02:19:30.1771496Z         br decompression
2023-11-20T02:19:30.1787040Z           ✔ should support decompression
2023-11-20T02:19:30.1801543Z           ✔ should not fail if response content-length header is missing (br)
2023-11-20T02:19:30.1818307Z           ✔ should not fail with chunked responses (without Content-Length header)
2023-11-20T02:19:30.1834713Z           ✔ should not fail with an empty response without content-length header (Z_BUF_ERROR)
2023-11-20T02:19:30.1849699Z           ✔ should not fail with an empty response with content-length header (Z_BUF_ERROR)
2023-11-20T02:19:30.1850923Z     streams
2023-11-20T02:19:30.1882161Z       ✔ should support streams
2023-11-20T02:19:30.1891429Z       ✔ should pass errors for a failed stream
2023-11-20T02:19:31.1937598Z pipeline error: CanceledError: Request stream has been aborted
2023-11-20T02:19:31.1939762Z       ✔ should destroy the response stream with an error on request stream destroying (1004ms)
2023-11-20T02:19:31.1943386Z Server warning: Premature close
2023-11-20T02:19:31.1946704Z     different options for direct proxy configuration (without env variables)
2023-11-20T02:19:31.1948548Z       ✔ hostname and trailing colon in protocol
2023-11-20T02:19:31.1950400Z       ✔ hostname and no trailing colon in protocol
2023-11-20T02:19:31.1952290Z       ✔ both hostname and host -> hostname takes precedence
2023-11-20T02:19:31.1954031Z       ✔ only host and https protocol
2023-11-20T02:19:31.1955144Z     FormData
2023-11-20T02:19:31.1957086Z       form-data instance (https://www.npmjs.com/package/form-data)
2023-11-20T02:19:31.2040965Z         ✔ should allow passing FormData
2023-11-20T02:19:31.2044039Z       SpecCompliant FormData
2023-11-20T02:19:31.2070365Z (node:2092) ExperimentalWarning: buffer.File is an experimental feature and might change at any time
2023-11-20T02:19:31.2072289Z (Use `node --trace-warnings ...` to show where the warning was created)
2023-11-20T02:19:31.2109944Z         ✔ should allow passing FormData
2023-11-20T02:19:31.2111807Z       toFormData helper
2023-11-20T02:19:31.2316285Z         ✔ should properly serialize nested objects for parsing with multer.js (express.js)
2023-11-20T02:19:31.2319308Z     Blob
2023-11-20T02:19:31.2340105Z       ✔ should support Blob
2023-11-20T02:19:31.2342510Z     URLEncoded Form
2023-11-20T02:19:31.2452986Z       ✔ should post object data as url-encoded form if content-type is application/x-www-form-urlencoded
2023-11-20T02:19:31.2454526Z     Data URL
2023-11-20T02:19:31.2460728Z       ✔ should support requesting data URL as a Buffer
2023-11-20T02:19:31.2467818Z       ✔ should support requesting data URL as a Blob (if supported by the environment)
2023-11-20T02:19:31.2471703Z       ✔ should support requesting data URL as a String (text)
2023-11-20T02:19:31.2476846Z       ✔ should support requesting data URL as a Stream
2023-11-20T02:19:31.2478076Z     progress
2023-11-20T02:19:31.2478711Z       upload
2023-11-20T02:19:42.2593375Z         ✔ should support upload progress capturing (11012ms)
2023-11-20T02:19:42.2595637Z       download
2023-11-20T02:19:53.2751027Z         ✔ should support download progress capturing (11015ms)
2023-11-20T02:19:53.2752995Z     Rate limit
2023-11-20T02:20:02.7971055Z       ✔ should support upload rate limit (9521ms)
2023-11-20T02:20:12.3214704Z       ✔ should support download rate limit (9524ms)
2023-11-20T02:20:12.3216315Z     request aborting
2023-11-20T02:20:12.9296670Z pipeline error: CanceledError: canceled
2023-11-20T02:20:12.9298200Z       ✔ should be able to abort the response stream (608ms)
2023-11-20T02:20:12.9304009Z Server warning: Premature close
2023-11-20T02:20:12.9306076Z     DNS
2023-11-20T02:20:12.9329940Z       ✔ should support a custom DNS lookup function
2023-11-20T02:20:12.9344132Z       ✔ should support a custom DNS lookup function with address entry passing
2023-11-20T02:20:12.9358503Z       ✔ should support a custom DNS lookup function (async)
2023-11-20T02:20:12.9372380Z       ✔ should support a custom DNS lookup function with address entry (async)
2023-11-20T02:20:12.9385666Z       ✔ should support a custom DNS lookup function that returns only IP address (async)
2023-11-20T02:20:12.9387541Z 
2023-11-20T02:20:12.9389213Z   AxiosHeaders
2023-11-20T02:20:12.9391029Z     ✔ should support headers argument
2023-11-20T02:20:12.9393415Z     ✔ should support uppercase name mapping for names overlapped by class methods
2023-11-20T02:20:12.9396081Z     ✔ should be caseless
2023-11-20T02:20:12.9396768Z     set
2023-11-20T02:20:12.9398679Z       ✔ should support adding a single header
2023-11-20T02:20:12.9400442Z       ✔ should support adding multiple headers
2023-11-20T02:20:12.9403286Z       ✔ should support adding multiple headers from raw headers string
2023-11-20T02:20:12.9405054Z       ✔ should not rewrite header the header if the value is false
2023-11-20T02:20:12.9406833Z       ✔ should not rewrite the header if its value is false, unless rewrite options is set to true
2023-11-20T02:20:12.9408799Z     get
2023-11-20T02:20:12.9409363Z       filter
2023-11-20T02:20:12.9411057Z         ✔ should support RegExp
2023-11-20T02:20:12.9413470Z         ✔ should support function
2023-11-20T02:20:12.9414405Z     has
2023-11-20T02:20:12.9417170Z       ✔ should return true if the header is defined, otherwise false
2023-11-20T02:20:12.9418172Z       filter
2023-11-20T02:20:12.9420795Z         ✔ should support RegExp
2023-11-20T02:20:12.9423520Z         ✔ should support function
2023-11-20T02:20:12.9425225Z         ✔ should support string pattern
2023-11-20T02:20:12.9426360Z     delete
2023-11-20T02:20:12.9428621Z       ✔ should delete the header
2023-11-20T02:20:12.9436070Z       ✔ should return true if the header has been deleted, otherwise false
2023-11-20T02:20:12.9438003Z       ✔ should support headers array
2023-11-20T02:20:12.9438979Z       filter
2023-11-20T02:20:12.9440620Z         ✔ should support RegExp
2023-11-20T02:20:12.9443275Z         ✔ should support function
2023-11-20T02:20:12.9445553Z         ✔ should support string pattern
2023-11-20T02:20:12.9446400Z     clear
2023-11-20T02:20:12.9448864Z       ✔ should clear all headers
2023-11-20T02:20:12.9452236Z       ✔ should clear matching headers if a matcher was specified
2023-11-20T02:20:12.9453257Z     toJSON
2023-11-20T02:20:12.9454759Z       ✔ should return headers object with original headers case
2023-11-20T02:20:12.9455877Z     accessors
2023-11-20T02:20:12.9459571Z       ✔ should support get accessor
2023-11-20T02:20:12.9461904Z       ✔ should support set accessor
2023-11-20T02:20:12.9463924Z       ✔ should support has accessor
2023-11-20T02:20:12.9464658Z     normalize()
2023-11-20T02:20:12.9468204Z       ✔ should support auto-formatting
2023-11-20T02:20:12.9470328Z       ✔ should support external defined values
2023-11-20T02:20:12.9473008Z       ✔ should support array values
2023-11-20T02:20:12.9473832Z     AxiosHeaders.concat
2023-11-20T02:20:12.9476528Z       ✔ should concatenate plain headers into an AxiosHeader instance
2023-11-20T02:20:12.9478761Z       ✔ should concatenate raw headers into an AxiosHeader instance
2023-11-20T02:20:12.9481311Z       ✔ should concatenate Axios headers into a new AxiosHeader instance
2023-11-20T02:20:12.9482339Z     toString
2023-11-20T02:20:12.9484307Z       ✔ should serialize AxiosHeader instance to a raw headers string
2023-11-20T02:20:12.9485059Z 
2023-11-20T02:20:12.9485517Z   transformResponse
2023-11-20T02:20:12.9486112Z     200 request
2023-11-20T02:20:12.9488380Z       ✔ parses json
2023-11-20T02:20:12.9490840Z       ✔ ignores XML
2023-11-20T02:20:12.9491595Z     204 request
2023-11-20T02:20:12.9493711Z       ✔ does not parse the empty string
2023-11-20T02:20:12.9495433Z       ✔ does not parse undefined
2023-11-20T02:20:12.9495967Z 
2023-11-20T02:20:12.9496345Z   helpers::fromDataURI
2023-11-20T02:20:12.9500182Z     ✔ should return buffer from data uri
2023-11-20T02:20:12.9500650Z 
2023-11-20T02:20:12.9501253Z   helpers::parseProtocol
2023-11-20T02:20:12.9504632Z     ✔ should parse protocol part if it exists
2023-11-20T02:20:12.9505098Z 
2023-11-20T02:20:12.9505796Z   Server-Side Request Forgery (SSRF)
2023-11-20T02:20:12.9539172Z     ✔ obeys proxy settings when following redirects
2023-11-20T02:20:12.9540573Z 
2023-11-20T02:20:12.9541276Z   issues
2023-11-20T02:20:12.9541711Z     4999
2023-11-20T02:20:13.0353832Z       ✔ should not fail with query parsing (81ms)
2023-11-20T02:20:13.0357488Z     5028
2023-11-20T02:20:13.0384630Z       ✔ should handle set-cookie headers as an array
2023-11-20T02:20:13.0385630Z 
2023-11-20T02:20:13.0386531Z   utils
2023-11-20T02:20:13.0388326Z     ✔ should validate Stream
2023-11-20T02:20:13.0389955Z     ✔ should validate Buffer
2023-11-20T02:20:13.0390924Z     utils::isFormData
2023-11-20T02:20:13.0394954Z       ✔ should detect the FormData instance provided by the `form-data` package
2023-11-20T02:20:13.0396575Z       ✔ should not call toString method on built-in objects instances
2023-11-20T02:20:13.0398675Z       ✔ should not call toString method on built-in objects instances, even if append method exists
2023-11-20T02:20:13.0400407Z       ✔ should detect custom FormData instances by toStringTag signature and append method presence
2023-11-20T02:20:13.0401292Z     toJSON
2023-11-20T02:20:13.0404128Z       ✔ should convert to a plain object without circular references
2023-11-20T02:20:13.0406430Z       ✔ should use objects with defined toJSON method without rebuilding
2023-11-20T02:20:13.0406991Z 
2023-11-20T02:20:13.0408836Z 
2023-11-20T02:20:13.0410282Z   163 passing (47s)
2023-11-20T02:20:13.0410618Z 
2023-11-20T02:20:13.3252909Z 
2023-11-20T02:20:13.3253788Z > axios@1.6.0 test:karma
2023-11-20T02:20:13.3255159Z > node bin/ssl_hotfix.js cross-env LISTEN_ADDR=:: karma start karma.conf.cjs --single-run
2023-11-20T02:20:13.3256202Z 
2023-11-20T02:20:13.3665036Z Running cross-env LISTEN_ADDR=:: karma start karma.conf.cjs --single-run on v18.18.2
2023-11-20T02:20:13.3666307Z 
2023-11-20T02:20:13.3669331Z Setting --openssl-legacy-provider as ssl hotfix
2023-11-20T02:20:13.6875126Z Running ci on GitHub Actions.
2023-11-20T02:20:14.0191963Z (node:2281) MaxListenersExceededWarning: Possible EventEmitter memory leak detected. 11 beforeExit listeners added to [process]. Use emitter.setMaxListeners() to increase limit
2023-11-20T02:20:14.0193912Z (Use `node --trace-warnings ...` to show where the warning was created)
2023-11-20T02:20:14.0924668Z [32m20 11 2023 02:20:14.091:INFO [preprocessor.rollup]: [39mGenerating bundle for ./test/specs/adapter.spec.js
2023-11-20T02:20:14.1380068Z [32m20 11 2023 02:20:14.137:INFO [preprocessor.rollup]: [39mGenerating bundle for ./test/specs/api.spec.js
2023-11-20T02:20:14.1438490Z [32m20 11 2023 02:20:14.143:INFO [preprocessor.rollup]: [39mGenerating bundle for ./test/specs/formdata.spec.js
2023-11-20T02:20:14.1757692Z [32m20 11 2023 02:20:14.175:INFO [preprocessor.rollup]: [39mGenerating bundle for ./test/specs/interceptors.spec.js
2023-11-20T02:20:14.2140408Z [32m20 11 2023 02:20:14.213:INFO [preprocessor.rollup]: [39mGenerating bundle for ./test/specs/instance.spec.js
2023-11-20T02:20:14.2481933Z [32m20 11 2023 02:20:14.247:INFO [preprocessor.rollup]: [39mGenerating bundle for ./test/specs/requests.spec.js
2023-11-20T02:20:14.2585483Z [32m20 11 2023 02:20:14.258:INFO [preprocessor.rollup]: [39mGenerating bundle for ./test/specs/progress.spec.js
2023-11-20T02:20:14.2665016Z [32m20 11 2023 02:20:14.266:INFO [preprocessor.rollup]: [39mGenerating bundle for ./test/specs/promise.spec.js
2023-11-20T02:20:14.2747619Z [32m20 11 2023 02:20:14.274:INFO [preprocessor.rollup]: [39mGenerating bundle for ./test/specs/core/enhanceError.spec.js
2023-11-20T02:20:14.2751983Z Generated an empty chunk: "enhanceError.spec"
2023-11-20T02:20:14.4388226Z [32m20 11 2023 02:20:14.438:INFO [preprocessor.rollup]: [39mGenerating bundle for ./test/specs/helpers/bind.spec.js
2023-11-20T02:20:14.4432889Z [32m20 11 2023 02:20:14.443:INFO [preprocessor.rollup]: [39mGenerating bundle for ./test/specs/helpers/combineURLs.spec.js
2023-11-20T02:20:14.4583409Z [32m20 11 2023 02:20:14.458:INFO [preprocessor.rollup]: [39mGenerating bundle for ./test/specs/helpers/isAbsoluteURL.spec.js
2023-11-20T02:20:14.4637537Z [32m20 11 2023 02:20:14.463:INFO [preprocessor.rollup]: [39mGenerating bundle for ./test/specs/helpers/spread.spec.js
2023-11-20T02:20:14.4752874Z preferring built-in module 'assert' over local alternative at '/home/runner/work/axios-microprint-example/axios-microprint-example/node_modules/assert/assert.js', pass 'preferBuiltins: false' to disable this behavior or 'preferBuiltins: true' to disable this warning
2023-11-20T02:20:14.5098651Z [32m20 11 2023 02:20:14.509:INFO [preprocessor.rollup]: [39mGenerating bundle for ./test/specs/cancel.spec.js
2023-11-20T02:20:14.6838511Z [32m20 11 2023 02:20:14.683:INFO [preprocessor.rollup]: [39mGenerating bundle for ./test/specs/utils/extend.spec.js
2023-11-20T02:20:14.7102630Z [32m20 11 2023 02:20:14.709:INFO [preprocessor.rollup]: [39mGenerating bundle for ./test/specs/utils/merge.spec.js
2023-11-20T02:20:14.7348547Z [32m20 11 2023 02:20:14.734:INFO [preprocessor.rollup]: [39mGenerating bundle for ./test/specs/utils/isX.spec.js
2023-11-20T02:20:14.7495369Z [32m20 11 2023 02:20:14.749:INFO [preprocessor.rollup]: [39mGenerating bundle for ./test/specs/utils/trim.spec.js
2023-11-20T02:20:14.7682652Z [32m20 11 2023 02:20:14.767:INFO [preprocessor.rollup]: [39mGenerating bundle for ./test/specs/utils/forEach.spec.js
2023-11-20T02:20:14.7746824Z [32m20 11 2023 02:20:14.774:INFO [preprocessor.rollup]: [39mGenerating bundle for ./test/specs/core/buildFullPath.spec.js
2023-11-20T02:20:14.9097976Z preferring built-in module 'assert' over local alternative at '/home/runner/work/axios-microprint-example/axios-microprint-example/node_modules/assert/assert.js', pass 'preferBuiltins: false' to disable this behavior or 'preferBuiltins: true' to disable this warning
2023-11-20T02:20:14.9101678Z 'assert' is imported by test/specs/headers.spec.js, but could not be resolved – treating it as an external dependency
2023-11-20T02:20:14.9125019Z "default" is imported from external module "assert" but never used in "test/specs/headers.spec.js".
2023-11-20T02:20:14.9127391Z [32m20 11 2023 02:20:14.912:INFO [preprocessor.rollup]: [39mGenerating bundle for ./test/specs/headers.spec.js
2023-11-20T02:20:14.9138225Z Creating a browser bundle that depends on Node.js built-in modules ("assert"). You might need to include https://github.com/snowpackjs/rollup-plugin-polyfill-node
2023-11-20T02:20:14.9779192Z [32m20 11 2023 02:20:14.977:INFO [preprocessor.rollup]: [39mGenerating bundle for ./test/specs/transform.spec.js
2023-11-20T02:20:14.9907312Z [32m20 11 2023 02:20:14.990:INFO [preprocessor.rollup]: [39mGenerating bundle for ./test/specs/options.spec.js
2023-11-20T02:20:14.9989253Z [32m20 11 2023 02:20:14.998:INFO [preprocessor.rollup]: [39mGenerating bundle for ./test/specs/helpers/isAxiosError.spec.js
2023-11-20T02:20:15.0118076Z [32m20 11 2023 02:20:15.011:INFO [preprocessor.rollup]: [39mGenerating bundle for ./test/specs/core/AxiosError.spec.js
2023-11-20T02:20:15.0306650Z [32m20 11 2023 02:20:15.030:INFO [preprocessor.rollup]: [39mGenerating bundle for ./test/specs/helpers/parseHeaders.spec.js
2023-11-20T02:20:15.0449083Z [32m20 11 2023 02:20:15.044:INFO [preprocessor.rollup]: [39mGenerating bundle for ./test/specs/helpers/formDataToJSON.spec.js
2023-11-20T02:20:15.0568380Z [32m20 11 2023 02:20:15.056:INFO [preprocessor.rollup]: [39mGenerating bundle for ./test/specs/cancel/CanceledError.spec.js
2023-11-20T02:20:15.0736264Z [32m20 11 2023 02:20:15.073:INFO [preprocessor.rollup]: [39mGenerating bundle for ./test/specs/helpers/toFormData.spec.js
2023-11-20T02:20:15.0892652Z [32m20 11 2023 02:20:15.088:INFO [preprocessor.rollup]: [39mGenerating bundle for ./test/specs/cancel/CancelToken.spec.js
2023-11-20T02:20:15.1013084Z [32m20 11 2023 02:20:15.101:INFO [preprocessor.rollup]: [39mGenerating bundle for ./test/specs/cancel/isCancel.spec.js
2023-11-20T02:20:15.2036257Z [32m20 11 2023 02:20:15.203:INFO [preprocessor.rollup]: [39mGenerating bundle for ./test/specs/helpers/validator.spec.js
2023-11-20T02:20:15.2194427Z [32m20 11 2023 02:20:15.219:INFO [preprocessor.rollup]: [39mGenerating bundle for ./test/specs/core/settle.spec.js
2023-11-20T02:20:15.2756331Z [32m20 11 2023 02:20:15.275:INFO [preprocessor.rollup]: [39mGenerating bundle for ./test/specs/helpers/buildURL.spec.js
2023-11-20T02:20:15.3320894Z [32m20 11 2023 02:20:15.331:INFO [preprocessor.rollup]: [39mGenerating bundle for ./test/specs/core/mergeConfig.spec.js
2023-11-20T02:20:15.3831181Z [32m20 11 2023 02:20:15.382:INFO [preprocessor.rollup]: [39mGenerating bundle for ./test/specs/defaults.spec.js
2023-11-20T02:20:15.4228262Z [32m20 11 2023 02:20:15.422:INFO [preprocessor.rollup]: [39mGenerating bundle for ./test/specs/basicAuth.spec.js
2023-11-20T02:20:15.4740621Z [32m20 11 2023 02:20:15.473:INFO [preprocessor.rollup]: [39mGenerating bundle for ./test/specs/__helpers.js
2023-11-20T02:20:15.5199602Z [32m20 11 2023 02:20:15.519:INFO [preprocessor.rollup]: [39mGenerating bundle for ./test/specs/core/transformData.spec.js
2023-11-20T02:20:15.5431077Z [32m20 11 2023 02:20:15.542:INFO [preprocessor.rollup]: [39mGenerating bundle for ./test/specs/helpers/cookies.spec.js
2023-11-20T02:20:15.5568242Z [32m20 11 2023 02:20:15.556:INFO [preprocessor.rollup]: [39mGenerating bundle for ./test/specs/xsrf.spec.js
2023-11-20T02:20:15.5748639Z [32m20 11 2023 02:20:15.574:INFO [preprocessor.rollup]: [39mGenerating bundle for ./test/specs/helpers/isURLSameOrigin.spec.js
2023-11-20T02:20:15.5830701Z [32m20 11 2023 02:20:15.582:INFO [karma-server]: [39mKarma v6.3.20 server started at http://localhost:9876/
2023-11-20T02:20:15.5833788Z [32m20 11 2023 02:20:15.582:INFO [launcher]: [39mLaunching browsers FirefoxHeadless, ChromeHeadless with concurrency unlimited
2023-11-20T02:20:15.5876057Z [32m20 11 2023 02:20:15.587:INFO [launcher]: [39mStarting browser FirefoxHeadless
2023-11-20T02:20:15.6139886Z [32m20 11 2023 02:20:15.613:INFO [launcher]: [39mStarting browser ChromeHeadless
2023-11-20T02:20:20.7307636Z [32m20 11 2023 02:20:20.730:INFO [Chrome Headless 118.0.5993.117 (Linux x86_64)]: [39mConnected on socket bK6gJmhgPTMyeVdcAAAB with id 56394647
2023-11-20T02:20:20.9726408Z Chrome Headless 118.0.5993.117 (Linux x86_64): Executed 0 of 306 SUCCESS (0 secs / 0 secs)
2023-11-20T02:20:20.9827203Z [1A[2KChrome Headless 118.0.5993.117 (Linux x86_64): Executed 1 of 306 SUCCESS (0 secs / 0.012 secs)
2023-11-20T02:20:20.9836903Z [1A[2KChrome Headless 118.0.5993.117 (Linux x86_64): Executed 2 of 306 SUCCESS (0 secs / 0.013 secs)
2023-11-20T02:20:20.9841121Z [1A[2KChrome Headless 118.0.5993.117 (Linux x86_64): Executed 3 of 306 SUCCESS (0 secs / 0.014 secs)
2023-11-20T02:20:20.9851589Z [1A[2KChrome Headless 118.0.5993.117 (Linux x86_64): Executed 4 of 306 SUCCESS (0 secs / 0.015 secs)
2023-11-20T02:20:20.9865715Z [1A[2KChrome Headless 118.0.5993.117 (Linux x86_64): Executed 5 of 306 SUCCESS (0 secs / 0.016 secs)
2023-11-20T02:20:20.9870576Z [1A[2KChrome Headless 118.0.5993.117 (Linux x86_64): Executed 6 of 306 SUCCESS (0 secs / 0.016 secs)
2023-11-20T02:20:20.9873088Z [1A[2KChrome Headless 118.0.5993.117 (Linux x86_64): Executed 7 of 306 SUCCESS (0 secs / 0.016 secs)
2023-11-20T02:20:20.9877142Z [33m20 11 2023 02:20:20.987:WARN [web-server]: [39m404: /test
2023-11-20T02:20:20.9883365Z [1A[2KChrome Headless 118.0.5993.117 (Linux x86_64): Executed 8 of 306 SUCCESS (0 secs / 0.016 secs)
2023-11-20T02:20:20.9886046Z [1A[2KChrome Headless 118.0.5993.117 (Linux x86_64): Executed 9 of 306 SUCCESS (0 secs / 0.016 secs)
2023-11-20T02:20:20.9898720Z [1A[2KChrome Headless 118.0.5993.117 (Linux x86_64): Executed 10 of 306 SUCCESS (0 secs / 0.016 secs)
2023-11-20T02:20:20.9903701Z [1A[2KChrome Headless 118.0.5993.117 (Linux x86_64): Executed 11 of 306 SUCCESS (0 secs / 0.017 secs)
2023-11-20T02:20:20.9905745Z [1A[2KChrome Headless 118.0.5993.117 (Linux x86_64): Executed 12 of 306 SUCCESS (0 secs / 0.017 secs)
2023-11-20T02:20:20.9908063Z [1A[2KChrome Headless 118.0.5993.117 (Linux x86_64): Executed 13 of 306 SUCCESS (0 secs / 0.017 secs)
2023-11-20T02:20:20.9910137Z [1A[2KChrome Headless 118.0.5993.117 (Linux x86_64): Executed 14 of 306 SUCCESS (0 secs / 0.017 secs)
2023-11-20T02:20:20.9912028Z [1A[2KChrome Headless 118.0.5993.117 (Linux x86_64): Executed 15 of 306 SUCCESS (0 secs / 0.017 secs)
2023-11-20T02:20:20.9914188Z [1A[2KChrome Headless 118.0.5993.117 (Linux x86_64): Executed 16 of 306 SUCCESS (0 secs / 0.017 secs)
2023-11-20T02:20:21.0911565Z [1A[2KChrome Headless 118.0.5993.117 (Linux x86_64): Executed 17 of 306 SUCCESS (0 secs / 0.12 secs)
2023-11-20T02:20:21.1924934Z [1A[2KChrome Headless 118.0.5993.117 (Linux x86_64): Executed 18 of 306 SUCCESS (0 secs / 0.221 secs)
2023-11-20T02:20:21.2936192Z [1A[2KChrome Headless 118.0.5993.117 (Linux x86_64): Executed 19 of 306 SUCCESS (0 secs / 0.322 secs)
2023-11-20T02:20:21.2944449Z [1A[2KChrome Headless 118.0.5993.117 (Linux x86_64): Executed 20 of 306 SUCCESS (0 secs / 0.323 secs)
2023-11-20T02:20:21.2950991Z [1A[2KChrome Headless 118.0.5993.117 (Linux x86_64): Executed 21 of 306 SUCCESS (0 secs / 0.323 secs)
2023-11-20T02:20:21.2962557Z [1A[2KChrome Headless 118.0.5993.117 (Linux x86_64): Executed 22 of 306 SUCCESS (0 secs / 0.324 secs)
2023-11-20T02:20:21.2968858Z [1A[2KChrome Headless 118.0.5993.117 (Linux x86_64): Executed 23 of 306 SUCCESS (0 secs / 0.325 secs)
2023-11-20T02:20:21.3031076Z [1A[2KChrome Headless 118.0.5993.117 (Linux x86_64): Executed 24 of 306 SUCCESS (0 secs / 0.33 secs)
2023-11-20T02:20:21.3035028Z [1A[2KChrome Headless 118.0.5993.117 (Linux x86_64): Executed 25 of 306 SUCCESS (0 secs / 0.331 secs)
2023-11-20T02:20:21.3037511Z [1A[2KChrome Headless 118.0.5993.117 (Linux x86_64): Executed 26 of 306 SUCCESS (0 secs / 0.331 secs)
2023-11-20T02:20:21.3039990Z [1A[2KChrome Headless 118.0.5993.117 (Linux x86_64): Executed 27 of 306 SUCCESS (0 secs / 0.331 secs)
2023-11-20T02:20:21.3045350Z [1A[2KChrome Headless 118.0.5993.117 (Linux x86_64): Executed 28 of 306 SUCCESS (0 secs / 0.331 secs)
2023-11-20T02:20:21.3047565Z [1A[2KChrome Headless 118.0.5993.117 (Linux x86_64): Executed 29 of 306 SUCCESS (0 secs / 0.332 secs)
2023-11-20T02:20:21.3049521Z [1A[2KChrome Headless 118.0.5993.117 (Linux x86_64): Executed 30 of 306 SUCCESS (0 secs / 0.332 secs)
2023-11-20T02:20:21.3051622Z [1A[2KChrome Headless 118.0.5993.117 (Linux x86_64): Executed 31 of 306 SUCCESS (0 secs / 0.332 secs)
2023-11-20T02:20:21.3054692Z [1A[2KChrome Headless 118.0.5993.117 (Linux x86_64): Executed 32 of 306 SUCCESS (0 secs / 0.332 secs)
2023-11-20T02:20:21.3056759Z [1A[2KChrome Headless 118.0.5993.117 (Linux x86_64): Executed 33 of 306 SUCCESS (0 secs / 0.333 secs)
2023-11-20T02:20:21.3058791Z [1A[2KChrome Headless 118.0.5993.117 (Linux x86_64): Executed 34 of 306 SUCCESS (0 secs / 0.333 secs)
2023-11-20T02:20:21.3062523Z [1A[2KChrome Headless 118.0.5993.117 (Linux x86_64): Executed 35 of 306 SUCCESS (0 secs / 0.333 secs)
2023-11-20T02:20:21.3064445Z [1A[2KChrome Headless 118.0.5993.117 (Linux x86_64): Executed 36 of 306 SUCCESS (0 secs / 0.333 secs)
2023-11-20T02:20:21.3073118Z [1A[2KChrome Headless 118.0.5993.117 (Linux x86_64): Executed 37 of 306 SUCCESS (0 secs / 0.334 secs)
2023-11-20T02:20:21.3077573Z [1A[2KChrome Headless 118.0.5993.117 (Linux x86_64): Executed 38 of 306 SUCCESS (0 secs / 0.335 secs)
2023-11-20T02:20:21.3081660Z [1A[2KChrome Headless 118.0.5993.117 (Linux x86_64): Executed 39 of 306 SUCCESS (0 secs / 0.335 secs)
2023-11-20T02:20:21.3083629Z [1A[2KChrome Headless 118.0.5993.117 (Linux x86_64): Executed 40 of 306 SUCCESS (0 secs / 0.335 secs)
2023-11-20T02:20:21.3088670Z [1A[2KChrome Headless 118.0.5993.117 (Linux x86_64): Executed 41 of 306 SUCCESS (0 secs / 0.335 secs)
2023-11-20T02:20:21.3091229Z [1A[2KChrome Headless 118.0.5993.117 (Linux x86_64): Executed 42 of 306 SUCCESS (0 secs / 0.335 secs)
2023-11-20T02:20:21.3093609Z [1A[2KChrome Headless 118.0.5993.117 (Linux x86_64): Executed 43 of 306 SUCCESS (0 secs / 0.335 secs)
2023-11-20T02:20:21.3095308Z [1A[2KChrome Headless 118.0.5993.117 (Linux x86_64): Executed 44 of 306 SUCCESS (0 secs / 0.336 secs)
2023-11-20T02:20:21.3103628Z [1A[2KChrome Headless 118.0.5993.117 (Linux x86_64): Executed 45 of 306 SUCCESS (0 secs / 0.336 secs)
2023-11-20T02:20:21.3106404Z [1A[2KChrome Headless 118.0.5993.117 (Linux x86_64): Executed 46 of 306 SUCCESS (0 secs / 0.336 secs)
2023-11-20T02:20:21.3108891Z [1A[2KChrome Headless 118.0.5993.117 (Linux x86_64): Executed 47 of 306 SUCCESS (0 secs / 0.336 secs)
2023-11-20T02:20:21.3111942Z [1A[2KChrome Headless 118.0.5993.117 (Linux x86_64): Executed 48 of 306 SUCCESS (0 secs / 0.336 secs)
2023-11-20T02:20:21.3114996Z [1A[2KChrome Headless 118.0.5993.117 (Linux x86_64): Executed 49 of 306 SUCCESS (0 secs / 0.337 secs)
2023-11-20T02:20:21.3118881Z [1A[2KChrome Headless 118.0.5993.117 (Linux x86_64): Executed 50 of 306 SUCCESS (0 secs / 0.337 secs)
2023-11-20T02:20:21.3121091Z [1A[2KChrome Headless 118.0.5993.117 (Linux x86_64): Executed 51 of 306 SUCCESS (0 secs / 0.337 secs)
2023-11-20T02:20:21.3124436Z [1A[2KChrome Headless 118.0.5993.117 (Linux x86_64): Executed 52 of 306 SUCCESS (0 secs / 0.337 secs)
2023-11-20T02:20:21.3126765Z [1A[2KChrome Headless 118.0.5993.117 (Linux x86_64): Executed 53 of 306 SUCCESS (0 secs / 0.337 secs)
2023-11-20T02:20:21.3128830Z [1A[2KChrome Headless 118.0.5993.117 (Linux x86_64): Executed 54 of 306 SUCCESS (0 secs / 0.337 secs)
2023-11-20T02:20:21.3130928Z [1A[2KChrome Headless 118.0.5993.117 (Linux x86_64): Executed 55 of 306 SUCCESS (0 secs / 0.337 secs)
2023-11-20T02:20:21.3133476Z [1A[2KChrome Headless 118.0.5993.117 (Linux x86_64): Executed 56 of 306 SUCCESS (0 secs / 0.337 secs)
2023-11-20T02:20:21.3136181Z [1A[2KChrome Headless 118.0.5993.117 (Linux x86_64): Executed 57 of 306 SUCCESS (0 secs / 0.337 secs)
2023-11-20T02:20:21.3138406Z [1A[2KChrome Headless 118.0.5993.117 (Linux x86_64): Executed 58 of 306 SUCCESS (0 secs / 0.337 secs)
2023-11-20T02:20:21.3139914Z [1A[2KChrome Headless 118.0.5993.117 (Linux x86_64): Executed 59 of 306 SUCCESS (0 secs / 0.337 secs)
2023-11-20T02:20:21.3141299Z [1A[2KChrome Headless 118.0.5993.117 (Linux x86_64): Executed 60 of 306 SUCCESS (0 secs / 0.337 secs)
2023-11-20T02:20:21.3143451Z [1A[2KChrome Headless 118.0.5993.117 (Linux x86_64): Executed 61 of 306 SUCCESS (0 secs / 0.337 secs)
2023-11-20T02:20:21.3145721Z [1A[2KChrome Headless 118.0.5993.117 (Linux x86_64): Executed 62 of 306 SUCCESS (0 secs / 0.337 secs)
2023-11-20T02:20:21.3147808Z [1A[2KChrome Headless 118.0.5993.117 (Linux x86_64): Executed 63 of 306 SUCCESS (0 secs / 0.337 secs)
2023-11-20T02:20:21.3149939Z [1A[2KChrome Headless 118.0.5993.117 (Linux x86_64): Executed 64 of 306 SUCCESS (0 secs / 0.337 secs)
2023-11-20T02:20:21.3152029Z [1A[2KChrome Headless 118.0.5993.117 (Linux x86_64): Executed 65 of 306 SUCCESS (0 secs / 0.338 secs)
2023-11-20T02:20:21.3154244Z [1A[2KChrome Headless 118.0.5993.117 (Linux x86_64): Executed 66 of 306 SUCCESS (0 secs / 0.338 secs)
2023-11-20T02:20:21.3156506Z [1A[2KChrome Headless 118.0.5993.117 (Linux x86_64): Executed 67 of 306 SUCCESS (0 secs / 0.338 secs)
2023-11-20T02:20:21.3158677Z [1A[2KChrome Headless 118.0.5993.117 (Linux x86_64): Executed 68 of 306 SUCCESS (0 secs / 0.338 secs)
2023-11-20T02:20:21.3160849Z [1A[2KChrome Headless 118.0.5993.117 (Linux x86_64): Executed 69 of 306 SUCCESS (0 secs / 0.339 secs)
2023-11-20T02:20:21.3163057Z [1A[2KChrome Headless 118.0.5993.117 (Linux x86_64): Executed 70 of 306 SUCCESS (0 secs / 0.339 secs)
2023-11-20T02:20:21.3165241Z [1A[2KChrome Headless 118.0.5993.117 (Linux x86_64): Executed 71 of 306 SUCCESS (0 secs / 0.339 secs)
2023-11-20T02:20:21.3167375Z [1A[2KChrome Headless 118.0.5993.117 (Linux x86_64): Executed 72 of 306 SUCCESS (0 secs / 0.339 secs)
2023-11-20T02:20:21.3169654Z [1A[2KChrome Headless 118.0.5993.117 (Linux x86_64): Executed 73 of 306 SUCCESS (0 secs / 0.34 secs)
2023-11-20T02:20:21.3171792Z [1A[2KChrome Headless 118.0.5993.117 (Linux x86_64): Executed 74 of 306 SUCCESS (0 secs / 0.34 secs)
2023-11-20T02:20:21.3174540Z [1A[2KChrome Headless 118.0.5993.117 (Linux x86_64): Executed 75 of 306 SUCCESS (0 secs / 0.34 secs)
2023-11-20T02:20:21.3176862Z [1A[2KChrome Headless 118.0.5993.117 (Linux x86_64): Executed 76 of 306 SUCCESS (0 secs / 0.34 secs)
2023-11-20T02:20:21.3178988Z [1A[2KChrome Headless 118.0.5993.117 (Linux x86_64): Executed 77 of 306 SUCCESS (0 secs / 0.34 secs)
2023-11-20T02:20:21.3181128Z [1A[2KChrome Headless 118.0.5993.117 (Linux x86_64): Executed 78 of 306 SUCCESS (0 secs / 0.34 secs)
2023-11-20T02:20:21.3183407Z [1A[2KChrome Headless 118.0.5993.117 (Linux x86_64): Executed 79 of 306 SUCCESS (0 secs / 0.34 secs)
2023-11-20T02:20:21.3185529Z [1A[2KChrome Headless 118.0.5993.117 (Linux x86_64): Executed 80 of 306 SUCCESS (0 secs / 0.34 secs)
2023-11-20T02:20:21.3187662Z [1A[2KChrome Headless 118.0.5993.117 (Linux x86_64): Executed 81 of 306 SUCCESS (0 secs / 0.34 secs)
2023-11-20T02:20:21.3189968Z [1A[2KChrome Headless 118.0.5993.117 (Linux x86_64): Executed 82 of 306 SUCCESS (0 secs / 0.34 secs)
2023-11-20T02:20:21.3192066Z [1A[2KChrome Headless 118.0.5993.117 (Linux x86_64): Executed 83 of 306 SUCCESS (0 secs / 0.341 secs)
2023-11-20T02:20:21.3194341Z [1A[2KChrome Headless 118.0.5993.117 (Linux x86_64): Executed 84 of 306 SUCCESS (0 secs / 0.341 secs)
2023-11-20T02:20:21.3196624Z [1A[2KChrome Headless 118.0.5993.117 (Linux x86_64): Executed 85 of 306 SUCCESS (0 secs / 0.341 secs)
2023-11-20T02:20:21.3198732Z [1A[2KChrome Headless 118.0.5993.117 (Linux x86_64): Executed 86 of 306 SUCCESS (0 secs / 0.341 secs)
2023-11-20T02:20:21.3201023Z [1A[2KChrome Headless 118.0.5993.117 (Linux x86_64): Executed 87 of 306 SUCCESS (0 secs / 0.341 secs)
2023-11-20T02:20:21.3203082Z [1A[2KChrome Headless 118.0.5993.117 (Linux x86_64): Executed 88 of 306 SUCCESS (0 secs / 0.341 secs)
2023-11-20T02:20:21.3204517Z [1A[2KChrome Headless 118.0.5993.117 (Linux x86_64): Executed 89 of 306 SUCCESS (0 secs / 0.341 secs)
2023-11-20T02:20:21.3206013Z [1A[2KChrome Headless 118.0.5993.117 (Linux x86_64): Executed 90 of 306 SUCCESS (0 secs / 0.341 secs)
2023-11-20T02:20:21.3207549Z [1A[2KChrome Headless 118.0.5993.117 (Linux x86_64): Executed 91 of 306 SUCCESS (0 secs / 0.341 secs)
2023-11-20T02:20:21.3209337Z [1A[2KChrome Headless 118.0.5993.117 (Linux x86_64): Executed 92 of 306 SUCCESS (0 secs / 0.341 secs)
2023-11-20T02:20:21.3211181Z [1A[2KChrome Headless 118.0.5993.117 (Linux x86_64): Executed 93 of 306 SUCCESS (0 secs / 0.341 secs)
2023-11-20T02:20:21.3212818Z [1A[2KChrome Headless 118.0.5993.117 (Linux x86_64): Executed 94 of 306 SUCCESS (0 secs / 0.342 secs)
2023-11-20T02:20:21.3214482Z [1A[2KChrome Headless 118.0.5993.117 (Linux x86_64): Executed 95 of 306 SUCCESS (0 secs / 0.342 secs)
2023-11-20T02:20:21.3216489Z [1A[2KChrome Headless 118.0.5993.117 (Linux x86_64): Executed 96 of 306 SUCCESS (0 secs / 0.342 secs)
2023-11-20T02:20:21.3223719Z [1A[2KChrome Headless 118.0.5993.117 (Linux x86_64): Executed 97 of 306 SUCCESS (0 secs / 0.342 secs)
2023-11-20T02:20:21.3226914Z [1A[2KChrome Headless 118.0.5993.117 (Linux x86_64): Executed 98 of 306 SUCCESS (0 secs / 0.342 secs)
2023-11-20T02:20:21.3229735Z [1A[2KChrome Headless 118.0.5993.117 (Linux x86_64): Executed 99 of 306 SUCCESS (0 secs / 0.342 secs)
2023-11-20T02:20:21.3231997Z [1A[2KChrome Headless 118.0.5993.117 (Linux x86_64): Executed 100 of 306 SUCCESS (0 secs / 0.342 secs)
2023-11-20T02:20:21.3237689Z [1A[2KChrome Headless 118.0.5993.117 (Linux x86_64): Executed 101 of 306 SUCCESS (0 secs / 0.343 secs)
2023-11-20T02:20:21.3240225Z [1A[2KChrome Headless 118.0.5993.117 (Linux x86_64): Executed 102 of 306 SUCCESS (0 secs / 0.343 secs)
2023-11-20T02:20:21.3524634Z [1A[2KChrome Headless 118.0.5993.117 (Linux x86_64): Executed 103 of 306 SUCCESS (0 secs / 0.366 secs)
2023-11-20T02:20:21.3528477Z [1A[2KChrome Headless 118.0.5993.117 (Linux x86_64): Executed 104 of 306 SUCCESS (0 secs / 0.372 secs)
2023-11-20T02:20:21.3695314Z [1A[2KChrome Headless 118.0.5993.117 (Linux x86_64): Executed 105 of 306 SUCCESS (0 secs / 0.383 secs)
2023-11-20T02:20:21.3704852Z [1A[2KChrome Headless 118.0.5993.117 (Linux x86_64): Executed 106 of 306 SUCCESS (0 secs / 0.383 secs)
2023-11-20T02:20:21.3713216Z [1A[2KChrome Headless 118.0.5993.117 (Linux x86_64): Executed 107 of 306 SUCCESS (0 secs / 0.384 secs)
2023-11-20T02:20:21.3718916Z [1A[2KChrome Headless 118.0.5993.117 (Linux x86_64): Executed 108 of 306 SUCCESS (0 secs / 0.384 secs)
2023-11-20T02:20:21.3721204Z [1A[2KChrome Headless 118.0.5993.117 (Linux x86_64): Executed 109 of 306 SUCCESS (0 secs / 0.385 secs)
2023-11-20T02:20:21.3723264Z [1A[2KChrome Headless 118.0.5993.117 (Linux x86_64): Executed 110 of 306 SUCCESS (0 secs / 0.385 secs)
2023-11-20T02:20:21.3725412Z [1A[2KChrome Headless 118.0.5993.117 (Linux x86_64): Executed 111 of 306 SUCCESS (0 secs / 0.385 secs)
2023-11-20T02:20:21.3727710Z [1A[2KChrome Headless 118.0.5993.117 (Linux x86_64): Executed 112 of 306 SUCCESS (0 secs / 0.386 secs)
2023-11-20T02:20:21.3729775Z [1A[2KChrome Headless 118.0.5993.117 (Linux x86_64): Executed 113 of 306 SUCCESS (0 secs / 0.387 secs)
2023-11-20T02:20:21.3731764Z [1A[2KChrome Headless 118.0.5993.117 (Linux x86_64): Executed 114 of 306 SUCCESS (0 secs / 0.388 secs)
2023-11-20T02:20:21.3743422Z [1A[2KChrome Headless 118.0.5993.117 (Linux x86_64): Executed 115 of 306 SUCCESS (0 secs / 0.389 secs)
2023-11-20T02:20:21.3744962Z [1A[2KChrome Headless 118.0.5993.117 (Linux x86_64): Executed 116 of 306 SUCCESS (0 secs / 0.39 secs)
2023-11-20T02:20:21.3746274Z [1A[2KChrome Headless 118.0.5993.117 (Linux x86_64): Executed 117 of 306 SUCCESS (0 secs / 0.39 secs)
2023-11-20T02:20:21.7658911Z [1A[2KChrome Headless 118.0.5993.117 (Linux x86_64): Executed 118 of 306 SUCCESS (0 secs / 0.783 secs)
2023-11-20T02:20:21.7662040Z [1A[2KChrome Headless 118.0.5993.117 (Linux x86_64): Executed 119 of 306 SUCCESS (0 secs / 0.783 secs)
2023-11-20T02:20:21.7668892Z [1A[2KChrome Headless 118.0.5993.117 (Linux x86_64): Executed 120 of 306 SUCCESS (0 secs / 0.784 secs)
2023-11-20T02:20:21.7673741Z [1A[2KChrome Headless 118.0.5993.117 (Linux x86_64): Executed 121 of 306 SUCCESS (0 secs / 0.784 secs)
2023-11-20T02:20:21.7680662Z [1A[2KChrome Headless 118.0.5993.117 (Linux x86_64): Executed 122 of 306 SUCCESS (0 secs / 0.784 secs)
2023-11-20T02:20:21.7685358Z [1A[2KChrome Headless 118.0.5993.117 (Linux x86_64): Executed 123 of 306 SUCCESS (0 secs / 0.785 secs)
2023-11-20T02:20:21.7690803Z [1A[2KChrome Headless 118.0.5993.117 (Linux x86_64): Executed 124 of 306 SUCCESS (0 secs / 0.785 secs)
2023-11-20T02:20:21.7696595Z [1A[2KChrome Headless 118.0.5993.117 (Linux x86_64): Executed 125 of 306 SUCCESS (0 secs / 0.786 secs)
2023-11-20T02:20:21.7706130Z [1A[2KChrome Headless 118.0.5993.117 (Linux x86_64): Executed 126 of 306 SUCCESS (0 secs / 0.786 secs)
2023-11-20T02:20:21.7708611Z [1A[2KChrome Headless 118.0.5993.117 (Linux x86_64): Executed 127 of 306 SUCCESS (0 secs / 0.786 secs)
2023-11-20T02:20:21.7710777Z [1A[2KChrome Headless 118.0.5993.117 (Linux x86_64): Executed 128 of 306 SUCCESS (0 secs / 0.786 secs)
2023-11-20T02:20:21.7715371Z [1A[2KChrome Headless 118.0.5993.117 (Linux x86_64): Executed 129 of 306 SUCCESS (0 secs / 0.787 secs)
2023-11-20T02:20:21.7725694Z [1A[2KChrome Headless 118.0.5993.117 (Linux x86_64): Executed 130 of 306 SUCCESS (0 secs / 0.788 secs)
2023-11-20T02:20:21.7734035Z [1A[2KChrome Headless 118.0.5993.117 (Linux x86_64): Executed 131 of 306 SUCCESS (0 secs / 0.788 secs)
2023-11-20T02:20:21.7736561Z [1A[2KChrome Headless 118.0.5993.117 (Linux x86_64): Executed 132 of 306 SUCCESS (0 secs / 0.788 secs)
2023-11-20T02:20:21.7739198Z [1A[2KChrome Headless 118.0.5993.117 (Linux x86_64): Executed 133 of 306 SUCCESS (0 secs / 0.788 secs)
2023-11-20T02:20:21.7747454Z [1A[2KChrome Headless 118.0.5993.117 (Linux x86_64): Executed 134 of 306 SUCCESS (0 secs / 0.788 secs)
2023-11-20T02:20:21.7750141Z [1A[2KChrome Headless 118.0.5993.117 (Linux x86_64): Executed 135 of 306 SUCCESS (0 secs / 0.789 secs)
2023-11-20T02:20:21.7753151Z [1A[2KChrome Headless 118.0.5993.117 (Linux x86_64): Executed 136 of 306 SUCCESS (0 secs / 0.789 secs)
2023-11-20T02:20:21.7755819Z [1A[2KChrome Headless 118.0.5993.117 (Linux x86_64): Executed 137 of 306 SUCCESS (0 secs / 0.789 secs)
2023-11-20T02:20:21.7758248Z [1A[2KChrome Headless 118.0.5993.117 (Linux x86_64): Executed 138 of 306 SUCCESS (0 secs / 0.789 secs)
2023-11-20T02:20:21.7760801Z [1A[2KChrome Headless 118.0.5993.117 (Linux x86_64): Executed 139 of 306 SUCCESS (0 secs / 0.789 secs)
2023-11-20T02:20:21.7763225Z [1A[2KChrome Headless 118.0.5993.117 (Linux x86_64): Executed 140 of 306 SUCCESS (0 secs / 0.79 secs)
2023-11-20T02:20:21.7765619Z [1A[2KChrome Headless 118.0.5993.117 (Linux x86_64): Executed 141 of 306 SUCCESS (0 secs / 0.79 secs)
2023-11-20T02:20:21.7767662Z [1A[2KChrome Headless 118.0.5993.117 (Linux x86_64): Executed 142 of 306 SUCCESS (0 secs / 0.79 secs)
2023-11-20T02:20:21.7769572Z [1A[2KChrome Headless 118.0.5993.117 (Linux x86_64): Executed 143 of 306 SUCCESS (0 secs / 0.79 secs)
2023-11-20T02:20:21.7771368Z [1A[2KChrome Headless 118.0.5993.117 (Linux x86_64): Executed 144 of 306 SUCCESS (0 secs / 0.79 secs)
2023-11-20T02:20:21.7773535Z [1A[2KChrome Headless 118.0.5993.117 (Linux x86_64): Executed 145 of 306 SUCCESS (0 secs / 0.791 secs)
2023-11-20T02:20:21.7778684Z [1A[2KChrome Headless 118.0.5993.117 (Linux x86_64): Executed 146 of 306 SUCCESS (0 secs / 0.793 secs)
2023-11-20T02:20:21.7786109Z [1A[2KChrome Headless 118.0.5993.117 (Linux x86_64): Executed 147 of 306 SUCCESS (0 secs / 0.794 secs)
2023-11-20T02:20:21.7791468Z [1A[2KChrome Headless 118.0.5993.117 (Linux x86_64): Executed 148 of 306 SUCCESS (0 secs / 0.794 secs)
2023-11-20T02:20:21.7844643Z [1A[2KChrome Headless 118.0.5993.117 (Linux x86_64): Executed 149 of 306 SUCCESS (0 secs / 0.799 secs)
2023-11-20T02:20:21.7848372Z [1A[2KChrome Headless 118.0.5993.117 (Linux x86_64): Executed 150 of 306 SUCCESS (0 secs / 0.799 secs)
2023-11-20T02:20:21.7850956Z [1A[2KChrome Headless 118.0.5993.117 (Linux x86_64): Executed 151 of 306 SUCCESS (0 secs / 0.799 secs)
2023-11-20T02:20:21.7853414Z [1A[2KChrome Headless 118.0.5993.117 (Linux x86_64): Executed 152 of 306 SUCCESS (0 secs / 0.799 secs)
2023-11-20T02:20:21.7855707Z [1A[2KChrome Headless 118.0.5993.117 (Linux x86_64): Executed 153 of 306 SUCCESS (0 secs / 0.799 secs)
2023-11-20T02:20:21.7858462Z [1A[2KChrome Headless 118.0.5993.117 (Linux x86_64): Executed 154 of 306 SUCCESS (0 secs / 0.799 secs)
2023-11-20T02:20:21.7860774Z [1A[2KChrome Headless 118.0.5993.117 (Linux x86_64): Executed 155 of 306 SUCCESS (0 secs / 0.799 secs)
2023-11-20T02:20:21.7865263Z [1A[2KChrome Headless 118.0.5993.117 (Linux x86_64): Executed 156 of 306 SUCCESS (0 secs / 0.799 secs)
2023-11-20T02:20:21.7867773Z [1A[2KChrome Headless 118.0.5993.117 (Linux x86_64): Executed 157 of 306 SUCCESS (0 secs / 0.799 secs)
2023-11-20T02:20:21.7869465Z [1A[2KChrome Headless 118.0.5993.117 (Linux x86_64): Executed 158 of 306 SUCCESS (0 secs / 0.8 secs)
2023-11-20T02:20:21.7872906Z [1A[2KChrome Headless 118.0.5993.117 (Linux x86_64): Executed 159 of 306 SUCCESS (0 secs / 0.8 secs)
2023-11-20T02:20:21.7874275Z [1A[2KChrome Headless 118.0.5993.117 (Linux x86_64): Executed 160 of 306 SUCCESS (0 secs / 0.8 secs)
2023-11-20T02:20:21.7877159Z [1A[2KChrome Headless 118.0.5993.117 (Linux x86_64): Executed 161 of 306 SUCCESS (0 secs / 0.8 secs)
2023-11-20T02:20:21.7879233Z [1A[2KChrome Headless 118.0.5993.117 (Linux x86_64): Executed 162 of 306 SUCCESS (0 secs / 0.801 secs)
2023-11-20T02:20:21.7881177Z [1A[2KChrome Headless 118.0.5993.117 (Linux x86_64): Executed 163 of 306 SUCCESS (0 secs / 0.801 secs)
2023-11-20T02:20:21.7883153Z [1A[2KChrome Headless 118.0.5993.117 (Linux x86_64): Executed 164 of 306 SUCCESS (0 secs / 0.801 secs)
2023-11-20T02:20:21.7884926Z [1A[2KChrome Headless 118.0.5993.117 (Linux x86_64): Executed 165 of 306 SUCCESS (0 secs / 0.802 secs)
2023-11-20T02:20:21.7888746Z [1A[2KChrome Headless 118.0.5993.117 (Linux x86_64): Executed 166 of 306 SUCCESS (0 secs / 0.802 secs)
2023-11-20T02:20:21.7891516Z [1A[2KChrome Headless 118.0.5993.117 (Linux x86_64): Executed 167 of 306 SUCCESS (0 secs / 0.802 secs)
2023-11-20T02:20:21.7897060Z [1A[2KChrome Headless 118.0.5993.117 (Linux x86_64): Executed 168 of 306 SUCCESS (0 secs / 0.803 secs)
2023-11-20T02:20:21.7900143Z [1A[2KChrome Headless 118.0.5993.117 (Linux x86_64): Executed 169 of 306 SUCCESS (0 secs / 0.803 secs)
2023-11-20T02:20:21.7903316Z [1A[2KChrome Headless 118.0.5993.117 (Linux x86_64): Executed 170 of 306 SUCCESS (0 secs / 0.803 secs)
2023-11-20T02:20:21.7906089Z [1A[2KChrome Headless 118.0.5993.117 (Linux x86_64): Executed 171 of 306 SUCCESS (0 secs / 0.803 secs)
2023-11-20T02:20:21.7908903Z [1A[2KChrome Headless 118.0.5993.117 (Linux x86_64): Executed 172 of 306 SUCCESS (0 secs / 0.803 secs)
2023-11-20T02:20:21.7914937Z [1A[2KChrome Headless 118.0.5993.117 (Linux x86_64): Executed 173 of 306 SUCCESS (0 secs / 0.803 secs)
2023-11-20T02:20:21.7917149Z [1A[2KChrome Headless 118.0.5993.117 (Linux x86_64): Executed 174 of 306 SUCCESS (0 secs / 0.804 secs)
2023-11-20T02:20:21.7926530Z [1A[2KChrome Headless 118.0.5993.117 (Linux x86_64): Executed 175 of 306 SUCCESS (0 secs / 0.804 secs)
2023-11-20T02:20:21.7928715Z [1A[2KChrome Headless 118.0.5993.117 (Linux x86_64): Executed 176 of 306 SUCCESS (0 secs / 0.804 secs)
2023-11-20T02:20:21.7930423Z [1A[2KChrome Headless 118.0.5993.117 (Linux x86_64): Executed 177 of 306 SUCCESS (0 secs / 0.804 secs)
2023-11-20T02:20:21.7932526Z [1A[2KChrome Headless 118.0.5993.117 (Linux x86_64): Executed 178 of 306 SUCCESS (0 secs / 0.804 secs)
2023-11-20T02:20:21.7935151Z [1A[2KChrome Headless 118.0.5993.117 (Linux x86_64): Executed 179 of 306 SUCCESS (0 secs / 0.805 secs)
2023-11-20T02:20:21.7940363Z [1A[2KChrome Headless 118.0.5993.117 (Linux x86_64): Executed 180 of 306 SUCCESS (0 secs / 0.805 secs)
2023-11-20T02:20:21.7944816Z [1A[2KChrome Headless 118.0.5993.117 (Linux x86_64): Executed 181 of 306 SUCCESS (0 secs / 0.806 secs)
2023-11-20T02:20:21.7949388Z [1A[2KChrome Headless 118.0.5993.117 (Linux x86_64): Executed 182 of 306 SUCCESS (0 secs / 0.806 secs)
2023-11-20T02:20:21.7951938Z [1A[2KChrome Headless 118.0.5993.117 (Linux x86_64): Executed 183 of 306 SUCCESS (0 secs / 0.806 secs)
2023-11-20T02:20:21.8967618Z [1A[2KChrome Headless 118.0.5993.117 (Linux x86_64): Executed 184 of 306 SUCCESS (0 secs / 0.907 secs)
2023-11-20T02:20:21.8969823Z [1A[2KChrome Headless 118.0.5993.117 (Linux x86_64): Executed 185 of 306 SUCCESS (0 secs / 0.908 secs)
2023-11-20T02:20:21.8974559Z [1A[2KChrome Headless 118.0.5993.117 (Linux x86_64): Executed 186 of 306 SUCCESS (0 secs / 0.908 secs)
2023-11-20T02:20:21.8976707Z [1A[2KChrome Headless 118.0.5993.117 (Linux x86_64): Executed 187 of 306 SUCCESS (0 secs / 0.908 secs)
2023-11-20T02:20:21.9422702Z [1A[2KChrome Headless 118.0.5993.117 (Linux x86_64): Executed 188 of 306 SUCCESS (0 secs / 0.953 secs)
2023-11-20T02:20:22.0013093Z [1A[2KChrome Headless 118.0.5993.117 (Linux x86_64): Executed 189 of 306 SUCCESS (0 secs / 1.012 secs)
2023-11-20T02:20:22.0016893Z [1A[2KChrome Headless 118.0.5993.117 (Linux x86_64): Executed 190 of 306 SUCCESS (0 secs / 1.013 secs)
2023-11-20T02:20:22.0022962Z [1A[2KChrome Headless 118.0.5993.117 (Linux x86_64): Executed 191 of 306 SUCCESS (0 secs / 1.013 secs)
2023-11-20T02:20:22.0031437Z [1A[2KChrome Headless 118.0.5993.117 (Linux x86_64): Executed 192 of 306 SUCCESS (0 secs / 1.014 secs)
2023-11-20T02:20:22.0035667Z [1A[2KChrome Headless 118.0.5993.117 (Linux x86_64): Executed 193 of 306 SUCCESS (0 secs / 1.015 secs)
2023-11-20T02:20:22.0041152Z [1A[2KChrome Headless 118.0.5993.117 (Linux x86_64): Executed 194 of 306 SUCCESS (0 secs / 1.015 secs)
2023-11-20T02:20:22.0049562Z [1A[2KChrome Headless 118.0.5993.117 (Linux x86_64): Executed 195 of 306 SUCCESS (0 secs / 1.016 secs)
2023-11-20T02:20:22.0054080Z [1A[2KChrome Headless 118.0.5993.117 (Linux x86_64): Executed 196 of 306 SUCCESS (0 secs / 1.016 secs)
2023-11-20T02:20:22.1566379Z [1A[2KChrome Headless 118.0.5993.117 (Linux x86_64): Executed 197 of 306 SUCCESS (0 secs / 1.166 secs)
2023-11-20T02:20:22.1568673Z [1A[2KChrome Headless 118.0.5993.117 (Linux x86_64): Executed 198 of 306 SUCCESS (0 secs / 1.167 secs)
2023-11-20T02:20:22.2580498Z [1A[2KChrome Headless 118.0.5993.117 (Linux x86_64): Executed 199 of 306 SUCCESS (0 secs / 1.268 secs)
2023-11-20T02:20:22.3591250Z [1A[2KChrome Headless 118.0.5993.117 (Linux x86_64): Executed 200 of 306 SUCCESS (0 secs / 1.369 secs)
2023-11-20T02:20:22.4601254Z [1A[2KChrome Headless 118.0.5993.117 (Linux x86_64): Executed 201 of 306 SUCCESS (0 secs / 1.47 secs)
2023-11-20T02:20:22.5611073Z [1A[2KChrome Headless 118.0.5993.117 (Linux x86_64): Executed 202 of 306 SUCCESS (0 secs / 1.571 secs)
2023-11-20T02:20:22.6621859Z [1A[2KChrome Headless 118.0.5993.117 (Linux x86_64): Executed 203 of 306 SUCCESS (0 secs / 1.672 secs)
2023-11-20T02:20:22.7632660Z [1A[2KChrome Headless 118.0.5993.117 (Linux x86_64): Executed 204 of 306 SUCCESS (0 secs / 1.773 secs)
2023-11-20T02:20:22.8642543Z [1A[2KChrome Headless 118.0.5993.117 (Linux x86_64): Executed 205 of 306 SUCCESS (0 secs / 1.874 secs)
2023-11-20T02:20:22.9652209Z [1A[2KChrome Headless 118.0.5993.117 (Linux x86_64): Executed 206 of 306 SUCCESS (0 secs / 1.975 secs)
2023-11-20T02:20:23.0662622Z [1A[2KChrome Headless 118.0.5993.117 (Linux x86_64): Executed 207 of 306 SUCCESS (0 secs / 2.076 secs)
2023-11-20T02:20:23.1670451Z [1A[2KChrome Headless 118.0.5993.117 (Linux x86_64): Executed 208 of 306 SUCCESS (0 secs / 2.177 secs)
2023-11-20T02:20:23.2680872Z [1A[2KChrome Headless 118.0.5993.117 (Linux x86_64): Executed 209 of 306 SUCCESS (0 secs / 2.278 secs)
2023-11-20T02:20:23.3692794Z [1A[2KChrome Headless 118.0.5993.117 (Linux x86_64): Executed 210 of 306 SUCCESS (0 secs / 2.379 secs)
2023-11-20T02:20:23.3695162Z [1A[2KChrome Headless 118.0.5993.117 (Linux x86_64): Executed 211 of 306 SUCCESS (0 secs / 2.38 secs)
2023-11-20T02:20:23.3700329Z [1A[2KChrome Headless 118.0.5993.117 (Linux x86_64): Executed 212 of 306 SUCCESS (0 secs / 2.38 secs)
2023-11-20T02:20:23.3704101Z [1A[2KChrome Headless 118.0.5993.117 (Linux x86_64): Executed 213 of 306 SUCCESS (0 secs / 2.38 secs)
2023-11-20T02:20:23.3706263Z [1A[2KChrome Headless 118.0.5993.117 (Linux x86_64): Executed 214 of 306 SUCCESS (0 secs / 2.38 secs)
2023-11-20T02:20:23.3707958Z [1A[2KChrome Headless 118.0.5993.117 (Linux x86_64): Executed 215 of 306 SUCCESS (0 secs / 2.38 secs)
2023-11-20T02:20:23.3713038Z [1A[2KChrome Headless 118.0.5993.117 (Linux x86_64): Executed 216 of 306 SUCCESS (0 secs / 2.38 secs)
2023-11-20T02:20:23.3717445Z [1A[2KChrome Headless 118.0.5993.117 (Linux x86_64): Executed 217 of 306 SUCCESS (0 secs / 2.381 secs)
2023-11-20T02:20:23.3722210Z [1A[2KChrome Headless 118.0.5993.117 (Linux x86_64): Executed 218 of 306 SUCCESS (0 secs / 2.381 secs)
2023-11-20T02:20:23.3726105Z [1A[2KChrome Headless 118.0.5993.117 (Linux x86_64): Executed 219 of 306 SUCCESS (0 secs / 2.382 secs)
2023-11-20T02:20:23.3729394Z [1A[2KChrome Headless 118.0.5993.117 (Linux x86_64): Executed 220 of 306 SUCCESS (0 secs / 2.382 secs)
2023-11-20T02:20:23.3733776Z [1A[2KChrome Headless 118.0.5993.117 (Linux x86_64): Executed 221 of 306 SUCCESS (0 secs / 2.382 secs)
2023-11-20T02:20:23.3736799Z [1A[2KChrome Headless 118.0.5993.117 (Linux x86_64): Executed 222 of 306 SUCCESS (0 secs / 2.383 secs)
2023-11-20T02:20:23.3739626Z [1A[2KChrome Headless 118.0.5993.117 (Linux x86_64): Executed 223 of 306 SUCCESS (0 secs / 2.383 secs)
2023-11-20T02:20:23.3747468Z [1A[2KChrome Headless 118.0.5993.117 (Linux x86_64): Executed 224 of 306 SUCCESS (0 secs / 2.384 secs)
2023-11-20T02:20:23.3751343Z [1A[2KChrome Headless 118.0.5993.117 (Linux x86_64): Executed 225 of 306 SUCCESS (0 secs / 2.384 secs)
2023-11-20T02:20:23.3756784Z [1A[2KChrome Headless 118.0.5993.117 (Linux x86_64): Executed 226 of 306 SUCCESS (0 secs / 2.385 secs)
2023-11-20T02:20:23.3762432Z [1A[2KChrome Headless 118.0.5993.117 (Linux x86_64): Executed 227 of 306 SUCCESS (0 secs / 2.385 secs)
2023-11-20T02:20:23.3767307Z [1A[2KChrome Headless 118.0.5993.117 (Linux x86_64): Executed 228 of 306 SUCCESS (0 secs / 2.386 secs)
2023-11-20T02:20:23.3772746Z [1A[2KChrome Headless 118.0.5993.117 (Linux x86_64): Executed 229 of 306 SUCCESS (0 secs / 2.386 secs)
2023-11-20T02:20:23.4783713Z [1A[2KChrome Headless 118.0.5993.117 (Linux x86_64): Executed 230 of 306 SUCCESS (0 secs / 2.487 secs)
2023-11-20T02:20:23.5790164Z [1A[2KChrome Headless 118.0.5993.117 (Linux x86_64): Executed 231 of 306 SUCCESS (0 secs / 2.588 secs)
2023-11-20T02:20:23.6796140Z [1A[2KChrome Headless 118.0.5993.117 (Linux x86_64): Executed 232 of 306 SUCCESS (0 secs / 2.688 secs)
2023-11-20T02:20:23.6799088Z [1A[2KChrome Headless 118.0.5993.117 (Linux x86_64): Executed 233 of 306 SUCCESS (0 secs / 2.689 secs)
2023-11-20T02:20:23.6804531Z [1A[2KChrome Headless 118.0.5993.117 (Linux x86_64): Executed 234 of 306 SUCCESS (0 secs / 2.69 secs)
2023-11-20T02:20:23.6809305Z [1A[2KChrome Headless 118.0.5993.117 (Linux x86_64): Executed 235 of 306 SUCCESS (0 secs / 2.69 secs)
2023-11-20T02:20:23.6813347Z [1A[2KChrome Headless 118.0.5993.117 (Linux x86_64): Executed 236 of 306 SUCCESS (0 secs / 2.69 secs)
2023-11-20T02:20:23.6818486Z [1A[2KChrome Headless 118.0.5993.117 (Linux x86_64): Executed 237 of 306 SUCCESS (0 secs / 2.691 secs)
2023-11-20T02:20:23.6826233Z [1A[2KChrome Headless 118.0.5993.117 (Linux x86_64): Executed 238 of 306 SUCCESS (0 secs / 2.692 secs)
2023-11-20T02:20:23.6831143Z [1A[2KChrome Headless 118.0.5993.117 (Linux x86_64): Executed 239 of 306 SUCCESS (0 secs / 2.692 secs)
2023-11-20T02:20:23.6943673Z [1A[2KChrome Headless 118.0.5993.117 (Linux x86_64): Executed 240 of 306 SUCCESS (0 secs / 2.703 secs)
2023-11-20T02:20:23.6948214Z [1A[2KChrome Headless 118.0.5993.117 (Linux x86_64): Executed 241 of 306 SUCCESS (0 secs / 2.704 secs)
2023-11-20T02:20:23.6953478Z [1A[2KChrome Headless 118.0.5993.117 (Linux x86_64): Executed 242 of 306 SUCCESS (0 secs / 2.704 secs)
2023-11-20T02:20:23.6958686Z [1A[2KChrome Headless 118.0.5993.117 (Linux x86_64): Executed 243 of 306 SUCCESS (0 secs / 2.704 secs)
2023-11-20T02:20:23.6962444Z [1A[2KChrome Headless 118.0.5993.117 (Linux x86_64): Executed 244 of 306 SUCCESS (0 secs / 2.704 secs)
2023-11-20T02:20:23.6966676Z [1A[2KChrome Headless 118.0.5993.117 (Linux x86_64): Executed 245 of 306 SUCCESS (0 secs / 2.705 secs)
2023-11-20T02:20:23.6970878Z [1A[2KChrome Headless 118.0.5993.117 (Linux x86_64): Executed 246 of 306 SUCCESS (0 secs / 2.705 secs)
2023-11-20T02:20:23.7982112Z [1A[2KChrome Headless 118.0.5993.117 (Linux x86_64): Executed 247 of 306 SUCCESS (0 secs / 2.806 secs)
2023-11-20T02:20:23.8994226Z [1A[2KChrome Headless 118.0.5993.117 (Linux x86_64): Executed 248 of 306 SUCCESS (0 secs / 2.907 secs)
2023-11-20T02:20:24.0004914Z [1A[2KChrome Headless 118.0.5993.117 (Linux x86_64): Executed 249 of 306 SUCCESS (0 secs / 3.008 secs)
2023-11-20T02:20:24.1016505Z [1A[2KChrome Headless 118.0.5993.117 (Linux x86_64): Executed 250 of 306 SUCCESS (0 secs / 3.109 secs)
2023-11-20T02:20:24.1018906Z [1A[2KChrome Headless 118.0.5993.117 (Linux x86_64): Executed 251 of 306 SUCCESS (0 secs / 3.11 secs)
2023-11-20T02:20:24.1023335Z [1A[2KChrome Headless 118.0.5993.117 (Linux x86_64): Executed 252 of 306 SUCCESS (0 secs / 3.11 secs)
2023-11-20T02:20:24.1028254Z [1A[2KChrome Headless 118.0.5993.117 (Linux x86_64): Executed 253 of 306 SUCCESS (0 secs / 3.111 secs)
2023-11-20T02:20:24.2040492Z [1A[2KChrome Headless 118.0.5993.117 (Linux x86_64): Executed 254 of 306 SUCCESS (0 secs / 3.212 secs)
2023-11-20T02:20:24.2042846Z [1A[2KChrome Headless 118.0.5993.117 (Linux x86_64): Executed 255 of 306 SUCCESS (0 secs / 3.212 secs)
2023-11-20T02:20:24.2047621Z [1A[2KChrome Headless 118.0.5993.117 (Linux x86_64): Executed 256 of 306 SUCCESS (0 secs / 3.213 secs)
2023-11-20T02:20:24.2051085Z [1A[2KChrome Headless 118.0.5993.117 (Linux x86_64): Executed 257 of 306 SUCCESS (0 secs / 3.213 secs)
2023-11-20T02:20:24.2058149Z [1A[2KChrome Headless 118.0.5993.117 (Linux x86_64): Executed 258 of 306 SUCCESS (0 secs / 3.214 secs)
2023-11-20T02:20:24.2065205Z [1A[2KChrome Headless 118.0.5993.117 (Linux x86_64): Executed 259 of 306 SUCCESS (0 secs / 3.215 secs)
2023-11-20T02:20:24.3078768Z [1A[2KChrome Headless 118.0.5993.117 (Linux x86_64): Executed 260 of 306 SUCCESS (0 secs / 3.315 secs)
2023-11-20T02:20:24.4087810Z [1A[2KChrome Headless 118.0.5993.117 (Linux x86_64): Executed 261 of 306 SUCCESS (0 secs / 3.415 secs)
2023-11-20T02:20:24.5097150Z [1A[2KChrome Headless 118.0.5993.117 (Linux x86_64): Executed 262 of 306 SUCCESS (0 secs / 3.515 secs)
2023-11-20T02:20:24.6110707Z [1A[2KChrome Headless 118.0.5993.117 (Linux x86_64): Executed 263 of 306 SUCCESS (0 secs / 3.616 secs)
2023-11-20T02:20:24.6114153Z [1A[2KChrome Headless 118.0.5993.117 (Linux x86_64): Executed 264 of 306 SUCCESS (0 secs / 3.616 secs)
2023-11-20T02:20:24.6119632Z [1A[2KChrome Headless 118.0.5993.117 (Linux x86_64): Executed 265 of 306 SUCCESS (0 secs / 3.617 secs)
2023-11-20T02:20:24.6128205Z [1A[2KChrome Headless 118.0.5993.117 (Linux x86_64): Executed 266 of 306 SUCCESS (0 secs / 3.618 secs)
2023-11-20T02:20:24.6133015Z [1A[2KChrome Headless 118.0.5993.117 (Linux x86_64): Executed 267 of 306 SUCCESS (0 secs / 3.618 secs)
2023-11-20T02:20:24.6147541Z [1A[2KChrome Headless 118.0.5993.117 (Linux x86_64): Executed 268 of 306 SUCCESS (0 secs / 3.619 secs)
2023-11-20T02:20:24.6149768Z [1A[2KChrome Headless 118.0.5993.117 (Linux x86_64): Executed 269 of 306 SUCCESS (0 secs / 3.619 secs)
2023-11-20T02:20:24.6151751Z [1A[2KChrome Headless 118.0.5993.117 (Linux x86_64): Executed 270 of 306 SUCCESS (0 secs / 3.619 secs)
2023-11-20T02:20:24.6153897Z [1A[2KChrome Headless 118.0.5993.117 (Linux x86_64): Executed 271 of 306 SUCCESS (0 secs / 3.62 secs)
2023-11-20T02:20:24.6170813Z [1A[2KChrome Headless 118.0.5993.117 (Linux x86_64): Executed 272 of 306 SUCCESS (0 secs / 3.62 secs)
2023-11-20T02:20:24.6172862Z [1A[2KChrome Headless 118.0.5993.117 (Linux x86_64): Executed 273 of 306 SUCCESS (0 secs / 3.62 secs)
2023-11-20T02:20:24.6175209Z [1A[2KChrome Headless 118.0.5993.117 (Linux x86_64): Executed 274 of 306 SUCCESS (0 secs / 3.62 secs)
2023-11-20T02:20:24.6177403Z [1A[2KChrome Headless 118.0.5993.117 (Linux x86_64): Executed 275 of 306 SUCCESS (0 secs / 3.62 secs)
2023-11-20T02:20:24.6179325Z [1A[2KChrome Headless 118.0.5993.117 (Linux x86_64): Executed 276 of 306 SUCCESS (0 secs / 3.62 secs)
2023-11-20T02:20:24.6181131Z [1A[2KChrome Headless 118.0.5993.117 (Linux x86_64): Executed 277 of 306 SUCCESS (0 secs / 3.62 secs)
2023-11-20T02:20:24.6182831Z [1A[2KChrome Headless 118.0.5993.117 (Linux x86_64): Executed 278 of 306 SUCCESS (0 secs / 3.62 secs)
2023-11-20T02:20:24.6184802Z [1A[2KChrome Headless 118.0.5993.117 (Linux x86_64): Executed 279 of 306 SUCCESS (0 secs / 3.62 secs)
2023-11-20T02:20:24.6186667Z [1A[2KChrome Headless 118.0.5993.117 (Linux x86_64): Executed 280 of 306 SUCCESS (0 secs / 3.621 secs)
2023-11-20T02:20:24.6188669Z [1A[2KChrome Headless 118.0.5993.117 (Linux x86_64): Executed 281 of 306 SUCCESS (0 secs / 3.621 secs)
2023-11-20T02:20:24.6190682Z [1A[2KChrome Headless 118.0.5993.117 (Linux x86_64): Executed 282 of 306 SUCCESS (0 secs / 3.621 secs)
2023-11-20T02:20:24.6193013Z [1A[2KChrome Headless 118.0.5993.117 (Linux x86_64): Executed 283 of 306 SUCCESS (0 secs / 3.621 secs)
2023-11-20T02:20:24.6195172Z [1A[2KChrome Headless 118.0.5993.117 (Linux x86_64): Executed 284 of 306 SUCCESS (0 secs / 3.621 secs)
2023-11-20T02:20:24.6197166Z [1A[2KChrome Headless 118.0.5993.117 (Linux x86_64): Executed 285 of 306 SUCCESS (0 secs / 3.621 secs)
2023-11-20T02:20:24.6199040Z [1A[2KChrome Headless 118.0.5993.117 (Linux x86_64): Executed 286 of 306 SUCCESS (0 secs / 3.621 secs)
2023-11-20T02:20:24.6201070Z [1A[2KChrome Headless 118.0.5993.117 (Linux x86_64): Executed 287 of 306 SUCCESS (0 secs / 3.621 secs)
2023-11-20T02:20:24.6202946Z [1A[2KChrome Headless 118.0.5993.117 (Linux x86_64): Executed 288 of 306 SUCCESS (0 secs / 3.622 secs)
2023-11-20T02:20:24.6204902Z [1A[2KChrome Headless 118.0.5993.117 (Linux x86_64): Executed 289 of 306 SUCCESS (0 secs / 3.622 secs)
2023-11-20T02:20:24.6206876Z [1A[2KChrome Headless 118.0.5993.117 (Linux x86_64): Executed 290 of 306 SUCCESS (0 secs / 3.622 secs)
2023-11-20T02:20:24.6208354Z [1A[2KChrome Headless 118.0.5993.117 (Linux x86_64): Executed 291 of 306 SUCCESS (0 secs / 3.622 secs)
2023-11-20T02:20:24.6210295Z [1A[2KChrome Headless 118.0.5993.117 (Linux x86_64): Executed 292 of 306 SUCCESS (0 secs / 3.622 secs)
2023-11-20T02:20:24.6212212Z [1A[2KChrome Headless 118.0.5993.117 (Linux x86_64): Executed 293 of 306 SUCCESS (0 secs / 3.623 secs)
2023-11-20T02:20:24.6213736Z [1A[2KChrome Headless 118.0.5993.117 (Linux x86_64): Executed 294 of 306 SUCCESS (0 secs / 3.623 secs)
2023-11-20T02:20:24.6215782Z [1A[2KChrome Headless 118.0.5993.117 (Linux x86_64): Executed 295 of 306 SUCCESS (0 secs / 3.623 secs)
2023-11-20T02:20:24.6217918Z [1A[2KChrome Headless 118.0.5993.117 (Linux x86_64): Executed 296 of 306 SUCCESS (0 secs / 3.624 secs)
2023-11-20T02:20:24.6219424Z [1A[2KChrome Headless 118.0.5993.117 (Linux x86_64): Executed 297 of 306 SUCCESS (0 secs / 3.625 secs)
2023-11-20T02:20:24.6221471Z [1A[2KChrome Headless 118.0.5993.117 (Linux x86_64): Executed 298 of 306 SUCCESS (0 secs / 3.625 secs)
2023-11-20T02:20:24.6223348Z [1A[2KChrome Headless 118.0.5993.117 (Linux x86_64): Executed 299 of 306 SUCCESS (0 secs / 3.625 secs)
2023-11-20T02:20:24.6225204Z [1A[2KChrome Headless 118.0.5993.117 (Linux x86_64): Executed 300 of 306 SUCCESS (0 secs / 3.625 secs)
2023-11-20T02:20:24.6230343Z [1A[2KChrome Headless 118.0.5993.117 (Linux x86_64): Executed 301 of 306 SUCCESS (0 secs / 3.626 secs)
2023-11-20T02:20:24.6236610Z [1A[2KChrome Headless 118.0.5993.117 (Linux x86_64): Executed 302 of 306 SUCCESS (0 secs / 3.627 secs)
2023-11-20T02:20:24.6242317Z [1A[2KChrome Headless 118.0.5993.117 (Linux x86_64): Executed 303 of 306 SUCCESS (0 secs / 3.627 secs)
2023-11-20T02:20:24.6249314Z [1A[2KChrome Headless 118.0.5993.117 (Linux x86_64): Executed 304 of 306 SUCCESS (0 secs / 3.628 secs)
2023-11-20T02:20:24.6253215Z [1A[2KChrome Headless 118.0.5993.117 (Linux x86_64): Executed 305 of 306 SUCCESS (0 secs / 3.628 secs)
2023-11-20T02:20:24.6494347Z [1A[2KChrome Headless 118.0.5993.117 (Linux x86_64) xsrf should set xsrf header for cross origin when using withCredentials FAILED
2023-11-20T02:20:24.6495585Z 	Expected undefined to equal '12345'.
2023-11-20T02:20:24.6496425Z 	    at test/specs/xsrf.spec.js:78:69 <- test/specs/xsrf.spec.js:1279:71
2023-11-20T02:20:24.6497940Z Chrome Headless 118.0.5993.117 (Linux x86_64): Executed 306 of 306 (1 FAILED) (0 secs / 3.629 secs)
2023-11-20T02:20:24.6499943Z [1A[2KChrome Headless 118.0.5993.117 (Linux x86_64): Executed 306 of 306 (1 FAILED) (3.677 secs / 3.629 secs)
2023-11-20T02:20:28.5259054Z [32m20 11 2023 02:20:28.525:INFO [Firefox 119.0 (Ubuntu 0.0.0)]: [39mConnected on socket J5L40nvwG84fM_5tAAAD with id 65010950
2023-11-20T02:20:28.8709643Z 
2023-11-20T02:20:28.8711575Z [1A[2K[1A[2KChrome Headless 118.0.5993.117 (Linux x86_64): Executed 306 of 306 (1 FAILED) (3.677 secs / 3.629 secs)
2023-11-20T02:20:28.8713976Z Firefox 119.0 (Ubuntu 0.0.0): Executed 0 of 306 SUCCESS (0 secs / 0 secs)
2023-11-20T02:20:28.8737094Z [1A[2K[1A[2KChrome Headless 118.0.5993.117 (Linux x86_64): Executed 306 of 306 (1 FAILED) (3.677 secs / 3.629 secs)
2023-11-20T02:20:28.8738843Z Firefox 119.0 (Ubuntu 0.0.0): Executed 1 of 306 SUCCESS (0 secs / 0.003 secs)
2023-11-20T02:20:28.8741009Z [1A[2K[1A[2KChrome Headless 118.0.5993.117 (Linux x86_64): Executed 306 of 306 (1 FAILED) (3.677 secs / 3.629 secs)
2023-11-20T02:20:28.8742722Z Firefox 119.0 (Ubuntu 0.0.0): Executed 2 of 306 SUCCESS (0 secs / 0.004 secs)
2023-11-20T02:20:28.8744824Z [1A[2K[1A[2KChrome Headless 118.0.5993.117 (Linux x86_64): Executed 306 of 306 (1 FAILED) (3.677 secs / 3.629 secs)
2023-11-20T02:20:28.8746416Z Firefox 119.0 (Ubuntu 0.0.0): Executed 3 of 306 SUCCESS (0 secs / 0.005 secs)
2023-11-20T02:20:28.8748118Z [1A[2K[1A[2KChrome Headless 118.0.5993.117 (Linux x86_64): Executed 306 of 306 (1 FAILED) (3.677 secs / 3.629 secs)
2023-11-20T02:20:28.8749681Z Firefox 119.0 (Ubuntu 0.0.0): Executed 4 of 306 SUCCESS (0 secs / 0.005 secs)
2023-11-20T02:20:28.8751347Z [1A[2K[1A[2KChrome Headless 118.0.5993.117 (Linux x86_64): Executed 306 of 306 (1 FAILED) (3.677 secs / 3.629 secs)
2023-11-20T02:20:28.8753045Z Firefox 119.0 (Ubuntu 0.0.0): Executed 5 of 306 SUCCESS (0 secs / 0.006 secs)
2023-11-20T02:20:28.8754862Z [1A[2K[1A[2KChrome Headless 118.0.5993.117 (Linux x86_64): Executed 306 of 306 (1 FAILED) (3.677 secs / 3.629 secs)
2023-11-20T02:20:28.8756370Z Firefox 119.0 (Ubuntu 0.0.0): Executed 6 of 306 SUCCESS (0 secs / 0.007 secs)
2023-11-20T02:20:28.8758221Z [1A[2K[1A[2KChrome Headless 118.0.5993.117 (Linux x86_64): Executed 306 of 306 (1 FAILED) (3.677 secs / 3.629 secs)
2023-11-20T02:20:28.8759901Z Firefox 119.0 (Ubuntu 0.0.0): Executed 7 of 306 SUCCESS (0 secs / 0.007 secs)
2023-11-20T02:20:28.8763985Z [1A[2K[1A[2KChrome Headless 118.0.5993.117 (Linux x86_64): Executed 306 of 306 (1 FAILED) (3.677 secs / 3.629 secs)
2023-11-20T02:20:28.8765857Z Firefox 119.0 (Ubuntu 0.0.0): Executed 8 of 306 SUCCESS (0 secs / 0.007 secs)
2023-11-20T02:20:28.8771847Z [1A[2K[1A[2KChrome Headless 118.0.5993.117 (Linux x86_64): Executed 306 of 306 (1 FAILED) (3.677 secs / 3.629 secs)
2023-11-20T02:20:28.8773447Z Firefox 119.0 (Ubuntu 0.0.0): Executed 9 of 306 SUCCESS (0 secs / 0.007 secs)
2023-11-20T02:20:28.8775515Z [1A[2K[1A[2KChrome Headless 118.0.5993.117 (Linux x86_64): Executed 306 of 306 (1 FAILED) (3.677 secs / 3.629 secs)
2023-11-20T02:20:28.8777219Z Firefox 119.0 (Ubuntu 0.0.0): Executed 10 of 306 SUCCESS (0 secs / 0.007 secs)
2023-11-20T02:20:28.8879242Z [1A[2K[1A[2KChrome Headless 118.0.5993.117 (Linux x86_64): Executed 306 of 306 (1 FAILED) (3.677 secs / 3.629 secs)
2023-11-20T02:20:28.8881678Z Firefox 119.0 (Ubuntu 0.0.0): Executed 11 of 306 SUCCESS (0 secs / 0.007 secs)
2023-11-20T02:20:28.8884117Z [1A[2K[1A[2KChrome Headless 118.0.5993.117 (Linux x86_64): Executed 306 of 306 (1 FAILED) (3.677 secs / 3.629 secs)
2023-11-20T02:20:28.8886000Z Firefox 119.0 (Ubuntu 0.0.0): Executed 12 of 306 SUCCESS (0 secs / 0.007 secs)
2023-11-20T02:20:28.8888261Z [1A[2K[1A[2KChrome Headless 118.0.5993.117 (Linux x86_64): Executed 306 of 306 (1 FAILED) (3.677 secs / 3.629 secs)
2023-11-20T02:20:28.8890119Z Firefox 119.0 (Ubuntu 0.0.0): Executed 13 of 306 SUCCESS (0 secs / 0.007 secs)
2023-11-20T02:20:28.8892215Z [1A[2K[1A[2KChrome Headless 118.0.5993.117 (Linux x86_64): Executed 306 of 306 (1 FAILED) (3.677 secs / 3.629 secs)
2023-11-20T02:20:28.8894143Z Firefox 119.0 (Ubuntu 0.0.0): Executed 14 of 306 SUCCESS (0 secs / 0.007 secs)
2023-11-20T02:20:28.8896296Z [1A[2K[1A[2KChrome Headless 118.0.5993.117 (Linux x86_64): Executed 306 of 306 (1 FAILED) (3.677 secs / 3.629 secs)
2023-11-20T02:20:28.8898156Z Firefox 119.0 (Ubuntu 0.0.0): Executed 15 of 306 SUCCESS (0 secs / 0.008 secs)
2023-11-20T02:20:28.8900442Z [1A[2K[1A[2KChrome Headless 118.0.5993.117 (Linux x86_64): Executed 306 of 306 (1 FAILED) (3.677 secs / 3.629 secs)
2023-11-20T02:20:28.8902201Z Firefox 119.0 (Ubuntu 0.0.0): Executed 16 of 306 SUCCESS (0 secs / 0.008 secs)
2023-11-20T02:20:28.8938835Z [33m20 11 2023 02:20:28.893:WARN [web-server]: [39m404: /test
2023-11-20T02:20:29.0000415Z [1A[2K[1A[2KChrome Headless 118.0.5993.117 (Linux x86_64): Executed 306 of 306 (1 FAILED) (3.677 secs / 3.629 secs)
2023-11-20T02:20:29.0002203Z Firefox 119.0 (Ubuntu 0.0.0): Executed 17 of 306 SUCCESS (0 secs / 0.109 secs)
2023-11-20T02:20:29.0756873Z [1A[2K[1A[2KChrome Headless 118.0.5993.117 (Linux x86_64): Executed 306 of 306 (1 FAILED) (3.677 secs / 3.629 secs)
2023-11-20T02:20:29.0757973Z Firefox 119.0 (Ubuntu 0.0.0): Executed 18 of 306 SUCCESS (0 secs / 0.21 secs)
2023-11-20T02:20:29.1767511Z [1A[2K[1A[2KChrome Headless 118.0.5993.117 (Linux x86_64): Executed 306 of 306 (1 FAILED) (3.677 secs / 3.629 secs)
2023-11-20T02:20:29.1768944Z Firefox 119.0 (Ubuntu 0.0.0): Executed 19 of 306 SUCCESS (0 secs / 0.311 secs)
2023-11-20T02:20:29.1782868Z [1A[2K[1A[2KChrome Headless 118.0.5993.117 (Linux x86_64): Executed 306 of 306 (1 FAILED) (3.677 secs / 3.629 secs)
2023-11-20T02:20:29.1785069Z Firefox 119.0 (Ubuntu 0.0.0): Executed 20 of 306 SUCCESS (0 secs / 0.313 secs)
2023-11-20T02:20:29.1792253Z [1A[2K[1A[2KChrome Headless 118.0.5993.117 (Linux x86_64): Executed 306 of 306 (1 FAILED) (3.677 secs / 3.629 secs)
2023-11-20T02:20:29.1793662Z Firefox 119.0 (Ubuntu 0.0.0): Executed 21 of 306 SUCCESS (0 secs / 0.314 secs)
2023-11-20T02:20:29.1809323Z [1A[2K[1A[2KChrome Headless 118.0.5993.117 (Linux x86_64): Executed 306 of 306 (1 FAILED) (3.677 secs / 3.629 secs)
2023-11-20T02:20:29.1811149Z Firefox 119.0 (Ubuntu 0.0.0): Executed 22 of 306 SUCCESS (0 secs / 0.315 secs)
2023-11-20T02:20:29.1817443Z [1A[2K[1A[2KChrome Headless 118.0.5993.117 (Linux x86_64): Executed 306 of 306 (1 FAILED) (3.677 secs / 3.629 secs)
2023-11-20T02:20:29.1818519Z Firefox 119.0 (Ubuntu 0.0.0): Executed 23 of 306 SUCCESS (0 secs / 0.316 secs)
2023-11-20T02:20:29.1827465Z [1A[2K[1A[2KChrome Headless 118.0.5993.117 (Linux x86_64): Executed 306 of 306 (1 FAILED) (3.677 secs / 3.629 secs)
2023-11-20T02:20:29.1828725Z Firefox 119.0 (Ubuntu 0.0.0): Executed 24 of 306 SUCCESS (0 secs / 0.318 secs)
2023-11-20T02:20:29.1832111Z [1A[2K[1A[2KChrome Headless 118.0.5993.117 (Linux x86_64): Executed 306 of 306 (1 FAILED) (3.677 secs / 3.629 secs)
2023-11-20T02:20:29.1833535Z Firefox 119.0 (Ubuntu 0.0.0): Executed 25 of 306 SUCCESS (0 secs / 0.318 secs)
2023-11-20T02:20:29.1839186Z [1A[2K[1A[2KChrome Headless 118.0.5993.117 (Linux x86_64): Executed 306 of 306 (1 FAILED) (3.677 secs / 3.629 secs)
2023-11-20T02:20:29.1841499Z Firefox 119.0 (Ubuntu 0.0.0): Executed 26 of 306 SUCCESS (0 secs / 0.318 secs)
2023-11-20T02:20:29.1843951Z [1A[2K[1A[2KChrome Headless 118.0.5993.117 (Linux x86_64): Executed 306 of 306 (1 FAILED) (3.677 secs / 3.629 secs)
2023-11-20T02:20:29.1846281Z Firefox 119.0 (Ubuntu 0.0.0): Executed 27 of 306 SUCCESS (0 secs / 0.318 secs)
2023-11-20T02:20:29.1848616Z [1A[2K[1A[2KChrome Headless 118.0.5993.117 (Linux x86_64): Executed 306 of 306 (1 FAILED) (3.677 secs / 3.629 secs)
2023-11-20T02:20:29.1850463Z Firefox 119.0 (Ubuntu 0.0.0): Executed 28 of 306 SUCCESS (0 secs / 0.319 secs)
2023-11-20T02:20:29.1852569Z [1A[2K[1A[2KChrome Headless 118.0.5993.117 (Linux x86_64): Executed 306 of 306 (1 FAILED) (3.677 secs / 3.629 secs)
2023-11-20T02:20:29.1854501Z Firefox 119.0 (Ubuntu 0.0.0): Executed 29 of 306 SUCCESS (0 secs / 0.319 secs)
2023-11-20T02:20:29.1856659Z [1A[2K[1A[2KChrome Headless 118.0.5993.117 (Linux x86_64): Executed 306 of 306 (1 FAILED) (3.677 secs / 3.629 secs)
2023-11-20T02:20:29.1858474Z Firefox 119.0 (Ubuntu 0.0.0): Executed 30 of 306 SUCCESS (0 secs / 0.319 secs)
2023-11-20T02:20:29.1860768Z [1A[2K[1A[2KChrome Headless 118.0.5993.117 (Linux x86_64): Executed 306 of 306 (1 FAILED) (3.677 secs / 3.629 secs)
2023-11-20T02:20:29.1862656Z Firefox 119.0 (Ubuntu 0.0.0): Executed 31 of 306 SUCCESS (0 secs / 0.319 secs)
2023-11-20T02:20:29.1864702Z [1A[2K[1A[2KChrome Headless 118.0.5993.117 (Linux x86_64): Executed 306 of 306 (1 FAILED) (3.677 secs / 3.629 secs)
2023-11-20T02:20:29.1866742Z Firefox 119.0 (Ubuntu 0.0.0): Executed 32 of 306 SUCCESS (0 secs / 0.319 secs)
2023-11-20T02:20:29.1868886Z [1A[2K[1A[2KChrome Headless 118.0.5993.117 (Linux x86_64): Executed 306 of 306 (1 FAILED) (3.677 secs / 3.629 secs)
2023-11-20T02:20:29.1870920Z Firefox 119.0 (Ubuntu 0.0.0): Executed 33 of 306 SUCCESS (0 secs / 0.319 secs)
2023-11-20T02:20:29.1873136Z [1A[2K[1A[2KChrome Headless 118.0.5993.117 (Linux x86_64): Executed 306 of 306 (1 FAILED) (3.677 secs / 3.629 secs)
2023-11-20T02:20:29.1874735Z Firefox 119.0 (Ubuntu 0.0.0): Executed 34 of 306 SUCCESS (0 secs / 0.32 secs)
2023-11-20T02:20:29.1876946Z [1A[2K[1A[2KChrome Headless 118.0.5993.117 (Linux x86_64): Executed 306 of 306 (1 FAILED) (3.677 secs / 3.629 secs)
2023-11-20T02:20:29.1878786Z Firefox 119.0 (Ubuntu 0.0.0): Executed 35 of 306 SUCCESS (0 secs / 0.32 secs)
2023-11-20T02:20:29.1880896Z [1A[2K[1A[2KChrome Headless 118.0.5993.117 (Linux x86_64): Executed 306 of 306 (1 FAILED) (3.677 secs / 3.629 secs)
2023-11-20T02:20:29.1882865Z Firefox 119.0 (Ubuntu 0.0.0): Executed 36 of 306 SUCCESS (0 secs / 0.32 secs)
2023-11-20T02:20:29.1898880Z [1A[2K[1A[2KChrome Headless 118.0.5993.117 (Linux x86_64): Executed 306 of 306 (1 FAILED) (3.677 secs / 3.629 secs)
2023-11-20T02:20:29.1900606Z Firefox 119.0 (Ubuntu 0.0.0): Executed 37 of 306 SUCCESS (0 secs / 0.321 secs)
2023-11-20T02:20:29.1902697Z [1A[2K[1A[2KChrome Headless 118.0.5993.117 (Linux x86_64): Executed 306 of 306 (1 FAILED) (3.677 secs / 3.629 secs)
2023-11-20T02:20:29.1914573Z Firefox 119.0 (Ubuntu 0.0.0): Executed 38 of 306 SUCCESS (0 secs / 0.321 secs)
2023-11-20T02:20:29.1916682Z [1A[2K[1A[2KChrome Headless 118.0.5993.117 (Linux x86_64): Executed 306 of 306 (1 FAILED) (3.677 secs / 3.629 secs)
2023-11-20T02:20:29.1918740Z Firefox 119.0 (Ubuntu 0.0.0): Executed 39 of 306 SUCCESS (0 secs / 0.321 secs)
2023-11-20T02:20:29.1920920Z [1A[2K[1A[2KChrome Headless 118.0.5993.117 (Linux x86_64): Executed 306 of 306 (1 FAILED) (3.677 secs / 3.629 secs)
2023-11-20T02:20:29.1922932Z Firefox 119.0 (Ubuntu 0.0.0): Executed 40 of 306 SUCCESS (0 secs / 0.321 secs)
2023-11-20T02:20:29.1925066Z [1A[2K[1A[2KChrome Headless 118.0.5993.117 (Linux x86_64): Executed 306 of 306 (1 FAILED) (3.677 secs / 3.629 secs)
2023-11-20T02:20:29.1926846Z Firefox 119.0 (Ubuntu 0.0.0): Executed 41 of 306 SUCCESS (0 secs / 0.321 secs)
2023-11-20T02:20:29.1929126Z [1A[2K[1A[2KChrome Headless 118.0.5993.117 (Linux x86_64): Executed 306 of 306 (1 FAILED) (3.677 secs / 3.629 secs)
2023-11-20T02:20:29.1930973Z Firefox 119.0 (Ubuntu 0.0.0): Executed 42 of 306 SUCCESS (0 secs / 0.321 secs)
2023-11-20T02:20:29.1933399Z [1A[2K[1A[2KChrome Headless 118.0.5993.117 (Linux x86_64): Executed 306 of 306 (1 FAILED) (3.677 secs / 3.629 secs)
2023-11-20T02:20:29.1936817Z Firefox 119.0 (Ubuntu 0.0.0): Executed 43 of 306 SUCCESS (0 secs / 0.322 secs)
2023-11-20T02:20:29.1938922Z [1A[2K[1A[2KChrome Headless 118.0.5993.117 (Linux x86_64): Executed 306 of 306 (1 FAILED) (3.677 secs / 3.629 secs)
2023-11-20T02:20:29.1940778Z Firefox 119.0 (Ubuntu 0.0.0): Executed 44 of 306 SUCCESS (0 secs / 0.322 secs)
2023-11-20T02:20:29.1943055Z [1A[2K[1A[2KChrome Headless 118.0.5993.117 (Linux x86_64): Executed 306 of 306 (1 FAILED) (3.677 secs / 3.629 secs)
2023-11-20T02:20:29.1945021Z Firefox 119.0 (Ubuntu 0.0.0): Executed 45 of 306 SUCCESS (0 secs / 0.323 secs)
2023-11-20T02:20:29.1947217Z [1A[2K[1A[2KChrome Headless 118.0.5993.117 (Linux x86_64): Executed 306 of 306 (1 FAILED) (3.677 secs / 3.629 secs)
2023-11-20T02:20:29.1949150Z Firefox 119.0 (Ubuntu 0.0.0): Executed 46 of 306 SUCCESS (0 secs / 0.323 secs)
2023-11-20T02:20:29.1951299Z [1A[2K[1A[2KChrome Headless 118.0.5993.117 (Linux x86_64): Executed 306 of 306 (1 FAILED) (3.677 secs / 3.629 secs)
2023-11-20T02:20:29.1953336Z Firefox 119.0 (Ubuntu 0.0.0): Executed 47 of 306 SUCCESS (0 secs / 0.323 secs)
2023-11-20T02:20:29.1955587Z [1A[2K[1A[2KChrome Headless 118.0.5993.117 (Linux x86_64): Executed 306 of 306 (1 FAILED) (3.677 secs / 3.629 secs)
2023-11-20T02:20:29.1957387Z Firefox 119.0 (Ubuntu 0.0.0): Executed 48 of 306 SUCCESS (0 secs / 0.323 secs)
2023-11-20T02:20:29.1967880Z [1A[2K[1A[2KChrome Headless 118.0.5993.117 (Linux x86_64): Executed 306 of 306 (1 FAILED) (3.677 secs / 3.629 secs)
2023-11-20T02:20:29.1970884Z Firefox 119.0 (Ubuntu 0.0.0): Executed 49 of 306 SUCCESS (0 secs / 0.323 secs)
2023-11-20T02:20:29.1972267Z [1A[2K[1A[2KChrome Headless 118.0.5993.117 (Linux x86_64): Executed 306 of 306 (1 FAILED) (3.677 secs / 3.629 secs)
2023-11-20T02:20:29.1974784Z Firefox 119.0 (Ubuntu 0.0.0): Executed 50 of 306 SUCCESS (0 secs / 0.323 secs)
2023-11-20T02:20:29.1976645Z [1A[2K[1A[2KChrome Headless 118.0.5993.117 (Linux x86_64): Executed 306 of 306 (1 FAILED) (3.677 secs / 3.629 secs)
2023-11-20T02:20:29.1978142Z Firefox 119.0 (Ubuntu 0.0.0): Executed 51 of 306 SUCCESS (0 secs / 0.324 secs)
2023-11-20T02:20:29.1979492Z [1A[2K[1A[2KChrome Headless 118.0.5993.117 (Linux x86_64): Executed 306 of 306 (1 FAILED) (3.677 secs / 3.629 secs)
2023-11-20T02:20:29.1984291Z Firefox 119.0 (Ubuntu 0.0.0): Executed 52 of 306 SUCCESS (0 secs / 0.324 secs)
2023-11-20T02:20:29.1985483Z [1A[2K[1A[2KChrome Headless 118.0.5993.117 (Linux x86_64): Executed 306 of 306 (1 FAILED) (3.677 secs / 3.629 secs)
2023-11-20T02:20:29.1987760Z Firefox 119.0 (Ubuntu 0.0.0): Executed 53 of 306 SUCCESS (0 secs / 0.324 secs)
2023-11-20T02:20:29.1988901Z [1A[2K[1A[2KChrome Headless 118.0.5993.117 (Linux x86_64): Executed 306 of 306 (1 FAILED) (3.677 secs / 3.629 secs)
2023-11-20T02:20:29.1989908Z Firefox 119.0 (Ubuntu 0.0.0): Executed 54 of 306 SUCCESS (0 secs / 0.324 secs)
2023-11-20T02:20:29.1991132Z [1A[2K[1A[2KChrome Headless 118.0.5993.117 (Linux x86_64): Executed 306 of 306 (1 FAILED) (3.677 secs / 3.629 secs)
2023-11-20T02:20:29.1992083Z Firefox 119.0 (Ubuntu 0.0.0): Executed 55 of 306 SUCCESS (0 secs / 0.324 secs)
2023-11-20T02:20:29.1993547Z [1A[2K[1A[2KChrome Headless 118.0.5993.117 (Linux x86_64): Executed 306 of 306 (1 FAILED) (3.677 secs / 3.629 secs)
2023-11-20T02:20:29.1994853Z Firefox 119.0 (Ubuntu 0.0.0): Executed 56 of 306 SUCCESS (0 secs / 0.324 secs)
2023-11-20T02:20:29.1996263Z [1A[2K[1A[2KChrome Headless 118.0.5993.117 (Linux x86_64): Executed 306 of 306 (1 FAILED) (3.677 secs / 3.629 secs)
2023-11-20T02:20:29.1998202Z Firefox 119.0 (Ubuntu 0.0.0): Executed 57 of 306 SUCCESS (0 secs / 0.325 secs)
2023-11-20T02:20:29.2001597Z [1A[2K[1A[2KChrome Headless 118.0.5993.117 (Linux x86_64): Executed 306 of 306 (1 FAILED) (3.677 secs / 3.629 secs)
2023-11-20T02:20:29.2003618Z Firefox 119.0 (Ubuntu 0.0.0): Executed 58 of 306 SUCCESS (0 secs / 0.325 secs)
2023-11-20T02:20:29.2005990Z [1A[2K[1A[2KChrome Headless 118.0.5993.117 (Linux x86_64): Executed 306 of 306 (1 FAILED) (3.677 secs / 3.629 secs)
2023-11-20T02:20:29.2007942Z Firefox 119.0 (Ubuntu 0.0.0): Executed 59 of 306 SUCCESS (0 secs / 0.326 secs)
2023-11-20T02:20:29.2010086Z [1A[2K[1A[2KChrome Headless 118.0.5993.117 (Linux x86_64): Executed 306 of 306 (1 FAILED) (3.677 secs / 3.629 secs)
2023-11-20T02:20:29.2011880Z Firefox 119.0 (Ubuntu 0.0.0): Executed 60 of 306 SUCCESS (0 secs / 0.326 secs)
2023-11-20T02:20:29.2013818Z [1A[2K[1A[2KChrome Headless 118.0.5993.117 (Linux x86_64): Executed 306 of 306 (1 FAILED) (3.677 secs / 3.629 secs)
2023-11-20T02:20:29.2016002Z Firefox 119.0 (Ubuntu 0.0.0): Executed 61 of 306 SUCCESS (0 secs / 0.326 secs)
2023-11-20T02:20:29.2018040Z [1A[2K[1A[2KChrome Headless 118.0.5993.117 (Linux x86_64): Executed 306 of 306 (1 FAILED) (3.677 secs / 3.629 secs)
2023-11-20T02:20:29.2020654Z Firefox 119.0 (Ubuntu 0.0.0): Executed 62 of 306 SUCCESS (0 secs / 0.328 secs)
2023-11-20T02:20:29.2022962Z [1A[2K[1A[2KChrome Headless 118.0.5993.117 (Linux x86_64): Executed 306 of 306 (1 FAILED) (3.677 secs / 3.629 secs)
2023-11-20T02:20:29.2025156Z Firefox 119.0 (Ubuntu 0.0.0): Executed 63 of 306 SUCCESS (0 secs / 0.328 secs)
2023-11-20T02:20:29.2027072Z [1A[2K[1A[2KChrome Headless 118.0.5993.117 (Linux x86_64): Executed 306 of 306 (1 FAILED) (3.677 secs / 3.629 secs)
2023-11-20T02:20:29.2029096Z Firefox 119.0 (Ubuntu 0.0.0): Executed 64 of 306 SUCCESS (0 secs / 0.328 secs)
2023-11-20T02:20:29.2031383Z [1A[2K[1A[2KChrome Headless 118.0.5993.117 (Linux x86_64): Executed 306 of 306 (1 FAILED) (3.677 secs / 3.629 secs)
2023-11-20T02:20:29.2033790Z Firefox 119.0 (Ubuntu 0.0.0): Executed 65 of 306 SUCCESS (0 secs / 0.328 secs)
2023-11-20T02:20:29.2036247Z [1A[2K[1A[2KChrome Headless 118.0.5993.117 (Linux x86_64): Executed 306 of 306 (1 FAILED) (3.677 secs / 3.629 secs)
2023-11-20T02:20:29.2037919Z Firefox 119.0 (Ubuntu 0.0.0): Executed 66 of 306 SUCCESS (0 secs / 0.328 secs)
2023-11-20T02:20:29.2040204Z [1A[2K[1A[2KChrome Headless 118.0.5993.117 (Linux x86_64): Executed 306 of 306 (1 FAILED) (3.677 secs / 3.629 secs)
2023-11-20T02:20:29.2042174Z Firefox 119.0 (Ubuntu 0.0.0): Executed 67 of 306 SUCCESS (0 secs / 0.328 secs)
2023-11-20T02:20:29.2044174Z [1A[2K[1A[2KChrome Headless 118.0.5993.117 (Linux x86_64): Executed 306 of 306 (1 FAILED) (3.677 secs / 3.629 secs)
2023-11-20T02:20:29.2046088Z Firefox 119.0 (Ubuntu 0.0.0): Executed 68 of 306 SUCCESS (0 secs / 0.328 secs)
2023-11-20T02:20:29.2048453Z [1A[2K[1A[2KChrome Headless 118.0.5993.117 (Linux x86_64): Executed 306 of 306 (1 FAILED) (3.677 secs / 3.629 secs)
2023-11-20T02:20:29.2050151Z Firefox 119.0 (Ubuntu 0.0.0): Executed 69 of 306 SUCCESS (0 secs / 0.328 secs)
2023-11-20T02:20:29.2052361Z [1A[2K[1A[2KChrome Headless 118.0.5993.117 (Linux x86_64): Executed 306 of 306 (1 FAILED) (3.677 secs / 3.629 secs)
2023-11-20T02:20:29.2054307Z Firefox 119.0 (Ubuntu 0.0.0): Executed 70 of 306 SUCCESS (0 secs / 0.329 secs)
2023-11-20T02:20:29.2056384Z [1A[2K[1A[2KChrome Headless 118.0.5993.117 (Linux x86_64): Executed 306 of 306 (1 FAILED) (3.677 secs / 3.629 secs)
2023-11-20T02:20:29.2058041Z Firefox 119.0 (Ubuntu 0.0.0): Executed 71 of 306 SUCCESS (0 secs / 0.329 secs)
2023-11-20T02:20:29.2060161Z [1A[2K[1A[2KChrome Headless 118.0.5993.117 (Linux x86_64): Executed 306 of 306 (1 FAILED) (3.677 secs / 3.629 secs)
2023-11-20T02:20:29.2061785Z Firefox 119.0 (Ubuntu 0.0.0): Executed 72 of 306 SUCCESS (0 secs / 0.329 secs)
2023-11-20T02:20:29.2063805Z [1A[2K[1A[2KChrome Headless 118.0.5993.117 (Linux x86_64): Executed 306 of 306 (1 FAILED) (3.677 secs / 3.629 secs)
2023-11-20T02:20:29.2065597Z Firefox 119.0 (Ubuntu 0.0.0): Executed 73 of 306 SUCCESS (0 secs / 0.33 secs)
2023-11-20T02:20:29.2067576Z [1A[2K[1A[2KChrome Headless 118.0.5993.117 (Linux x86_64): Executed 306 of 306 (1 FAILED) (3.677 secs / 3.629 secs)
2023-11-20T02:20:29.2069435Z Firefox 119.0 (Ubuntu 0.0.0): Executed 74 of 306 SUCCESS (0 secs / 0.33 secs)
2023-11-20T02:20:29.2071561Z [1A[2K[1A[2KChrome Headless 118.0.5993.117 (Linux x86_64): Executed 306 of 306 (1 FAILED) (3.677 secs / 3.629 secs)
2023-11-20T02:20:29.2073668Z Firefox 119.0 (Ubuntu 0.0.0): Executed 75 of 306 SUCCESS (0 secs / 0.33 secs)
2023-11-20T02:20:29.2077191Z [1A[2K[1A[2KChrome Headless 118.0.5993.117 (Linux x86_64): Executed 306 of 306 (1 FAILED) (3.677 secs / 3.629 secs)
2023-11-20T02:20:29.2078862Z Firefox 119.0 (Ubuntu 0.0.0): Executed 76 of 306 SUCCESS (0 secs / 0.33 secs)
2023-11-20T02:20:29.2080776Z [1A[2K[1A[2KChrome Headless 118.0.5993.117 (Linux x86_64): Executed 306 of 306 (1 FAILED) (3.677 secs / 3.629 secs)
2023-11-20T02:20:29.2082547Z Firefox 119.0 (Ubuntu 0.0.0): Executed 77 of 306 SUCCESS (0 secs / 0.33 secs)
2023-11-20T02:20:29.2084419Z [1A[2K[1A[2KChrome Headless 118.0.5993.117 (Linux x86_64): Executed 306 of 306 (1 FAILED) (3.677 secs / 3.629 secs)
2023-11-20T02:20:29.2086161Z Firefox 119.0 (Ubuntu 0.0.0): Executed 78 of 306 SUCCESS (0 secs / 0.33 secs)
2023-11-20T02:20:29.2088138Z [1A[2K[1A[2KChrome Headless 118.0.5993.117 (Linux x86_64): Executed 306 of 306 (1 FAILED) (3.677 secs / 3.629 secs)
2023-11-20T02:20:29.2089739Z Firefox 119.0 (Ubuntu 0.0.0): Executed 79 of 306 SUCCESS (0 secs / 0.33 secs)
2023-11-20T02:20:29.2091820Z [1A[2K[1A[2KChrome Headless 118.0.5993.117 (Linux x86_64): Executed 306 of 306 (1 FAILED) (3.677 secs / 3.629 secs)
2023-11-20T02:20:29.2093742Z Firefox 119.0 (Ubuntu 0.0.0): Executed 80 of 306 SUCCESS (0 secs / 0.33 secs)
2023-11-20T02:20:29.2095646Z [1A[2K[1A[2KChrome Headless 118.0.5993.117 (Linux x86_64): Executed 306 of 306 (1 FAILED) (3.677 secs / 3.629 secs)
2023-11-20T02:20:29.2097268Z Firefox 119.0 (Ubuntu 0.0.0): Executed 81 of 306 SUCCESS (0 secs / 0.33 secs)
2023-11-20T02:20:29.2099537Z [1A[2K[1A[2KChrome Headless 118.0.5993.117 (Linux x86_64): Executed 306 of 306 (1 FAILED) (3.677 secs / 3.629 secs)
2023-11-20T02:20:29.2103539Z Firefox 119.0 (Ubuntu 0.0.0): Executed 82 of 306 SUCCESS (0 secs / 0.33 secs)
2023-11-20T02:20:29.2105596Z [1A[2K[1A[2KChrome Headless 118.0.5993.117 (Linux x86_64): Executed 306 of 306 (1 FAILED) (3.677 secs / 3.629 secs)
2023-11-20T02:20:29.2107211Z Firefox 119.0 (Ubuntu 0.0.0): Executed 83 of 306 SUCCESS (0 secs / 0.33 secs)
2023-11-20T02:20:29.2108369Z [1A[2K[1A[2KChrome Headless 118.0.5993.117 (Linux x86_64): Executed 306 of 306 (1 FAILED) (3.677 secs / 3.629 secs)
2023-11-20T02:20:29.2109411Z Firefox 119.0 (Ubuntu 0.0.0): Executed 84 of 306 SUCCESS (0 secs / 0.33 secs)
2023-11-20T02:20:29.2110576Z [1A[2K[1A[2KChrome Headless 118.0.5993.117 (Linux x86_64): Executed 306 of 306 (1 FAILED) (3.677 secs / 3.629 secs)
2023-11-20T02:20:29.2111880Z Firefox 119.0 (Ubuntu 0.0.0): Executed 85 of 306 SUCCESS (0 secs / 0.33 secs)
2023-11-20T02:20:29.2114797Z [1A[2K[1A[2KChrome Headless 118.0.5993.117 (Linux x86_64): Executed 306 of 306 (1 FAILED) (3.677 secs / 3.629 secs)
2023-11-20T02:20:29.2117789Z Firefox 119.0 (Ubuntu 0.0.0): Executed 86 of 306 SUCCESS (0 secs / 0.33 secs)
2023-11-20T02:20:29.2122893Z [1A[2K[1A[2KChrome Headless 118.0.5993.117 (Linux x86_64): Executed 306 of 306 (1 FAILED) (3.677 secs / 3.629 secs)
2023-11-20T02:20:29.2124987Z Firefox 119.0 (Ubuntu 0.0.0): Executed 87 of 306 SUCCESS (0 secs / 0.33 secs)
2023-11-20T02:20:29.2127132Z [1A[2K[1A[2KChrome Headless 118.0.5993.117 (Linux x86_64): Executed 306 of 306 (1 FAILED) (3.677 secs / 3.629 secs)
2023-11-20T02:20:29.2129469Z Firefox 119.0 (Ubuntu 0.0.0): Executed 88 of 306 SUCCESS (0 secs / 0.33 secs)
2023-11-20T02:20:29.2131127Z [1A[2K[1A[2KChrome Headless 118.0.5993.117 (Linux x86_64): Executed 306 of 306 (1 FAILED) (3.677 secs / 3.629 secs)
2023-11-20T02:20:29.2132397Z Firefox 119.0 (Ubuntu 0.0.0): Executed 89 of 306 SUCCESS (0 secs / 0.331 secs)
2023-11-20T02:20:29.2134806Z [1A[2K[1A[2KChrome Headless 118.0.5993.117 (Linux x86_64): Executed 306 of 306 (1 FAILED) (3.677 secs / 3.629 secs)
2023-11-20T02:20:29.2136796Z Firefox 119.0 (Ubuntu 0.0.0): Executed 90 of 306 SUCCESS (0 secs / 0.331 secs)
2023-11-20T02:20:29.2138734Z [1A[2K[1A[2KChrome Headless 118.0.5993.117 (Linux x86_64): Executed 306 of 306 (1 FAILED) (3.677 secs / 3.629 secs)
2023-11-20T02:20:29.2140832Z Firefox 119.0 (Ubuntu 0.0.0): Executed 91 of 306 SUCCESS (0 secs / 0.331 secs)
2023-11-20T02:20:29.2142897Z [1A[2K[1A[2KChrome Headless 118.0.5993.117 (Linux x86_64): Executed 306 of 306 (1 FAILED) (3.677 secs / 3.629 secs)
2023-11-20T02:20:29.2144545Z Firefox 119.0 (Ubuntu 0.0.0): Executed 92 of 306 SUCCESS (0 secs / 0.331 secs)
2023-11-20T02:20:29.2146717Z [1A[2K[1A[2KChrome Headless 118.0.5993.117 (Linux x86_64): Executed 306 of 306 (1 FAILED) (3.677 secs / 3.629 secs)
2023-11-20T02:20:29.2148385Z Firefox 119.0 (Ubuntu 0.0.0): Executed 93 of 306 SUCCESS (0 secs / 0.331 secs)
2023-11-20T02:20:29.2150346Z [1A[2K[1A[2KChrome Headless 118.0.5993.117 (Linux x86_64): Executed 306 of 306 (1 FAILED) (3.677 secs / 3.629 secs)
2023-11-20T02:20:29.2151803Z Firefox 119.0 (Ubuntu 0.0.0): Executed 94 of 306 SUCCESS (0 secs / 0.332 secs)
2023-11-20T02:20:29.2153228Z [1A[2K[1A[2KChrome Headless 118.0.5993.117 (Linux x86_64): Executed 306 of 306 (1 FAILED) (3.677 secs / 3.629 secs)
2023-11-20T02:20:29.2154228Z Firefox 119.0 (Ubuntu 0.0.0): Executed 95 of 306 SUCCESS (0 secs / 0.332 secs)
2023-11-20T02:20:29.2155708Z [1A[2K[1A[2KChrome Headless 118.0.5993.117 (Linux x86_64): Executed 306 of 306 (1 FAILED) (3.677 secs / 3.629 secs)
2023-11-20T02:20:29.2156826Z Firefox 119.0 (Ubuntu 0.0.0): Executed 96 of 306 SUCCESS (0 secs / 0.332 secs)
2023-11-20T02:20:29.2157957Z [1A[2K[1A[2KChrome Headless 118.0.5993.117 (Linux x86_64): Executed 306 of 306 (1 FAILED) (3.677 secs / 3.629 secs)
2023-11-20T02:20:29.2159426Z Firefox 119.0 (Ubuntu 0.0.0): Executed 97 of 306 SUCCESS (0 secs / 0.333 secs)
2023-11-20T02:20:29.2161081Z [1A[2K[1A[2KChrome Headless 118.0.5993.117 (Linux x86_64): Executed 306 of 306 (1 FAILED) (3.677 secs / 3.629 secs)
2023-11-20T02:20:29.2162219Z Firefox 119.0 (Ubuntu 0.0.0): Executed 98 of 306 SUCCESS (0 secs / 0.333 secs)
2023-11-20T02:20:29.2163704Z [1A[2K[1A[2KChrome Headless 118.0.5993.117 (Linux x86_64): Executed 306 of 306 (1 FAILED) (3.677 secs / 3.629 secs)
2023-11-20T02:20:29.2164774Z Firefox 119.0 (Ubuntu 0.0.0): Executed 99 of 306 SUCCESS (0 secs / 0.333 secs)
2023-11-20T02:20:29.2166335Z [1A[2K[1A[2KChrome Headless 118.0.5993.117 (Linux x86_64): Executed 306 of 306 (1 FAILED) (3.677 secs / 3.629 secs)
2023-11-20T02:20:29.2167507Z Firefox 119.0 (Ubuntu 0.0.0): Executed 100 of 306 SUCCESS (0 secs / 0.333 secs)
2023-11-20T02:20:29.2168773Z [1A[2K[1A[2KChrome Headless 118.0.5993.117 (Linux x86_64): Executed 306 of 306 (1 FAILED) (3.677 secs / 3.629 secs)
2023-11-20T02:20:29.2169897Z Firefox 119.0 (Ubuntu 0.0.0): Executed 101 of 306 SUCCESS (0 secs / 0.334 secs)
2023-11-20T02:20:29.2171175Z [1A[2K[1A[2KChrome Headless 118.0.5993.117 (Linux x86_64): Executed 306 of 306 (1 FAILED) (3.677 secs / 3.629 secs)
2023-11-20T02:20:29.2172197Z Firefox 119.0 (Ubuntu 0.0.0): Executed 102 of 306 SUCCESS (0 secs / 0.334 secs)
2023-11-20T02:20:29.2173480Z [1A[2K[1A[2KChrome Headless 118.0.5993.117 (Linux x86_64): Executed 306 of 306 (1 FAILED) (3.677 secs / 3.629 secs)
2023-11-20T02:20:29.2174580Z Firefox 119.0 (Ubuntu 0.0.0): Executed 103 of 306 SUCCESS (0 secs / 0.335 secs)
2023-11-20T02:20:29.2583357Z [1A[2K[1A[2KChrome Headless 118.0.5993.117 (Linux x86_64): Executed 306 of 306 (1 FAILED) (3.677 secs / 3.629 secs)
2023-11-20T02:20:29.2584748Z Firefox 119.0 (Ubuntu 0.0.0): Executed 104 of 306 SUCCESS (0 secs / 0.337 secs)
2023-11-20T02:20:29.2586728Z [1A[2K[1A[2KChrome Headless 118.0.5993.117 (Linux x86_64): Executed 306 of 306 (1 FAILED) (3.677 secs / 3.629 secs)
2023-11-20T02:20:29.2588414Z Firefox 119.0 (Ubuntu 0.0.0): Executed 105 of 306 SUCCESS (0 secs / 0.337 secs)
2023-11-20T02:20:29.2590532Z [1A[2K[1A[2KChrome Headless 118.0.5993.117 (Linux x86_64): Executed 306 of 306 (1 FAILED) (3.677 secs / 3.629 secs)
2023-11-20T02:20:29.2592781Z Firefox 119.0 (Ubuntu 0.0.0): Executed 106 of 306 SUCCESS (0 secs / 0.337 secs)
2023-11-20T02:20:29.2594675Z [1A[2K[1A[2KChrome Headless 118.0.5993.117 (Linux x86_64): Executed 306 of 306 (1 FAILED) (3.677 secs / 3.629 secs)
2023-11-20T02:20:29.2596802Z Firefox 119.0 (Ubuntu 0.0.0): Executed 107 of 306 SUCCESS (0 secs / 0.337 secs)
2023-11-20T02:20:29.2598885Z [1A[2K[1A[2KChrome Headless 118.0.5993.117 (Linux x86_64): Executed 306 of 306 (1 FAILED) (3.677 secs / 3.629 secs)
2023-11-20T02:20:29.2600731Z Firefox 119.0 (Ubuntu 0.0.0): Executed 108 of 306 SUCCESS (0 secs / 0.337 secs)
2023-11-20T02:20:29.2602579Z [1A[2K[1A[2KChrome Headless 118.0.5993.117 (Linux x86_64): Executed 306 of 306 (1 FAILED) (3.677 secs / 3.629 secs)
2023-11-20T02:20:29.2603621Z Firefox 119.0 (Ubuntu 0.0.0): Executed 109 of 306 SUCCESS (0 secs / 0.338 secs)
2023-11-20T02:20:29.2604772Z [1A[2K[1A[2KChrome Headless 118.0.5993.117 (Linux x86_64): Executed 306 of 306 (1 FAILED) (3.677 secs / 3.629 secs)
2023-11-20T02:20:29.2605913Z Firefox 119.0 (Ubuntu 0.0.0): Executed 110 of 306 SUCCESS (0 secs / 0.339 secs)
2023-11-20T02:20:29.2607041Z [1A[2K[1A[2KChrome Headless 118.0.5993.117 (Linux x86_64): Executed 306 of 306 (1 FAILED) (3.677 secs / 3.629 secs)
2023-11-20T02:20:29.2608042Z Firefox 119.0 (Ubuntu 0.0.0): Executed 111 of 306 SUCCESS (0 secs / 0.339 secs)
2023-11-20T02:20:29.2609236Z [1A[2K[1A[2KChrome Headless 118.0.5993.117 (Linux x86_64): Executed 306 of 306 (1 FAILED) (3.677 secs / 3.629 secs)
2023-11-20T02:20:29.2610549Z Firefox 119.0 (Ubuntu 0.0.0): Executed 112 of 306 SUCCESS (0 secs / 0.34 secs)
2023-11-20T02:20:29.2611919Z [1A[2K[1A[2KChrome Headless 118.0.5993.117 (Linux x86_64): Executed 306 of 306 (1 FAILED) (3.677 secs / 3.629 secs)
2023-11-20T02:20:29.2613715Z Firefox 119.0 (Ubuntu 0.0.0): Executed 113 of 306 SUCCESS (0 secs / 0.341 secs)
2023-11-20T02:20:29.2615135Z [1A[2K[1A[2KChrome Headless 118.0.5993.117 (Linux x86_64): Executed 306 of 306 (1 FAILED) (3.677 secs / 3.629 secs)
2023-11-20T02:20:29.2616297Z Firefox 119.0 (Ubuntu 0.0.0): Executed 114 of 306 SUCCESS (0 secs / 0.341 secs)
2023-11-20T02:20:29.2617434Z [1A[2K[1A[2KChrome Headless 118.0.5993.117 (Linux x86_64): Executed 306 of 306 (1 FAILED) (3.677 secs / 3.629 secs)
2023-11-20T02:20:29.2619060Z Firefox 119.0 (Ubuntu 0.0.0): Executed 115 of 306 SUCCESS (0 secs / 0.342 secs)
2023-11-20T02:20:29.2621054Z [1A[2K[1A[2KChrome Headless 118.0.5993.117 (Linux x86_64): Executed 306 of 306 (1 FAILED) (3.677 secs / 3.629 secs)
2023-11-20T02:20:29.2622107Z Firefox 119.0 (Ubuntu 0.0.0): Executed 116 of 306 SUCCESS (0 secs / 0.343 secs)
2023-11-20T02:20:29.2623435Z [1A[2K[1A[2KChrome Headless 118.0.5993.117 (Linux x86_64): Executed 306 of 306 (1 FAILED) (3.677 secs / 3.629 secs)
2023-11-20T02:20:29.2624517Z Firefox 119.0 (Ubuntu 0.0.0): Executed 117 of 306 SUCCESS (0 secs / 0.343 secs)
2023-11-20T02:20:29.5625061Z [1A[2K[1A[2KChrome Headless 118.0.5993.117 (Linux x86_64): Executed 306 of 306 (1 FAILED) (3.677 secs / 3.629 secs)
2023-11-20T02:20:29.5626773Z Firefox 119.0 (Ubuntu 0.0.0): Executed 118 of 306 SUCCESS (0 secs / 0.68 secs)
2023-11-20T02:20:29.5631696Z [1A[2K[1A[2KChrome Headless 118.0.5993.117 (Linux x86_64): Executed 306 of 306 (1 FAILED) (3.677 secs / 3.629 secs)
2023-11-20T02:20:29.5633609Z Firefox 119.0 (Ubuntu 0.0.0): Executed 119 of 306 SUCCESS (0 secs / 0.681 secs)
2023-11-20T02:20:29.5643590Z [1A[2K[1A[2KChrome Headless 118.0.5993.117 (Linux x86_64): Executed 306 of 306 (1 FAILED) (3.677 secs / 3.629 secs)
2023-11-20T02:20:29.5645365Z Firefox 119.0 (Ubuntu 0.0.0): Executed 120 of 306 SUCCESS (0 secs / 0.682 secs)
2023-11-20T02:20:29.5684141Z [1A[2K[1A[2KChrome Headless 118.0.5993.117 (Linux x86_64): Executed 306 of 306 (1 FAILED) (3.677 secs / 3.629 secs)
2023-11-20T02:20:29.5686198Z Firefox 119.0 (Ubuntu 0.0.0): Executed 121 of 306 SUCCESS (0 secs / 0.683 secs)
2023-11-20T02:20:29.5689800Z [1A[2K[1A[2KChrome Headless 118.0.5993.117 (Linux x86_64): Executed 306 of 306 (1 FAILED) (3.677 secs / 3.629 secs)
2023-11-20T02:20:29.5692739Z Firefox 119.0 (Ubuntu 0.0.0): Executed 122 of 306 SUCCESS (0 secs / 0.684 secs)
2023-11-20T02:20:29.5700950Z [1A[2K[1A[2KChrome Headless 118.0.5993.117 (Linux x86_64): Executed 306 of 306 (1 FAILED) (3.677 secs / 3.629 secs)
2023-11-20T02:20:29.5702884Z Firefox 119.0 (Ubuntu 0.0.0): Executed 123 of 306 SUCCESS (0 secs / 0.684 secs)
2023-11-20T02:20:29.5704991Z [1A[2K[1A[2KChrome Headless 118.0.5993.117 (Linux x86_64): Executed 306 of 306 (1 FAILED) (3.677 secs / 3.629 secs)
2023-11-20T02:20:29.5707043Z Firefox 119.0 (Ubuntu 0.0.0): Executed 124 of 306 SUCCESS (0 secs / 0.685 secs)
2023-11-20T02:20:29.5709189Z [1A[2K[1A[2KChrome Headless 118.0.5993.117 (Linux x86_64): Executed 306 of 306 (1 FAILED) (3.677 secs / 3.629 secs)
2023-11-20T02:20:29.5711039Z Firefox 119.0 (Ubuntu 0.0.0): Executed 125 of 306 SUCCESS (0 secs / 0.685 secs)
2023-11-20T02:20:29.5713566Z [1A[2K[1A[2KChrome Headless 118.0.5993.117 (Linux x86_64): Executed 306 of 306 (1 FAILED) (3.677 secs / 3.629 secs)
2023-11-20T02:20:29.5715987Z Firefox 119.0 (Ubuntu 0.0.0): Executed 126 of 306 SUCCESS (0 secs / 0.686 secs)
2023-11-20T02:20:29.5718165Z [1A[2K[1A[2KChrome Headless 118.0.5993.117 (Linux x86_64): Executed 306 of 306 (1 FAILED) (3.677 secs / 3.629 secs)
2023-11-20T02:20:29.5720207Z Firefox 119.0 (Ubuntu 0.0.0): Executed 127 of 306 SUCCESS (0 secs / 0.686 secs)
2023-11-20T02:20:29.5722173Z [1A[2K[1A[2KChrome Headless 118.0.5993.117 (Linux x86_64): Executed 306 of 306 (1 FAILED) (3.677 secs / 3.629 secs)
2023-11-20T02:20:29.5725362Z Firefox 119.0 (Ubuntu 0.0.0): Executed 128 of 306 SUCCESS (0 secs / 0.686 secs)
2023-11-20T02:20:29.5727667Z [1A[2K[1A[2KChrome Headless 118.0.5993.117 (Linux x86_64): Executed 306 of 306 (1 FAILED) (3.677 secs / 3.629 secs)
2023-11-20T02:20:29.5729482Z Firefox 119.0 (Ubuntu 0.0.0): Executed 129 of 306 SUCCESS (0 secs / 0.686 secs)
2023-11-20T02:20:29.5731707Z [1A[2K[1A[2KChrome Headless 118.0.5993.117 (Linux x86_64): Executed 306 of 306 (1 FAILED) (3.677 secs / 3.629 secs)
2023-11-20T02:20:29.5734065Z Firefox 119.0 (Ubuntu 0.0.0): Executed 130 of 306 SUCCESS (0 secs / 0.688 secs)
2023-11-20T02:20:29.5736198Z [1A[2K[1A[2KChrome Headless 118.0.5993.117 (Linux x86_64): Executed 306 of 306 (1 FAILED) (3.677 secs / 3.629 secs)
2023-11-20T02:20:29.5738189Z Firefox 119.0 (Ubuntu 0.0.0): Executed 131 of 306 SUCCESS (0 secs / 0.688 secs)
2023-11-20T02:20:29.5741111Z [1A[2K[1A[2KChrome Headless 118.0.5993.117 (Linux x86_64): Executed 306 of 306 (1 FAILED) (3.677 secs / 3.629 secs)
2023-11-20T02:20:29.5742893Z Firefox 119.0 (Ubuntu 0.0.0): Executed 132 of 306 SUCCESS (0 secs / 0.688 secs)
2023-11-20T02:20:29.5744951Z [1A[2K[1A[2KChrome Headless 118.0.5993.117 (Linux x86_64): Executed 306 of 306 (1 FAILED) (3.677 secs / 3.629 secs)
2023-11-20T02:20:29.5746952Z Firefox 119.0 (Ubuntu 0.0.0): Executed 133 of 306 SUCCESS (0 secs / 0.688 secs)
2023-11-20T02:20:29.5748957Z [1A[2K[1A[2KChrome Headless 118.0.5993.117 (Linux x86_64): Executed 306 of 306 (1 FAILED) (3.677 secs / 3.629 secs)
2023-11-20T02:20:29.5750769Z Firefox 119.0 (Ubuntu 0.0.0): Executed 134 of 306 SUCCESS (0 secs / 0.688 secs)
2023-11-20T02:20:29.5752933Z [1A[2K[1A[2KChrome Headless 118.0.5993.117 (Linux x86_64): Executed 306 of 306 (1 FAILED) (3.677 secs / 3.629 secs)
2023-11-20T02:20:29.5754764Z Firefox 119.0 (Ubuntu 0.0.0): Executed 135 of 306 SUCCESS (0 secs / 0.688 secs)
2023-11-20T02:20:29.5756730Z [1A[2K[1A[2KChrome Headless 118.0.5993.117 (Linux x86_64): Executed 306 of 306 (1 FAILED) (3.677 secs / 3.629 secs)
2023-11-20T02:20:29.5758494Z Firefox 119.0 (Ubuntu 0.0.0): Executed 136 of 306 SUCCESS (0 secs / 0.689 secs)
2023-11-20T02:20:29.5760523Z [1A[2K[1A[2KChrome Headless 118.0.5993.117 (Linux x86_64): Executed 306 of 306 (1 FAILED) (3.677 secs / 3.629 secs)
2023-11-20T02:20:29.5762148Z Firefox 119.0 (Ubuntu 0.0.0): Executed 137 of 306 SUCCESS (0 secs / 0.689 secs)
2023-11-20T02:20:29.5763953Z [1A[2K[1A[2KChrome Headless 118.0.5993.117 (Linux x86_64): Executed 306 of 306 (1 FAILED) (3.677 secs / 3.629 secs)
2023-11-20T02:20:29.5772525Z Firefox 119.0 (Ubuntu 0.0.0): Executed 138 of 306 SUCCESS (0 secs / 0.689 secs)
2023-11-20T02:20:29.5775050Z [1A[2K[1A[2KChrome Headless 118.0.5993.117 (Linux x86_64): Executed 306 of 306 (1 FAILED) (3.677 secs / 3.629 secs)
2023-11-20T02:20:29.5776889Z Firefox 119.0 (Ubuntu 0.0.0): Executed 139 of 306 SUCCESS (0 secs / 0.689 secs)
2023-11-20T02:20:29.5779132Z [1A[2K[1A[2KChrome Headless 118.0.5993.117 (Linux x86_64): Executed 306 of 306 (1 FAILED) (3.677 secs / 3.629 secs)
2023-11-20T02:20:29.5780852Z Firefox 119.0 (Ubuntu 0.0.0): Executed 140 of 306 SUCCESS (0 secs / 0.69 secs)
2023-11-20T02:20:29.5804972Z [1A[2K[1A[2KChrome Headless 118.0.5993.117 (Linux x86_64): Executed 306 of 306 (1 FAILED) (3.677 secs / 3.629 secs)
2023-11-20T02:20:29.5806849Z Firefox 119.0 (Ubuntu 0.0.0): Executed 141 of 306 SUCCESS (0 secs / 0.69 secs)
2023-11-20T02:20:29.5808800Z [1A[2K[1A[2KChrome Headless 118.0.5993.117 (Linux x86_64): Executed 306 of 306 (1 FAILED) (3.677 secs / 3.629 secs)
2023-11-20T02:20:29.5810874Z Firefox 119.0 (Ubuntu 0.0.0): Executed 142 of 306 SUCCESS (0 secs / 0.694 secs)
2023-11-20T02:20:29.5813044Z [1A[2K[1A[2KChrome Headless 118.0.5993.117 (Linux x86_64): Executed 306 of 306 (1 FAILED) (3.677 secs / 3.629 secs)
2023-11-20T02:20:29.5815051Z Firefox 119.0 (Ubuntu 0.0.0): Executed 143 of 306 SUCCESS (0 secs / 0.694 secs)
2023-11-20T02:20:29.5817123Z [1A[2K[1A[2KChrome Headless 118.0.5993.117 (Linux x86_64): Executed 306 of 306 (1 FAILED) (3.677 secs / 3.629 secs)
2023-11-20T02:20:29.5819054Z Firefox 119.0 (Ubuntu 0.0.0): Executed 144 of 306 SUCCESS (0 secs / 0.694 secs)
2023-11-20T02:20:29.5855103Z [1A[2K[1A[2KChrome Headless 118.0.5993.117 (Linux x86_64): Executed 306 of 306 (1 FAILED) (3.677 secs / 3.629 secs)
2023-11-20T02:20:29.5858214Z Firefox 119.0 (Ubuntu 0.0.0): Executed 145 of 306 SUCCESS (0 secs / 0.695 secs)
2023-11-20T02:20:29.5860441Z [1A[2K[1A[2KChrome Headless 118.0.5993.117 (Linux x86_64): Executed 306 of 306 (1 FAILED) (3.677 secs / 3.629 secs)
2023-11-20T02:20:29.5862200Z Firefox 119.0 (Ubuntu 0.0.0): Executed 146 of 306 SUCCESS (0 secs / 0.697 secs)
2023-11-20T02:20:29.5864269Z [1A[2K[1A[2KChrome Headless 118.0.5993.117 (Linux x86_64): Executed 306 of 306 (1 FAILED) (3.677 secs / 3.629 secs)
2023-11-20T02:20:29.5865862Z Firefox 119.0 (Ubuntu 0.0.0): Executed 147 of 306 SUCCESS (0 secs / 0.698 secs)
2023-11-20T02:20:29.5867776Z [1A[2K[1A[2KChrome Headless 118.0.5993.117 (Linux x86_64): Executed 306 of 306 (1 FAILED) (3.677 secs / 3.629 secs)
2023-11-20T02:20:29.5870769Z Firefox 119.0 (Ubuntu 0.0.0): Executed 148 of 306 SUCCESS (0 secs / 0.698 secs)
2023-11-20T02:20:29.5873133Z [1A[2K[1A[2KChrome Headless 118.0.5993.117 (Linux x86_64): Executed 306 of 306 (1 FAILED) (3.677 secs / 3.629 secs)
2023-11-20T02:20:29.5874845Z Firefox 119.0 (Ubuntu 0.0.0): Executed 149 of 306 SUCCESS (0 secs / 0.698 secs)
2023-11-20T02:20:29.5876834Z [1A[2K[1A[2KChrome Headless 118.0.5993.117 (Linux x86_64): Executed 306 of 306 (1 FAILED) (3.677 secs / 3.629 secs)
2023-11-20T02:20:29.5881819Z Firefox 119.0 (Ubuntu 0.0.0): Executed 150 of 306 SUCCESS (0 secs / 0.698 secs)
2023-11-20T02:20:29.5884007Z [1A[2K[1A[2KChrome Headless 118.0.5993.117 (Linux x86_64): Executed 306 of 306 (1 FAILED) (3.677 secs / 3.629 secs)
2023-11-20T02:20:29.5886066Z Firefox 119.0 (Ubuntu 0.0.0): Executed 151 of 306 SUCCESS (0 secs / 0.698 secs)
2023-11-20T02:20:29.5890633Z [1A[2K[1A[2KChrome Headless 118.0.5993.117 (Linux x86_64): Executed 306 of 306 (1 FAILED) (3.677 secs / 3.629 secs)
2023-11-20T02:20:29.5892557Z Firefox 119.0 (Ubuntu 0.0.0): Executed 152 of 306 SUCCESS (0 secs / 0.698 secs)
2023-11-20T02:20:29.5897231Z [1A[2K[1A[2KChrome Headless 118.0.5993.117 (Linux x86_64): Executed 306 of 306 (1 FAILED) (3.677 secs / 3.629 secs)
2023-11-20T02:20:29.5899135Z Firefox 119.0 (Ubuntu 0.0.0): Executed 153 of 306 SUCCESS (0 secs / 0.699 secs)
2023-11-20T02:20:29.5901423Z [1A[2K[1A[2KChrome Headless 118.0.5993.117 (Linux x86_64): Executed 306 of 306 (1 FAILED) (3.677 secs / 3.629 secs)
2023-11-20T02:20:29.5903425Z Firefox 119.0 (Ubuntu 0.0.0): Executed 154 of 306 SUCCESS (0 secs / 0.699 secs)
2023-11-20T02:20:29.5908355Z [1A[2K[1A[2KChrome Headless 118.0.5993.117 (Linux x86_64): Executed 306 of 306 (1 FAILED) (3.677 secs / 3.629 secs)
2023-11-20T02:20:29.5910565Z Firefox 119.0 (Ubuntu 0.0.0): Executed 155 of 306 SUCCESS (0 secs / 0.699 secs)
2023-11-20T02:20:29.5913454Z [1A[2K[1A[2KChrome Headless 118.0.5993.117 (Linux x86_64): Executed 306 of 306 (1 FAILED) (3.677 secs / 3.629 secs)
2023-11-20T02:20:29.5920381Z Firefox 119.0 (Ubuntu 0.0.0): Executed 156 of 306 SUCCESS (0 secs / 0.699 secs)
2023-11-20T02:20:29.5923850Z [1A[2K[1A[2KChrome Headless 118.0.5993.117 (Linux x86_64): Executed 306 of 306 (1 FAILED) (3.677 secs / 3.629 secs)
2023-11-20T02:20:29.5931159Z Firefox 119.0 (Ubuntu 0.0.0): Executed 157 of 306 SUCCESS (0 secs / 0.699 secs)
2023-11-20T02:20:29.5933182Z [1A[2K[1A[2KChrome Headless 118.0.5993.117 (Linux x86_64): Executed 306 of 306 (1 FAILED) (3.677 secs / 3.629 secs)
2023-11-20T02:20:29.5936155Z Firefox 119.0 (Ubuntu 0.0.0): Executed 158 of 306 SUCCESS (0 secs / 0.699 secs)
2023-11-20T02:20:29.5938133Z [1A[2K[1A[2KChrome Headless 118.0.5993.117 (Linux x86_64): Executed 306 of 306 (1 FAILED) (3.677 secs / 3.629 secs)
2023-11-20T02:20:29.5939666Z Firefox 119.0 (Ubuntu 0.0.0): Executed 159 of 306 SUCCESS (0 secs / 0.701 secs)
2023-11-20T02:20:29.5941796Z [1A[2K[1A[2KChrome Headless 118.0.5993.117 (Linux x86_64): Executed 306 of 306 (1 FAILED) (3.677 secs / 3.629 secs)
2023-11-20T02:20:29.5943586Z Firefox 119.0 (Ubuntu 0.0.0): Executed 160 of 306 SUCCESS (0 secs / 0.701 secs)
2023-11-20T02:20:29.5945621Z [1A[2K[1A[2KChrome Headless 118.0.5993.117 (Linux x86_64): Executed 306 of 306 (1 FAILED) (3.677 secs / 3.629 secs)
2023-11-20T02:20:29.5947290Z Firefox 119.0 (Ubuntu 0.0.0): Executed 161 of 306 SUCCESS (0 secs / 0.701 secs)
2023-11-20T02:20:29.5949275Z [1A[2K[1A[2KChrome Headless 118.0.5993.117 (Linux x86_64): Executed 306 of 306 (1 FAILED) (3.677 secs / 3.629 secs)
2023-11-20T02:20:29.5951066Z Firefox 119.0 (Ubuntu 0.0.0): Executed 162 of 306 SUCCESS (0 secs / 0.701 secs)
2023-11-20T02:20:29.5953246Z [1A[2K[1A[2KChrome Headless 118.0.5993.117 (Linux x86_64): Executed 306 of 306 (1 FAILED) (3.677 secs / 3.629 secs)
2023-11-20T02:20:29.5954905Z Firefox 119.0 (Ubuntu 0.0.0): Executed 163 of 306 SUCCESS (0 secs / 0.702 secs)
2023-11-20T02:20:29.5956933Z [1A[2K[1A[2KChrome Headless 118.0.5993.117 (Linux x86_64): Executed 306 of 306 (1 FAILED) (3.677 secs / 3.629 secs)
2023-11-20T02:20:29.5958615Z Firefox 119.0 (Ubuntu 0.0.0): Executed 164 of 306 SUCCESS (0 secs / 0.702 secs)
2023-11-20T02:20:29.5960485Z [1A[2K[1A[2KChrome Headless 118.0.5993.117 (Linux x86_64): Executed 306 of 306 (1 FAILED) (3.677 secs / 3.629 secs)
2023-11-20T02:20:29.5962369Z Firefox 119.0 (Ubuntu 0.0.0): Executed 165 of 306 SUCCESS (0 secs / 0.702 secs)
2023-11-20T02:20:29.5964908Z [1A[2K[1A[2KChrome Headless 118.0.5993.117 (Linux x86_64): Executed 306 of 306 (1 FAILED) (3.677 secs / 3.629 secs)
2023-11-20T02:20:29.5966584Z Firefox 119.0 (Ubuntu 0.0.0): Executed 166 of 306 SUCCESS (0 secs / 0.702 secs)
2023-11-20T02:20:29.5974728Z [1A[2K[1A[2KChrome Headless 118.0.5993.117 (Linux x86_64): Executed 306 of 306 (1 FAILED) (3.677 secs / 3.629 secs)
2023-11-20T02:20:29.5976492Z Firefox 119.0 (Ubuntu 0.0.0): Executed 167 of 306 SUCCESS (0 secs / 0.702 secs)
2023-11-20T02:20:29.5978417Z [1A[2K[1A[2KChrome Headless 118.0.5993.117 (Linux x86_64): Executed 306 of 306 (1 FAILED) (3.677 secs / 3.629 secs)
2023-11-20T02:20:29.5980340Z Firefox 119.0 (Ubuntu 0.0.0): Executed 168 of 306 SUCCESS (0 secs / 0.703 secs)
2023-11-20T02:20:29.5982207Z [1A[2K[1A[2KChrome Headless 118.0.5993.117 (Linux x86_64): Executed 306 of 306 (1 FAILED) (3.677 secs / 3.629 secs)
2023-11-20T02:20:29.5983830Z Firefox 119.0 (Ubuntu 0.0.0): Executed 169 of 306 SUCCESS (0 secs / 0.703 secs)
2023-11-20T02:20:29.5986340Z [1A[2K[1A[2KChrome Headless 118.0.5993.117 (Linux x86_64): Executed 306 of 306 (1 FAILED) (3.677 secs / 3.629 secs)
2023-11-20T02:20:29.5988061Z Firefox 119.0 (Ubuntu 0.0.0): Executed 170 of 306 SUCCESS (0 secs / 0.703 secs)
2023-11-20T02:20:29.5990238Z [1A[2K[1A[2KChrome Headless 118.0.5993.117 (Linux x86_64): Executed 306 of 306 (1 FAILED) (3.677 secs / 3.629 secs)
2023-11-20T02:20:29.5992180Z Firefox 119.0 (Ubuntu 0.0.0): Executed 171 of 306 SUCCESS (0 secs / 0.703 secs)
2023-11-20T02:20:29.5994309Z [1A[2K[1A[2KChrome Headless 118.0.5993.117 (Linux x86_64): Executed 306 of 306 (1 FAILED) (3.677 secs / 3.629 secs)
2023-11-20T02:20:29.5996112Z Firefox 119.0 (Ubuntu 0.0.0): Executed 172 of 306 SUCCESS (0 secs / 0.704 secs)
2023-11-20T02:20:29.5998121Z [1A[2K[1A[2KChrome Headless 118.0.5993.117 (Linux x86_64): Executed 306 of 306 (1 FAILED) (3.677 secs / 3.629 secs)
2023-11-20T02:20:29.5999730Z Firefox 119.0 (Ubuntu 0.0.0): Executed 173 of 306 SUCCESS (0 secs / 0.704 secs)
2023-11-20T02:20:29.6001776Z [1A[2K[1A[2KChrome Headless 118.0.5993.117 (Linux x86_64): Executed 306 of 306 (1 FAILED) (3.677 secs / 3.629 secs)
2023-11-20T02:20:29.6003479Z Firefox 119.0 (Ubuntu 0.0.0): Executed 174 of 306 SUCCESS (0 secs / 0.705 secs)
2023-11-20T02:20:29.6005383Z [1A[2K[1A[2KChrome Headless 118.0.5993.117 (Linux x86_64): Executed 306 of 306 (1 FAILED) (3.677 secs / 3.629 secs)
2023-11-20T02:20:29.6007225Z Firefox 119.0 (Ubuntu 0.0.0): Executed 175 of 306 SUCCESS (0 secs / 0.705 secs)
2023-11-20T02:20:29.6009089Z [1A[2K[1A[2KChrome Headless 118.0.5993.117 (Linux x86_64): Executed 306 of 306 (1 FAILED) (3.677 secs / 3.629 secs)
2023-11-20T02:20:29.6010752Z Firefox 119.0 (Ubuntu 0.0.0): Executed 176 of 306 SUCCESS (0 secs / 0.706 secs)
2023-11-20T02:20:29.6012837Z [1A[2K[1A[2KChrome Headless 118.0.5993.117 (Linux x86_64): Executed 306 of 306 (1 FAILED) (3.677 secs / 3.629 secs)
2023-11-20T02:20:29.6014513Z Firefox 119.0 (Ubuntu 0.0.0): Executed 177 of 306 SUCCESS (0 secs / 0.706 secs)
2023-11-20T02:20:29.6016532Z [1A[2K[1A[2KChrome Headless 118.0.5993.117 (Linux x86_64): Executed 306 of 306 (1 FAILED) (3.677 secs / 3.629 secs)
2023-11-20T02:20:29.6017706Z Firefox 119.0 (Ubuntu 0.0.0): Executed 178 of 306 SUCCESS (0 secs / 0.707 secs)
2023-11-20T02:20:29.6018877Z [1A[2K[1A[2KChrome Headless 118.0.5993.117 (Linux x86_64): Executed 306 of 306 (1 FAILED) (3.677 secs / 3.629 secs)
2023-11-20T02:20:29.6019966Z Firefox 119.0 (Ubuntu 0.0.0): Executed 179 of 306 SUCCESS (0 secs / 0.708 secs)
2023-11-20T02:20:29.6021086Z [1A[2K[1A[2KChrome Headless 118.0.5993.117 (Linux x86_64): Executed 306 of 306 (1 FAILED) (3.677 secs / 3.629 secs)
2023-11-20T02:20:29.6022043Z Firefox 119.0 (Ubuntu 0.0.0): Executed 180 of 306 SUCCESS (0 secs / 0.708 secs)
2023-11-20T02:20:29.6100591Z [1A[2K[1A[2KChrome Headless 118.0.5993.117 (Linux x86_64): Executed 306 of 306 (1 FAILED) (3.677 secs / 3.629 secs)
2023-11-20T02:20:29.6104865Z Firefox 119.0 (Ubuntu 0.0.0): Executed 181 of 306 SUCCESS (0 secs / 0.71 secs)
2023-11-20T02:20:29.6107252Z [1A[2K[1A[2KChrome Headless 118.0.5993.117 (Linux x86_64): Executed 306 of 306 (1 FAILED) (3.677 secs / 3.629 secs)
2023-11-20T02:20:29.6109079Z Firefox 119.0 (Ubuntu 0.0.0): Executed 182 of 306 SUCCESS (0 secs / 0.711 secs)
2023-11-20T02:20:29.6111041Z [1A[2K[1A[2KChrome Headless 118.0.5993.117 (Linux x86_64): Executed 306 of 306 (1 FAILED) (3.677 secs / 3.629 secs)
2023-11-20T02:20:29.6113039Z Firefox 119.0 (Ubuntu 0.0.0): Executed 183 of 306 SUCCESS (0 secs / 0.711 secs)
2023-11-20T02:20:29.7044033Z [1A[2K[1A[2KChrome Headless 118.0.5993.117 (Linux x86_64): Executed 306 of 306 (1 FAILED) (3.677 secs / 3.629 secs)
2023-11-20T02:20:29.7046118Z Firefox 119.0 (Ubuntu 0.0.0): Executed 184 of 306 SUCCESS (0 secs / 0.812 secs)
2023-11-20T02:20:29.7048310Z [1A[2K[1A[2KChrome Headless 118.0.5993.117 (Linux x86_64): Executed 306 of 306 (1 FAILED) (3.677 secs / 3.629 secs)
2023-11-20T02:20:29.7050664Z Firefox 119.0 (Ubuntu 0.0.0): Executed 185 of 306 SUCCESS (0 secs / 0.813 secs)
2023-11-20T02:20:29.7053155Z [1A[2K[1A[2KChrome Headless 118.0.5993.117 (Linux x86_64): Executed 306 of 306 (1 FAILED) (3.677 secs / 3.629 secs)
2023-11-20T02:20:29.7055231Z Firefox 119.0 (Ubuntu 0.0.0): Executed 186 of 306 SUCCESS (0 secs / 0.813 secs)
2023-11-20T02:20:29.7057430Z [1A[2K[1A[2KChrome Headless 118.0.5993.117 (Linux x86_64): Executed 306 of 306 (1 FAILED) (3.677 secs / 3.629 secs)
2023-11-20T02:20:29.7059295Z Firefox 119.0 (Ubuntu 0.0.0): Executed 187 of 306 SUCCESS (0 secs / 0.814 secs)
2023-11-20T02:20:29.7061259Z [1A[2K[1A[2KChrome Headless 118.0.5993.117 (Linux x86_64): Executed 306 of 306 (1 FAILED) (3.677 secs / 3.629 secs)
2023-11-20T02:20:29.7063225Z Firefox 119.0 (Ubuntu 0.0.0): Executed 188 of 306 SUCCESS (0 secs / 0.815 secs)
2023-11-20T02:20:29.7065266Z [1A[2K[1A[2KChrome Headless 118.0.5993.117 (Linux x86_64): Executed 306 of 306 (1 FAILED) (3.677 secs / 3.629 secs)
2023-11-20T02:20:29.7067566Z Firefox 119.0 (Ubuntu 0.0.0): Executed 189 of 306 SUCCESS (0 secs / 0.815 secs)
2023-11-20T02:20:29.7069626Z [1A[2K[1A[2KChrome Headless 118.0.5993.117 (Linux x86_64): Executed 306 of 306 (1 FAILED) (3.677 secs / 3.629 secs)
2023-11-20T02:20:29.7071260Z Firefox 119.0 (Ubuntu 0.0.0): Executed 190 of 306 SUCCESS (0 secs / 0.816 secs)
2023-11-20T02:20:29.7074306Z [1A[2K[1A[2KChrome Headless 118.0.5993.117 (Linux x86_64): Executed 306 of 306 (1 FAILED) (3.677 secs / 3.629 secs)
2023-11-20T02:20:29.7076003Z Firefox 119.0 (Ubuntu 0.0.0): Executed 191 of 306 SUCCESS (0 secs / 0.817 secs)
2023-11-20T02:20:29.7077909Z [1A[2K[1A[2KChrome Headless 118.0.5993.117 (Linux x86_64): Executed 306 of 306 (1 FAILED) (3.677 secs / 3.629 secs)
2023-11-20T02:20:29.7079776Z Firefox 119.0 (Ubuntu 0.0.0): Executed 192 of 306 SUCCESS (0 secs / 0.817 secs)
2023-11-20T02:20:29.7082443Z [1A[2K[1A[2KChrome Headless 118.0.5993.117 (Linux x86_64): Executed 306 of 306 (1 FAILED) (3.677 secs / 3.629 secs)
2023-11-20T02:20:29.7084118Z Firefox 119.0 (Ubuntu 0.0.0): Executed 193 of 306 SUCCESS (0 secs / 0.818 secs)
2023-11-20T02:20:29.7091090Z [1A[2K[1A[2KChrome Headless 118.0.5993.117 (Linux x86_64): Executed 306 of 306 (1 FAILED) (3.677 secs / 3.629 secs)
2023-11-20T02:20:29.7092796Z Firefox 119.0 (Ubuntu 0.0.0): Executed 194 of 306 SUCCESS (0 secs / 0.819 secs)
2023-11-20T02:20:29.7097677Z [1A[2K[1A[2KChrome Headless 118.0.5993.117 (Linux x86_64): Executed 306 of 306 (1 FAILED) (3.677 secs / 3.629 secs)
2023-11-20T02:20:29.7099492Z Firefox 119.0 (Ubuntu 0.0.0): Executed 195 of 306 SUCCESS (0 secs / 0.82 secs)
2023-11-20T02:20:29.7103184Z [1A[2K[1A[2KChrome Headless 118.0.5993.117 (Linux x86_64): Executed 306 of 306 (1 FAILED) (3.677 secs / 3.629 secs)
2023-11-20T02:20:29.7104809Z Firefox 119.0 (Ubuntu 0.0.0): Executed 196 of 306 SUCCESS (0 secs / 0.821 secs)
2023-11-20T02:20:29.8615608Z [1A[2K[1A[2KChrome Headless 118.0.5993.117 (Linux x86_64): Executed 306 of 306 (1 FAILED) (3.677 secs / 3.629 secs)
2023-11-20T02:20:29.8618045Z Firefox 119.0 (Ubuntu 0.0.0): Executed 197 of 306 SUCCESS (0 secs / 0.972 secs)
2023-11-20T02:20:29.8626192Z [1A[2K[1A[2KChrome Headless 118.0.5993.117 (Linux x86_64): Executed 306 of 306 (1 FAILED) (3.677 secs / 3.629 secs)
2023-11-20T02:20:29.8628083Z Firefox 119.0 (Ubuntu 0.0.0): Executed 198 of 306 SUCCESS (0 secs / 0.973 secs)
2023-11-20T02:20:29.9636635Z [1A[2K[1A[2KChrome Headless 118.0.5993.117 (Linux x86_64): Executed 306 of 306 (1 FAILED) (3.677 secs / 3.629 secs)
2023-11-20T02:20:29.9638397Z Firefox 119.0 (Ubuntu 0.0.0): Executed 199 of 306 SUCCESS (0 secs / 1.074 secs)
2023-11-20T02:20:30.0653315Z [1A[2K[1A[2KChrome Headless 118.0.5993.117 (Linux x86_64): Executed 306 of 306 (1 FAILED) (3.677 secs / 3.629 secs)
2023-11-20T02:20:30.0655569Z Firefox 119.0 (Ubuntu 0.0.0): Executed 200 of 306 SUCCESS (0 secs / 1.175 secs)
2023-11-20T02:20:30.1670443Z [1A[2K[1A[2KChrome Headless 118.0.5993.117 (Linux x86_64): Executed 306 of 306 (1 FAILED) (3.677 secs / 3.629 secs)
2023-11-20T02:20:30.1671767Z Firefox 119.0 (Ubuntu 0.0.0): Executed 201 of 306 SUCCESS (0 secs / 1.277 secs)
2023-11-20T02:20:30.2688026Z [1A[2K[1A[2KChrome Headless 118.0.5993.117 (Linux x86_64): Executed 306 of 306 (1 FAILED) (3.677 secs / 3.629 secs)
2023-11-20T02:20:30.2690446Z Firefox 119.0 (Ubuntu 0.0.0): Executed 202 of 306 SUCCESS (0 secs / 1.379 secs)
2023-11-20T02:20:30.3705797Z [1A[2K[1A[2KChrome Headless 118.0.5993.117 (Linux x86_64): Executed 306 of 306 (1 FAILED) (3.677 secs / 3.629 secs)
2023-11-20T02:20:30.3707737Z Firefox 119.0 (Ubuntu 0.0.0): Executed 203 of 306 SUCCESS (0 secs / 1.48 secs)
2023-11-20T02:20:30.4725055Z [1A[2K[1A[2KChrome Headless 118.0.5993.117 (Linux x86_64): Executed 306 of 306 (1 FAILED) (3.677 secs / 3.629 secs)
2023-11-20T02:20:30.4726826Z Firefox 119.0 (Ubuntu 0.0.0): Executed 204 of 306 SUCCESS (0 secs / 1.582 secs)
2023-11-20T02:20:30.5742479Z [1A[2K[1A[2KChrome Headless 118.0.5993.117 (Linux x86_64): Executed 306 of 306 (1 FAILED) (3.677 secs / 3.629 secs)
2023-11-20T02:20:30.5743606Z Firefox 119.0 (Ubuntu 0.0.0): Executed 205 of 306 SUCCESS (0 secs / 1.685 secs)
2023-11-20T02:20:30.6760631Z [1A[2K[1A[2KChrome Headless 118.0.5993.117 (Linux x86_64): Executed 306 of 306 (1 FAILED) (3.677 secs / 3.629 secs)
2023-11-20T02:20:30.6761991Z Firefox 119.0 (Ubuntu 0.0.0): Executed 206 of 306 SUCCESS (0 secs / 1.786 secs)
2023-11-20T02:20:30.7778860Z [1A[2K[1A[2KChrome Headless 118.0.5993.117 (Linux x86_64): Executed 306 of 306 (1 FAILED) (3.677 secs / 3.629 secs)
2023-11-20T02:20:30.7780758Z Firefox 119.0 (Ubuntu 0.0.0): Executed 207 of 306 SUCCESS (0 secs / 1.888 secs)
2023-11-20T02:20:30.8797110Z [1A[2K[1A[2KChrome Headless 118.0.5993.117 (Linux x86_64): Executed 306 of 306 (1 FAILED) (3.677 secs / 3.629 secs)
2023-11-20T02:20:30.8799057Z Firefox 119.0 (Ubuntu 0.0.0): Executed 208 of 306 SUCCESS (0 secs / 1.99 secs)
2023-11-20T02:20:30.9813549Z [1A[2K[1A[2KChrome Headless 118.0.5993.117 (Linux x86_64): Executed 306 of 306 (1 FAILED) (3.677 secs / 3.629 secs)
2023-11-20T02:20:30.9814933Z Firefox 119.0 (Ubuntu 0.0.0): Executed 209 of 306 SUCCESS (0 secs / 2.091 secs)
2023-11-20T02:20:31.0833238Z [1A[2K[1A[2KChrome Headless 118.0.5993.117 (Linux x86_64): Executed 306 of 306 (1 FAILED) (3.677 secs / 3.629 secs)
2023-11-20T02:20:31.0857578Z Firefox 119.0 (Ubuntu 0.0.0): Executed 210 of 306 SUCCESS (0 secs / 2.192 secs)
2023-11-20T02:20:31.0859143Z [1A[2K[1A[2KChrome Headless 118.0.5993.117 (Linux x86_64): Executed 306 of 306 (1 FAILED) (3.677 secs / 3.629 secs)
2023-11-20T02:20:31.0860686Z Firefox 119.0 (Ubuntu 0.0.0): Executed 211 of 306 SUCCESS (0 secs / 2.195 secs)
2023-11-20T02:20:31.0862910Z [1A[2K[1A[2KChrome Headless 118.0.5993.117 (Linux x86_64): Executed 306 of 306 (1 FAILED) (3.677 secs / 3.629 secs)
2023-11-20T02:20:31.0864570Z Firefox 119.0 (Ubuntu 0.0.0): Executed 212 of 306 SUCCESS (0 secs / 2.196 secs)
2023-11-20T02:20:31.0868994Z [1A[2K[1A[2KChrome Headless 118.0.5993.117 (Linux x86_64): Executed 306 of 306 (1 FAILED) (3.677 secs / 3.629 secs)
2023-11-20T02:20:31.0870634Z Firefox 119.0 (Ubuntu 0.0.0): Executed 213 of 306 SUCCESS (0 secs / 2.196 secs)
2023-11-20T02:20:31.0872906Z [1A[2K[1A[2KChrome Headless 118.0.5993.117 (Linux x86_64): Executed 306 of 306 (1 FAILED) (3.677 secs / 3.629 secs)
2023-11-20T02:20:31.0874710Z Firefox 119.0 (Ubuntu 0.0.0): Executed 214 of 306 SUCCESS (0 secs / 2.196 secs)
2023-11-20T02:20:31.0876657Z [1A[2K[1A[2KChrome Headless 118.0.5993.117 (Linux x86_64): Executed 306 of 306 (1 FAILED) (3.677 secs / 3.629 secs)
2023-11-20T02:20:31.0878472Z Firefox 119.0 (Ubuntu 0.0.0): Executed 215 of 306 SUCCESS (0 secs / 2.197 secs)
2023-11-20T02:20:31.0880346Z [1A[2K[1A[2KChrome Headless 118.0.5993.117 (Linux x86_64): Executed 306 of 306 (1 FAILED) (3.677 secs / 3.629 secs)
2023-11-20T02:20:31.0881951Z Firefox 119.0 (Ubuntu 0.0.0): Executed 216 of 306 SUCCESS (0 secs / 2.197 secs)
2023-11-20T02:20:31.0884948Z [1A[2K[1A[2KChrome Headless 118.0.5993.117 (Linux x86_64): Executed 306 of 306 (1 FAILED) (3.677 secs / 3.629 secs)
2023-11-20T02:20:31.0887055Z Firefox 119.0 (Ubuntu 0.0.0): Executed 217 of 306 SUCCESS (0 secs / 2.198 secs)
2023-11-20T02:20:31.0894237Z [1A[2K[1A[2KChrome Headless 118.0.5993.117 (Linux x86_64): Executed 306 of 306 (1 FAILED) (3.677 secs / 3.629 secs)
2023-11-20T02:20:31.0896555Z Firefox 119.0 (Ubuntu 0.0.0): Executed 218 of 306 SUCCESS (0 secs / 2.199 secs)
2023-11-20T02:20:31.0903480Z [1A[2K[1A[2KChrome Headless 118.0.5993.117 (Linux x86_64): Executed 306 of 306 (1 FAILED) (3.677 secs / 3.629 secs)
2023-11-20T02:20:31.0905392Z Firefox 119.0 (Ubuntu 0.0.0): Executed 219 of 306 SUCCESS (0 secs / 2.199 secs)
2023-11-20T02:20:31.0907711Z [1A[2K[1A[2KChrome Headless 118.0.5993.117 (Linux x86_64): Executed 306 of 306 (1 FAILED) (3.677 secs / 3.629 secs)
2023-11-20T02:20:31.0909550Z Firefox 119.0 (Ubuntu 0.0.0): Executed 220 of 306 SUCCESS (0 secs / 2.2 secs)
2023-11-20T02:20:31.0911636Z [1A[2K[1A[2KChrome Headless 118.0.5993.117 (Linux x86_64): Executed 306 of 306 (1 FAILED) (3.677 secs / 3.629 secs)
2023-11-20T02:20:31.0917775Z Firefox 119.0 (Ubuntu 0.0.0): Executed 221 of 306 SUCCESS (0 secs / 2.2 secs)
2023-11-20T02:20:31.0919916Z [1A[2K[1A[2KChrome Headless 118.0.5993.117 (Linux x86_64): Executed 306 of 306 (1 FAILED) (3.677 secs / 3.629 secs)
2023-11-20T02:20:31.0921774Z Firefox 119.0 (Ubuntu 0.0.0): Executed 222 of 306 SUCCESS (0 secs / 2.2 secs)
2023-11-20T02:20:31.0924051Z [1A[2K[1A[2KChrome Headless 118.0.5993.117 (Linux x86_64): Executed 306 of 306 (1 FAILED) (3.677 secs / 3.629 secs)
2023-11-20T02:20:31.0925891Z Firefox 119.0 (Ubuntu 0.0.0): Executed 223 of 306 SUCCESS (0 secs / 2.201 secs)
2023-11-20T02:20:31.0928037Z [1A[2K[1A[2KChrome Headless 118.0.5993.117 (Linux x86_64): Executed 306 of 306 (1 FAILED) (3.677 secs / 3.629 secs)
2023-11-20T02:20:31.0930042Z Firefox 119.0 (Ubuntu 0.0.0): Executed 224 of 306 SUCCESS (0 secs / 2.201 secs)
2023-11-20T02:20:31.0932206Z [1A[2K[1A[2KChrome Headless 118.0.5993.117 (Linux x86_64): Executed 306 of 306 (1 FAILED) (3.677 secs / 3.629 secs)
2023-11-20T02:20:31.0934194Z Firefox 119.0 (Ubuntu 0.0.0): Executed 225 of 306 SUCCESS (0 secs / 2.202 secs)
2023-11-20T02:20:31.0936273Z [1A[2K[1A[2KChrome Headless 118.0.5993.117 (Linux x86_64): Executed 306 of 306 (1 FAILED) (3.677 secs / 3.629 secs)
2023-11-20T02:20:31.0938169Z Firefox 119.0 (Ubuntu 0.0.0): Executed 226 of 306 SUCCESS (0 secs / 2.203 secs)
2023-11-20T02:20:31.0940460Z [1A[2K[1A[2KChrome Headless 118.0.5993.117 (Linux x86_64): Executed 306 of 306 (1 FAILED) (3.677 secs / 3.629 secs)
2023-11-20T02:20:31.0942341Z Firefox 119.0 (Ubuntu 0.0.0): Executed 227 of 306 SUCCESS (0 secs / 2.203 secs)
2023-11-20T02:20:31.0944462Z [1A[2K[1A[2KChrome Headless 118.0.5993.117 (Linux x86_64): Executed 306 of 306 (1 FAILED) (3.677 secs / 3.629 secs)
2023-11-20T02:20:31.0946415Z Firefox 119.0 (Ubuntu 0.0.0): Executed 228 of 306 SUCCESS (0 secs / 2.204 secs)
2023-11-20T02:20:31.0948356Z [1A[2K[1A[2KChrome Headless 118.0.5993.117 (Linux x86_64): Executed 306 of 306 (1 FAILED) (3.677 secs / 3.629 secs)
2023-11-20T02:20:31.0949429Z Firefox 119.0 (Ubuntu 0.0.0): Executed 229 of 306 SUCCESS (0 secs / 2.204 secs)
2023-11-20T02:20:31.1963393Z [1A[2K[1A[2KChrome Headless 118.0.5993.117 (Linux x86_64): Executed 306 of 306 (1 FAILED) (3.677 secs / 3.629 secs)
2023-11-20T02:20:31.1964916Z Firefox 119.0 (Ubuntu 0.0.0): Executed 230 of 306 SUCCESS (0 secs / 2.305 secs)
2023-11-20T02:20:31.2970213Z [1A[2K[1A[2KChrome Headless 118.0.5993.117 (Linux x86_64): Executed 306 of 306 (1 FAILED) (3.677 secs / 3.629 secs)
2023-11-20T02:20:31.2972401Z Firefox 119.0 (Ubuntu 0.0.0): Executed 231 of 306 SUCCESS (0 secs / 2.405 secs)
2023-11-20T02:20:31.3976807Z [1A[2K[1A[2KChrome Headless 118.0.5993.117 (Linux x86_64): Executed 306 of 306 (1 FAILED) (3.677 secs / 3.629 secs)
2023-11-20T02:20:31.3978626Z Firefox 119.0 (Ubuntu 0.0.0): Executed 232 of 306 SUCCESS (0 secs / 2.505 secs)
2023-11-20T02:20:31.3988345Z [1A[2K[1A[2KChrome Headless 118.0.5993.117 (Linux x86_64): Executed 306 of 306 (1 FAILED) (3.677 secs / 3.629 secs)
2023-11-20T02:20:31.3990612Z Firefox 119.0 (Ubuntu 0.0.0): Executed 233 of 306 SUCCESS (0 secs / 2.506 secs)
2023-11-20T02:20:31.3993112Z [1A[2K[1A[2KChrome Headless 118.0.5993.117 (Linux x86_64): Executed 306 of 306 (1 FAILED) (3.677 secs / 3.629 secs)
2023-11-20T02:20:31.3995470Z Firefox 119.0 (Ubuntu 0.0.0): Executed 234 of 306 SUCCESS (0 secs / 2.506 secs)
2023-11-20T02:20:31.4000963Z [1A[2K[1A[2KChrome Headless 118.0.5993.117 (Linux x86_64): Executed 306 of 306 (1 FAILED) (3.677 secs / 3.629 secs)
2023-11-20T02:20:31.4002862Z Firefox 119.0 (Ubuntu 0.0.0): Executed 235 of 306 SUCCESS (0 secs / 2.506 secs)
2023-11-20T02:20:31.4005021Z [1A[2K[1A[2KChrome Headless 118.0.5993.117 (Linux x86_64): Executed 306 of 306 (1 FAILED) (3.677 secs / 3.629 secs)
2023-11-20T02:20:31.4007338Z Firefox 119.0 (Ubuntu 0.0.0): Executed 236 of 306 SUCCESS (0 secs / 2.507 secs)
2023-11-20T02:20:31.4009659Z [1A[2K[1A[2KChrome Headless 118.0.5993.117 (Linux x86_64): Executed 306 of 306 (1 FAILED) (3.677 secs / 3.629 secs)
2023-11-20T02:20:31.4010665Z Firefox 119.0 (Ubuntu 0.0.0): Executed 237 of 306 SUCCESS (0 secs / 2.507 secs)
2023-11-20T02:20:31.4016216Z [1A[2K[1A[2KChrome Headless 118.0.5993.117 (Linux x86_64): Executed 306 of 306 (1 FAILED) (3.677 secs / 3.629 secs)
2023-11-20T02:20:31.4017418Z Firefox 119.0 (Ubuntu 0.0.0): Executed 238 of 306 SUCCESS (0 secs / 2.508 secs)
2023-11-20T02:20:31.4021921Z [1A[2K[1A[2KChrome Headless 118.0.5993.117 (Linux x86_64): Executed 306 of 306 (1 FAILED) (3.677 secs / 3.629 secs)
2023-11-20T02:20:31.4023311Z Firefox 119.0 (Ubuntu 0.0.0): Executed 239 of 306 SUCCESS (0 secs / 2.508 secs)
2023-11-20T02:20:31.4226562Z [1A[2K[1A[2KChrome Headless 118.0.5993.117 (Linux x86_64): Executed 306 of 306 (1 FAILED) (3.677 secs / 3.629 secs)
2023-11-20T02:20:31.4227672Z Firefox 119.0 (Ubuntu 0.0.0): Executed 240 of 306 SUCCESS (0 secs / 2.529 secs)
2023-11-20T02:20:31.4233052Z [1A[2K[1A[2KChrome Headless 118.0.5993.117 (Linux x86_64): Executed 306 of 306 (1 FAILED) (3.677 secs / 3.629 secs)
2023-11-20T02:20:31.4234213Z Firefox 119.0 (Ubuntu 0.0.0): Executed 241 of 306 SUCCESS (0 secs / 2.53 secs)
2023-11-20T02:20:31.4240954Z [1A[2K[1A[2KChrome Headless 118.0.5993.117 (Linux x86_64): Executed 306 of 306 (1 FAILED) (3.677 secs / 3.629 secs)
2023-11-20T02:20:31.4242985Z Firefox 119.0 (Ubuntu 0.0.0): Executed 242 of 306 SUCCESS (0 secs / 2.53 secs)
2023-11-20T02:20:31.4245303Z [1A[2K[1A[2KChrome Headless 118.0.5993.117 (Linux x86_64): Executed 306 of 306 (1 FAILED) (3.677 secs / 3.629 secs)
2023-11-20T02:20:31.4247231Z Firefox 119.0 (Ubuntu 0.0.0): Executed 243 of 306 SUCCESS (0 secs / 2.531 secs)
2023-11-20T02:20:31.4250259Z [1A[2K[1A[2KChrome Headless 118.0.5993.117 (Linux x86_64): Executed 306 of 306 (1 FAILED) (3.677 secs / 3.629 secs)
2023-11-20T02:20:31.4252116Z Firefox 119.0 (Ubuntu 0.0.0): Executed 244 of 306 SUCCESS (0 secs / 2.531 secs)
2023-11-20T02:20:31.4255014Z [1A[2K[1A[2KChrome Headless 118.0.5993.117 (Linux x86_64): Executed 306 of 306 (1 FAILED) (3.677 secs / 3.629 secs)
2023-11-20T02:20:31.4256972Z Firefox 119.0 (Ubuntu 0.0.0): Executed 245 of 306 SUCCESS (0 secs / 2.532 secs)
2023-11-20T02:20:31.4259956Z [1A[2K[1A[2KChrome Headless 118.0.5993.117 (Linux x86_64): Executed 306 of 306 (1 FAILED) (3.677 secs / 3.629 secs)
2023-11-20T02:20:31.4261422Z Firefox 119.0 (Ubuntu 0.0.0): Executed 246 of 306 SUCCESS (0 secs / 2.532 secs)
2023-11-20T02:20:31.5274247Z [1A[2K[1A[2KChrome Headless 118.0.5993.117 (Linux x86_64): Executed 306 of 306 (1 FAILED) (3.677 secs / 3.629 secs)
2023-11-20T02:20:31.5276701Z Firefox 119.0 (Ubuntu 0.0.0): Executed 247 of 306 SUCCESS (0 secs / 2.632 secs)
2023-11-20T02:20:31.6288716Z [1A[2K[1A[2KChrome Headless 118.0.5993.117 (Linux x86_64): Executed 306 of 306 (1 FAILED) (3.677 secs / 3.629 secs)
2023-11-20T02:20:31.6292412Z Firefox 119.0 (Ubuntu 0.0.0): Executed 248 of 306 SUCCESS (0 secs / 2.734 secs)
2023-11-20T02:20:31.7304202Z [1A[2K[1A[2KChrome Headless 118.0.5993.117 (Linux x86_64): Executed 306 of 306 (1 FAILED) (3.677 secs / 3.629 secs)
2023-11-20T02:20:31.7306485Z Firefox 119.0 (Ubuntu 0.0.0): Executed 249 of 306 SUCCESS (0 secs / 2.836 secs)
2023-11-20T02:20:31.8323550Z [1A[2K[1A[2KChrome Headless 118.0.5993.117 (Linux x86_64): Executed 306 of 306 (1 FAILED) (3.677 secs / 3.629 secs)
2023-11-20T02:20:31.8325605Z Firefox 119.0 (Ubuntu 0.0.0): Executed 250 of 306 SUCCESS (0 secs / 2.937 secs)
2023-11-20T02:20:31.8332862Z [1A[2K[1A[2KChrome Headless 118.0.5993.117 (Linux x86_64): Executed 306 of 306 (1 FAILED) (3.677 secs / 3.629 secs)
2023-11-20T02:20:31.8335676Z Firefox 119.0 (Ubuntu 0.0.0): Executed 251 of 306 SUCCESS (0 secs / 2.939 secs)
2023-11-20T02:20:31.8342223Z [1A[2K[1A[2KChrome Headless 118.0.5993.117 (Linux x86_64): Executed 306 of 306 (1 FAILED) (3.677 secs / 3.629 secs)
2023-11-20T02:20:31.8344046Z Firefox 119.0 (Ubuntu 0.0.0): Executed 252 of 306 SUCCESS (0 secs / 2.94 secs)
2023-11-20T02:20:31.8346766Z [1A[2K[1A[2KChrome Headless 118.0.5993.117 (Linux x86_64): Executed 306 of 306 (1 FAILED) (3.677 secs / 3.629 secs)
2023-11-20T02:20:31.8347932Z Firefox 119.0 (Ubuntu 0.0.0): Executed 253 of 306 SUCCESS (0 secs / 2.94 secs)
2023-11-20T02:20:31.9360763Z [1A[2K[1A[2KChrome Headless 118.0.5993.117 (Linux x86_64): Executed 306 of 306 (1 FAILED) (3.677 secs / 3.629 secs)
2023-11-20T02:20:31.9363265Z Firefox 119.0 (Ubuntu 0.0.0): Executed 254 of 306 SUCCESS (0 secs / 3.041 secs)
2023-11-20T02:20:31.9368901Z [1A[2K[1A[2KChrome Headless 118.0.5993.117 (Linux x86_64): Executed 306 of 306 (1 FAILED) (3.677 secs / 3.629 secs)
2023-11-20T02:20:31.9370638Z Firefox 119.0 (Ubuntu 0.0.0): Executed 255 of 306 SUCCESS (0 secs / 3.043 secs)
2023-11-20T02:20:31.9375358Z [1A[2K[1A[2KChrome Headless 118.0.5993.117 (Linux x86_64): Executed 306 of 306 (1 FAILED) (3.677 secs / 3.629 secs)
2023-11-20T02:20:31.9377008Z Firefox 119.0 (Ubuntu 0.0.0): Executed 256 of 306 SUCCESS (0 secs / 3.043 secs)
2023-11-20T02:20:31.9379040Z [1A[2K[1A[2KChrome Headless 118.0.5993.117 (Linux x86_64): Executed 306 of 306 (1 FAILED) (3.677 secs / 3.629 secs)
2023-11-20T02:20:31.9380699Z Firefox 119.0 (Ubuntu 0.0.0): Executed 257 of 306 SUCCESS (0 secs / 3.043 secs)
2023-11-20T02:20:31.9383556Z [1A[2K[1A[2KChrome Headless 118.0.5993.117 (Linux x86_64): Executed 306 of 306 (1 FAILED) (3.677 secs / 3.629 secs)
2023-11-20T02:20:31.9385993Z Firefox 119.0 (Ubuntu 0.0.0): Executed 258 of 306 SUCCESS (0 secs / 3.044 secs)
2023-11-20T02:20:31.9389004Z [1A[2K[1A[2KChrome Headless 118.0.5993.117 (Linux x86_64): Executed 306 of 306 (1 FAILED) (3.677 secs / 3.629 secs)
2023-11-20T02:20:31.9390036Z Firefox 119.0 (Ubuntu 0.0.0): Executed 259 of 306 SUCCESS (0 secs / 3.044 secs)
2023-11-20T02:20:32.0402621Z [1A[2K[1A[2KChrome Headless 118.0.5993.117 (Linux x86_64): Executed 306 of 306 (1 FAILED) (3.677 secs / 3.629 secs)
2023-11-20T02:20:32.0404649Z Firefox 119.0 (Ubuntu 0.0.0): Executed 260 of 306 SUCCESS (0 secs / 3.145 secs)
2023-11-20T02:20:32.1418189Z [1A[2K[1A[2KChrome Headless 118.0.5993.117 (Linux x86_64): Executed 306 of 306 (1 FAILED) (3.677 secs / 3.629 secs)
2023-11-20T02:20:32.1419542Z Firefox 119.0 (Ubuntu 0.0.0): Executed 261 of 306 SUCCESS (0 secs / 3.247 secs)
2023-11-20T02:20:32.2436036Z [1A[2K[1A[2KChrome Headless 118.0.5993.117 (Linux x86_64): Executed 306 of 306 (1 FAILED) (3.677 secs / 3.629 secs)
2023-11-20T02:20:32.2437745Z Firefox 119.0 (Ubuntu 0.0.0): Executed 262 of 306 SUCCESS (0 secs / 3.348 secs)
2023-11-20T02:20:32.3453196Z [1A[2K[1A[2KChrome Headless 118.0.5993.117 (Linux x86_64): Executed 306 of 306 (1 FAILED) (3.677 secs / 3.629 secs)
2023-11-20T02:20:32.3455222Z Firefox 119.0 (Ubuntu 0.0.0): Executed 263 of 306 SUCCESS (0 secs / 3.45 secs)
2023-11-20T02:20:32.3462481Z [1A[2K[1A[2KChrome Headless 118.0.5993.117 (Linux x86_64): Executed 306 of 306 (1 FAILED) (3.677 secs / 3.629 secs)
2023-11-20T02:20:32.3464723Z Firefox 119.0 (Ubuntu 0.0.0): Executed 264 of 306 SUCCESS (0 secs / 3.451 secs)
2023-11-20T02:20:32.3474863Z [1A[2K[1A[2KChrome Headless 118.0.5993.117 (Linux x86_64): Executed 306 of 306 (1 FAILED) (3.677 secs / 3.629 secs)
2023-11-20T02:20:32.3477190Z Firefox 119.0 (Ubuntu 0.0.0): Executed 265 of 306 SUCCESS (0 secs / 3.452 secs)
2023-11-20T02:20:32.3481650Z [1A[2K[1A[2KChrome Headless 118.0.5993.117 (Linux x86_64): Executed 306 of 306 (1 FAILED) (3.677 secs / 3.629 secs)
2023-11-20T02:20:32.3483516Z Firefox 119.0 (Ubuntu 0.0.0): Executed 266 of 306 SUCCESS (0 secs / 3.452 secs)
2023-11-20T02:20:32.3485713Z [1A[2K[1A[2KChrome Headless 118.0.5993.117 (Linux x86_64): Executed 306 of 306 (1 FAILED) (3.677 secs / 3.629 secs)
2023-11-20T02:20:32.3487732Z Firefox 119.0 (Ubuntu 0.0.0): Executed 267 of 306 SUCCESS (0 secs / 3.453 secs)
2023-11-20T02:20:32.3489894Z [1A[2K[1A[2KChrome Headless 118.0.5993.117 (Linux x86_64): Executed 306 of 306 (1 FAILED) (3.677 secs / 3.629 secs)
2023-11-20T02:20:32.3491766Z Firefox 119.0 (Ubuntu 0.0.0): Executed 268 of 306 SUCCESS (0 secs / 3.453 secs)
2023-11-20T02:20:32.3494075Z [1A[2K[1A[2KChrome Headless 118.0.5993.117 (Linux x86_64): Executed 306 of 306 (1 FAILED) (3.677 secs / 3.629 secs)
2023-11-20T02:20:32.3495994Z Firefox 119.0 (Ubuntu 0.0.0): Executed 269 of 306 SUCCESS (0 secs / 3.453 secs)
2023-11-20T02:20:32.3498137Z [1A[2K[1A[2KChrome Headless 118.0.5993.117 (Linux x86_64): Executed 306 of 306 (1 FAILED) (3.677 secs / 3.629 secs)
2023-11-20T02:20:32.3500116Z Firefox 119.0 (Ubuntu 0.0.0): Executed 270 of 306 SUCCESS (0 secs / 3.453 secs)
2023-11-20T02:20:32.3502358Z [1A[2K[1A[2KChrome Headless 118.0.5993.117 (Linux x86_64): Executed 306 of 306 (1 FAILED) (3.677 secs / 3.629 secs)
2023-11-20T02:20:32.3504207Z Firefox 119.0 (Ubuntu 0.0.0): Executed 271 of 306 SUCCESS (0 secs / 3.453 secs)
2023-11-20T02:20:32.3506525Z [1A[2K[1A[2KChrome Headless 118.0.5993.117 (Linux x86_64): Executed 306 of 306 (1 FAILED) (3.677 secs / 3.629 secs)
2023-11-20T02:20:32.3508298Z Firefox 119.0 (Ubuntu 0.0.0): Executed 272 of 306 SUCCESS (0 secs / 3.453 secs)
2023-11-20T02:20:32.3510560Z [1A[2K[1A[2KChrome Headless 118.0.5993.117 (Linux x86_64): Executed 306 of 306 (1 FAILED) (3.677 secs / 3.629 secs)
2023-11-20T02:20:32.3512647Z Firefox 119.0 (Ubuntu 0.0.0): Executed 273 of 306 SUCCESS (0 secs / 3.453 secs)
2023-11-20T02:20:32.3514804Z [1A[2K[1A[2KChrome Headless 118.0.5993.117 (Linux x86_64): Executed 306 of 306 (1 FAILED) (3.677 secs / 3.629 secs)
2023-11-20T02:20:32.3516835Z Firefox 119.0 (Ubuntu 0.0.0): Executed 274 of 306 SUCCESS (0 secs / 3.453 secs)
2023-11-20T02:20:32.3518946Z [1A[2K[1A[2KChrome Headless 118.0.5993.117 (Linux x86_64): Executed 306 of 306 (1 FAILED) (3.677 secs / 3.629 secs)
2023-11-20T02:20:32.3520834Z Firefox 119.0 (Ubuntu 0.0.0): Executed 275 of 306 SUCCESS (0 secs / 3.454 secs)
2023-11-20T02:20:32.3523179Z [1A[2K[1A[2KChrome Headless 118.0.5993.117 (Linux x86_64): Executed 306 of 306 (1 FAILED) (3.677 secs / 3.629 secs)
2023-11-20T02:20:32.3525003Z Firefox 119.0 (Ubuntu 0.0.0): Executed 276 of 306 SUCCESS (0 secs / 3.454 secs)
2023-11-20T02:20:32.3527121Z [1A[2K[1A[2KChrome Headless 118.0.5993.117 (Linux x86_64): Executed 306 of 306 (1 FAILED) (3.677 secs / 3.629 secs)
2023-11-20T02:20:32.3529079Z Firefox 119.0 (Ubuntu 0.0.0): Executed 277 of 306 SUCCESS (0 secs / 3.454 secs)
2023-11-20T02:20:32.3531207Z [1A[2K[1A[2KChrome Headless 118.0.5993.117 (Linux x86_64): Executed 306 of 306 (1 FAILED) (3.677 secs / 3.629 secs)
2023-11-20T02:20:32.3533061Z Firefox 119.0 (Ubuntu 0.0.0): Executed 278 of 306 SUCCESS (0 secs / 3.454 secs)
2023-11-20T02:20:32.3535387Z [1A[2K[1A[2KChrome Headless 118.0.5993.117 (Linux x86_64): Executed 306 of 306 (1 FAILED) (3.677 secs / 3.629 secs)
2023-11-20T02:20:32.3537240Z Firefox 119.0 (Ubuntu 0.0.0): Executed 279 of 306 SUCCESS (0 secs / 3.454 secs)
2023-11-20T02:20:32.3539473Z [1A[2K[1A[2KChrome Headless 118.0.5993.117 (Linux x86_64): Executed 306 of 306 (1 FAILED) (3.677 secs / 3.629 secs)
2023-11-20T02:20:32.3541345Z Firefox 119.0 (Ubuntu 0.0.0): Executed 280 of 306 SUCCESS (0 secs / 3.455 secs)
2023-11-20T02:20:32.3543497Z [1A[2K[1A[2KChrome Headless 118.0.5993.117 (Linux x86_64): Executed 306 of 306 (1 FAILED) (3.677 secs / 3.629 secs)
2023-11-20T02:20:32.3546002Z Firefox 119.0 (Ubuntu 0.0.0): Executed 281 of 306 SUCCESS (0 secs / 3.455 secs)
2023-11-20T02:20:32.3548584Z [1A[2K[1A[2KChrome Headless 118.0.5993.117 (Linux x86_64): Executed 306 of 306 (1 FAILED) (3.677 secs / 3.629 secs)
2023-11-20T02:20:32.3550455Z Firefox 119.0 (Ubuntu 0.0.0): Executed 282 of 306 SUCCESS (0 secs / 3.455 secs)
2023-11-20T02:20:32.3552948Z [1A[2K[1A[2KChrome Headless 118.0.5993.117 (Linux x86_64): Executed 306 of 306 (1 FAILED) (3.677 secs / 3.629 secs)
2023-11-20T02:20:32.3554755Z Firefox 119.0 (Ubuntu 0.0.0): Executed 283 of 306 SUCCESS (0 secs / 3.455 secs)
2023-11-20T02:20:32.3556919Z [1A[2K[1A[2KChrome Headless 118.0.5993.117 (Linux x86_64): Executed 306 of 306 (1 FAILED) (3.677 secs / 3.629 secs)
2023-11-20T02:20:32.3558860Z Firefox 119.0 (Ubuntu 0.0.0): Executed 284 of 306 SUCCESS (0 secs / 3.455 secs)
2023-11-20T02:20:32.3561008Z [1A[2K[1A[2KChrome Headless 118.0.5993.117 (Linux x86_64): Executed 306 of 306 (1 FAILED) (3.677 secs / 3.629 secs)
2023-11-20T02:20:32.3562894Z Firefox 119.0 (Ubuntu 0.0.0): Executed 285 of 306 SUCCESS (0 secs / 3.455 secs)
2023-11-20T02:20:32.3565202Z [1A[2K[1A[2KChrome Headless 118.0.5993.117 (Linux x86_64): Executed 306 of 306 (1 FAILED) (3.677 secs / 3.629 secs)
2023-11-20T02:20:32.3572573Z Firefox 119.0 (Ubuntu 0.0.0): Executed 286 of 306 SUCCESS (0 secs / 3.455 secs)
2023-11-20T02:20:32.3574618Z [1A[2K[1A[2KChrome Headless 118.0.5993.117 (Linux x86_64): Executed 306 of 306 (1 FAILED) (3.677 secs / 3.629 secs)
2023-11-20T02:20:32.3576502Z Firefox 119.0 (Ubuntu 0.0.0): Executed 287 of 306 SUCCESS (0 secs / 3.455 secs)
2023-11-20T02:20:32.3578581Z [1A[2K[1A[2KChrome Headless 118.0.5993.117 (Linux x86_64): Executed 306 of 306 (1 FAILED) (3.677 secs / 3.629 secs)
2023-11-20T02:20:32.3580551Z Firefox 119.0 (Ubuntu 0.0.0): Executed 288 of 306 SUCCESS (0 secs / 3.455 secs)
2023-11-20T02:20:32.3582649Z [1A[2K[1A[2KChrome Headless 118.0.5993.117 (Linux x86_64): Executed 306 of 306 (1 FAILED) (3.677 secs / 3.629 secs)
2023-11-20T02:20:32.3584417Z Firefox 119.0 (Ubuntu 0.0.0): Executed 289 of 306 SUCCESS (0 secs / 3.455 secs)
2023-11-20T02:20:32.3586055Z [1A[2K[1A[2KChrome Headless 118.0.5993.117 (Linux x86_64): Executed 306 of 306 (1 FAILED) (3.677 secs / 3.629 secs)
2023-11-20T02:20:32.3587794Z Firefox 119.0 (Ubuntu 0.0.0): Executed 290 of 306 SUCCESS (0 secs / 3.456 secs)
2023-11-20T02:20:32.3589818Z [1A[2K[1A[2KChrome Headless 118.0.5993.117 (Linux x86_64): Executed 306 of 306 (1 FAILED) (3.677 secs / 3.629 secs)
2023-11-20T02:20:32.3591113Z Firefox 119.0 (Ubuntu 0.0.0): Executed 291 of 306 SUCCESS (0 secs / 3.456 secs)
2023-11-20T02:20:32.3593140Z [1A[2K[1A[2KChrome Headless 118.0.5993.117 (Linux x86_64): Executed 306 of 306 (1 FAILED) (3.677 secs / 3.629 secs)
2023-11-20T02:20:32.3594310Z Firefox 119.0 (Ubuntu 0.0.0): Executed 292 of 306 SUCCESS (0 secs / 3.456 secs)
2023-11-20T02:20:32.3596513Z [1A[2K[1A[2KChrome Headless 118.0.5993.117 (Linux x86_64): Executed 306 of 306 (1 FAILED) (3.677 secs / 3.629 secs)
2023-11-20T02:20:32.3598318Z Firefox 119.0 (Ubuntu 0.0.0): Executed 293 of 306 SUCCESS (0 secs / 3.456 secs)
2023-11-20T02:20:32.3600231Z [1A[2K[1A[2KChrome Headless 118.0.5993.117 (Linux x86_64): Executed 306 of 306 (1 FAILED) (3.677 secs / 3.629 secs)
2023-11-20T02:20:32.3602205Z Firefox 119.0 (Ubuntu 0.0.0): Executed 294 of 306 SUCCESS (0 secs / 3.456 secs)
2023-11-20T02:20:32.3603953Z [1A[2K[1A[2KChrome Headless 118.0.5993.117 (Linux x86_64): Executed 306 of 306 (1 FAILED) (3.677 secs / 3.629 secs)
2023-11-20T02:20:32.3605102Z Firefox 119.0 (Ubuntu 0.0.0): Executed 295 of 306 SUCCESS (0 secs / 3.457 secs)
2023-11-20T02:20:32.3606824Z [1A[2K[1A[2KChrome Headless 118.0.5993.117 (Linux x86_64): Executed 306 of 306 (1 FAILED) (3.677 secs / 3.629 secs)
2023-11-20T02:20:32.3607894Z Firefox 119.0 (Ubuntu 0.0.0): Executed 296 of 306 SUCCESS (0 secs / 3.457 secs)
2023-11-20T02:20:32.3610100Z [1A[2K[1A[2KChrome Headless 118.0.5993.117 (Linux x86_64): Executed 306 of 306 (1 FAILED) (3.677 secs / 3.629 secs)
2023-11-20T02:20:32.3611767Z Firefox 119.0 (Ubuntu 0.0.0): Executed 297 of 306 SUCCESS (0 secs / 3.457 secs)
2023-11-20T02:20:32.3614073Z [1A[2K[1A[2KChrome Headless 118.0.5993.117 (Linux x86_64): Executed 306 of 306 (1 FAILED) (3.677 secs / 3.629 secs)
2023-11-20T02:20:32.3615974Z Firefox 119.0 (Ubuntu 0.0.0): Executed 298 of 306 SUCCESS (0 secs / 3.457 secs)
2023-11-20T02:20:32.3618035Z [1A[2K[1A[2KChrome Headless 118.0.5993.117 (Linux x86_64): Executed 306 of 306 (1 FAILED) (3.677 secs / 3.629 secs)
2023-11-20T02:20:32.3619737Z Firefox 119.0 (Ubuntu 0.0.0): Executed 299 of 306 SUCCESS (0 secs / 3.457 secs)
2023-11-20T02:20:32.3626263Z [1A[2K[1A[2KChrome Headless 118.0.5993.117 (Linux x86_64): Executed 306 of 306 (1 FAILED) (3.677 secs / 3.629 secs)
2023-11-20T02:20:32.3628052Z Firefox 119.0 (Ubuntu 0.0.0): Executed 300 of 306 SUCCESS (0 secs / 3.457 secs)
2023-11-20T02:20:32.3630109Z [1A[2K[1A[2KChrome Headless 118.0.5993.117 (Linux x86_64): Executed 306 of 306 (1 FAILED) (3.677 secs / 3.629 secs)
2023-11-20T02:20:32.3632097Z Firefox 119.0 (Ubuntu 0.0.0): Executed 301 of 306 SUCCESS (0 secs / 3.458 secs)
2023-11-20T02:20:32.3634273Z [1A[2K[1A[2KChrome Headless 118.0.5993.117 (Linux x86_64): Executed 306 of 306 (1 FAILED) (3.677 secs / 3.629 secs)
2023-11-20T02:20:32.3635334Z Firefox 119.0 (Ubuntu 0.0.0): Executed 302 of 306 SUCCESS (0 secs / 3.458 secs)
2023-11-20T02:20:32.3636596Z [1A[2K[1A[2KChrome Headless 118.0.5993.117 (Linux x86_64): Executed 306 of 306 (1 FAILED) (3.677 secs / 3.629 secs)
2023-11-20T02:20:32.3637552Z Firefox 119.0 (Ubuntu 0.0.0): Executed 303 of 306 SUCCESS (0 secs / 3.458 secs)
2023-11-20T02:20:32.3638695Z [1A[2K[1A[2KChrome Headless 118.0.5993.117 (Linux x86_64): Executed 306 of 306 (1 FAILED) (3.677 secs / 3.629 secs)
2023-11-20T02:20:32.3639748Z Firefox 119.0 (Ubuntu 0.0.0): Executed 304 of 306 SUCCESS (0 secs / 3.46 secs)
2023-11-20T02:20:32.3640875Z [1A[2K[1A[2KChrome Headless 118.0.5993.117 (Linux x86_64): Executed 306 of 306 (1 FAILED) (3.677 secs / 3.629 secs)
2023-11-20T02:20:32.3641805Z Firefox 119.0 (Ubuntu 0.0.0): Executed 305 of 306 SUCCESS (0 secs / 3.46 secs)
2023-11-20T02:20:32.3643019Z [1A[2K[1A[2KFirefox 119.0 (Ubuntu 0.0.0) xsrf should set xsrf header for cross origin when using withCredentials FAILED
2023-11-20T02:20:32.3643910Z 	Expected undefined to equal '12345'.
2023-11-20T02:20:32.3644634Z 	@test/specs/xsrf.spec.js:78:69 <- test/specs/xsrf.spec.js:1279:71
2023-11-20T02:20:32.3645536Z Chrome Headless 118.0.5993.117 (Linux x86_64): Executed 306 of 306 (1 FAILED) (3.677 secs / 3.629 secs)
2023-11-20T02:20:32.3646536Z Firefox 119.0 (Ubuntu 0.0.0): Executed 306 of 306 (1 FAILED) (0 secs / 3.46 secs)
2023-11-20T02:20:32.3647725Z [1A[2K[1A[2KChrome Headless 118.0.5993.117 (Linux x86_64): Executed 306 of 306 (1 FAILED) (3.677 secs / 3.629 secs)
2023-11-20T02:20:32.3648725Z Firefox 119.0 (Ubuntu 0.0.0): Executed 306 of 306 (1 FAILED) (3.491 secs / 3.46 secs)
2023-11-20T02:20:32.3649425Z TOTAL: 2 FAILED, 610 SUCCESS
2023-11-20T02:20:32.4656140Z ##[error]The operation was canceled.
2023-11-20T02:20:32.4744382Z Post job cleanup.
2023-11-20T02:20:32.5620058Z [command]/usr/bin/git version
2023-11-20T02:20:32.5663684Z git version 2.42.0
2023-11-20T02:20:32.5701832Z Temporarily overriding HOME='/home/runner/work/_temp/892e9a97-236d-4511-8e8f-5fb88a925489' before making global git config changes
2023-11-20T02:20:32.5703441Z Adding repository directory to the temporary git global config as a safe directory
2023-11-20T02:20:32.5707726Z [command]/usr/bin/git config --global --add safe.directory /home/runner/work/axios-microprint-example/axios-microprint-example
2023-11-20T02:20:32.5747879Z [command]/usr/bin/git config --local --name-only --get-regexp core\.sshCommand
2023-11-20T02:20:32.5785489Z [command]/usr/bin/git submodule foreach --recursive sh -c "git config --local --name-only --get-regexp 'core\.sshCommand' && git config --local --unset-all 'core.sshCommand' || :"
2023-11-20T02:20:32.6035411Z [command]/usr/bin/git config --local --name-only --get-regexp http\.https\:\/\/github\.com\/\.extraheader
2023-11-20T02:20:32.6077608Z [command]/usr/bin/git submodule foreach --recursive sh -c "git config --local --name-only --get-regexp 'http\.https\:\/\/github\.com\/\.extraheader' && git config --local --unset-all 'http.https://github.com/.extraheader' || :"
2023-11-20T02:20:32.6560669Z Cleaning up orphan processes
