2023-11-20T03:24:44.2593598Z Requested labels: ubuntu-latest
2023-11-20T03:24:44.2593949Z Job defined at: AlphaSteam/axios-microprint-example/.github/workflows/ci.yml@refs/heads/microprint_test
2023-11-20T03:24:44.2594054Z Waiting for a runner to pick up this job...
2023-11-20T03:24:45.6444075Z Job is waiting for a hosted runner to come online.
2023-11-20T03:24:48.5069490Z Job is about to start running on the hosted runner: GitHub Actions 6 (hosted)
2023-11-20T03:24:51.0807109Z Current runner version: '2.311.0'
2023-11-20T03:24:51.0833362Z ##[group]Operating System
2023-11-20T03:24:51.0833979Z Ubuntu
2023-11-20T03:24:51.0834441Z 22.04.3
2023-11-20T03:24:51.0834784Z LTS
2023-11-20T03:24:51.0835078Z ##[endgroup]
2023-11-20T03:24:51.0835526Z ##[group]Runner Image
2023-11-20T03:24:51.0835985Z Image: ubuntu-22.04
2023-11-20T03:24:51.0836340Z Version: 20231030.2.0
2023-11-20T03:24:51.0837441Z Included Software: https://github.com/actions/runner-images/blob/ubuntu22/20231030.2/images/linux/Ubuntu2204-Readme.md
2023-11-20T03:24:51.0838929Z Image Release: https://github.com/actions/runner-images/releases/tag/ubuntu22%2F20231030.2
2023-11-20T03:24:51.0839776Z ##[endgroup]
2023-11-20T03:24:51.0840268Z ##[group]Runner Image Provisioner
2023-11-20T03:24:51.0840754Z 2.0.312.1
2023-11-20T03:24:51.0841051Z ##[endgroup]
2023-11-20T03:24:51.0842012Z ##[group]GITHUB_TOKEN Permissions
2023-11-20T03:24:51.0843545Z Contents: read
2023-11-20T03:24:51.0844093Z Metadata: read
2023-11-20T03:24:51.0844668Z ##[endgroup]
2023-11-20T03:24:51.0847924Z Secret source: Actions
2023-11-20T03:24:51.0848518Z Prepare workflow directory
2023-11-20T03:24:51.1476997Z Prepare all required actions
2023-11-20T03:24:51.1635910Z Getting action download info
2023-11-20T03:24:51.3224148Z Download action repository 'actions/checkout@v3' (SHA:f43a0e5ff2bd294095638e18286ca9a3d1956744)
2023-11-20T03:24:51.4526972Z Download action repository 'actions/setup-node@v3' (SHA:1a4442cacd436585916779262731d5b162bc6ec7)
2023-11-20T03:24:51.7140682Z Complete job name: build (18.x)
2023-11-20T03:24:51.8201333Z ##[group]Run actions/checkout@v3
2023-11-20T03:24:51.8201951Z with:
2023-11-20T03:24:51.8202423Z   persist-credentials: false
2023-11-20T03:24:51.8203017Z   repository: AlphaSteam/axios-microprint-example
2023-11-20T03:24:51.8203840Z   token: ***
2023-11-20T03:24:51.8204284Z   ssh-strict: true
2023-11-20T03:24:51.8204671Z   clean: true
2023-11-20T03:24:51.8205084Z   sparse-checkout-cone-mode: true
2023-11-20T03:24:51.8205648Z   fetch-depth: 1
2023-11-20T03:24:51.8206060Z   fetch-tags: false
2023-11-20T03:24:51.8206436Z   lfs: false
2023-11-20T03:24:51.8206837Z   submodules: false
2023-11-20T03:24:51.8207256Z   set-safe-directory: true
2023-11-20T03:24:51.8207694Z ##[endgroup]
2023-11-20T03:24:52.0169116Z Syncing repository: AlphaSteam/axios-microprint-example
2023-11-20T03:24:52.0172540Z ##[group]Getting Git version info
2023-11-20T03:24:52.0174417Z Working directory is '/home/runner/work/axios-microprint-example/axios-microprint-example'
2023-11-20T03:24:52.0177363Z [command]/usr/bin/git version
2023-11-20T03:24:52.0178502Z git version 2.42.0
2023-11-20T03:24:52.0182131Z ##[endgroup]
2023-11-20T03:24:52.0200684Z Temporarily overriding HOME='/home/runner/work/_temp/7f409cf6-a9a0-4b59-a63a-115c68e0fa12' before making global git config changes
2023-11-20T03:24:52.0203613Z Adding repository directory to the temporary git global config as a safe directory
2023-11-20T03:24:52.0206573Z [command]/usr/bin/git config --global --add safe.directory /home/runner/work/axios-microprint-example/axios-microprint-example
2023-11-20T03:24:52.0257545Z Deleting the contents of '/home/runner/work/axios-microprint-example/axios-microprint-example'
2023-11-20T03:24:52.0265353Z ##[group]Initializing the repository
2023-11-20T03:24:52.0271008Z [command]/usr/bin/git init /home/runner/work/axios-microprint-example/axios-microprint-example
2023-11-20T03:24:52.0358304Z hint: Using 'master' as the name for the initial branch. This default branch name
2023-11-20T03:24:52.0360421Z hint: is subject to change. To configure the initial branch name to use in all
2023-11-20T03:24:52.0362384Z hint: of your new repositories, which will suppress this warning, call:
2023-11-20T03:24:52.0363613Z hint: 
2023-11-20T03:24:52.0364268Z hint: 	git config --global init.defaultBranch <name>
2023-11-20T03:24:52.0364907Z hint: 
2023-11-20T03:24:52.0365733Z hint: Names commonly chosen instead of 'master' are 'main', 'trunk' and
2023-11-20T03:24:52.0367690Z hint: 'development'. The just-created branch can be renamed via this command:
2023-11-20T03:24:52.0370034Z hint: 
2023-11-20T03:24:52.0370963Z hint: 	git branch -m <name>
2023-11-20T03:24:52.0374861Z Initialized empty Git repository in /home/runner/work/axios-microprint-example/axios-microprint-example/.git/
2023-11-20T03:24:52.0384019Z [command]/usr/bin/git remote add origin https://github.com/AlphaSteam/axios-microprint-example
2023-11-20T03:24:52.0441463Z ##[endgroup]
2023-11-20T03:24:52.0443539Z ##[group]Disabling automatic garbage collection
2023-11-20T03:24:52.0445456Z [command]/usr/bin/git config --local gc.auto 0
2023-11-20T03:24:52.0486280Z ##[endgroup]
2023-11-20T03:24:52.0487081Z ##[group]Setting up auth
2023-11-20T03:24:52.0493974Z [command]/usr/bin/git config --local --name-only --get-regexp core\.sshCommand
2023-11-20T03:24:52.0536143Z [command]/usr/bin/git submodule foreach --recursive sh -c "git config --local --name-only --get-regexp 'core\.sshCommand' && git config --local --unset-all 'core.sshCommand' || :"
2023-11-20T03:24:52.0879702Z [command]/usr/bin/git config --local --name-only --get-regexp http\.https\:\/\/github\.com\/\.extraheader
2023-11-20T03:24:52.0918014Z [command]/usr/bin/git submodule foreach --recursive sh -c "git config --local --name-only --get-regexp 'http\.https\:\/\/github\.com\/\.extraheader' && git config --local --unset-all 'http.https://github.com/.extraheader' || :"
2023-11-20T03:24:52.1167839Z [command]/usr/bin/git config --local http.https://github.com/.extraheader AUTHORIZATION: basic ***
2023-11-20T03:24:52.1213893Z ##[endgroup]
2023-11-20T03:24:52.1215159Z ##[group]Fetching the repository
2023-11-20T03:24:52.1223346Z [command]/usr/bin/git -c protocol.version=2 fetch --no-tags --prune --progress --no-recurse-submodules --depth=1 origin +4ad85e8d7fd7c963a929e01e5e11ab41d19c86db:refs/remotes/origin/microprint_test
2023-11-20T03:24:52.3102685Z remote: Enumerating objects: 292, done.        
2023-11-20T03:24:52.3103775Z remote: Counting objects:   0% (1/292)        
2023-11-20T03:24:52.3104955Z remote: Counting objects:   1% (3/292)        
2023-11-20T03:24:52.3106116Z remote: Counting objects:   2% (6/292)        
2023-11-20T03:24:52.3107322Z remote: Counting objects:   3% (9/292)        
2023-11-20T03:24:52.3108401Z remote: Counting objects:   4% (12/292)        
2023-11-20T03:24:52.3109179Z remote: Counting objects:   5% (15/292)        
2023-11-20T03:24:52.3110392Z remote: Counting objects:   6% (18/292)        
2023-11-20T03:24:52.3111682Z remote: Counting objects:   7% (21/292)        
2023-11-20T03:24:52.3112817Z remote: Counting objects:   8% (24/292)        
2023-11-20T03:24:52.3114069Z remote: Counting objects:   9% (27/292)        
2023-11-20T03:24:52.3115135Z remote: Counting objects:  10% (30/292)        
2023-11-20T03:24:52.3116308Z remote: Counting objects:  11% (33/292)        
2023-11-20T03:24:52.3117458Z remote: Counting objects:  12% (36/292)        
2023-11-20T03:24:52.3118537Z remote: Counting objects:  13% (38/292)        
2023-11-20T03:24:52.3119749Z remote: Counting objects:  14% (41/292)        
2023-11-20T03:24:52.3120891Z remote: Counting objects:  15% (44/292)        
2023-11-20T03:24:52.3121559Z remote: Counting objects:  16% (47/292)        
2023-11-20T03:24:52.3122798Z remote: Counting objects:  17% (50/292)        
2023-11-20T03:24:52.3124057Z remote: Counting objects:  18% (53/292)        
2023-11-20T03:24:52.3125167Z remote: Counting objects:  19% (56/292)        
2023-11-20T03:24:52.3126292Z remote: Counting objects:  20% (59/292)        
2023-11-20T03:24:52.3127119Z remote: Counting objects:  21% (62/292)        
2023-11-20T03:24:52.3128252Z remote: Counting objects:  22% (65/292)        
2023-11-20T03:24:52.3129426Z remote: Counting objects:  23% (68/292)        
2023-11-20T03:24:52.3130574Z remote: Counting objects:  24% (71/292)        
2023-11-20T03:24:52.3131619Z remote: Counting objects:  25% (73/292)        
2023-11-20T03:24:52.3132474Z remote: Counting objects:  26% (76/292)        
2023-11-20T03:24:52.3133533Z remote: Counting objects:  27% (79/292)        
2023-11-20T03:24:52.3134991Z remote: Counting objects:  28% (82/292)        
2023-11-20T03:24:52.3136214Z remote: Counting objects:  29% (85/292)        
2023-11-20T03:24:52.3137182Z remote: Counting objects:  30% (88/292)        
2023-11-20T03:24:52.3138039Z remote: Counting objects:  31% (91/292)        
2023-11-20T03:24:52.3139500Z remote: Counting objects:  32% (94/292)        
2023-11-20T03:24:52.3140550Z remote: Counting objects:  33% (97/292)        
2023-11-20T03:24:52.3141635Z remote: Counting objects:  34% (100/292)        
2023-11-20T03:24:52.3142722Z remote: Counting objects:  35% (103/292)        
2023-11-20T03:24:52.3143823Z remote: Counting objects:  36% (106/292)        
2023-11-20T03:24:52.3144945Z remote: Counting objects:  37% (109/292)        
2023-11-20T03:24:52.3146163Z remote: Counting objects:  38% (111/292)        
2023-11-20T03:24:52.3147275Z remote: Counting objects:  39% (114/292)        
2023-11-20T03:24:52.3148124Z remote: Counting objects:  40% (117/292)        
2023-11-20T03:24:52.3149388Z remote: Counting objects:  41% (120/292)        
2023-11-20T03:24:52.3150499Z remote: Counting objects:  42% (123/292)        
2023-11-20T03:24:52.3151791Z remote: Counting objects:  43% (126/292)        
2023-11-20T03:24:52.3152935Z remote: Counting objects:  44% (129/292)        
2023-11-20T03:24:52.3153904Z remote: Counting objects:  45% (132/292)        
2023-11-20T03:24:52.3154990Z remote: Counting objects:  46% (135/292)        
2023-11-20T03:24:52.3156249Z remote: Counting objects:  47% (138/292)        
2023-11-20T03:24:52.3157630Z remote: Counting objects:  48% (141/292)        
2023-11-20T03:24:52.3158483Z remote: Counting objects:  49% (144/292)        
2023-11-20T03:24:52.3159749Z remote: Counting objects:  50% (146/292)        
2023-11-20T03:24:52.3160882Z remote: Counting objects:  51% (149/292)        
2023-11-20T03:24:52.3161944Z remote: Counting objects:  52% (152/292)        
2023-11-20T03:24:52.3163129Z remote: Counting objects:  53% (155/292)        
2023-11-20T03:24:52.3164023Z remote: Counting objects:  54% (158/292)        
2023-11-20T03:24:52.3165114Z remote: Counting objects:  55% (161/292)        
2023-11-20T03:24:52.3166340Z remote: Counting objects:  56% (164/292)        
2023-11-20T03:24:52.3167459Z remote: Counting objects:  57% (167/292)        
2023-11-20T03:24:52.3168416Z remote: Counting objects:  58% (170/292)        
2023-11-20T03:24:52.3169562Z remote: Counting objects:  59% (173/292)        
2023-11-20T03:24:52.3170667Z remote: Counting objects:  60% (176/292)        
2023-11-20T03:24:52.3171933Z remote: Counting objects:  61% (179/292)        
2023-11-20T03:24:52.3173019Z remote: Counting objects:  62% (182/292)        
2023-11-20T03:24:52.3173865Z remote: Counting objects:  63% (184/292)        
2023-11-20T03:24:52.3175097Z remote: Counting objects:  64% (187/292)        
2023-11-20T03:24:52.3176205Z remote: Counting objects:  65% (190/292)        
2023-11-20T03:24:52.3177310Z remote: Counting objects:  66% (193/292)        
2023-11-20T03:24:52.3178542Z remote: Counting objects:  67% (196/292)        
2023-11-20T03:24:52.3179491Z remote: Counting objects:  68% (199/292)        
2023-11-20T03:24:52.3180619Z remote: Counting objects:  69% (202/292)        
2023-11-20T03:24:52.3181902Z remote: Counting objects:  70% (205/292)        
2023-11-20T03:24:52.3182978Z remote: Counting objects:  71% (208/292)        
2023-11-20T03:24:52.3183936Z remote: Counting objects:  72% (211/292)        
2023-11-20T03:24:52.3185099Z remote: Counting objects:  73% (214/292)        
2023-11-20T03:24:52.3186192Z remote: Counting objects:  74% (217/292)        
2023-11-20T03:24:52.3187298Z remote: Counting objects:  75% (219/292)        
2023-11-20T03:24:52.3188516Z remote: Counting objects:  76% (222/292)        
2023-11-20T03:24:52.3189339Z remote: Counting objects:  77% (225/292)        
2023-11-20T03:24:52.3190472Z remote: Counting objects:  78% (228/292)        
2023-11-20T03:24:52.3191949Z remote: Counting objects:  79% (231/292)        
2023-11-20T03:24:52.3193026Z remote: Counting objects:  80% (234/292)        
2023-11-20T03:24:52.3194315Z remote: Counting objects:  81% (237/292)        
2023-11-20T03:24:52.3195405Z remote: Counting objects:  82% (240/292)        
2023-11-20T03:24:52.3196519Z remote: Counting objects:  83% (243/292)        
2023-11-20T03:24:52.3197661Z remote: Counting objects:  84% (246/292)        
2023-11-20T03:24:52.3198867Z remote: Counting objects:  85% (249/292)        
2023-11-20T03:24:52.3199976Z remote: Counting objects:  86% (252/292)        
2023-11-20T03:24:52.3200898Z remote: Counting objects:  87% (255/292)        
2023-11-20T03:24:52.3201802Z remote: Counting objects:  88% (257/292)        
2023-11-20T03:24:52.3202950Z remote: Counting objects:  89% (260/292)        
2023-11-20T03:24:52.3204041Z remote: Counting objects:  90% (263/292)        
2023-11-20T03:24:52.3205254Z remote: Counting objects:  91% (266/292)        
2023-11-20T03:24:52.3206318Z remote: Counting objects:  92% (269/292)        
2023-11-20T03:24:52.3207165Z remote: Counting objects:  93% (272/292)        
2023-11-20T03:24:52.3208394Z remote: Counting objects:  94% (275/292)        
2023-11-20T03:24:52.3209521Z remote: Counting objects:  95% (278/292)        
2023-11-20T03:24:52.3210632Z remote: Counting objects:  96% (281/292)        
2023-11-20T03:24:52.3211687Z remote: Counting objects:  97% (284/292)        
2023-11-20T03:24:52.3212665Z remote: Counting objects:  98% (287/292)        
2023-11-20T03:24:52.3213775Z remote: Counting objects:  99% (290/292)        
2023-11-20T03:24:52.3214953Z remote: Counting objects: 100% (292/292)        
2023-11-20T03:24:52.3216381Z remote: Counting objects: 100% (292/292), done.        
2023-11-20T03:24:52.3217653Z remote: Compressing objects:   0% (1/269)        
2023-11-20T03:24:52.3218610Z remote: Compressing objects:   1% (3/269)        
2023-11-20T03:24:52.3219815Z remote: Compressing objects:   2% (6/269)        
2023-11-20T03:24:52.3223607Z remote: Compressing objects:   3% (9/269)        
2023-11-20T03:24:52.3305905Z remote: Compressing objects:   4% (11/269)        
2023-11-20T03:24:52.3312528Z remote: Compressing objects:   5% (14/269)        
2023-11-20T03:24:52.3316197Z remote: Compressing objects:   6% (17/269)        
2023-11-20T03:24:52.3317623Z remote: Compressing objects:   7% (19/269)        
2023-11-20T03:24:52.3320832Z remote: Compressing objects:   8% (22/269)        
2023-11-20T03:24:52.3321817Z remote: Compressing objects:   9% (25/269)        
2023-11-20T03:24:52.3323269Z remote: Compressing objects:  10% (27/269)        
2023-11-20T03:24:52.3324455Z remote: Compressing objects:  11% (30/269)        
2023-11-20T03:24:52.3325692Z remote: Compressing objects:  12% (33/269)        
2023-11-20T03:24:52.3326971Z remote: Compressing objects:  13% (35/269)        
2023-11-20T03:24:52.3328090Z remote: Compressing objects:  14% (38/269)        
2023-11-20T03:24:52.3332504Z remote: Compressing objects:  15% (41/269)        
2023-11-20T03:24:52.3333409Z remote: Compressing objects:  16% (44/269)        
2023-11-20T03:24:52.3338715Z remote: Compressing objects:  17% (46/269)        
2023-11-20T03:24:52.3353076Z remote: Compressing objects:  18% (49/269)        
2023-11-20T03:24:52.3354590Z remote: Compressing objects:  19% (52/269)        
2023-11-20T03:24:52.3358171Z remote: Compressing objects:  20% (54/269)        
2023-11-20T03:24:52.3367070Z remote: Compressing objects:  21% (57/269)        
2023-11-20T03:24:52.3378320Z remote: Compressing objects:  22% (60/269)        
2023-11-20T03:24:52.3379486Z remote: Compressing objects:  23% (62/269)        
2023-11-20T03:24:52.3390681Z remote: Compressing objects:  24% (65/269)        
2023-11-20T03:24:52.3391999Z remote: Compressing objects:  25% (68/269)        
2023-11-20T03:24:52.3392811Z remote: Compressing objects:  26% (70/269)        
2023-11-20T03:24:52.3393615Z remote: Compressing objects:  27% (73/269)        
2023-11-20T03:24:52.3394345Z remote: Compressing objects:  28% (76/269)        
2023-11-20T03:24:52.3395042Z remote: Compressing objects:  29% (79/269)        
2023-11-20T03:24:52.3401319Z remote: Compressing objects:  30% (81/269)        
2023-11-20T03:24:52.3402915Z remote: Compressing objects:  31% (84/269)        
2023-11-20T03:24:52.3425156Z remote: Compressing objects:  32% (87/269)        
2023-11-20T03:24:52.3426868Z remote: Compressing objects:  33% (89/269)        
2023-11-20T03:24:52.3428110Z remote: Compressing objects:  34% (92/269)        
2023-11-20T03:24:52.3429550Z remote: Compressing objects:  35% (95/269)        
2023-11-20T03:24:52.3431401Z remote: Compressing objects:  36% (97/269)        
2023-11-20T03:24:52.3432994Z remote: Compressing objects:  37% (100/269)        
2023-11-20T03:24:52.3434592Z remote: Compressing objects:  38% (103/269)        
2023-11-20T03:24:52.3435763Z remote: Compressing objects:  39% (105/269)        
2023-11-20T03:24:52.3436533Z remote: Compressing objects:  40% (108/269)        
2023-11-20T03:24:52.3437418Z remote: Compressing objects:  41% (111/269)        
2023-11-20T03:24:52.3438628Z remote: Compressing objects:  42% (113/269)        
2023-11-20T03:24:52.3439719Z remote: Compressing objects:  43% (116/269)        
2023-11-20T03:24:52.3440932Z remote: Compressing objects:  44% (119/269)        
2023-11-20T03:24:52.3442256Z remote: Compressing objects:  45% (122/269)        
2023-11-20T03:24:52.3443522Z remote: Compressing objects:  46% (124/269)        
2023-11-20T03:24:52.3444868Z remote: Compressing objects:  47% (127/269)        
2023-11-20T03:24:52.3446181Z remote: Compressing objects:  48% (130/269)        
2023-11-20T03:24:52.3447415Z remote: Compressing objects:  49% (132/269)        
2023-11-20T03:24:52.3450896Z remote: Compressing objects:  50% (135/269)        
2023-11-20T03:24:52.3452685Z remote: Compressing objects:  51% (138/269)        
2023-11-20T03:24:52.3456218Z remote: Compressing objects:  52% (140/269)        
2023-11-20T03:24:52.3461135Z remote: Compressing objects:  53% (143/269)        
2023-11-20T03:24:52.3463224Z remote: Compressing objects:  54% (146/269)        
2023-11-20T03:24:52.3464754Z remote: Compressing objects:  55% (148/269)        
2023-11-20T03:24:52.3469056Z remote: Compressing objects:  56% (151/269)        
2023-11-20T03:24:52.3470492Z remote: Compressing objects:  57% (154/269)        
2023-11-20T03:24:52.3472169Z remote: Compressing objects:  58% (157/269)        
2023-11-20T03:24:52.3473580Z remote: Compressing objects:  59% (159/269)        
2023-11-20T03:24:52.3476015Z remote: Compressing objects:  60% (162/269)        
2023-11-20T03:24:52.3477316Z remote: Compressing objects:  61% (165/269)        
2023-11-20T03:24:52.3480657Z remote: Compressing objects:  62% (167/269)        
2023-11-20T03:24:52.3481862Z remote: Compressing objects:  63% (170/269)        
2023-11-20T03:24:52.3528407Z remote: Compressing objects:  64% (173/269)        
2023-11-20T03:24:52.3636559Z remote: Compressing objects:  65% (175/269)        
2023-11-20T03:24:52.3683241Z remote: Compressing objects:  66% (178/269)        
2023-11-20T03:24:52.3684492Z remote: Compressing objects:  67% (181/269)        
2023-11-20T03:24:52.3687656Z remote: Compressing objects:  68% (183/269)        
2023-11-20T03:24:52.3688505Z remote: Compressing objects:  69% (186/269)        
2023-11-20T03:24:52.3689264Z remote: Compressing objects:  70% (189/269)        
2023-11-20T03:24:52.3690059Z remote: Compressing objects:  71% (191/269)        
2023-11-20T03:24:52.3842556Z remote: Compressing objects:  72% (194/269)        
2023-11-20T03:24:52.3912614Z remote: Compressing objects:  73% (197/269)        
2023-11-20T03:24:52.3913873Z remote: Compressing objects:  74% (200/269)        
2023-11-20T03:24:52.3971560Z remote: Compressing objects:  75% (202/269)        
2023-11-20T03:24:52.3976867Z remote: Compressing objects:  76% (205/269)        
2023-11-20T03:24:52.3978443Z remote: Compressing objects:  77% (208/269)        
2023-11-20T03:24:52.3979650Z remote: Compressing objects:  78% (210/269)        
2023-11-20T03:24:52.3992911Z remote: Compressing objects:  79% (213/269)        
2023-11-20T03:24:52.3994739Z remote: Compressing objects:  80% (216/269)        
2023-11-20T03:24:52.3996431Z remote: Compressing objects:  81% (218/269)        
2023-11-20T03:24:52.3997723Z remote: Compressing objects:  82% (221/269)        
2023-11-20T03:24:52.3999043Z remote: Compressing objects:  83% (224/269)        
2023-11-20T03:24:52.4000357Z remote: Compressing objects:  84% (226/269)        
2023-11-20T03:24:52.4001107Z remote: Compressing objects:  85% (229/269)        
2023-11-20T03:24:52.4001968Z remote: Compressing objects:  86% (232/269)        
2023-11-20T03:24:52.4002779Z remote: Compressing objects:  87% (235/269)        
2023-11-20T03:24:52.4003468Z remote: Compressing objects:  88% (237/269)        
2023-11-20T03:24:52.4004271Z remote: Compressing objects:  89% (240/269)        
2023-11-20T03:24:52.4005014Z remote: Compressing objects:  90% (243/269)        
2023-11-20T03:24:52.4005825Z remote: Compressing objects:  91% (245/269)        
2023-11-20T03:24:52.4006525Z remote: Compressing objects:  92% (248/269)        
2023-11-20T03:24:52.4007256Z remote: Compressing objects:  93% (251/269)        
2023-11-20T03:24:52.4008123Z remote: Compressing objects:  94% (253/269)        
2023-11-20T03:24:52.4008884Z remote: Compressing objects:  95% (256/269)        
2023-11-20T03:24:52.4010159Z remote: Compressing objects:  96% (259/269)        
2023-11-20T03:24:52.4011464Z remote: Compressing objects:  97% (261/269)        
2023-11-20T03:24:52.4012655Z remote: Compressing objects:  98% (264/269)        
2023-11-20T03:24:52.4013625Z remote: Compressing objects:  99% (267/269)        
2023-11-20T03:24:52.4014702Z remote: Compressing objects: 100% (269/269)        
2023-11-20T03:24:52.4015507Z remote: Compressing objects: 100% (269/269), done.        
2023-11-20T03:24:52.4040369Z Receiving objects:   0% (1/292)
2023-11-20T03:24:52.4042001Z Receiving objects:   1% (3/292)
2023-11-20T03:24:52.4043556Z Receiving objects:   2% (6/292)
2023-11-20T03:24:52.4044415Z Receiving objects:   3% (9/292)
2023-11-20T03:24:52.4045539Z Receiving objects:   4% (12/292)
2023-11-20T03:24:52.4046360Z Receiving objects:   5% (15/292)
2023-11-20T03:24:52.4046908Z Receiving objects:   6% (18/292)
2023-11-20T03:24:52.4047562Z Receiving objects:   7% (21/292)
2023-11-20T03:24:52.4050207Z Receiving objects:   8% (24/292)
2023-11-20T03:24:52.4059047Z Receiving objects:   9% (27/292)
2023-11-20T03:24:52.4077490Z Receiving objects:  10% (30/292)
2023-11-20T03:24:52.4078529Z Receiving objects:  11% (33/292)
2023-11-20T03:24:52.4079443Z Receiving objects:  12% (36/292)
2023-11-20T03:24:52.4080225Z Receiving objects:  13% (38/292)
2023-11-20T03:24:52.4105515Z Receiving objects:  14% (41/292)
2023-11-20T03:24:52.4318327Z Receiving objects:  15% (44/292)
2023-11-20T03:24:52.4375296Z Receiving objects:  16% (47/292)
2023-11-20T03:24:52.4422181Z Receiving objects:  17% (50/292)
2023-11-20T03:24:52.4485705Z Receiving objects:  18% (53/292)
2023-11-20T03:24:52.4570289Z Receiving objects:  19% (56/292)
2023-11-20T03:24:52.4571664Z Receiving objects:  20% (59/292)
2023-11-20T03:24:52.4572910Z Receiving objects:  21% (62/292)
2023-11-20T03:24:52.4574436Z Receiving objects:  22% (65/292)
2023-11-20T03:24:52.4575426Z Receiving objects:  23% (68/292)
2023-11-20T03:24:52.4576165Z Receiving objects:  24% (71/292)
2023-11-20T03:24:52.4577425Z Receiving objects:  25% (73/292)
2023-11-20T03:24:52.4578326Z Receiving objects:  26% (76/292)
2023-11-20T03:24:52.4579247Z Receiving objects:  27% (79/292)
2023-11-20T03:24:52.4580166Z Receiving objects:  28% (82/292)
2023-11-20T03:24:52.4580750Z Receiving objects:  29% (85/292)
2023-11-20T03:24:52.4592448Z Receiving objects:  30% (88/292)
2023-11-20T03:24:52.4593456Z Receiving objects:  31% (91/292)
2023-11-20T03:24:52.4594362Z Receiving objects:  32% (94/292)
2023-11-20T03:24:52.4595384Z Receiving objects:  33% (97/292)
2023-11-20T03:24:52.4596372Z Receiving objects:  34% (100/292)
2023-11-20T03:24:52.4597456Z Receiving objects:  35% (103/292)
2023-11-20T03:24:52.4598344Z Receiving objects:  36% (106/292)
2023-11-20T03:24:52.4599333Z Receiving objects:  37% (109/292)
2023-11-20T03:24:52.4600122Z Receiving objects:  38% (111/292)
2023-11-20T03:24:52.4601430Z Receiving objects:  39% (114/292)
2023-11-20T03:24:52.4602273Z Receiving objects:  40% (117/292)
2023-11-20T03:24:52.4632084Z Receiving objects:  41% (120/292)
2023-11-20T03:24:52.4633477Z Receiving objects:  42% (123/292)
2023-11-20T03:24:52.4635140Z Receiving objects:  43% (126/292)
2023-11-20T03:24:52.4636392Z Receiving objects:  44% (129/292)
2023-11-20T03:24:52.4637622Z Receiving objects:  45% (132/292)
2023-11-20T03:24:52.4638843Z Receiving objects:  46% (135/292)
2023-11-20T03:24:52.4639902Z Receiving objects:  47% (138/292)
2023-11-20T03:24:52.4640478Z Receiving objects:  48% (141/292)
2023-11-20T03:24:52.4641167Z Receiving objects:  49% (144/292)
2023-11-20T03:24:52.4641726Z Receiving objects:  50% (146/292)
2023-11-20T03:24:52.4642238Z Receiving objects:  51% (149/292)
2023-11-20T03:24:52.4642901Z Receiving objects:  52% (152/292)
2023-11-20T03:24:52.4643438Z Receiving objects:  53% (155/292)
2023-11-20T03:24:52.4675302Z Receiving objects:  54% (158/292)
2023-11-20T03:24:52.4860877Z Receiving objects:  55% (161/292)
2023-11-20T03:24:52.5000574Z Receiving objects:  56% (164/292)
2023-11-20T03:24:52.5687678Z Receiving objects:  57% (167/292)
2023-11-20T03:24:52.5688640Z Receiving objects:  58% (170/292)
2023-11-20T03:24:52.5864771Z Receiving objects:  59% (173/292)
2023-11-20T03:24:52.5866158Z Receiving objects:  60% (176/292)
2023-11-20T03:24:52.5866754Z Receiving objects:  61% (179/292)
2023-11-20T03:24:52.5867200Z Receiving objects:  62% (182/292)
2023-11-20T03:24:52.5868132Z Receiving objects:  63% (184/292)
2023-11-20T03:24:52.5868708Z Receiving objects:  64% (187/292)
2023-11-20T03:24:52.5869433Z Receiving objects:  65% (190/292)
2023-11-20T03:24:52.5869872Z Receiving objects:  66% (193/292)
2023-11-20T03:24:52.5870347Z Receiving objects:  67% (196/292)
2023-11-20T03:24:52.5871378Z Receiving objects:  68% (199/292)
2023-11-20T03:24:52.5873382Z Receiving objects:  69% (202/292)
2023-11-20T03:24:52.5874235Z Receiving objects:  70% (205/292)
2023-11-20T03:24:52.5875113Z Receiving objects:  71% (208/292)
2023-11-20T03:24:52.5875788Z Receiving objects:  72% (211/292)
2023-11-20T03:24:52.5876577Z Receiving objects:  73% (214/292)
2023-11-20T03:24:52.5877255Z Receiving objects:  74% (217/292)
2023-11-20T03:24:52.5878101Z Receiving objects:  75% (219/292)
2023-11-20T03:24:52.5882925Z Receiving objects:  76% (222/292)
2023-11-20T03:24:52.5883679Z Receiving objects:  77% (225/292)
2023-11-20T03:24:52.5884360Z Receiving objects:  78% (228/292)
2023-11-20T03:24:52.5885228Z Receiving objects:  79% (231/292)
2023-11-20T03:24:52.5885842Z Receiving objects:  80% (234/292)
2023-11-20T03:24:52.5887066Z remote: Total 292 (delta 40), reused 108 (delta 9), pack-reused 0        
2023-11-20T03:24:52.5890331Z Receiving objects:  81% (237/292)
2023-11-20T03:24:52.5891069Z Receiving objects:  82% (240/292)
2023-11-20T03:24:52.5891743Z Receiving objects:  83% (243/292)
2023-11-20T03:24:52.5892594Z Receiving objects:  84% (246/292)
2023-11-20T03:24:52.5893260Z Receiving objects:  85% (249/292)
2023-11-20T03:24:52.5893925Z Receiving objects:  86% (252/292)
2023-11-20T03:24:52.5894684Z Receiving objects:  87% (255/292)
2023-11-20T03:24:52.5896759Z Receiving objects:  88% (257/292)
2023-11-20T03:24:52.5897466Z Receiving objects:  89% (260/292)
2023-11-20T03:24:52.5898246Z Receiving objects:  90% (263/292)
2023-11-20T03:24:52.5898902Z Receiving objects:  91% (266/292)
2023-11-20T03:24:52.5899557Z Receiving objects:  92% (269/292)
2023-11-20T03:24:52.5900343Z Receiving objects:  93% (272/292)
2023-11-20T03:24:52.5904233Z Receiving objects:  94% (275/292)
2023-11-20T03:24:52.5905109Z Receiving objects:  95% (278/292)
2023-11-20T03:24:52.5905891Z Receiving objects:  96% (281/292)
2023-11-20T03:24:52.5906637Z Receiving objects:  97% (284/292)
2023-11-20T03:24:52.5907439Z Receiving objects:  98% (287/292)
2023-11-20T03:24:52.5908203Z Receiving objects:  99% (290/292)
2023-11-20T03:24:52.5908940Z Receiving objects: 100% (292/292)
2023-11-20T03:24:52.5909932Z Receiving objects: 100% (292/292), 952.08 KiB | 4.98 MiB/s, done.
2023-11-20T03:24:52.5911349Z Resolving deltas:   0% (0/40)
2023-11-20T03:24:52.5911979Z Resolving deltas:   2% (1/40)
2023-11-20T03:24:52.5912654Z Resolving deltas:   5% (2/40)
2023-11-20T03:24:52.5931563Z Resolving deltas:   7% (3/40)
2023-11-20T03:24:52.5932231Z Resolving deltas:  10% (4/40)
2023-11-20T03:24:52.5933024Z Resolving deltas:  12% (5/40)
2023-11-20T03:24:52.5933595Z Resolving deltas:  15% (6/40)
2023-11-20T03:24:52.5942272Z Resolving deltas:  17% (7/40)
2023-11-20T03:24:52.5942878Z Resolving deltas:  20% (8/40)
2023-11-20T03:24:52.5943263Z Resolving deltas:  22% (9/40)
2023-11-20T03:24:52.5943684Z Resolving deltas:  25% (10/40)
2023-11-20T03:24:52.5944152Z Resolving deltas:  27% (11/40)
2023-11-20T03:24:52.5944623Z Resolving deltas:  30% (12/40)
2023-11-20T03:24:52.5948549Z Resolving deltas:  32% (13/40)
2023-11-20T03:24:52.5949350Z Resolving deltas:  37% (15/40)
2023-11-20T03:24:52.5957110Z Resolving deltas:  40% (16/40)
2023-11-20T03:24:52.5968550Z Resolving deltas:  42% (17/40)
2023-11-20T03:24:52.5974793Z Resolving deltas:  47% (19/40)
2023-11-20T03:24:52.5975442Z Resolving deltas:  50% (20/40)
2023-11-20T03:24:52.5978932Z Resolving deltas:  52% (21/40)
2023-11-20T03:24:52.5995069Z Resolving deltas:  55% (22/40)
2023-11-20T03:24:52.5996565Z Resolving deltas:  57% (23/40)
2023-11-20T03:24:52.5996960Z Resolving deltas:  60% (24/40)
2023-11-20T03:24:52.5997508Z Resolving deltas:  62% (25/40)
2023-11-20T03:24:52.5997931Z Resolving deltas:  65% (26/40)
2023-11-20T03:24:52.5998544Z Resolving deltas:  67% (27/40)
2023-11-20T03:24:52.5999040Z Resolving deltas:  70% (28/40)
2023-11-20T03:24:52.5999436Z Resolving deltas:  72% (29/40)
2023-11-20T03:24:52.6000134Z Resolving deltas:  75% (30/40)
2023-11-20T03:24:52.6001139Z Resolving deltas:  77% (31/40)
2023-11-20T03:24:52.6001703Z Resolving deltas:  80% (32/40)
2023-11-20T03:24:52.6002118Z Resolving deltas:  82% (33/40)
2023-11-20T03:24:52.6002655Z Resolving deltas:  85% (34/40)
2023-11-20T03:24:52.6003055Z Resolving deltas:  87% (35/40)
2023-11-20T03:24:52.6003412Z Resolving deltas:  90% (36/40)
2023-11-20T03:24:52.6003887Z Resolving deltas:  92% (37/40)
2023-11-20T03:24:52.6004325Z Resolving deltas:  95% (38/40)
2023-11-20T03:24:52.6004682Z Resolving deltas:  97% (39/40)
2023-11-20T03:24:52.6005258Z Resolving deltas: 100% (40/40)
2023-11-20T03:24:52.6005683Z Resolving deltas: 100% (40/40), done.
2023-11-20T03:24:52.6085810Z From https://github.com/AlphaSteam/axios-microprint-example
2023-11-20T03:24:52.6086919Z  * [new ref]         4ad85e8d7fd7c963a929e01e5e11ab41d19c86db -> origin/microprint_test
2023-11-20T03:24:52.6110319Z ##[endgroup]
2023-11-20T03:24:52.6111589Z ##[group]Determining the checkout info
2023-11-20T03:24:52.6113341Z ##[endgroup]
2023-11-20T03:24:52.6114294Z ##[group]Checking out the ref
2023-11-20T03:24:52.6119176Z [command]/usr/bin/git checkout --progress --force -B microprint_test refs/remotes/origin/microprint_test
2023-11-20T03:24:52.6467435Z Switched to a new branch 'microprint_test'
2023-11-20T03:24:52.6468256Z branch 'microprint_test' set up to track 'origin/microprint_test'.
2023-11-20T03:24:52.6476931Z ##[endgroup]
2023-11-20T03:24:52.6521691Z [command]/usr/bin/git log -1 --format='%H'
2023-11-20T03:24:52.6553717Z '4ad85e8d7fd7c963a929e01e5e11ab41d19c86db'
2023-11-20T03:24:52.6562606Z ##[group]Removing auth
2023-11-20T03:24:52.6566567Z [command]/usr/bin/git config --local --name-only --get-regexp core\.sshCommand
2023-11-20T03:24:52.6603614Z [command]/usr/bin/git submodule foreach --recursive sh -c "git config --local --name-only --get-regexp 'core\.sshCommand' && git config --local --unset-all 'core.sshCommand' || :"
2023-11-20T03:24:52.6845597Z [command]/usr/bin/git config --local --name-only --get-regexp http\.https\:\/\/github\.com\/\.extraheader
2023-11-20T03:24:52.6874757Z http.https://github.com/.extraheader
2023-11-20T03:24:52.6884129Z [command]/usr/bin/git config --local --unset-all http.https://github.com/.extraheader
2023-11-20T03:24:52.6925122Z [command]/usr/bin/git submodule foreach --recursive sh -c "git config --local --name-only --get-regexp 'http\.https\:\/\/github\.com\/\.extraheader' && git config --local --unset-all 'http.https://github.com/.extraheader' || :"
2023-11-20T03:24:52.7164308Z ##[endgroup]
2023-11-20T03:24:52.7471306Z ##[group]Run actions/setup-node@v3
2023-11-20T03:24:52.7471909Z with:
2023-11-20T03:24:52.7472216Z   node-version: 18.x
2023-11-20T03:24:52.7472567Z   cache: npm
2023-11-20T03:24:52.7472966Z   always-auth: false
2023-11-20T03:24:52.7473299Z   check-latest: false
2023-11-20T03:24:52.7473851Z   token: ***
2023-11-20T03:24:52.7474252Z ##[endgroup]
2023-11-20T03:24:52.9563667Z Found in cache @ /opt/hostedtoolcache/node/18.18.2/x64
2023-11-20T03:24:52.9587595Z ##[group]Environment details
2023-11-20T03:24:53.5701301Z node: v18.18.2
2023-11-20T03:24:53.5702263Z npm: 9.8.1
2023-11-20T03:24:53.5702847Z yarn: 1.22.19
2023-11-20T03:24:53.5704710Z ##[endgroup]
2023-11-20T03:24:53.5718013Z [command]/opt/hostedtoolcache/node/18.18.2/x64/bin/npm config get cache
2023-11-20T03:24:53.8792163Z /home/runner/.npm
2023-11-20T03:24:53.9801176Z npm cache is not found
2023-11-20T03:24:53.9983105Z ##[group]Run npm ci
2023-11-20T03:24:53.9983589Z [36;1mnpm ci[0m
2023-11-20T03:24:54.0045649Z shell: /usr/bin/bash -e {0}
2023-11-20T03:24:54.0046254Z ##[endgroup]
2023-11-20T03:24:59.0687513Z npm WARN deprecated urix@0.1.0: Please see https://github.com/lydell/urix#deprecated
2023-11-20T03:24:59.5506839Z npm WARN deprecated source-map-url@0.4.1: See https://github.com/lydell/source-map-url#deprecated
2023-11-20T03:24:59.7563934Z npm WARN deprecated source-map-resolve@0.5.3: See https://github.com/lydell/source-map-resolve#deprecated
2023-11-20T03:24:59.8166567Z npm WARN deprecated uuid@3.4.0: Please upgrade  to version 7 or higher.  Older versions may use Math.random() in certain circumstances, which is known to be problematic.  See https://v8.dev/blog/math-random for details.
2023-11-20T03:24:59.8811922Z npm WARN deprecated resolve-url@0.2.1: https://github.com/lydell/resolve-url#deprecated
2023-11-20T03:24:59.9877172Z npm WARN deprecated samsam@1.3.0: This package has been deprecated in favour of @sinonjs/samsam
2023-11-20T03:25:00.2087836Z npm WARN deprecated querystring@0.2.0: The querystring API is considered Legacy. new code should use the URLSearchParams API instead.
2023-11-20T03:25:00.7848842Z npm WARN deprecated request@2.88.2: request has been deprecated, see https://github.com/request/request/issues/3142
2023-11-20T03:25:01.4281072Z npm WARN deprecated har-validator@5.1.5: this library is no longer supported
2023-11-20T03:25:03.5649183Z npm WARN deprecated tar@2.2.2: This version of tar is no longer supported, and will not receive security updates. Please upgrade asap.
2023-11-20T03:25:04.6214919Z npm WARN deprecated chokidar@2.1.8: Chokidar 2 does not receive security updates since 2019. Upgrade to chokidar 3 with 15x fewer dependencies
2023-11-20T03:25:05.7964601Z npm WARN deprecated chokidar@2.1.8: Chokidar 2 does not receive security updates since 2019. Upgrade to chokidar 3 with 15x fewer dependencies
2023-11-20T03:25:08.4527966Z npm WARN deprecated core-js@2.6.12: core-js@<3.4 is no longer maintained and not recommended for usage due to the number of issues. Because of the V8 engine whims, feature detection in old core-js versions could cause a slowdown up to 100x even if nothing is polyfilled. Please, upgrade your dependencies to the actual version of core-js.
2023-11-20T03:25:12.1165428Z 
2023-11-20T03:25:12.1166278Z > axios@1.6.0 prepare
2023-11-20T03:25:12.1167447Z > husky install && npm run prepare:hooks
2023-11-20T03:25:12.1167993Z 
2023-11-20T03:25:12.1827775Z husky - Git hooks installed
2023-11-20T03:25:12.4513896Z 
2023-11-20T03:25:12.4514690Z > axios@1.6.0 prepare:hooks
2023-11-20T03:25:12.4515952Z > npx husky set .husky/commit-msg "npx commitlint --edit $1"
2023-11-20T03:25:12.4516439Z 
2023-11-20T03:25:12.8859692Z husky - created .husky/commit-msg
2023-11-20T03:25:12.9294912Z 
2023-11-20T03:25:12.9296040Z added 2053 packages, and audited 2054 packages in 19s
2023-11-20T03:25:12.9297217Z 
2023-11-20T03:25:12.9297603Z 197 packages are looking for funding
2023-11-20T03:25:12.9298641Z   run `npm fund` for details
2023-11-20T03:25:12.9632668Z 
2023-11-20T03:25:12.9633725Z 47 vulnerabilities (17 moderate, 28 high, 2 critical)
2023-11-20T03:25:12.9634504Z 
2023-11-20T03:25:12.9634913Z To address issues that do not require attention, run:
2023-11-20T03:25:12.9635555Z   npm audit fix
2023-11-20T03:25:12.9635813Z 
2023-11-20T03:25:12.9636290Z To address all issues possible (including breaking changes), run:
2023-11-20T03:25:12.9637291Z   npm audit fix --force
2023-11-20T03:25:12.9637673Z 
2023-11-20T03:25:12.9637997Z Some issues need review, and may require choosing
2023-11-20T03:25:12.9638770Z a different dependency.
2023-11-20T03:25:12.9639135Z 
2023-11-20T03:25:12.9639435Z Run `npm audit` for details.
2023-11-20T03:25:13.0076346Z ##[group]Run npm test
2023-11-20T03:25:13.0076722Z [36;1mnpm test[0m
2023-11-20T03:25:13.0122358Z shell: /usr/bin/bash -e {0}
2023-11-20T03:25:13.0122771Z ##[endgroup]
2023-11-20T03:25:13.2866307Z 
2023-11-20T03:25:13.2866990Z > axios@1.6.0 test
2023-11-20T03:25:13.2868578Z > npm run test:eslint && npm run test:mocha && npm run test:karma && npm run test:dtslint && npm run test:exports
2023-11-20T03:25:13.2869937Z 
2023-11-20T03:25:13.5615293Z 
2023-11-20T03:25:13.5616091Z > axios@1.6.0 test:eslint
2023-11-20T03:25:13.5617050Z > node bin/ssl_hotfix.js eslint lib/**/*.js
2023-11-20T03:25:13.5617447Z 
2023-11-20T03:25:13.6050912Z Running eslint lib/adapters/adapters.js lib/adapters/http.js lib/adapters/xhr.js lib/cancel/CancelToken.js lib/cancel/CanceledError.js lib/cancel/isCancel.js lib/core/Axios.js lib/core/AxiosError.js lib/core/AxiosHeaders.js lib/core/InterceptorManager.js lib/core/buildFullPath.js lib/core/dispatchRequest.js lib/core/mergeConfig.js lib/core/settle.js lib/core/transformData.js lib/defaults/index.js lib/defaults/transitional.js lib/env/data.js lib/helpers/AxiosTransformStream.js lib/helpers/AxiosURLSearchParams.js lib/helpers/HttpStatusCode.js lib/helpers/ZlibHeaderTransformStream.js lib/helpers/bind.js lib/helpers/buildURL.js lib/helpers/callbackify.js lib/helpers/combineURLs.js lib/helpers/cookies.js lib/helpers/deprecatedMethod.js lib/helpers/formDataToJSON.js lib/helpers/formDataToStream.js lib/helpers/fromDataURI.js lib/helpers/isAbsoluteURL.js lib/helpers/isAxiosError.js lib/helpers/isURLSameOrigin.js lib/helpers/null.js lib/helpers/parseHeaders.js lib/helpers/parseProtocol.js lib/helpers/readBlob.js lib/helpers/speedometer.js lib/helpers/spread.js lib/helpers/throttle.js lib/helpers/toFormData.js lib/helpers/toURLEncodedForm.js lib/helpers/validator.js lib/platform/index.js on v18.18.2
2023-11-20T03:25:13.6058169Z 
2023-11-20T03:25:13.6058879Z Setting --openssl-legacy-provider as ssl hotfix
2023-11-20T03:25:14.6581421Z 
2023-11-20T03:25:14.6582106Z > axios@1.6.0 test:mocha
2023-11-20T03:25:14.6583272Z > node bin/ssl_hotfix.js mocha test/unit/**/*.js --timeout 30000 --exit
2023-11-20T03:25:14.6583816Z 
2023-11-20T03:25:14.7011482Z Running mocha test/unit/adapters/adapters.js test/unit/adapters/http.js test/unit/core/AxiosHeaders.js test/unit/defaults/transformReponse.js test/unit/helpers/fromDataURI.js test/unit/helpers/parseProtocol.js test/unit/regression/SNYK-JS-AXIOS-1038255.js test/unit/regression/bugs.js test/unit/utils/utils.js --timeout 30000 --exit on v18.18.2
2023-11-20T03:25:14.7015939Z Setting --openssl-legacy-provider as ssl hotfix
2023-11-20T03:25:14.7016572Z 
2023-11-20T03:25:15.0972108Z 
2023-11-20T03:25:15.0976645Z 
2023-11-20T03:25:15.0981231Z   adapters
2023-11-20T03:25:15.0991564Z     âœ” should support loading by fn handle
2023-11-20T03:25:15.0994218Z     âœ” should support loading by name
2023-11-20T03:25:15.1000626Z     âœ” should detect adapter unavailable status
2023-11-20T03:25:15.1003069Z     âœ” should detect adapter unsupported status
2023-11-20T03:25:15.1005556Z     âœ” should pick suitable adapter from the list
2023-11-20T03:25:15.1007548Z 
2023-11-20T03:25:15.1010655Z   supports http with nodejs
2023-11-20T03:25:15.4120255Z     âœ” should throw an error if the timeout property is not parsable as a number (310ms)
2023-11-20T03:25:15.7158295Z     âœ” should parse the timeout property (302ms)
2023-11-20T03:25:16.0178900Z     âœ” should respect the timeout property (301ms)
2023-11-20T03:25:16.3197461Z     âœ” should respect the timeoutErrorMessage property (302ms)
2023-11-20T03:25:16.3252609Z     âœ” should allow passing JSON
2023-11-20T03:25:16.3275100Z     âœ” should allow passing JSON with BOM
2023-11-20T03:25:16.3318595Z     âœ” should redirect
2023-11-20T03:25:16.3339287Z     âœ” should not redirect
2023-11-20T03:25:16.3401977Z     âœ” should support max redirects
2023-11-20T03:25:16.3425428Z     âœ” should support beforeRedirect
2023-11-20T03:25:16.3581117Z     âœ” should support beforeRedirect and proxy with redirect
2023-11-20T03:25:16.3609566Z     âœ” should preserve the HTTP verb on redirect
2023-11-20T03:25:16.3661220Z     âœ” should support UTF8
2023-11-20T03:25:16.3683202Z     âœ” should support basic auth
2023-11-20T03:25:16.3701142Z     âœ” should support basic auth with a header
2023-11-20T03:25:16.3723932Z     âœ” should provides a default User-Agent header
2023-11-20T03:25:16.3740495Z     âœ” should allow the User-Agent header to be overridden
2023-11-20T03:25:16.3759251Z     âœ” should allow the Content-Length header to be overridden
2023-11-20T03:25:16.3780042Z     âœ” should support max content length
2023-11-20T03:25:16.4803092Z     âœ” should support max content length for redirected (101ms)
2023-11-20T03:25:16.5828417Z     âœ” should support max body length (102ms)
2023-11-20T03:25:16.9604213Z     âœ” should properly support default max body length (follow-redirects as well) (378ms)
2023-11-20T03:25:16.9616573Z     âœ” should display error while parsing params
2023-11-20T03:25:16.9632742Z     âœ” should support sockets
2023-11-20T03:25:16.9653270Z     âœ” should support buffers
2023-11-20T03:25:16.9680355Z     âœ” should support HTTP proxies
2023-11-20T03:25:17.0108202Z     âœ” should support HTTPS proxies (42ms)
2023-11-20T03:25:17.0126198Z     âœ” should not pass through disabled proxy
2023-11-20T03:25:17.0152080Z     âœ” should support proxy set via env var
2023-11-20T03:25:17.0258080Z     âœ” should support HTTPS proxy set via env var
2023-11-20T03:25:17.0290030Z     âœ” should re-evaluate proxy on redirect when proxy set via env var
2023-11-20T03:25:17.0309218Z     âœ” should not use proxy for domains in no_proxy
2023-11-20T03:25:17.0339871Z     âœ” should use proxy for domains not in no_proxy
2023-11-20T03:25:17.0361719Z     âœ” should support HTTP proxy auth
2023-11-20T03:25:17.0385330Z     âœ” should support proxy auth from env
2023-11-20T03:25:17.0411191Z     âœ” should support proxy auth with header
2023-11-20T03:25:17.0425895Z     âœ” should support cancel
2023-11-20T03:25:17.0444840Z     âœ” should combine baseURL and url
2023-11-20T03:25:18.0467029Z     âœ” should support HTTP protocol (1002ms)
2023-11-20T03:25:18.1099620Z     âœ” should support HTTPS protocol (63ms)
2023-11-20T03:25:18.4113312Z     âœ” should return malformed URL (301ms)
2023-11-20T03:25:18.7126967Z     âœ” should return unsupported protocol (301ms)
2023-11-20T03:25:18.7143018Z     âœ” should supply a user-agent if one is not specified
2023-11-20T03:25:18.7156874Z     âœ” should omit a user-agent if one is explicitly disclaimed
2023-11-20T03:25:18.9179038Z     âœ” should throw an error if http server that aborts a chunked request (202ms)
2023-11-20T03:25:18.9202242Z     âœ” should able to cancel multiple requests with CancelToken
2023-11-20T03:25:18.9239204Z     âœ” should respect formSerializer config
2023-11-20T03:25:18.9244981Z     âœ” should properly handle synchronous errors inside the adapter
2023-11-20T03:25:18.9258589Z     âœ” should support function as paramsSerializer value
2023-11-20T03:25:18.9261334Z     compression
2023-11-20T03:25:18.9281252Z       âœ” should support transparent gunzip
2023-11-20T03:25:18.9301356Z       âœ” should support gunzip error handling
2023-11-20T03:25:18.9317103Z       âœ” should support disabling automatic decompression of response data
2023-11-20T03:25:18.9320287Z       algorithms
2023-11-20T03:25:18.9322727Z         gzip decompression
2023-11-20T03:25:18.9338599Z           âœ” should support decompression
2023-11-20T03:25:18.9356141Z           âœ” should not fail if response content-length header is missing (gzip)
2023-11-20T03:25:18.9371973Z           âœ” should not fail with chunked responses (without Content-Length header)
2023-11-20T03:25:18.9385684Z           âœ” should not fail with an empty response without content-length header (Z_BUF_ERROR)
2023-11-20T03:25:18.9400062Z           âœ” should not fail with an empty response with content-length header (Z_BUF_ERROR)
2023-11-20T03:25:18.9401472Z         GZIP decompression
2023-11-20T03:25:18.9414570Z           âœ” should support decompression
2023-11-20T03:25:18.9431075Z           âœ” should not fail if response content-length header is missing (GZIP)
2023-11-20T03:25:18.9445421Z           âœ” should not fail with chunked responses (without Content-Length header)
2023-11-20T03:25:18.9458096Z           âœ” should not fail with an empty response without content-length header (Z_BUF_ERROR)
2023-11-20T03:25:18.9473102Z           âœ” should not fail with an empty response with content-length header (Z_BUF_ERROR)
2023-11-20T03:25:18.9475379Z         compress decompression
2023-11-20T03:25:18.9493959Z           âœ” should support decompression
2023-11-20T03:25:18.9511266Z           âœ” should not fail if response content-length header is missing (compress)
2023-11-20T03:25:18.9527909Z           âœ” should not fail with chunked responses (without Content-Length header)
2023-11-20T03:25:18.9544232Z           âœ” should not fail with an empty response without content-length header (Z_BUF_ERROR)
2023-11-20T03:25:18.9557817Z           âœ” should not fail with an empty response with content-length header (Z_BUF_ERROR)
2023-11-20T03:25:18.9559205Z         deflate decompression
2023-11-20T03:25:18.9574580Z           âœ” should support decompression
2023-11-20T03:25:18.9588431Z           âœ” should not fail if response content-length header is missing (deflate)
2023-11-20T03:25:18.9602325Z           âœ” should not fail with chunked responses (without Content-Length header)
2023-11-20T03:25:18.9616217Z           âœ” should not fail with an empty response without content-length header (Z_BUF_ERROR)
2023-11-20T03:25:18.9629024Z           âœ” should not fail with an empty response with content-length header (Z_BUF_ERROR)
2023-11-20T03:25:18.9630603Z         deflate-raw decompression
2023-11-20T03:25:18.9644462Z           âœ” should support decompression
2023-11-20T03:25:18.9658287Z           âœ” should not fail if response content-length header is missing (deflate)
2023-11-20T03:25:18.9673210Z           âœ” should not fail with chunked responses (without Content-Length header)
2023-11-20T03:25:18.9685876Z           âœ” should not fail with an empty response without content-length header (Z_BUF_ERROR)
2023-11-20T03:25:18.9698558Z           âœ” should not fail with an empty response with content-length header (Z_BUF_ERROR)
2023-11-20T03:25:18.9700197Z         br decompression
2023-11-20T03:25:18.9716755Z           âœ” should support decompression
2023-11-20T03:25:18.9731005Z           âœ” should not fail if response content-length header is missing (br)
2023-11-20T03:25:18.9745241Z           âœ” should not fail with chunked responses (without Content-Length header)
2023-11-20T03:25:18.9760322Z           âœ” should not fail with an empty response without content-length header (Z_BUF_ERROR)
2023-11-20T03:25:18.9774475Z           âœ” should not fail with an empty response with content-length header (Z_BUF_ERROR)
2023-11-20T03:25:18.9775384Z     streams
2023-11-20T03:25:18.9808951Z       âœ” should support streams
2023-11-20T03:25:18.9818890Z       âœ” should pass errors for a failed stream
2023-11-20T03:25:19.9880451Z pipeline error: CanceledError: Request stream has been aborted
2023-11-20T03:25:19.9882128Z       âœ” should destroy the response stream with an error on request stream destroying (1005ms)
2023-11-20T03:25:19.9884968Z Server warning: Premature close
2023-11-20T03:25:19.9888029Z     different options for direct proxy configuration (without env variables)
2023-11-20T03:25:19.9889724Z       âœ” hostname and trailing colon in protocol
2023-11-20T03:25:19.9891592Z       âœ” hostname and no trailing colon in protocol
2023-11-20T03:25:19.9893103Z       âœ” both hostname and host -> hostname takes precedence
2023-11-20T03:25:19.9894631Z       âœ” only host and https protocol
2023-11-20T03:25:19.9895678Z     FormData
2023-11-20T03:25:19.9896388Z       form-data instance (https://www.npmjs.com/package/form-data)
2023-11-20T03:25:19.9980285Z         âœ” should allow passing FormData
2023-11-20T03:25:19.9982519Z       SpecCompliant FormData
2023-11-20T03:25:20.0006958Z (node:2115) ExperimentalWarning: buffer.File is an experimental feature and might change at any time
2023-11-20T03:25:20.0008204Z (Use `node --trace-warnings ...` to show where the warning was created)
2023-11-20T03:25:20.0046959Z         âœ” should allow passing FormData
2023-11-20T03:25:20.0048887Z       toFormData helper
2023-11-20T03:25:20.0251932Z         âœ” should properly serialize nested objects for parsing with multer.js (express.js)
2023-11-20T03:25:20.0254914Z     Blob
2023-11-20T03:25:20.0277422Z       âœ” should support Blob
2023-11-20T03:25:20.0279762Z     URLEncoded Form
2023-11-20T03:25:20.0391466Z       âœ” should post object data as url-encoded form if content-type is application/x-www-form-urlencoded
2023-11-20T03:25:20.0393266Z     Data URL
2023-11-20T03:25:20.0399041Z       âœ” should support requesting data URL as a Buffer
2023-11-20T03:25:20.0405788Z       âœ” should support requesting data URL as a Blob (if supported by the environment)
2023-11-20T03:25:20.0409466Z       âœ” should support requesting data URL as a String (text)
2023-11-20T03:25:20.0414073Z       âœ” should support requesting data URL as a Stream
2023-11-20T03:25:20.0415556Z     progress
2023-11-20T03:25:20.0416203Z       upload
2023-11-20T03:25:31.0524095Z         âœ” should support upload progress capturing (11011ms)
2023-11-20T03:25:31.0526405Z       download
2023-11-20T03:25:42.0680981Z         âœ” should support download progress capturing (11015ms)
2023-11-20T03:25:42.0683036Z     Rate limit
2023-11-20T03:25:51.5866553Z       âœ” should support upload rate limit (9518ms)
2023-11-20T03:26:01.1032601Z       âœ” should support download rate limit (9516ms)
2023-11-20T03:26:01.1034017Z     request aborting
2023-11-20T03:26:01.7113409Z pipeline error: CanceledError: canceled
2023-11-20T03:26:01.7114680Z       âœ” should be able to abort the response stream (608ms)
2023-11-20T03:26:01.7120736Z Server warning: Premature close
2023-11-20T03:26:01.7122817Z     DNS
2023-11-20T03:26:01.7146314Z       âœ” should support a custom DNS lookup function
2023-11-20T03:26:01.7160893Z       âœ” should support a custom DNS lookup function with address entry passing
2023-11-20T03:26:01.7175453Z       âœ” should support a custom DNS lookup function (async)
2023-11-20T03:26:01.7189146Z       âœ” should support a custom DNS lookup function with address entry (async)
2023-11-20T03:26:01.7202972Z       âœ” should support a custom DNS lookup function that returns only IP address (async)
2023-11-20T03:26:01.7204441Z 
2023-11-20T03:26:01.7205999Z   AxiosHeaders
2023-11-20T03:26:01.7207974Z     âœ” should support headers argument
2023-11-20T03:26:01.7210150Z     âœ” should support uppercase name mapping for names overlapped by class methods
2023-11-20T03:26:01.7212483Z     âœ” should be caseless
2023-11-20T03:26:01.7213232Z     set
2023-11-20T03:26:01.7214999Z       âœ” should support adding a single header
2023-11-20T03:26:01.7216710Z       âœ” should support adding multiple headers
2023-11-20T03:26:01.7219512Z       âœ” should support adding multiple headers from raw headers string
2023-11-20T03:26:01.7220877Z       âœ” should not rewrite header the header if the value is false
2023-11-20T03:26:01.7222639Z       âœ” should not rewrite the header if its value is false, unless rewrite options is set to true
2023-11-20T03:26:01.7223857Z     get
2023-11-20T03:26:01.7224238Z       filter
2023-11-20T03:26:01.7226052Z         âœ” should support RegExp
2023-11-20T03:26:01.7228298Z         âœ” should support function
2023-11-20T03:26:01.7229419Z     has
2023-11-20T03:26:01.7231362Z       âœ” should return true if the header is defined, otherwise false
2023-11-20T03:26:01.7232352Z       filter
2023-11-20T03:26:01.7234848Z         âœ” should support RegExp
2023-11-20T03:26:01.7236875Z         âœ” should support function
2023-11-20T03:26:01.7238393Z         âœ” should support string pattern
2023-11-20T03:26:01.7239283Z     delete
2023-11-20T03:26:01.7241047Z       âœ” should delete the header
2023-11-20T03:26:01.7247959Z       âœ” should return true if the header has been deleted, otherwise false
2023-11-20T03:26:01.7249296Z       âœ” should support headers array
2023-11-20T03:26:01.7249971Z       filter
2023-11-20T03:26:01.7251981Z         âœ” should support RegExp
2023-11-20T03:26:01.7253948Z         âœ” should support function
2023-11-20T03:26:01.7255986Z         âœ” should support string pattern
2023-11-20T03:26:01.7256775Z     clear
2023-11-20T03:26:01.7258635Z       âœ” should clear all headers
2023-11-20T03:26:01.7261571Z       âœ” should clear matching headers if a matcher was specified
2023-11-20T03:26:01.7262476Z     toJSON
2023-11-20T03:26:01.7264221Z       âœ” should return headers object with original headers case
2023-11-20T03:26:01.7265017Z     accessors
2023-11-20T03:26:01.7268473Z       âœ” should support get accessor
2023-11-20T03:26:01.7270461Z       âœ” should support set accessor
2023-11-20T03:26:01.7272524Z       âœ” should support has accessor
2023-11-20T03:26:01.7273301Z     normalize()
2023-11-20T03:26:01.7276382Z       âœ” should support auto-formatting
2023-11-20T03:26:01.7278352Z       âœ” should support external defined values
2023-11-20T03:26:01.7279973Z       âœ” should support array values
2023-11-20T03:26:01.7280645Z     AxiosHeaders.concat
2023-11-20T03:26:01.7282998Z       âœ” should concatenate plain headers into an AxiosHeader instance
2023-11-20T03:26:01.7285132Z       âœ” should concatenate raw headers into an AxiosHeader instance
2023-11-20T03:26:01.7287210Z       âœ” should concatenate Axios headers into a new AxiosHeader instance
2023-11-20T03:26:01.7288209Z     toString
2023-11-20T03:26:01.7290126Z       âœ” should serialize AxiosHeader instance to a raw headers string
2023-11-20T03:26:01.7290832Z 
2023-11-20T03:26:01.7291032Z   transformResponse
2023-11-20T03:26:01.7291723Z     200 request
2023-11-20T03:26:01.7293598Z       âœ” parses json
2023-11-20T03:26:01.7295457Z       âœ” ignores XML
2023-11-20T03:26:01.7296235Z     204 request
2023-11-20T03:26:01.7298408Z       âœ” does not parse the empty string
2023-11-20T03:26:01.7299742Z       âœ” does not parse undefined
2023-11-20T03:26:01.7300271Z 
2023-11-20T03:26:01.7300742Z   helpers::fromDataURI
2023-11-20T03:26:01.7304675Z     âœ” should return buffer from data uri
2023-11-20T03:26:01.7305140Z 
2023-11-20T03:26:01.7305481Z   helpers::parseProtocol
2023-11-20T03:26:01.7309124Z     âœ” should parse protocol part if it exists
2023-11-20T03:26:01.7309676Z 
2023-11-20T03:26:01.7310016Z   Server-Side Request Forgery (SSRF)
2023-11-20T03:26:01.7343395Z     âœ” obeys proxy settings when following redirects
2023-11-20T03:26:01.7344639Z 
2023-11-20T03:26:01.7345390Z   issues
2023-11-20T03:26:01.7345962Z     4999
2023-11-20T03:26:01.7785080Z       âœ” should not fail with query parsing (44ms)
2023-11-20T03:26:01.7788699Z     5028
2023-11-20T03:26:01.7815572Z       âœ” should handle set-cookie headers as an array
2023-11-20T03:26:01.7816470Z 
2023-11-20T03:26:01.7817320Z   utils
2023-11-20T03:26:01.7819376Z     âœ” should validate Stream
2023-11-20T03:26:01.7820657Z     âœ” should validate Buffer
2023-11-20T03:26:01.7821330Z     utils::isFormData
2023-11-20T03:26:01.7824663Z       âœ” should detect the FormData instance provided by the `form-data` package
2023-11-20T03:26:01.7826069Z       âœ” should not call toString method on built-in objects instances
2023-11-20T03:26:01.7827888Z       âœ” should not call toString method on built-in objects instances, even if append method exists
2023-11-20T03:26:01.7829816Z       âœ” should detect custom FormData instances by toStringTag signature and append method presence
2023-11-20T03:26:01.7831351Z     toJSON
2023-11-20T03:26:01.7833718Z       âœ” should convert to a plain object without circular references
2023-11-20T03:26:01.7835898Z       âœ” should use objects with defined toJSON method without rebuilding
2023-11-20T03:26:01.7836643Z 
2023-11-20T03:26:01.7837698Z 
2023-11-20T03:26:01.7839081Z   163 passing (47s)
2023-11-20T03:26:01.7839432Z 
2023-11-20T03:26:02.0707898Z 
2023-11-20T03:26:02.0708268Z > axios@1.6.0 test:karma
2023-11-20T03:26:02.0710042Z > node bin/ssl_hotfix.js cross-env LISTEN_ADDR=:: karma start karma.conf.cjs --single-run
2023-11-20T03:26:02.0711541Z 
2023-11-20T03:26:02.1121458Z Running cross-env LISTEN_ADDR=:: karma start karma.conf.cjs --single-run on v18.18.2
2023-11-20T03:26:02.1122171Z 
2023-11-20T03:26:02.1124473Z Setting --openssl-legacy-provider as ssl hotfix
2023-11-20T03:26:02.4422678Z Running ci on GitHub Actions.
2023-11-20T03:26:02.7788308Z (node:2180) MaxListenersExceededWarning: Possible EventEmitter memory leak detected. 11 beforeExit listeners added to [process]. Use emitter.setMaxListeners() to increase limit
2023-11-20T03:26:02.7791452Z (Use `node --trace-warnings ...` to show where the warning was created)
2023-11-20T03:26:02.8567108Z [32m20 11 2023 03:26:02.855:INFO [preprocessor.rollup]: [39mGenerating bundle for ./test/specs/api.spec.js
2023-11-20T03:26:02.8953382Z [32m20 11 2023 03:26:02.894:INFO [preprocessor.rollup]: [39mGenerating bundle for ./test/specs/formdata.spec.js
2023-11-20T03:26:02.9061770Z [32m20 11 2023 03:26:02.905:INFO [preprocessor.rollup]: [39mGenerating bundle for ./test/specs/instance.spec.js
2023-11-20T03:26:02.9142728Z [32m20 11 2023 03:26:02.913:INFO [preprocessor.rollup]: [39mGenerating bundle for ./test/specs/adapter.spec.js
2023-11-20T03:26:02.9472474Z [32m20 11 2023 03:26:02.946:INFO [preprocessor.rollup]: [39mGenerating bundle for ./test/specs/interceptors.spec.js
2023-11-20T03:26:02.9612357Z [32m20 11 2023 03:26:02.960:INFO [preprocessor.rollup]: [39mGenerating bundle for ./test/specs/promise.spec.js
2023-11-20T03:26:02.9869456Z [32m20 11 2023 03:26:02.986:INFO [preprocessor.rollup]: [39mGenerating bundle for ./test/specs/requests.spec.js
2023-11-20T03:26:03.0002615Z [32m20 11 2023 03:26:02.999:INFO [preprocessor.rollup]: [39mGenerating bundle for ./test/specs/progress.spec.js
2023-11-20T03:26:03.0168535Z [32m20 11 2023 03:26:03.016:INFO [preprocessor.rollup]: [39mGenerating bundle for ./test/specs/core/enhanceError.spec.js
2023-11-20T03:26:03.0173968Z Generated an empty chunk: "enhanceError.spec"
2023-11-20T03:26:03.1743997Z [32m20 11 2023 03:26:03.173:INFO [preprocessor.rollup]: [39mGenerating bundle for ./test/specs/helpers/bind.spec.js
2023-11-20T03:26:03.1781515Z [32m20 11 2023 03:26:03.177:INFO [preprocessor.rollup]: [39mGenerating bundle for ./test/specs/helpers/combineURLs.spec.js
2023-11-20T03:26:03.1832002Z [32m20 11 2023 03:26:03.182:INFO [preprocessor.rollup]: [39mGenerating bundle for ./test/specs/helpers/isAbsoluteURL.spec.js
2023-11-20T03:26:03.1936599Z [32m20 11 2023 03:26:03.193:INFO [preprocessor.rollup]: [39mGenerating bundle for ./test/specs/helpers/spread.spec.js
2023-11-20T03:26:03.2023984Z preferring built-in module 'assert' over local alternative at '/home/runner/work/axios-microprint-example/axios-microprint-example/node_modules/assert/assert.js', pass 'preferBuiltins: false' to disable this behavior or 'preferBuiltins: true' to disable this warning
2023-11-20T03:26:03.2399862Z [32m20 11 2023 03:26:03.239:INFO [preprocessor.rollup]: [39mGenerating bundle for ./test/specs/cancel.spec.js
2023-11-20T03:26:03.4146544Z [32m20 11 2023 03:26:03.414:INFO [preprocessor.rollup]: [39mGenerating bundle for ./test/specs/utils/isX.spec.js
2023-11-20T03:26:03.4405858Z [32m20 11 2023 03:26:03.440:INFO [preprocessor.rollup]: [39mGenerating bundle for ./test/specs/utils/extend.spec.js
2023-11-20T03:26:03.4636316Z [32m20 11 2023 03:26:03.463:INFO [preprocessor.rollup]: [39mGenerating bundle for ./test/specs/utils/forEach.spec.js
2023-11-20T03:26:03.4815467Z [32m20 11 2023 03:26:03.481:INFO [preprocessor.rollup]: [39mGenerating bundle for ./test/specs/utils/trim.spec.js
2023-11-20T03:26:03.4993864Z [32m20 11 2023 03:26:03.499:INFO [preprocessor.rollup]: [39mGenerating bundle for ./test/specs/utils/merge.spec.js
2023-11-20T03:26:03.5107111Z [32m20 11 2023 03:26:03.510:INFO [preprocessor.rollup]: [39mGenerating bundle for ./test/specs/core/buildFullPath.spec.js
2023-11-20T03:26:03.6425540Z preferring built-in module 'assert' over local alternative at '/home/runner/work/axios-microprint-example/axios-microprint-example/node_modules/assert/assert.js', pass 'preferBuiltins: false' to disable this behavior or 'preferBuiltins: true' to disable this warning
2023-11-20T03:26:03.6429806Z 'assert' is imported by test/specs/headers.spec.js, but could not be resolved â€“ treating it as an external dependency
2023-11-20T03:26:03.6454231Z "default" is imported from external module "assert" but never used in "test/specs/headers.spec.js".
2023-11-20T03:26:03.6456525Z [32m20 11 2023 03:26:03.645:INFO [preprocessor.rollup]: [39mGenerating bundle for ./test/specs/headers.spec.js
2023-11-20T03:26:03.6467111Z Creating a browser bundle that depends on Node.js built-in modules ("assert"). You might need to include https://github.com/snowpackjs/rollup-plugin-polyfill-node
2023-11-20T03:26:03.7081268Z [32m20 11 2023 03:26:03.707:INFO [preprocessor.rollup]: [39mGenerating bundle for ./test/specs/options.spec.js
2023-11-20T03:26:03.7184556Z [32m20 11 2023 03:26:03.718:INFO [preprocessor.rollup]: [39mGenerating bundle for ./test/specs/transform.spec.js
2023-11-20T03:26:03.7335814Z [32m20 11 2023 03:26:03.733:INFO [preprocessor.rollup]: [39mGenerating bundle for ./test/specs/helpers/isAxiosError.spec.js
2023-11-20T03:26:03.7466133Z [32m20 11 2023 03:26:03.746:INFO [preprocessor.rollup]: [39mGenerating bundle for ./test/specs/core/AxiosError.spec.js
2023-11-20T03:26:03.7648297Z [32m20 11 2023 03:26:03.764:INFO [preprocessor.rollup]: [39mGenerating bundle for ./test/specs/helpers/formDataToJSON.spec.js
2023-11-20T03:26:03.7842966Z [32m20 11 2023 03:26:03.783:INFO [preprocessor.rollup]: [39mGenerating bundle for ./test/specs/helpers/toFormData.spec.js
2023-11-20T03:26:03.7989190Z [32m20 11 2023 03:26:03.798:INFO [preprocessor.rollup]: [39mGenerating bundle for ./test/specs/helpers/parseHeaders.spec.js
2023-11-20T03:26:03.8085542Z [32m20 11 2023 03:26:03.808:INFO [preprocessor.rollup]: [39mGenerating bundle for ./test/specs/cancel/CanceledError.spec.js
2023-11-20T03:26:03.8225623Z [32m20 11 2023 03:26:03.822:INFO [preprocessor.rollup]: [39mGenerating bundle for ./test/specs/cancel/CancelToken.spec.js
2023-11-20T03:26:03.8331907Z [32m20 11 2023 03:26:03.832:INFO [preprocessor.rollup]: [39mGenerating bundle for ./test/specs/cancel/isCancel.spec.js
2023-11-20T03:26:03.9418414Z [32m20 11 2023 03:26:03.941:INFO [preprocessor.rollup]: [39mGenerating bundle for ./test/specs/helpers/validator.spec.js
2023-11-20T03:26:03.9588500Z [32m20 11 2023 03:26:03.958:INFO [preprocessor.rollup]: [39mGenerating bundle for ./test/specs/core/settle.spec.js
2023-11-20T03:26:04.0214454Z [32m20 11 2023 03:26:04.020:INFO [preprocessor.rollup]: [39mGenerating bundle for ./test/specs/helpers/buildURL.spec.js
2023-11-20T03:26:04.0778625Z [32m20 11 2023 03:26:04.077:INFO [preprocessor.rollup]: [39mGenerating bundle for ./test/specs/core/mergeConfig.spec.js
2023-11-20T03:26:04.1299052Z [32m20 11 2023 03:26:04.129:INFO [preprocessor.rollup]: [39mGenerating bundle for ./test/specs/defaults.spec.js
2023-11-20T03:26:04.1757291Z [32m20 11 2023 03:26:04.175:INFO [preprocessor.rollup]: [39mGenerating bundle for ./test/specs/__helpers.js
2023-11-20T03:26:04.2244748Z [32m20 11 2023 03:26:04.224:INFO [preprocessor.rollup]: [39mGenerating bundle for ./test/specs/basicAuth.spec.js
2023-11-20T03:26:04.2813729Z [32m20 11 2023 03:26:04.281:INFO [preprocessor.rollup]: [39mGenerating bundle for ./test/specs/core/transformData.spec.js
2023-11-20T03:26:04.3068228Z [32m20 11 2023 03:26:04.306:INFO [preprocessor.rollup]: [39mGenerating bundle for ./test/specs/helpers/isURLSameOrigin.spec.js
2023-11-20T03:26:04.3221988Z [32m20 11 2023 03:26:04.321:INFO [preprocessor.rollup]: [39mGenerating bundle for ./test/specs/xsrf.spec.js
2023-11-20T03:26:04.3362581Z [32m20 11 2023 03:26:04.335:INFO [preprocessor.rollup]: [39mGenerating bundle for ./test/specs/helpers/cookies.spec.js
2023-11-20T03:26:04.3461474Z [32m20 11 2023 03:26:04.345:INFO [karma-server]: [39mKarma v6.3.20 server started at http://localhost:9876/
2023-11-20T03:26:04.3463936Z [32m20 11 2023 03:26:04.345:INFO [launcher]: [39mLaunching browsers FirefoxHeadless, ChromeHeadless with concurrency unlimited
2023-11-20T03:26:04.3487959Z [32m20 11 2023 03:26:04.348:INFO [launcher]: [39mStarting browser FirefoxHeadless
2023-11-20T03:26:04.3723177Z [32m20 11 2023 03:26:04.371:INFO [launcher]: [39mStarting browser ChromeHeadless
2023-11-20T03:26:05.0886962Z [32m20 11 2023 03:26:05.088:INFO [Chrome Headless 118.0.5993.117 (Linux x86_64)]: [39mConnected on socket zI5X-vpQa_iyRPBWAAAB with id 11997990
2023-11-20T03:26:05.2409556Z Chrome Headless 118.0.5993.117 (Linux x86_64): Executed 0 of 306 SUCCESS (0 secs / 0 secs)
2023-11-20T03:26:05.2421663Z [1A[2KChrome Headless 118.0.5993.117 (Linux x86_64): Executed 1 of 306 SUCCESS (0 secs / 0.003 secs)
2023-11-20T03:26:05.2424995Z [1A[2KChrome Headless 118.0.5993.117 (Linux x86_64): Executed 2 of 306 SUCCESS (0 secs / 0.003 secs)
2023-11-20T03:26:05.2430254Z [1A[2KChrome Headless 118.0.5993.117 (Linux x86_64): Executed 3 of 306 SUCCESS (0 secs / 0.004 secs)
2023-11-20T03:26:05.2440138Z [1A[2KChrome Headless 118.0.5993.117 (Linux x86_64): Executed 4 of 306 SUCCESS (0 secs / 0.005 secs)
2023-11-20T03:26:05.2454520Z [1A[2KChrome Headless 118.0.5993.117 (Linux x86_64): Executed 5 of 306 SUCCESS (0 secs / 0.006 secs)
2023-11-20T03:26:05.2460644Z [1A[2KChrome Headless 118.0.5993.117 (Linux x86_64): Executed 6 of 306 SUCCESS (0 secs / 0.006 secs)
2023-11-20T03:26:05.2462821Z [1A[2KChrome Headless 118.0.5993.117 (Linux x86_64): Executed 7 of 306 SUCCESS (0 secs / 0.006 secs)
2023-11-20T03:26:05.2468410Z [33m20 11 2023 03:26:05.246:WARN [web-server]: [39m404: /test
2023-11-20T03:26:05.2488454Z [1A[2KChrome Headless 118.0.5993.117 (Linux x86_64): Executed 8 of 306 SUCCESS (0 secs / 0.006 secs)
2023-11-20T03:26:05.2490571Z [1A[2KChrome Headless 118.0.5993.117 (Linux x86_64): Executed 9 of 306 SUCCESS (0 secs / 0.006 secs)
2023-11-20T03:26:05.2492688Z [1A[2KChrome Headless 118.0.5993.117 (Linux x86_64): Executed 10 of 306 SUCCESS (0 secs / 0.006 secs)
2023-11-20T03:26:05.2495522Z [1A[2KChrome Headless 118.0.5993.117 (Linux x86_64): Executed 11 of 306 SUCCESS (0 secs / 0.007 secs)
2023-11-20T03:26:05.2498032Z [1A[2KChrome Headless 118.0.5993.117 (Linux x86_64): Executed 12 of 306 SUCCESS (0 secs / 0.007 secs)
2023-11-20T03:26:05.2500641Z [1A[2KChrome Headless 118.0.5993.117 (Linux x86_64): Executed 13 of 306 SUCCESS (0 secs / 0.007 secs)
2023-11-20T03:26:05.2503206Z [1A[2KChrome Headless 118.0.5993.117 (Linux x86_64): Executed 14 of 306 SUCCESS (0 secs / 0.007 secs)
2023-11-20T03:26:05.2505184Z [1A[2KChrome Headless 118.0.5993.117 (Linux x86_64): Executed 15 of 306 SUCCESS (0 secs / 0.007 secs)
2023-11-20T03:26:05.2506452Z [1A[2KChrome Headless 118.0.5993.117 (Linux x86_64): Executed 16 of 306 SUCCESS (0 secs / 0.007 secs)
2023-11-20T03:26:05.3502590Z [1A[2KChrome Headless 118.0.5993.117 (Linux x86_64): Executed 17 of 306 SUCCESS (0 secs / 0.11 secs)
2023-11-20T03:26:05.4513246Z [1A[2KChrome Headless 118.0.5993.117 (Linux x86_64): Executed 18 of 306 SUCCESS (0 secs / 0.211 secs)
2023-11-20T03:26:05.5526127Z [1A[2KChrome Headless 118.0.5993.117 (Linux x86_64): Executed 19 of 306 SUCCESS (0 secs / 0.312 secs)
2023-11-20T03:26:05.5533845Z [1A[2KChrome Headless 118.0.5993.117 (Linux x86_64): Executed 20 of 306 SUCCESS (0 secs / 0.313 secs)
2023-11-20T03:26:05.5539528Z [1A[2KChrome Headless 118.0.5993.117 (Linux x86_64): Executed 21 of 306 SUCCESS (0 secs / 0.313 secs)
2023-11-20T03:26:05.5549730Z [1A[2KChrome Headless 118.0.5993.117 (Linux x86_64): Executed 22 of 306 SUCCESS (0 secs / 0.314 secs)
2023-11-20T03:26:05.5555808Z [1A[2KChrome Headless 118.0.5993.117 (Linux x86_64): Executed 23 of 306 SUCCESS (0 secs / 0.315 secs)
2023-11-20T03:26:05.5567362Z [1A[2KChrome Headless 118.0.5993.117 (Linux x86_64): Executed 24 of 306 SUCCESS (0 secs / 0.316 secs)
2023-11-20T03:26:05.5572565Z [1A[2KChrome Headless 118.0.5993.117 (Linux x86_64): Executed 25 of 306 SUCCESS (0 secs / 0.316 secs)
2023-11-20T03:26:05.5579303Z [1A[2KChrome Headless 118.0.5993.117 (Linux x86_64): Executed 26 of 306 SUCCESS (0 secs / 0.317 secs)
2023-11-20T03:26:05.5586782Z [1A[2KChrome Headless 118.0.5993.117 (Linux x86_64): Executed 27 of 306 SUCCESS (0 secs / 0.318 secs)
2023-11-20T03:26:05.5589818Z [1A[2KChrome Headless 118.0.5993.117 (Linux x86_64): Executed 28 of 306 SUCCESS (0 secs / 0.318 secs)
2023-11-20T03:26:05.5592221Z [1A[2KChrome Headless 118.0.5993.117 (Linux x86_64): Executed 29 of 306 SUCCESS (0 secs / 0.318 secs)
2023-11-20T03:26:05.5594394Z [1A[2KChrome Headless 118.0.5993.117 (Linux x86_64): Executed 30 of 306 SUCCESS (0 secs / 0.318 secs)
2023-11-20T03:26:05.5596668Z [1A[2KChrome Headless 118.0.5993.117 (Linux x86_64): Executed 31 of 306 SUCCESS (0 secs / 0.319 secs)
2023-11-20T03:26:05.5599688Z [1A[2KChrome Headless 118.0.5993.117 (Linux x86_64): Executed 32 of 306 SUCCESS (0 secs / 0.319 secs)
2023-11-20T03:26:05.5601969Z [1A[2KChrome Headless 118.0.5993.117 (Linux x86_64): Executed 33 of 306 SUCCESS (0 secs / 0.319 secs)
2023-11-20T03:26:05.5604349Z [1A[2KChrome Headless 118.0.5993.117 (Linux x86_64): Executed 34 of 306 SUCCESS (0 secs / 0.319 secs)
2023-11-20T03:26:05.5606953Z [1A[2KChrome Headless 118.0.5993.117 (Linux x86_64): Executed 35 of 306 SUCCESS (0 secs / 0.32 secs)
2023-11-20T03:26:05.5608449Z [1A[2KChrome Headless 118.0.5993.117 (Linux x86_64): Executed 36 of 306 SUCCESS (0 secs / 0.32 secs)
2023-11-20T03:26:05.5615337Z [1A[2KChrome Headless 118.0.5993.117 (Linux x86_64): Executed 37 of 306 SUCCESS (0 secs / 0.321 secs)
2023-11-20T03:26:05.5620723Z [1A[2KChrome Headless 118.0.5993.117 (Linux x86_64): Executed 38 of 306 SUCCESS (0 secs / 0.321 secs)
2023-11-20T03:26:05.5625079Z [1A[2KChrome Headless 118.0.5993.117 (Linux x86_64): Executed 39 of 306 SUCCESS (0 secs / 0.322 secs)
2023-11-20T03:26:05.5626808Z [1A[2KChrome Headless 118.0.5993.117 (Linux x86_64): Executed 40 of 306 SUCCESS (0 secs / 0.322 secs)
2023-11-20T03:26:05.5633391Z [1A[2KChrome Headless 118.0.5993.117 (Linux x86_64): Executed 41 of 306 SUCCESS (0 secs / 0.322 secs)
2023-11-20T03:26:05.5635810Z [1A[2KChrome Headless 118.0.5993.117 (Linux x86_64): Executed 42 of 306 SUCCESS (0 secs / 0.322 secs)
2023-11-20T03:26:05.5637725Z [1A[2KChrome Headless 118.0.5993.117 (Linux x86_64): Executed 43 of 306 SUCCESS (0 secs / 0.322 secs)
2023-11-20T03:26:05.5639596Z [1A[2KChrome Headless 118.0.5993.117 (Linux x86_64): Executed 44 of 306 SUCCESS (0 secs / 0.322 secs)
2023-11-20T03:26:05.5648349Z [1A[2KChrome Headless 118.0.5993.117 (Linux x86_64): Executed 45 of 306 SUCCESS (0 secs / 0.323 secs)
2023-11-20T03:26:05.5652992Z [1A[2KChrome Headless 118.0.5993.117 (Linux x86_64): Executed 46 of 306 SUCCESS (0 secs / 0.323 secs)
2023-11-20T03:26:05.5655156Z [1A[2KChrome Headless 118.0.5993.117 (Linux x86_64): Executed 47 of 306 SUCCESS (0 secs / 0.323 secs)
2023-11-20T03:26:05.5657508Z [1A[2KChrome Headless 118.0.5993.117 (Linux x86_64): Executed 48 of 306 SUCCESS (0 secs / 0.324 secs)
2023-11-20T03:26:05.5659690Z [1A[2KChrome Headless 118.0.5993.117 (Linux x86_64): Executed 49 of 306 SUCCESS (0 secs / 0.324 secs)
2023-11-20T03:26:05.5661816Z [1A[2KChrome Headless 118.0.5993.117 (Linux x86_64): Executed 50 of 306 SUCCESS (0 secs / 0.324 secs)
2023-11-20T03:26:05.5664102Z [1A[2KChrome Headless 118.0.5993.117 (Linux x86_64): Executed 51 of 306 SUCCESS (0 secs / 0.324 secs)
2023-11-20T03:26:05.5666786Z [1A[2KChrome Headless 118.0.5993.117 (Linux x86_64): Executed 52 of 306 SUCCESS (0 secs / 0.325 secs)
2023-11-20T03:26:05.5669765Z [1A[2KChrome Headless 118.0.5993.117 (Linux x86_64): Executed 53 of 306 SUCCESS (0 secs / 0.325 secs)
2023-11-20T03:26:05.5672655Z [1A[2KChrome Headless 118.0.5993.117 (Linux x86_64): Executed 54 of 306 SUCCESS (0 secs / 0.325 secs)
2023-11-20T03:26:05.5674756Z [1A[2KChrome Headless 118.0.5993.117 (Linux x86_64): Executed 55 of 306 SUCCESS (0 secs / 0.325 secs)
2023-11-20T03:26:05.5676958Z [1A[2KChrome Headless 118.0.5993.117 (Linux x86_64): Executed 56 of 306 SUCCESS (0 secs / 0.325 secs)
2023-11-20T03:26:05.5679089Z [1A[2KChrome Headless 118.0.5993.117 (Linux x86_64): Executed 57 of 306 SUCCESS (0 secs / 0.325 secs)
2023-11-20T03:26:05.5681209Z [1A[2KChrome Headless 118.0.5993.117 (Linux x86_64): Executed 58 of 306 SUCCESS (0 secs / 0.326 secs)
2023-11-20T03:26:05.5683840Z [1A[2KChrome Headless 118.0.5993.117 (Linux x86_64): Executed 59 of 306 SUCCESS (0 secs / 0.326 secs)
2023-11-20T03:26:05.5685975Z [1A[2KChrome Headless 118.0.5993.117 (Linux x86_64): Executed 60 of 306 SUCCESS (0 secs / 0.326 secs)
2023-11-20T03:26:05.5688081Z [1A[2KChrome Headless 118.0.5993.117 (Linux x86_64): Executed 61 of 306 SUCCESS (0 secs / 0.326 secs)
2023-11-20T03:26:05.5690190Z [1A[2KChrome Headless 118.0.5993.117 (Linux x86_64): Executed 62 of 306 SUCCESS (0 secs / 0.326 secs)
2023-11-20T03:26:05.5692369Z [1A[2KChrome Headless 118.0.5993.117 (Linux x86_64): Executed 63 of 306 SUCCESS (0 secs / 0.326 secs)
2023-11-20T03:26:05.5694913Z [1A[2KChrome Headless 118.0.5993.117 (Linux x86_64): Executed 64 of 306 SUCCESS (0 secs / 0.326 secs)
2023-11-20T03:26:05.5697223Z [1A[2KChrome Headless 118.0.5993.117 (Linux x86_64): Executed 65 of 306 SUCCESS (0 secs / 0.327 secs)
2023-11-20T03:26:05.5699375Z [1A[2KChrome Headless 118.0.5993.117 (Linux x86_64): Executed 66 of 306 SUCCESS (0 secs / 0.327 secs)
2023-11-20T03:26:05.5703951Z [1A[2KChrome Headless 118.0.5993.117 (Linux x86_64): Executed 67 of 306 SUCCESS (0 secs / 0.327 secs)
2023-11-20T03:26:05.5706314Z [1A[2KChrome Headless 118.0.5993.117 (Linux x86_64): Executed 68 of 306 SUCCESS (0 secs / 0.327 secs)
2023-11-20T03:26:05.5708280Z [1A[2KChrome Headless 118.0.5993.117 (Linux x86_64): Executed 69 of 306 SUCCESS (0 secs / 0.328 secs)
2023-11-20T03:26:05.5710305Z [1A[2KChrome Headless 118.0.5993.117 (Linux x86_64): Executed 70 of 306 SUCCESS (0 secs / 0.328 secs)
2023-11-20T03:26:05.5712416Z [1A[2KChrome Headless 118.0.5993.117 (Linux x86_64): Executed 71 of 306 SUCCESS (0 secs / 0.328 secs)
2023-11-20T03:26:05.5714300Z [1A[2KChrome Headless 118.0.5993.117 (Linux x86_64): Executed 72 of 306 SUCCESS (0 secs / 0.328 secs)
2023-11-20T03:26:05.5716291Z [1A[2KChrome Headless 118.0.5993.117 (Linux x86_64): Executed 73 of 306 SUCCESS (0 secs / 0.329 secs)
2023-11-20T03:26:05.5718152Z [1A[2KChrome Headless 118.0.5993.117 (Linux x86_64): Executed 74 of 306 SUCCESS (0 secs / 0.329 secs)
2023-11-20T03:26:05.5720007Z [1A[2KChrome Headless 118.0.5993.117 (Linux x86_64): Executed 75 of 306 SUCCESS (0 secs / 0.329 secs)
2023-11-20T03:26:05.5722013Z [1A[2KChrome Headless 118.0.5993.117 (Linux x86_64): Executed 76 of 306 SUCCESS (0 secs / 0.329 secs)
2023-11-20T03:26:05.5723926Z [1A[2KChrome Headless 118.0.5993.117 (Linux x86_64): Executed 77 of 306 SUCCESS (0 secs / 0.329 secs)
2023-11-20T03:26:05.5725922Z [1A[2KChrome Headless 118.0.5993.117 (Linux x86_64): Executed 78 of 306 SUCCESS (0 secs / 0.33 secs)
2023-11-20T03:26:05.5729990Z [1A[2KChrome Headless 118.0.5993.117 (Linux x86_64): Executed 79 of 306 SUCCESS (0 secs / 0.33 secs)
2023-11-20T03:26:05.5735818Z [1A[2KChrome Headless 118.0.5993.117 (Linux x86_64): Executed 80 of 306 SUCCESS (0 secs / 0.331 secs)
2023-11-20T03:26:05.5739941Z [1A[2KChrome Headless 118.0.5993.117 (Linux x86_64): Executed 81 of 306 SUCCESS (0 secs / 0.331 secs)
2023-11-20T03:26:05.5744177Z [1A[2KChrome Headless 118.0.5993.117 (Linux x86_64): Executed 82 of 306 SUCCESS (0 secs / 0.332 secs)
2023-11-20T03:26:05.5750562Z [1A[2KChrome Headless 118.0.5993.117 (Linux x86_64): Executed 83 of 306 SUCCESS (0 secs / 0.332 secs)
2023-11-20T03:26:05.5754775Z [1A[2KChrome Headless 118.0.5993.117 (Linux x86_64): Executed 84 of 306 SUCCESS (0 secs / 0.333 secs)
2023-11-20T03:26:05.5759048Z [1A[2KChrome Headless 118.0.5993.117 (Linux x86_64): Executed 85 of 306 SUCCESS (0 secs / 0.333 secs)
2023-11-20T03:26:05.5763573Z [1A[2KChrome Headless 118.0.5993.117 (Linux x86_64): Executed 86 of 306 SUCCESS (0 secs / 0.333 secs)
2023-11-20T03:26:05.5767723Z [1A[2KChrome Headless 118.0.5993.117 (Linux x86_64): Executed 87 of 306 SUCCESS (0 secs / 0.333 secs)
2023-11-20T03:26:05.5772341Z [1A[2KChrome Headless 118.0.5993.117 (Linux x86_64): Executed 88 of 306 SUCCESS (0 secs / 0.333 secs)
2023-11-20T03:26:05.5776338Z [1A[2KChrome Headless 118.0.5993.117 (Linux x86_64): Executed 89 of 306 SUCCESS (0 secs / 0.333 secs)
2023-11-20T03:26:05.5779672Z [1A[2KChrome Headless 118.0.5993.117 (Linux x86_64): Executed 90 of 306 SUCCESS (0 secs / 0.333 secs)
2023-11-20T03:26:05.5784162Z [1A[2KChrome Headless 118.0.5993.117 (Linux x86_64): Executed 91 of 306 SUCCESS (0 secs / 0.333 secs)
2023-11-20T03:26:05.5786558Z [1A[2KChrome Headless 118.0.5993.117 (Linux x86_64): Executed 92 of 306 SUCCESS (0 secs / 0.333 secs)
2023-11-20T03:26:05.5787718Z [1A[2KChrome Headless 118.0.5993.117 (Linux x86_64): Executed 93 of 306 SUCCESS (0 secs / 0.334 secs)
2023-11-20T03:26:05.5796241Z [1A[2KChrome Headless 118.0.5993.117 (Linux x86_64): Executed 94 of 306 SUCCESS (0 secs / 0.334 secs)
2023-11-20T03:26:05.5801593Z [1A[2KChrome Headless 118.0.5993.117 (Linux x86_64): Executed 95 of 306 SUCCESS (0 secs / 0.334 secs)
2023-11-20T03:26:05.5806887Z [1A[2KChrome Headless 118.0.5993.117 (Linux x86_64): Executed 96 of 306 SUCCESS (0 secs / 0.334 secs)
2023-11-20T03:26:05.5808435Z [1A[2KChrome Headless 118.0.5993.117 (Linux x86_64): Executed 97 of 306 SUCCESS (0 secs / 0.334 secs)
2023-11-20T03:26:05.5816172Z [1A[2KChrome Headless 118.0.5993.117 (Linux x86_64): Executed 98 of 306 SUCCESS (0 secs / 0.336 secs)
2023-11-20T03:26:05.5819403Z [1A[2KChrome Headless 118.0.5993.117 (Linux x86_64): Executed 99 of 306 SUCCESS (0 secs / 0.336 secs)
2023-11-20T03:26:05.5821645Z [1A[2KChrome Headless 118.0.5993.117 (Linux x86_64): Executed 100 of 306 SUCCESS (0 secs / 0.336 secs)
2023-11-20T03:26:05.5827997Z [1A[2KChrome Headless 118.0.5993.117 (Linux x86_64): Executed 101 of 306 SUCCESS (0 secs / 0.337 secs)
2023-11-20T03:26:05.5829370Z [1A[2KChrome Headless 118.0.5993.117 (Linux x86_64): Executed 102 of 306 SUCCESS (0 secs / 0.337 secs)
2023-11-20T03:26:05.6074075Z [1A[2KChrome Headless 118.0.5993.117 (Linux x86_64): Executed 103 of 306 SUCCESS (0 secs / 0.361 secs)
2023-11-20T03:26:05.6079611Z [1A[2KChrome Headless 118.0.5993.117 (Linux x86_64): Executed 104 of 306 SUCCESS (0 secs / 0.362 secs)
2023-11-20T03:26:05.6136309Z [1A[2KChrome Headless 118.0.5993.117 (Linux x86_64): Executed 105 of 306 SUCCESS (0 secs / 0.368 secs)
2023-11-20T03:26:05.6138352Z [1A[2KChrome Headless 118.0.5993.117 (Linux x86_64): Executed 106 of 306 SUCCESS (0 secs / 0.368 secs)
2023-11-20T03:26:05.6142437Z [1A[2KChrome Headless 118.0.5993.117 (Linux x86_64): Executed 107 of 306 SUCCESS (0 secs / 0.368 secs)
2023-11-20T03:26:05.6145739Z [1A[2KChrome Headless 118.0.5993.117 (Linux x86_64): Executed 108 of 306 SUCCESS (0 secs / 0.369 secs)
2023-11-20T03:26:05.6152991Z [1A[2KChrome Headless 118.0.5993.117 (Linux x86_64): Executed 109 of 306 SUCCESS (0 secs / 0.369 secs)
2023-11-20T03:26:05.6159719Z [1A[2KChrome Headless 118.0.5993.117 (Linux x86_64): Executed 110 of 306 SUCCESS (0 secs / 0.37 secs)
2023-11-20T03:26:05.6167387Z [1A[2KChrome Headless 118.0.5993.117 (Linux x86_64): Executed 111 of 306 SUCCESS (0 secs / 0.371 secs)
2023-11-20T03:26:05.6174685Z [1A[2KChrome Headless 118.0.5993.117 (Linux x86_64): Executed 112 of 306 SUCCESS (0 secs / 0.372 secs)
2023-11-20T03:26:05.6181589Z [1A[2KChrome Headless 118.0.5993.117 (Linux x86_64): Executed 113 of 306 SUCCESS (0 secs / 0.372 secs)
2023-11-20T03:26:05.6188474Z [1A[2KChrome Headless 118.0.5993.117 (Linux x86_64): Executed 114 of 306 SUCCESS (0 secs / 0.373 secs)
2023-11-20T03:26:05.6196773Z [1A[2KChrome Headless 118.0.5993.117 (Linux x86_64): Executed 115 of 306 SUCCESS (0 secs / 0.374 secs)
2023-11-20T03:26:05.6201377Z [1A[2KChrome Headless 118.0.5993.117 (Linux x86_64): Executed 116 of 306 SUCCESS (0 secs / 0.374 secs)
2023-11-20T03:26:05.6207159Z [1A[2KChrome Headless 118.0.5993.117 (Linux x86_64): Executed 117 of 306 SUCCESS (0 secs / 0.375 secs)
2023-11-20T03:26:05.6450707Z [1A[2KChrome Headless 118.0.5993.117 (Linux x86_64): Executed 118 of 306 SUCCESS (0 secs / 0.399 secs)
2023-11-20T03:26:05.6454706Z [1A[2KChrome Headless 118.0.5993.117 (Linux x86_64): Executed 119 of 306 SUCCESS (0 secs / 0.399 secs)
2023-11-20T03:26:05.6461267Z [1A[2KChrome Headless 118.0.5993.117 (Linux x86_64): Executed 120 of 306 SUCCESS (0 secs / 0.399 secs)
2023-11-20T03:26:05.6466611Z [1A[2KChrome Headless 118.0.5993.117 (Linux x86_64): Executed 121 of 306 SUCCESS (0 secs / 0.4 secs)
2023-11-20T03:26:05.6472880Z [1A[2KChrome Headless 118.0.5993.117 (Linux x86_64): Executed 122 of 306 SUCCESS (0 secs / 0.4 secs)
2023-11-20T03:26:05.6478196Z [1A[2KChrome Headless 118.0.5993.117 (Linux x86_64): Executed 123 of 306 SUCCESS (0 secs / 0.401 secs)
2023-11-20T03:26:05.6482379Z [1A[2KChrome Headless 118.0.5993.117 (Linux x86_64): Executed 124 of 306 SUCCESS (0 secs / 0.401 secs)
2023-11-20T03:26:05.6487845Z [1A[2KChrome Headless 118.0.5993.117 (Linux x86_64): Executed 125 of 306 SUCCESS (0 secs / 0.402 secs)
2023-11-20T03:26:05.6493450Z [1A[2KChrome Headless 118.0.5993.117 (Linux x86_64): Executed 126 of 306 SUCCESS (0 secs / 0.402 secs)
2023-11-20T03:26:05.6495739Z [1A[2KChrome Headless 118.0.5993.117 (Linux x86_64): Executed 127 of 306 SUCCESS (0 secs / 0.402 secs)
2023-11-20T03:26:05.6498213Z [1A[2KChrome Headless 118.0.5993.117 (Linux x86_64): Executed 128 of 306 SUCCESS (0 secs / 0.402 secs)
2023-11-20T03:26:05.6505218Z [1A[2KChrome Headless 118.0.5993.117 (Linux x86_64): Executed 129 of 306 SUCCESS (0 secs / 0.403 secs)
2023-11-20T03:26:05.6517564Z [1A[2KChrome Headless 118.0.5993.117 (Linux x86_64): Executed 130 of 306 SUCCESS (0 secs / 0.404 secs)
2023-11-20T03:26:05.6519875Z [1A[2KChrome Headless 118.0.5993.117 (Linux x86_64): Executed 131 of 306 SUCCESS (0 secs / 0.404 secs)
2023-11-20T03:26:05.6522091Z [1A[2KChrome Headless 118.0.5993.117 (Linux x86_64): Executed 132 of 306 SUCCESS (0 secs / 0.404 secs)
2023-11-20T03:26:05.6525046Z [1A[2KChrome Headless 118.0.5993.117 (Linux x86_64): Executed 133 of 306 SUCCESS (0 secs / 0.404 secs)
2023-11-20T03:26:05.6527793Z [1A[2KChrome Headless 118.0.5993.117 (Linux x86_64): Executed 134 of 306 SUCCESS (0 secs / 0.404 secs)
2023-11-20T03:26:05.6529915Z [1A[2KChrome Headless 118.0.5993.117 (Linux x86_64): Executed 135 of 306 SUCCESS (0 secs / 0.404 secs)
2023-11-20T03:26:05.6539876Z [1A[2KChrome Headless 118.0.5993.117 (Linux x86_64): Executed 136 of 306 SUCCESS (0 secs / 0.404 secs)
2023-11-20T03:26:05.6545692Z [1A[2KChrome Headless 118.0.5993.117 (Linux x86_64): Executed 137 of 306 SUCCESS (0 secs / 0.404 secs)
2023-11-20T03:26:05.6548527Z [1A[2KChrome Headless 118.0.5993.117 (Linux x86_64): Executed 138 of 306 SUCCESS (0 secs / 0.405 secs)
2023-11-20T03:26:05.6550671Z [1A[2KChrome Headless 118.0.5993.117 (Linux x86_64): Executed 139 of 306 SUCCESS (0 secs / 0.405 secs)
2023-11-20T03:26:05.6552783Z [1A[2KChrome Headless 118.0.5993.117 (Linux x86_64): Executed 140 of 306 SUCCESS (0 secs / 0.405 secs)
2023-11-20T03:26:05.6553938Z [1A[2KChrome Headless 118.0.5993.117 (Linux x86_64): Executed 141 of 306 SUCCESS (0 secs / 0.405 secs)
2023-11-20T03:26:05.6555287Z [1A[2KChrome Headless 118.0.5993.117 (Linux x86_64): Executed 142 of 306 SUCCESS (0 secs / 0.405 secs)
2023-11-20T03:26:05.6556439Z [1A[2KChrome Headless 118.0.5993.117 (Linux x86_64): Executed 143 of 306 SUCCESS (0 secs / 0.405 secs)
2023-11-20T03:26:05.6558111Z [1A[2KChrome Headless 118.0.5993.117 (Linux x86_64): Executed 144 of 306 SUCCESS (0 secs / 0.405 secs)
2023-11-20T03:26:05.6560247Z [1A[2KChrome Headless 118.0.5993.117 (Linux x86_64): Executed 145 of 306 SUCCESS (0 secs / 0.405 secs)
2023-11-20T03:26:05.6563127Z [1A[2KChrome Headless 118.0.5993.117 (Linux x86_64): Executed 146 of 306 SUCCESS (0 secs / 0.406 secs)
2023-11-20T03:26:05.6577244Z [1A[2KChrome Headless 118.0.5993.117 (Linux x86_64): Executed 147 of 306 SUCCESS (0 secs / 0.407 secs)
2023-11-20T03:26:05.6581737Z [1A[2KChrome Headless 118.0.5993.117 (Linux x86_64): Executed 148 of 306 SUCCESS (0 secs / 0.408 secs)
2023-11-20T03:26:05.6636481Z [1A[2KChrome Headless 118.0.5993.117 (Linux x86_64): Executed 149 of 306 SUCCESS (0 secs / 0.413 secs)
2023-11-20T03:26:05.6639740Z [1A[2KChrome Headless 118.0.5993.117 (Linux x86_64): Executed 150 of 306 SUCCESS (0 secs / 0.414 secs)
2023-11-20T03:26:05.6641505Z [1A[2KChrome Headless 118.0.5993.117 (Linux x86_64): Executed 151 of 306 SUCCESS (0 secs / 0.414 secs)
2023-11-20T03:26:05.6644621Z [1A[2KChrome Headless 118.0.5993.117 (Linux x86_64): Executed 152 of 306 SUCCESS (0 secs / 0.414 secs)
2023-11-20T03:26:05.6647814Z [1A[2KChrome Headless 118.0.5993.117 (Linux x86_64): Executed 153 of 306 SUCCESS (0 secs / 0.415 secs)
2023-11-20T03:26:05.6650479Z [1A[2KChrome Headless 118.0.5993.117 (Linux x86_64): Executed 154 of 306 SUCCESS (0 secs / 0.415 secs)
2023-11-20T03:26:05.6652370Z [1A[2KChrome Headless 118.0.5993.117 (Linux x86_64): Executed 155 of 306 SUCCESS (0 secs / 0.415 secs)
2023-11-20T03:26:05.6654026Z [1A[2KChrome Headless 118.0.5993.117 (Linux x86_64): Executed 156 of 306 SUCCESS (0 secs / 0.415 secs)
2023-11-20T03:26:05.6656840Z [1A[2KChrome Headless 118.0.5993.117 (Linux x86_64): Executed 157 of 306 SUCCESS (0 secs / 0.415 secs)
2023-11-20T03:26:05.6658719Z [1A[2KChrome Headless 118.0.5993.117 (Linux x86_64): Executed 158 of 306 SUCCESS (0 secs / 0.416 secs)
2023-11-20T03:26:05.6661580Z [1A[2KChrome Headless 118.0.5993.117 (Linux x86_64): Executed 159 of 306 SUCCESS (0 secs / 0.416 secs)
2023-11-20T03:26:05.6663967Z [1A[2KChrome Headless 118.0.5993.117 (Linux x86_64): Executed 160 of 306 SUCCESS (0 secs / 0.416 secs)
2023-11-20T03:26:05.6666226Z [1A[2KChrome Headless 118.0.5993.117 (Linux x86_64): Executed 161 of 306 SUCCESS (0 secs / 0.416 secs)
2023-11-20T03:26:05.6669311Z [1A[2KChrome Headless 118.0.5993.117 (Linux x86_64): Executed 162 of 306 SUCCESS (0 secs / 0.416 secs)
2023-11-20T03:26:05.6673337Z [1A[2KChrome Headless 118.0.5993.117 (Linux x86_64): Executed 163 of 306 SUCCESS (0 secs / 0.416 secs)
2023-11-20T03:26:05.6675554Z [1A[2KChrome Headless 118.0.5993.117 (Linux x86_64): Executed 164 of 306 SUCCESS (0 secs / 0.416 secs)
2023-11-20T03:26:05.6677655Z [1A[2KChrome Headless 118.0.5993.117 (Linux x86_64): Executed 165 of 306 SUCCESS (0 secs / 0.416 secs)
2023-11-20T03:26:05.6679697Z [1A[2KChrome Headless 118.0.5993.117 (Linux x86_64): Executed 166 of 306 SUCCESS (0 secs / 0.416 secs)
2023-11-20T03:26:05.6680985Z [1A[2KChrome Headless 118.0.5993.117 (Linux x86_64): Executed 167 of 306 SUCCESS (0 secs / 0.416 secs)
2023-11-20T03:26:05.6684782Z [1A[2KChrome Headless 118.0.5993.117 (Linux x86_64): Executed 168 of 306 SUCCESS (0 secs / 0.417 secs)
2023-11-20T03:26:05.6688209Z [1A[2KChrome Headless 118.0.5993.117 (Linux x86_64): Executed 169 of 306 SUCCESS (0 secs / 0.417 secs)
2023-11-20T03:26:05.6691388Z [1A[2KChrome Headless 118.0.5993.117 (Linux x86_64): Executed 170 of 306 SUCCESS (0 secs / 0.417 secs)
2023-11-20T03:26:05.6694273Z [1A[2KChrome Headless 118.0.5993.117 (Linux x86_64): Executed 171 of 306 SUCCESS (0 secs / 0.418 secs)
2023-11-20T03:26:05.6699435Z [1A[2KChrome Headless 118.0.5993.117 (Linux x86_64): Executed 172 of 306 SUCCESS (0 secs / 0.418 secs)
2023-11-20T03:26:05.6702044Z [1A[2KChrome Headless 118.0.5993.117 (Linux x86_64): Executed 173 of 306 SUCCESS (0 secs / 0.418 secs)
2023-11-20T03:26:05.6707992Z [1A[2KChrome Headless 118.0.5993.117 (Linux x86_64): Executed 174 of 306 SUCCESS (0 secs / 0.418 secs)
2023-11-20T03:26:05.6709652Z [1A[2KChrome Headless 118.0.5993.117 (Linux x86_64): Executed 175 of 306 SUCCESS (0 secs / 0.418 secs)
2023-11-20T03:26:05.6716490Z [1A[2KChrome Headless 118.0.5993.117 (Linux x86_64): Executed 176 of 306 SUCCESS (0 secs / 0.418 secs)
2023-11-20T03:26:05.6717928Z [1A[2KChrome Headless 118.0.5993.117 (Linux x86_64): Executed 177 of 306 SUCCESS (0 secs / 0.418 secs)
2023-11-20T03:26:05.6719446Z [1A[2KChrome Headless 118.0.5993.117 (Linux x86_64): Executed 178 of 306 SUCCESS (0 secs / 0.418 secs)
2023-11-20T03:26:05.6721839Z [1A[2KChrome Headless 118.0.5993.117 (Linux x86_64): Executed 179 of 306 SUCCESS (0 secs / 0.418 secs)
2023-11-20T03:26:05.6727395Z [1A[2KChrome Headless 118.0.5993.117 (Linux x86_64): Executed 180 of 306 SUCCESS (0 secs / 0.419 secs)
2023-11-20T03:26:05.6731867Z [1A[2KChrome Headless 118.0.5993.117 (Linux x86_64): Executed 181 of 306 SUCCESS (0 secs / 0.419 secs)
2023-11-20T03:26:05.6736141Z [1A[2KChrome Headless 118.0.5993.117 (Linux x86_64): Executed 182 of 306 SUCCESS (0 secs / 0.42 secs)
2023-11-20T03:26:05.6738554Z [1A[2KChrome Headless 118.0.5993.117 (Linux x86_64): Executed 183 of 306 SUCCESS (0 secs / 0.42 secs)
2023-11-20T03:26:05.7752101Z [1A[2KChrome Headless 118.0.5993.117 (Linux x86_64): Executed 184 of 306 SUCCESS (0 secs / 0.521 secs)
2023-11-20T03:26:05.7755317Z [1A[2KChrome Headless 118.0.5993.117 (Linux x86_64): Executed 185 of 306 SUCCESS (0 secs / 0.521 secs)
2023-11-20T03:26:05.7757514Z [1A[2KChrome Headless 118.0.5993.117 (Linux x86_64): Executed 186 of 306 SUCCESS (0 secs / 0.522 secs)
2023-11-20T03:26:05.7762194Z [1A[2KChrome Headless 118.0.5993.117 (Linux x86_64): Executed 187 of 306 SUCCESS (0 secs / 0.522 secs)
2023-11-20T03:26:05.7769648Z [1A[2KChrome Headless 118.0.5993.117 (Linux x86_64): Executed 188 of 306 SUCCESS (0 secs / 0.523 secs)
2023-11-20T03:26:05.7775284Z [1A[2KChrome Headless 118.0.5993.117 (Linux x86_64): Executed 189 of 306 SUCCESS (0 secs / 0.524 secs)
2023-11-20T03:26:05.7779848Z [1A[2KChrome Headless 118.0.5993.117 (Linux x86_64): Executed 190 of 306 SUCCESS (0 secs / 0.524 secs)
2023-11-20T03:26:05.7785859Z [1A[2KChrome Headless 118.0.5993.117 (Linux x86_64): Executed 191 of 306 SUCCESS (0 secs / 0.525 secs)
2023-11-20T03:26:05.7790198Z [1A[2KChrome Headless 118.0.5993.117 (Linux x86_64): Executed 192 of 306 SUCCESS (0 secs / 0.525 secs)
2023-11-20T03:26:05.7795112Z [1A[2KChrome Headless 118.0.5993.117 (Linux x86_64): Executed 193 of 306 SUCCESS (0 secs / 0.526 secs)
2023-11-20T03:26:05.7799711Z [1A[2KChrome Headless 118.0.5993.117 (Linux x86_64): Executed 194 of 306 SUCCESS (0 secs / 0.526 secs)
2023-11-20T03:26:05.7804702Z [1A[2KChrome Headless 118.0.5993.117 (Linux x86_64): Executed 195 of 306 SUCCESS (0 secs / 0.527 secs)
2023-11-20T03:26:05.7809862Z [1A[2KChrome Headless 118.0.5993.117 (Linux x86_64): Executed 196 of 306 SUCCESS (0 secs / 0.527 secs)
2023-11-20T03:26:05.9324291Z [1A[2KChrome Headless 118.0.5993.117 (Linux x86_64): Executed 197 of 306 SUCCESS (0 secs / 0.678 secs)
2023-11-20T03:26:05.9326388Z [1A[2KChrome Headless 118.0.5993.117 (Linux x86_64): Executed 198 of 306 SUCCESS (0 secs / 0.679 secs)
2023-11-20T03:26:06.0341831Z [1A[2KChrome Headless 118.0.5993.117 (Linux x86_64): Executed 199 of 306 SUCCESS (0 secs / 0.78 secs)
2023-11-20T03:26:06.1350543Z [1A[2KChrome Headless 118.0.5993.117 (Linux x86_64): Executed 200 of 306 SUCCESS (0 secs / 0.881 secs)
2023-11-20T03:26:06.2361524Z [1A[2KChrome Headless 118.0.5993.117 (Linux x86_64): Executed 201 of 306 SUCCESS (0 secs / 0.982 secs)
2023-11-20T03:26:06.3371876Z [1A[2KChrome Headless 118.0.5993.117 (Linux x86_64): Executed 202 of 306 SUCCESS (0 secs / 1.083 secs)
2023-11-20T03:26:06.4381499Z [1A[2KChrome Headless 118.0.5993.117 (Linux x86_64): Executed 203 of 306 SUCCESS (0 secs / 1.184 secs)
2023-11-20T03:26:06.5392520Z [1A[2KChrome Headless 118.0.5993.117 (Linux x86_64): Executed 204 of 306 SUCCESS (0 secs / 1.285 secs)
2023-11-20T03:26:06.6400328Z [1A[2KChrome Headless 118.0.5993.117 (Linux x86_64): Executed 205 of 306 SUCCESS (0 secs / 1.386 secs)
2023-11-20T03:26:06.7407602Z [1A[2KChrome Headless 118.0.5993.117 (Linux x86_64): Executed 206 of 306 SUCCESS (0 secs / 1.487 secs)
2023-11-20T03:26:06.8418698Z [1A[2KChrome Headless 118.0.5993.117 (Linux x86_64): Executed 207 of 306 SUCCESS (0 secs / 1.588 secs)
2023-11-20T03:26:06.9428577Z [1A[2KChrome Headless 118.0.5993.117 (Linux x86_64): Executed 208 of 306 SUCCESS (0 secs / 1.688 secs)
2023-11-20T03:26:07.0438637Z [1A[2KChrome Headless 118.0.5993.117 (Linux x86_64): Executed 209 of 306 SUCCESS (0 secs / 1.788 secs)
2023-11-20T03:26:07.1448205Z [1A[2KChrome Headless 118.0.5993.117 (Linux x86_64): Executed 210 of 306 SUCCESS (0 secs / 1.888 secs)
2023-11-20T03:26:07.1453407Z [1A[2KChrome Headless 118.0.5993.117 (Linux x86_64): Executed 211 of 306 SUCCESS (0 secs / 1.888 secs)
2023-11-20T03:26:07.1459872Z [1A[2KChrome Headless 118.0.5993.117 (Linux x86_64): Executed 212 of 306 SUCCESS (0 secs / 1.889 secs)
2023-11-20T03:26:07.1462445Z [1A[2KChrome Headless 118.0.5993.117 (Linux x86_64): Executed 213 of 306 SUCCESS (0 secs / 1.889 secs)
2023-11-20T03:26:07.1465790Z [1A[2KChrome Headless 118.0.5993.117 (Linux x86_64): Executed 214 of 306 SUCCESS (0 secs / 1.889 secs)
2023-11-20T03:26:07.1468397Z [1A[2KChrome Headless 118.0.5993.117 (Linux x86_64): Executed 215 of 306 SUCCESS (0 secs / 1.889 secs)
2023-11-20T03:26:07.1475018Z [1A[2KChrome Headless 118.0.5993.117 (Linux x86_64): Executed 216 of 306 SUCCESS (0 secs / 1.889 secs)
2023-11-20T03:26:07.1477229Z [1A[2KChrome Headless 118.0.5993.117 (Linux x86_64): Executed 217 of 306 SUCCESS (0 secs / 1.889 secs)
2023-11-20T03:26:07.1481296Z [1A[2KChrome Headless 118.0.5993.117 (Linux x86_64): Executed 218 of 306 SUCCESS (0 secs / 1.889 secs)
2023-11-20T03:26:07.1488696Z [1A[2KChrome Headless 118.0.5993.117 (Linux x86_64): Executed 219 of 306 SUCCESS (0 secs / 1.89 secs)
2023-11-20T03:26:07.1491583Z [1A[2KChrome Headless 118.0.5993.117 (Linux x86_64): Executed 220 of 306 SUCCESS (0 secs / 1.89 secs)
2023-11-20T03:26:07.1493783Z [1A[2KChrome Headless 118.0.5993.117 (Linux x86_64): Executed 221 of 306 SUCCESS (0 secs / 1.89 secs)
2023-11-20T03:26:07.1495934Z [1A[2KChrome Headless 118.0.5993.117 (Linux x86_64): Executed 222 of 306 SUCCESS (0 secs / 1.891 secs)
2023-11-20T03:26:07.1498254Z [1A[2KChrome Headless 118.0.5993.117 (Linux x86_64): Executed 223 of 306 SUCCESS (0 secs / 1.891 secs)
2023-11-20T03:26:07.1505477Z [1A[2KChrome Headless 118.0.5993.117 (Linux x86_64): Executed 224 of 306 SUCCESS (0 secs / 1.892 secs)
2023-11-20T03:26:07.1509927Z [1A[2KChrome Headless 118.0.5993.117 (Linux x86_64): Executed 225 of 306 SUCCESS (0 secs / 1.892 secs)
2023-11-20T03:26:07.1515456Z [1A[2KChrome Headless 118.0.5993.117 (Linux x86_64): Executed 226 of 306 SUCCESS (0 secs / 1.893 secs)
2023-11-20T03:26:07.1520858Z [1A[2KChrome Headless 118.0.5993.117 (Linux x86_64): Executed 227 of 306 SUCCESS (0 secs / 1.893 secs)
2023-11-20T03:26:07.1525393Z [1A[2KChrome Headless 118.0.5993.117 (Linux x86_64): Executed 228 of 306 SUCCESS (0 secs / 1.894 secs)
2023-11-20T03:26:07.1530163Z [1A[2KChrome Headless 118.0.5993.117 (Linux x86_64): Executed 229 of 306 SUCCESS (0 secs / 1.894 secs)
2023-11-20T03:26:07.2541972Z [1A[2KChrome Headless 118.0.5993.117 (Linux x86_64): Executed 230 of 306 SUCCESS (0 secs / 1.995 secs)
2023-11-20T03:26:07.3547352Z [1A[2KChrome Headless 118.0.5993.117 (Linux x86_64): Executed 231 of 306 SUCCESS (0 secs / 2.095 secs)
2023-11-20T03:26:07.4554206Z [1A[2KChrome Headless 118.0.5993.117 (Linux x86_64): Executed 232 of 306 SUCCESS (0 secs / 2.195 secs)
2023-11-20T03:26:07.4556767Z [1A[2KChrome Headless 118.0.5993.117 (Linux x86_64): Executed 233 of 306 SUCCESS (0 secs / 2.196 secs)
2023-11-20T03:26:07.4561340Z [1A[2KChrome Headless 118.0.5993.117 (Linux x86_64): Executed 234 of 306 SUCCESS (0 secs / 2.196 secs)
2023-11-20T03:26:07.4565505Z [1A[2KChrome Headless 118.0.5993.117 (Linux x86_64): Executed 235 of 306 SUCCESS (0 secs / 2.197 secs)
2023-11-20T03:26:07.4570008Z [1A[2KChrome Headless 118.0.5993.117 (Linux x86_64): Executed 236 of 306 SUCCESS (0 secs / 2.197 secs)
2023-11-20T03:26:07.4574804Z [1A[2KChrome Headless 118.0.5993.117 (Linux x86_64): Executed 237 of 306 SUCCESS (0 secs / 2.198 secs)
2023-11-20T03:26:07.4581370Z [1A[2KChrome Headless 118.0.5993.117 (Linux x86_64): Executed 238 of 306 SUCCESS (0 secs / 2.198 secs)
2023-11-20T03:26:07.4586268Z [1A[2KChrome Headless 118.0.5993.117 (Linux x86_64): Executed 239 of 306 SUCCESS (0 secs / 2.199 secs)
2023-11-20T03:26:07.4692710Z [1A[2KChrome Headless 118.0.5993.117 (Linux x86_64): Executed 240 of 306 SUCCESS (0 secs / 2.209 secs)
2023-11-20T03:26:07.4696940Z [1A[2KChrome Headless 118.0.5993.117 (Linux x86_64): Executed 241 of 306 SUCCESS (0 secs / 2.21 secs)
2023-11-20T03:26:07.4702351Z [1A[2KChrome Headless 118.0.5993.117 (Linux x86_64): Executed 242 of 306 SUCCESS (0 secs / 2.21 secs)
2023-11-20T03:26:07.4707411Z [1A[2KChrome Headless 118.0.5993.117 (Linux x86_64): Executed 243 of 306 SUCCESS (0 secs / 2.211 secs)
2023-11-20T03:26:07.4711880Z [1A[2KChrome Headless 118.0.5993.117 (Linux x86_64): Executed 244 of 306 SUCCESS (0 secs / 2.211 secs)
2023-11-20T03:26:07.4716611Z [1A[2KChrome Headless 118.0.5993.117 (Linux x86_64): Executed 245 of 306 SUCCESS (0 secs / 2.212 secs)
2023-11-20T03:26:07.4721173Z [1A[2KChrome Headless 118.0.5993.117 (Linux x86_64): Executed 246 of 306 SUCCESS (0 secs / 2.212 secs)
2023-11-20T03:26:07.5731588Z [1A[2KChrome Headless 118.0.5993.117 (Linux x86_64): Executed 247 of 306 SUCCESS (0 secs / 2.313 secs)
2023-11-20T03:26:07.6742009Z [1A[2KChrome Headless 118.0.5993.117 (Linux x86_64): Executed 248 of 306 SUCCESS (0 secs / 2.414 secs)
2023-11-20T03:26:07.7752414Z [1A[2KChrome Headless 118.0.5993.117 (Linux x86_64): Executed 249 of 306 SUCCESS (0 secs / 2.515 secs)
2023-11-20T03:26:07.8764187Z [1A[2KChrome Headless 118.0.5993.117 (Linux x86_64): Executed 250 of 306 SUCCESS (0 secs / 2.616 secs)
2023-11-20T03:26:07.8769307Z [1A[2KChrome Headless 118.0.5993.117 (Linux x86_64): Executed 251 of 306 SUCCESS (0 secs / 2.617 secs)
2023-11-20T03:26:07.8776400Z [1A[2KChrome Headless 118.0.5993.117 (Linux x86_64): Executed 252 of 306 SUCCESS (0 secs / 2.618 secs)
2023-11-20T03:26:07.8781295Z [1A[2KChrome Headless 118.0.5993.117 (Linux x86_64): Executed 253 of 306 SUCCESS (0 secs / 2.618 secs)
2023-11-20T03:26:07.9795967Z [1A[2KChrome Headless 118.0.5993.117 (Linux x86_64): Executed 254 of 306 SUCCESS (0 secs / 2.719 secs)
2023-11-20T03:26:07.9799721Z [1A[2KChrome Headless 118.0.5993.117 (Linux x86_64): Executed 255 of 306 SUCCESS (0 secs / 2.72 secs)
2023-11-20T03:26:07.9803659Z [1A[2KChrome Headless 118.0.5993.117 (Linux x86_64): Executed 256 of 306 SUCCESS (0 secs / 2.72 secs)
2023-11-20T03:26:07.9809985Z [1A[2KChrome Headless 118.0.5993.117 (Linux x86_64): Executed 257 of 306 SUCCESS (0 secs / 2.721 secs)
2023-11-20T03:26:07.9813578Z [1A[2KChrome Headless 118.0.5993.117 (Linux x86_64): Executed 258 of 306 SUCCESS (0 secs / 2.721 secs)
2023-11-20T03:26:07.9820808Z [1A[2KChrome Headless 118.0.5993.117 (Linux x86_64): Executed 259 of 306 SUCCESS (0 secs / 2.721 secs)
2023-11-20T03:26:08.0834383Z [1A[2KChrome Headless 118.0.5993.117 (Linux x86_64): Executed 260 of 306 SUCCESS (0 secs / 2.822 secs)
2023-11-20T03:26:08.1845864Z [1A[2KChrome Headless 118.0.5993.117 (Linux x86_64): Executed 261 of 306 SUCCESS (0 secs / 2.923 secs)
2023-11-20T03:26:08.2856666Z [1A[2KChrome Headless 118.0.5993.117 (Linux x86_64): Executed 262 of 306 SUCCESS (0 secs / 3.024 secs)
2023-11-20T03:26:08.3868640Z [1A[2KChrome Headless 118.0.5993.117 (Linux x86_64): Executed 263 of 306 SUCCESS (0 secs / 3.125 secs)
2023-11-20T03:26:08.3877732Z [1A[2KChrome Headless 118.0.5993.117 (Linux x86_64): Executed 264 of 306 SUCCESS (0 secs / 3.125 secs)
2023-11-20T03:26:08.3883683Z [1A[2KChrome Headless 118.0.5993.117 (Linux x86_64): Executed 265 of 306 SUCCESS (0 secs / 3.126 secs)
2023-11-20T03:26:08.3886730Z [1A[2KChrome Headless 118.0.5993.117 (Linux x86_64): Executed 266 of 306 SUCCESS (0 secs / 3.127 secs)
2023-11-20T03:26:08.3899761Z [1A[2KChrome Headless 118.0.5993.117 (Linux x86_64): Executed 267 of 306 SUCCESS (0 secs / 3.127 secs)
2023-11-20T03:26:08.3902725Z [1A[2KChrome Headless 118.0.5993.117 (Linux x86_64): Executed 268 of 306 SUCCESS (0 secs / 3.128 secs)
2023-11-20T03:26:08.3905280Z [1A[2KChrome Headless 118.0.5993.117 (Linux x86_64): Executed 269 of 306 SUCCESS (0 secs / 3.128 secs)
2023-11-20T03:26:08.3923374Z [1A[2KChrome Headless 118.0.5993.117 (Linux x86_64): Executed 270 of 306 SUCCESS (0 secs / 3.128 secs)
2023-11-20T03:26:08.3925396Z [1A[2KChrome Headless 118.0.5993.117 (Linux x86_64): Executed 271 of 306 SUCCESS (0 secs / 3.129 secs)
2023-11-20T03:26:08.3927297Z [1A[2KChrome Headless 118.0.5993.117 (Linux x86_64): Executed 272 of 306 SUCCESS (0 secs / 3.129 secs)
2023-11-20T03:26:08.3929790Z [1A[2KChrome Headless 118.0.5993.117 (Linux x86_64): Executed 273 of 306 SUCCESS (0 secs / 3.129 secs)
2023-11-20T03:26:08.3932153Z [1A[2KChrome Headless 118.0.5993.117 (Linux x86_64): Executed 274 of 306 SUCCESS (0 secs / 3.129 secs)
2023-11-20T03:26:08.3934239Z [1A[2KChrome Headless 118.0.5993.117 (Linux x86_64): Executed 275 of 306 SUCCESS (0 secs / 3.13 secs)
2023-11-20T03:26:08.3936441Z [1A[2KChrome Headless 118.0.5993.117 (Linux x86_64): Executed 276 of 306 SUCCESS (0 secs / 3.13 secs)
2023-11-20T03:26:08.3938287Z [1A[2KChrome Headless 118.0.5993.117 (Linux x86_64): Executed 277 of 306 SUCCESS (0 secs / 3.13 secs)
2023-11-20T03:26:08.3940530Z [1A[2KChrome Headless 118.0.5993.117 (Linux x86_64): Executed 278 of 306 SUCCESS (0 secs / 3.13 secs)
2023-11-20T03:26:08.3942595Z [1A[2KChrome Headless 118.0.5993.117 (Linux x86_64): Executed 279 of 306 SUCCESS (0 secs / 3.131 secs)
2023-11-20T03:26:08.3944474Z [1A[2KChrome Headless 118.0.5993.117 (Linux x86_64): Executed 280 of 306 SUCCESS (0 secs / 3.131 secs)
2023-11-20T03:26:08.3946619Z [1A[2KChrome Headless 118.0.5993.117 (Linux x86_64): Executed 281 of 306 SUCCESS (0 secs / 3.132 secs)
2023-11-20T03:26:08.3948630Z [1A[2KChrome Headless 118.0.5993.117 (Linux x86_64): Executed 282 of 306 SUCCESS (0 secs / 3.132 secs)
2023-11-20T03:26:08.3951062Z [1A[2KChrome Headless 118.0.5993.117 (Linux x86_64): Executed 283 of 306 SUCCESS (0 secs / 3.132 secs)
2023-11-20T03:26:08.3953167Z [1A[2KChrome Headless 118.0.5993.117 (Linux x86_64): Executed 284 of 306 SUCCESS (0 secs / 3.132 secs)
2023-11-20T03:26:08.3957164Z [1A[2KChrome Headless 118.0.5993.117 (Linux x86_64): Executed 285 of 306 SUCCESS (0 secs / 3.132 secs)
2023-11-20T03:26:08.3969281Z [1A[2KChrome Headless 118.0.5993.117 (Linux x86_64): Executed 286 of 306 SUCCESS (0 secs / 3.132 secs)
2023-11-20T03:26:08.3971515Z [1A[2KChrome Headless 118.0.5993.117 (Linux x86_64): Executed 287 of 306 SUCCESS (0 secs / 3.132 secs)
2023-11-20T03:26:08.3973520Z [1A[2KChrome Headless 118.0.5993.117 (Linux x86_64): Executed 288 of 306 SUCCESS (0 secs / 3.132 secs)
2023-11-20T03:26:08.3975613Z [1A[2KChrome Headless 118.0.5993.117 (Linux x86_64): Executed 289 of 306 SUCCESS (0 secs / 3.132 secs)
2023-11-20T03:26:08.3977508Z [1A[2KChrome Headless 118.0.5993.117 (Linux x86_64): Executed 290 of 306 SUCCESS (0 secs / 3.132 secs)
2023-11-20T03:26:08.3981849Z [1A[2KChrome Headless 118.0.5993.117 (Linux x86_64): Executed 291 of 306 SUCCESS (0 secs / 3.132 secs)
2023-11-20T03:26:08.3983946Z [1A[2KChrome Headless 118.0.5993.117 (Linux x86_64): Executed 292 of 306 SUCCESS (0 secs / 3.132 secs)
2023-11-20T03:26:08.3985936Z [1A[2KChrome Headless 118.0.5993.117 (Linux x86_64): Executed 293 of 306 SUCCESS (0 secs / 3.132 secs)
2023-11-20T03:26:08.3987801Z [1A[2KChrome Headless 118.0.5993.117 (Linux x86_64): Executed 294 of 306 SUCCESS (0 secs / 3.132 secs)
2023-11-20T03:26:08.3989970Z [1A[2KChrome Headless 118.0.5993.117 (Linux x86_64): Executed 295 of 306 SUCCESS (0 secs / 3.132 secs)
2023-11-20T03:26:08.3992998Z [1A[2KChrome Headless 118.0.5993.117 (Linux x86_64): Executed 296 of 306 SUCCESS (0 secs / 3.132 secs)
2023-11-20T03:26:08.3994965Z [1A[2KChrome Headless 118.0.5993.117 (Linux x86_64): Executed 297 of 306 SUCCESS (0 secs / 3.132 secs)
2023-11-20T03:26:08.3997105Z [1A[2KChrome Headless 118.0.5993.117 (Linux x86_64): Executed 298 of 306 SUCCESS (0 secs / 3.132 secs)
2023-11-20T03:26:08.3999061Z [1A[2KChrome Headless 118.0.5993.117 (Linux x86_64): Executed 299 of 306 SUCCESS (0 secs / 3.132 secs)
2023-11-20T03:26:08.4000828Z [1A[2KChrome Headless 118.0.5993.117 (Linux x86_64): Executed 300 of 306 SUCCESS (0 secs / 3.132 secs)
2023-11-20T03:26:08.4002967Z [1A[2KChrome Headless 118.0.5993.117 (Linux x86_64): Executed 301 of 306 SUCCESS (0 secs / 3.132 secs)
2023-11-20T03:26:08.4009888Z [1A[2KChrome Headless 118.0.5993.117 (Linux x86_64): Executed 302 of 306 SUCCESS (0 secs / 3.133 secs)
2023-11-20T03:26:08.4015019Z [1A[2KChrome Headless 118.0.5993.117 (Linux x86_64): Executed 303 of 306 SUCCESS (0 secs / 3.134 secs)
2023-11-20T03:26:08.4026187Z [1A[2KChrome Headless 118.0.5993.117 (Linux x86_64): Executed 304 of 306 SUCCESS (0 secs / 3.134 secs)
2023-11-20T03:26:08.4029663Z [1A[2KChrome Headless 118.0.5993.117 (Linux x86_64): Executed 305 of 306 SUCCESS (0 secs / 3.135 secs)
2023-11-20T03:26:08.4346065Z [1A[2KChrome Headless 118.0.5993.117 (Linux x86_64) xsrf should set xsrf header for cross origin when using withCredentials FAILED
2023-11-20T03:26:08.4348308Z 	Expected undefined to equal '12345'.
2023-11-20T03:26:08.4349827Z 	    at test/specs/xsrf.spec.js:78:69 <- test/specs/xsrf.spec.js:1279:71
2023-11-20T03:26:08.4352252Z Chrome Headless 118.0.5993.117 (Linux x86_64): Executed 306 of 306 (1 FAILED) (0 secs / 3.138 secs)
2023-11-20T03:26:08.4354935Z [1A[2KChrome Headless 118.0.5993.117 (Linux x86_64): Executed 306 of 306 (1 FAILED) (3.194 secs / 3.138 secs)
2023-11-20T03:26:12.5584455Z [32m20 11 2023 03:26:12.557:INFO [Firefox 119.0 (Ubuntu 0.0.0)]: [39mConnected on socket vSgyOept1Kbcbe0BAAAD with id 13100020
2023-11-20T03:26:12.8693901Z 
2023-11-20T03:26:12.8696186Z [1A[2K[1A[2KChrome Headless 118.0.5993.117 (Linux x86_64): Executed 306 of 306 (1 FAILED) (3.194 secs / 3.138 secs)
2023-11-20T03:26:12.8698073Z Firefox 119.0 (Ubuntu 0.0.0): Executed 0 of 306 SUCCESS (0 secs / 0 secs)
2023-11-20T03:26:12.8703482Z [1A[2K[1A[2KChrome Headless 118.0.5993.117 (Linux x86_64): Executed 306 of 306 (1 FAILED) (3.194 secs / 3.138 secs)
2023-11-20T03:26:12.8705803Z Firefox 119.0 (Ubuntu 0.0.0): Executed 1 of 306 SUCCESS (0 secs / 0.003 secs)
2023-11-20T03:26:12.8708375Z [1A[2K[1A[2KChrome Headless 118.0.5993.117 (Linux x86_64): Executed 306 of 306 (1 FAILED) (3.194 secs / 3.138 secs)
2023-11-20T03:26:12.8710330Z Firefox 119.0 (Ubuntu 0.0.0): Executed 2 of 306 SUCCESS (0 secs / 0.004 secs)
2023-11-20T03:26:12.8714873Z [1A[2K[1A[2KChrome Headless 118.0.5993.117 (Linux x86_64): Executed 306 of 306 (1 FAILED) (3.194 secs / 3.138 secs)
2023-11-20T03:26:12.8716858Z Firefox 119.0 (Ubuntu 0.0.0): Executed 3 of 306 SUCCESS (0 secs / 0.005 secs)
2023-11-20T03:26:12.8718395Z [1A[2K[1A[2KChrome Headless 118.0.5993.117 (Linux x86_64): Executed 306 of 306 (1 FAILED) (3.194 secs / 3.138 secs)
2023-11-20T03:26:12.8724673Z Firefox 119.0 (Ubuntu 0.0.0): Executed 4 of 306 SUCCESS (0 secs / 0.006 secs)
2023-11-20T03:26:12.8726541Z [1A[2K[1A[2KChrome Headless 118.0.5993.117 (Linux x86_64): Executed 306 of 306 (1 FAILED) (3.194 secs / 3.138 secs)
2023-11-20T03:26:12.8728029Z Firefox 119.0 (Ubuntu 0.0.0): Executed 5 of 306 SUCCESS (0 secs / 0.006 secs)
2023-11-20T03:26:12.8731115Z [1A[2K[1A[2KChrome Headless 118.0.5993.117 (Linux x86_64): Executed 306 of 306 (1 FAILED) (3.194 secs / 3.138 secs)
2023-11-20T03:26:12.8732885Z Firefox 119.0 (Ubuntu 0.0.0): Executed 6 of 306 SUCCESS (0 secs / 0.007 secs)
2023-11-20T03:26:12.8734864Z [1A[2K[1A[2KChrome Headless 118.0.5993.117 (Linux x86_64): Executed 306 of 306 (1 FAILED) (3.194 secs / 3.138 secs)
2023-11-20T03:26:12.8736670Z Firefox 119.0 (Ubuntu 0.0.0): Executed 7 of 306 SUCCESS (0 secs / 0.007 secs)
2023-11-20T03:26:12.8741656Z [1A[2K[1A[2KChrome Headless 118.0.5993.117 (Linux x86_64): Executed 306 of 306 (1 FAILED) (3.194 secs / 3.138 secs)
2023-11-20T03:26:12.8743917Z Firefox 119.0 (Ubuntu 0.0.0): Executed 8 of 306 SUCCESS (0 secs / 0.007 secs)
2023-11-20T03:26:12.8746521Z [1A[2K[1A[2KChrome Headless 118.0.5993.117 (Linux x86_64): Executed 306 of 306 (1 FAILED) (3.194 secs / 3.138 secs)
2023-11-20T03:26:12.8748247Z Firefox 119.0 (Ubuntu 0.0.0): Executed 9 of 306 SUCCESS (0 secs / 0.007 secs)
2023-11-20T03:26:12.8760157Z [1A[2K[1A[2KChrome Headless 118.0.5993.117 (Linux x86_64): Executed 306 of 306 (1 FAILED) (3.194 secs / 3.138 secs)
2023-11-20T03:26:12.8761801Z Firefox 119.0 (Ubuntu 0.0.0): Executed 10 of 306 SUCCESS (0 secs / 0.007 secs)
2023-11-20T03:26:12.8764296Z [1A[2K[1A[2KChrome Headless 118.0.5993.117 (Linux x86_64): Executed 306 of 306 (1 FAILED) (3.194 secs / 3.138 secs)
2023-11-20T03:26:12.8765936Z Firefox 119.0 (Ubuntu 0.0.0): Executed 11 of 306 SUCCESS (0 secs / 0.007 secs)
2023-11-20T03:26:12.8770014Z [1A[2K[1A[2KChrome Headless 118.0.5993.117 (Linux x86_64): Executed 306 of 306 (1 FAILED) (3.194 secs / 3.138 secs)
2023-11-20T03:26:12.8771842Z Firefox 119.0 (Ubuntu 0.0.0): Executed 12 of 306 SUCCESS (0 secs / 0.008 secs)
2023-11-20T03:26:12.8773812Z [1A[2K[1A[2KChrome Headless 118.0.5993.117 (Linux x86_64): Executed 306 of 306 (1 FAILED) (3.194 secs / 3.138 secs)
2023-11-20T03:26:12.8775606Z Firefox 119.0 (Ubuntu 0.0.0): Executed 13 of 306 SUCCESS (0 secs / 0.008 secs)
2023-11-20T03:26:12.8777798Z [1A[2K[1A[2KChrome Headless 118.0.5993.117 (Linux x86_64): Executed 306 of 306 (1 FAILED) (3.194 secs / 3.138 secs)
2023-11-20T03:26:12.8779383Z Firefox 119.0 (Ubuntu 0.0.0): Executed 14 of 306 SUCCESS (0 secs / 0.008 secs)
2023-11-20T03:26:12.8781256Z [1A[2K[1A[2KChrome Headless 118.0.5993.117 (Linux x86_64): Executed 306 of 306 (1 FAILED) (3.194 secs / 3.138 secs)
2023-11-20T03:26:12.8782995Z Firefox 119.0 (Ubuntu 0.0.0): Executed 15 of 306 SUCCESS (0 secs / 0.01 secs)
2023-11-20T03:26:12.8784186Z [1A[2K[1A[2KChrome Headless 118.0.5993.117 (Linux x86_64): Executed 306 of 306 (1 FAILED) (3.194 secs / 3.138 secs)
2023-11-20T03:26:12.8785283Z Firefox 119.0 (Ubuntu 0.0.0): Executed 16 of 306 SUCCESS (0 secs / 0.01 secs)
2023-11-20T03:26:12.9214312Z [33m20 11 2023 03:26:12.921:WARN [web-server]: [39m404: /test
2023-11-20T03:26:13.0100451Z [1A[2K[1A[2KChrome Headless 118.0.5993.117 (Linux x86_64): Executed 306 of 306 (1 FAILED) (3.194 secs / 3.138 secs)
2023-11-20T03:26:13.0102473Z Firefox 119.0 (Ubuntu 0.0.0): Executed 17 of 306 SUCCESS (0 secs / 0.111 secs)
2023-11-20T03:26:13.0763639Z [1A[2K[1A[2KChrome Headless 118.0.5993.117 (Linux x86_64): Executed 306 of 306 (1 FAILED) (3.194 secs / 3.138 secs)
2023-11-20T03:26:13.0765793Z Firefox 119.0 (Ubuntu 0.0.0): Executed 18 of 306 SUCCESS (0 secs / 0.213 secs)
2023-11-20T03:26:13.1756026Z [1A[2K[1A[2KChrome Headless 118.0.5993.117 (Linux x86_64): Executed 306 of 306 (1 FAILED) (3.194 secs / 3.138 secs)
2023-11-20T03:26:13.1757965Z Firefox 119.0 (Ubuntu 0.0.0): Executed 19 of 306 SUCCESS (0 secs / 0.314 secs)
2023-11-20T03:26:13.1771588Z [1A[2K[1A[2KChrome Headless 118.0.5993.117 (Linux x86_64): Executed 306 of 306 (1 FAILED) (3.194 secs / 3.138 secs)
2023-11-20T03:26:13.1773697Z Firefox 119.0 (Ubuntu 0.0.0): Executed 20 of 306 SUCCESS (0 secs / 0.315 secs)
2023-11-20T03:26:13.1805491Z [1A[2K[1A[2KChrome Headless 118.0.5993.117 (Linux x86_64): Executed 306 of 306 (1 FAILED) (3.194 secs / 3.138 secs)
2023-11-20T03:26:13.1807241Z Firefox 119.0 (Ubuntu 0.0.0): Executed 21 of 306 SUCCESS (0 secs / 0.315 secs)
2023-11-20T03:26:13.1809323Z [1A[2K[1A[2KChrome Headless 118.0.5993.117 (Linux x86_64): Executed 306 of 306 (1 FAILED) (3.194 secs / 3.138 secs)
2023-11-20T03:26:13.1810897Z Firefox 119.0 (Ubuntu 0.0.0): Executed 22 of 306 SUCCESS (0 secs / 0.316 secs)
2023-11-20T03:26:13.1817689Z [1A[2K[1A[2KChrome Headless 118.0.5993.117 (Linux x86_64): Executed 306 of 306 (1 FAILED) (3.194 secs / 3.138 secs)
2023-11-20T03:26:13.1819864Z Firefox 119.0 (Ubuntu 0.0.0): Executed 23 of 306 SUCCESS (0 secs / 0.317 secs)
2023-11-20T03:26:13.1824676Z [1A[2K[1A[2KChrome Headless 118.0.5993.117 (Linux x86_64): Executed 306 of 306 (1 FAILED) (3.194 secs / 3.138 secs)
2023-11-20T03:26:13.1827086Z Firefox 119.0 (Ubuntu 0.0.0): Executed 24 of 306 SUCCESS (0 secs / 0.318 secs)
2023-11-20T03:26:13.1865281Z [1A[2K[1A[2KChrome Headless 118.0.5993.117 (Linux x86_64): Executed 306 of 306 (1 FAILED) (3.194 secs / 3.138 secs)
2023-11-20T03:26:13.1867395Z Firefox 119.0 (Ubuntu 0.0.0): Executed 25 of 306 SUCCESS (0 secs / 0.318 secs)
2023-11-20T03:26:13.1869872Z [1A[2K[1A[2KChrome Headless 118.0.5993.117 (Linux x86_64): Executed 306 of 306 (1 FAILED) (3.194 secs / 3.138 secs)
2023-11-20T03:26:13.1872407Z Firefox 119.0 (Ubuntu 0.0.0): Executed 26 of 306 SUCCESS (0 secs / 0.318 secs)
2023-11-20T03:26:13.1874717Z [1A[2K[1A[2KChrome Headless 118.0.5993.117 (Linux x86_64): Executed 306 of 306 (1 FAILED) (3.194 secs / 3.138 secs)
2023-11-20T03:26:13.1876949Z Firefox 119.0 (Ubuntu 0.0.0): Executed 27 of 306 SUCCESS (0 secs / 0.32 secs)
2023-11-20T03:26:13.1879385Z [1A[2K[1A[2KChrome Headless 118.0.5993.117 (Linux x86_64): Executed 306 of 306 (1 FAILED) (3.194 secs / 3.138 secs)
2023-11-20T03:26:13.1881272Z Firefox 119.0 (Ubuntu 0.0.0): Executed 28 of 306 SUCCESS (0 secs / 0.32 secs)
2023-11-20T03:26:13.1883679Z [1A[2K[1A[2KChrome Headless 118.0.5993.117 (Linux x86_64): Executed 306 of 306 (1 FAILED) (3.194 secs / 3.138 secs)
2023-11-20T03:26:13.1886147Z Firefox 119.0 (Ubuntu 0.0.0): Executed 29 of 306 SUCCESS (0 secs / 0.32 secs)
2023-11-20T03:26:13.1887999Z [1A[2K[1A[2KChrome Headless 118.0.5993.117 (Linux x86_64): Executed 306 of 306 (1 FAILED) (3.194 secs / 3.138 secs)
2023-11-20T03:26:13.1889756Z Firefox 119.0 (Ubuntu 0.0.0): Executed 30 of 306 SUCCESS (0 secs / 0.321 secs)
2023-11-20T03:26:13.1891525Z [1A[2K[1A[2KChrome Headless 118.0.5993.117 (Linux x86_64): Executed 306 of 306 (1 FAILED) (3.194 secs / 3.138 secs)
2023-11-20T03:26:13.1892532Z Firefox 119.0 (Ubuntu 0.0.0): Executed 31 of 306 SUCCESS (0 secs / 0.321 secs)
2023-11-20T03:26:13.1893783Z [1A[2K[1A[2KChrome Headless 118.0.5993.117 (Linux x86_64): Executed 306 of 306 (1 FAILED) (3.194 secs / 3.138 secs)
2023-11-20T03:26:13.1894757Z Firefox 119.0 (Ubuntu 0.0.0): Executed 32 of 306 SUCCESS (0 secs / 0.321 secs)
2023-11-20T03:26:13.1896137Z [1A[2K[1A[2KChrome Headless 118.0.5993.117 (Linux x86_64): Executed 306 of 306 (1 FAILED) (3.194 secs / 3.138 secs)
2023-11-20T03:26:13.1897227Z Firefox 119.0 (Ubuntu 0.0.0): Executed 33 of 306 SUCCESS (0 secs / 0.321 secs)
2023-11-20T03:26:13.1898436Z [1A[2K[1A[2KChrome Headless 118.0.5993.117 (Linux x86_64): Executed 306 of 306 (1 FAILED) (3.194 secs / 3.138 secs)
2023-11-20T03:26:13.1899378Z Firefox 119.0 (Ubuntu 0.0.0): Executed 34 of 306 SUCCESS (0 secs / 0.322 secs)
2023-11-20T03:26:13.1900578Z [1A[2K[1A[2KChrome Headless 118.0.5993.117 (Linux x86_64): Executed 306 of 306 (1 FAILED) (3.194 secs / 3.138 secs)
2023-11-20T03:26:13.1901533Z Firefox 119.0 (Ubuntu 0.0.0): Executed 35 of 306 SUCCESS (0 secs / 0.322 secs)
2023-11-20T03:26:13.1902642Z [1A[2K[1A[2KChrome Headless 118.0.5993.117 (Linux x86_64): Executed 306 of 306 (1 FAILED) (3.194 secs / 3.138 secs)
2023-11-20T03:26:13.1903667Z Firefox 119.0 (Ubuntu 0.0.0): Executed 36 of 306 SUCCESS (0 secs / 0.322 secs)
2023-11-20T03:26:13.1908567Z [1A[2K[1A[2KChrome Headless 118.0.5993.117 (Linux x86_64): Executed 306 of 306 (1 FAILED) (3.194 secs / 3.138 secs)
2023-11-20T03:26:13.1910695Z Firefox 119.0 (Ubuntu 0.0.0): Executed 37 of 306 SUCCESS (0 secs / 0.323 secs)
2023-11-20T03:26:13.1912847Z [1A[2K[1A[2KChrome Headless 118.0.5993.117 (Linux x86_64): Executed 306 of 306 (1 FAILED) (3.194 secs / 3.138 secs)
2023-11-20T03:26:13.1914462Z Firefox 119.0 (Ubuntu 0.0.0): Executed 38 of 306 SUCCESS (0 secs / 0.324 secs)
2023-11-20T03:26:13.1941884Z [1A[2K[1A[2KChrome Headless 118.0.5993.117 (Linux x86_64): Executed 306 of 306 (1 FAILED) (3.194 secs / 3.138 secs)
2023-11-20T03:26:13.1947545Z Firefox 119.0 (Ubuntu 0.0.0): Executed 39 of 306 SUCCESS (0 secs / 0.324 secs)
2023-11-20T03:26:13.1948799Z [1A[2K[1A[2KChrome Headless 118.0.5993.117 (Linux x86_64): Executed 306 of 306 (1 FAILED) (3.194 secs / 3.138 secs)
2023-11-20T03:26:13.1950631Z Firefox 119.0 (Ubuntu 0.0.0): Executed 40 of 306 SUCCESS (0 secs / 0.324 secs)
2023-11-20T03:26:13.1952754Z [1A[2K[1A[2KChrome Headless 118.0.5993.117 (Linux x86_64): Executed 306 of 306 (1 FAILED) (3.194 secs / 3.138 secs)
2023-11-20T03:26:13.1954585Z Firefox 119.0 (Ubuntu 0.0.0): Executed 41 of 306 SUCCESS (0 secs / 0.324 secs)
2023-11-20T03:26:13.1956759Z [1A[2K[1A[2KChrome Headless 118.0.5993.117 (Linux x86_64): Executed 306 of 306 (1 FAILED) (3.194 secs / 3.138 secs)
2023-11-20T03:26:13.1968092Z Firefox 119.0 (Ubuntu 0.0.0): Executed 42 of 306 SUCCESS (0 secs / 0.324 secs)
2023-11-20T03:26:13.1970057Z [1A[2K[1A[2KChrome Headless 118.0.5993.117 (Linux x86_64): Executed 306 of 306 (1 FAILED) (3.194 secs / 3.138 secs)
2023-11-20T03:26:13.1972243Z Firefox 119.0 (Ubuntu 0.0.0): Executed 43 of 306 SUCCESS (0 secs / 0.324 secs)
2023-11-20T03:26:13.2005198Z [1A[2K[1A[2KChrome Headless 118.0.5993.117 (Linux x86_64): Executed 306 of 306 (1 FAILED) (3.194 secs / 3.138 secs)
2023-11-20T03:26:13.2007016Z Firefox 119.0 (Ubuntu 0.0.0): Executed 44 of 306 SUCCESS (0 secs / 0.325 secs)
2023-11-20T03:26:13.2008962Z [1A[2K[1A[2KChrome Headless 118.0.5993.117 (Linux x86_64): Executed 306 of 306 (1 FAILED) (3.194 secs / 3.138 secs)
2023-11-20T03:26:13.2010543Z Firefox 119.0 (Ubuntu 0.0.0): Executed 45 of 306 SUCCESS (0 secs / 0.325 secs)
2023-11-20T03:26:13.2012916Z [1A[2K[1A[2KChrome Headless 118.0.5993.117 (Linux x86_64): Executed 306 of 306 (1 FAILED) (3.194 secs / 3.138 secs)
2023-11-20T03:26:13.2015785Z Firefox 119.0 (Ubuntu 0.0.0): Executed 46 of 306 SUCCESS (0 secs / 0.326 secs)
2023-11-20T03:26:13.2018142Z [1A[2K[1A[2KChrome Headless 118.0.5993.117 (Linux x86_64): Executed 306 of 306 (1 FAILED) (3.194 secs / 3.138 secs)
2023-11-20T03:26:13.2020145Z Firefox 119.0 (Ubuntu 0.0.0): Executed 47 of 306 SUCCESS (0 secs / 0.326 secs)
2023-11-20T03:26:13.2022272Z [1A[2K[1A[2KChrome Headless 118.0.5993.117 (Linux x86_64): Executed 306 of 306 (1 FAILED) (3.194 secs / 3.138 secs)
2023-11-20T03:26:13.2024454Z Firefox 119.0 (Ubuntu 0.0.0): Executed 48 of 306 SUCCESS (0 secs / 0.328 secs)
2023-11-20T03:26:13.2026736Z [1A[2K[1A[2KChrome Headless 118.0.5993.117 (Linux x86_64): Executed 306 of 306 (1 FAILED) (3.194 secs / 3.138 secs)
2023-11-20T03:26:13.2028538Z Firefox 119.0 (Ubuntu 0.0.0): Executed 49 of 306 SUCCESS (0 secs / 0.328 secs)
2023-11-20T03:26:13.2031415Z [1A[2K[1A[2KChrome Headless 118.0.5993.117 (Linux x86_64): Executed 306 of 306 (1 FAILED) (3.194 secs / 3.138 secs)
2023-11-20T03:26:13.2033306Z Firefox 119.0 (Ubuntu 0.0.0): Executed 50 of 306 SUCCESS (0 secs / 0.328 secs)
2023-11-20T03:26:13.2035408Z [1A[2K[1A[2KChrome Headless 118.0.5993.117 (Linux x86_64): Executed 306 of 306 (1 FAILED) (3.194 secs / 3.138 secs)
2023-11-20T03:26:13.2038035Z Firefox 119.0 (Ubuntu 0.0.0): Executed 51 of 306 SUCCESS (0 secs / 0.328 secs)
2023-11-20T03:26:13.2040504Z [1A[2K[1A[2KChrome Headless 118.0.5993.117 (Linux x86_64): Executed 306 of 306 (1 FAILED) (3.194 secs / 3.138 secs)
2023-11-20T03:26:13.2042343Z Firefox 119.0 (Ubuntu 0.0.0): Executed 52 of 306 SUCCESS (0 secs / 0.328 secs)
2023-11-20T03:26:13.2044652Z [1A[2K[1A[2KChrome Headless 118.0.5993.117 (Linux x86_64): Executed 306 of 306 (1 FAILED) (3.194 secs / 3.138 secs)
2023-11-20T03:26:13.2046490Z Firefox 119.0 (Ubuntu 0.0.0): Executed 53 of 306 SUCCESS (0 secs / 0.328 secs)
2023-11-20T03:26:13.2049165Z [1A[2K[1A[2KChrome Headless 118.0.5993.117 (Linux x86_64): Executed 306 of 306 (1 FAILED) (3.194 secs / 3.138 secs)
2023-11-20T03:26:13.2051210Z Firefox 119.0 (Ubuntu 0.0.0): Executed 54 of 306 SUCCESS (0 secs / 0.328 secs)
2023-11-20T03:26:13.2053324Z [1A[2K[1A[2KChrome Headless 118.0.5993.117 (Linux x86_64): Executed 306 of 306 (1 FAILED) (3.194 secs / 3.138 secs)
2023-11-20T03:26:13.2055178Z Firefox 119.0 (Ubuntu 0.0.0): Executed 55 of 306 SUCCESS (0 secs / 0.329 secs)
2023-11-20T03:26:13.2057433Z [1A[2K[1A[2KChrome Headless 118.0.5993.117 (Linux x86_64): Executed 306 of 306 (1 FAILED) (3.194 secs / 3.138 secs)
2023-11-20T03:26:13.2066433Z Firefox 119.0 (Ubuntu 0.0.0): Executed 56 of 306 SUCCESS (0 secs / 0.329 secs)
2023-11-20T03:26:13.2068611Z [1A[2K[1A[2KChrome Headless 118.0.5993.117 (Linux x86_64): Executed 306 of 306 (1 FAILED) (3.194 secs / 3.138 secs)
2023-11-20T03:26:13.2070506Z Firefox 119.0 (Ubuntu 0.0.0): Executed 57 of 306 SUCCESS (0 secs / 0.329 secs)
2023-11-20T03:26:13.2073106Z [1A[2K[1A[2KChrome Headless 118.0.5993.117 (Linux x86_64): Executed 306 of 306 (1 FAILED) (3.194 secs / 3.138 secs)
2023-11-20T03:26:13.2075026Z Firefox 119.0 (Ubuntu 0.0.0): Executed 58 of 306 SUCCESS (0 secs / 0.329 secs)
2023-11-20T03:26:13.2077161Z [1A[2K[1A[2KChrome Headless 118.0.5993.117 (Linux x86_64): Executed 306 of 306 (1 FAILED) (3.194 secs / 3.138 secs)
2023-11-20T03:26:13.2079327Z Firefox 119.0 (Ubuntu 0.0.0): Executed 59 of 306 SUCCESS (0 secs / 0.329 secs)
2023-11-20T03:26:13.2081622Z [1A[2K[1A[2KChrome Headless 118.0.5993.117 (Linux x86_64): Executed 306 of 306 (1 FAILED) (3.194 secs / 3.138 secs)
2023-11-20T03:26:13.2083492Z Firefox 119.0 (Ubuntu 0.0.0): Executed 60 of 306 SUCCESS (0 secs / 0.33 secs)
2023-11-20T03:26:13.2085530Z [1A[2K[1A[2KChrome Headless 118.0.5993.117 (Linux x86_64): Executed 306 of 306 (1 FAILED) (3.194 secs / 3.138 secs)
2023-11-20T03:26:13.2087515Z Firefox 119.0 (Ubuntu 0.0.0): Executed 61 of 306 SUCCESS (0 secs / 0.33 secs)
2023-11-20T03:26:13.2089632Z [1A[2K[1A[2KChrome Headless 118.0.5993.117 (Linux x86_64): Executed 306 of 306 (1 FAILED) (3.194 secs / 3.138 secs)
2023-11-20T03:26:13.2091453Z Firefox 119.0 (Ubuntu 0.0.0): Executed 62 of 306 SUCCESS (0 secs / 0.33 secs)
2023-11-20T03:26:13.2093795Z [1A[2K[1A[2KChrome Headless 118.0.5993.117 (Linux x86_64): Executed 306 of 306 (1 FAILED) (3.194 secs / 3.138 secs)
2023-11-20T03:26:13.2095705Z Firefox 119.0 (Ubuntu 0.0.0): Executed 63 of 306 SUCCESS (0 secs / 0.332 secs)
2023-11-20T03:26:13.2097931Z [1A[2K[1A[2KChrome Headless 118.0.5993.117 (Linux x86_64): Executed 306 of 306 (1 FAILED) (3.194 secs / 3.138 secs)
2023-11-20T03:26:13.2099871Z Firefox 119.0 (Ubuntu 0.0.0): Executed 64 of 306 SUCCESS (0 secs / 0.332 secs)
2023-11-20T03:26:13.2101949Z [1A[2K[1A[2KChrome Headless 118.0.5993.117 (Linux x86_64): Executed 306 of 306 (1 FAILED) (3.194 secs / 3.138 secs)
2023-11-20T03:26:13.2103930Z Firefox 119.0 (Ubuntu 0.0.0): Executed 65 of 306 SUCCESS (0 secs / 0.332 secs)
2023-11-20T03:26:13.2106018Z [1A[2K[1A[2KChrome Headless 118.0.5993.117 (Linux x86_64): Executed 306 of 306 (1 FAILED) (3.194 secs / 3.138 secs)
2023-11-20T03:26:13.2107894Z Firefox 119.0 (Ubuntu 0.0.0): Executed 66 of 306 SUCCESS (0 secs / 0.332 secs)
2023-11-20T03:26:13.2110115Z [1A[2K[1A[2KChrome Headless 118.0.5993.117 (Linux x86_64): Executed 306 of 306 (1 FAILED) (3.194 secs / 3.138 secs)
2023-11-20T03:26:13.2112084Z Firefox 119.0 (Ubuntu 0.0.0): Executed 67 of 306 SUCCESS (0 secs / 0.332 secs)
2023-11-20T03:26:13.2113834Z [1A[2K[1A[2KChrome Headless 118.0.5993.117 (Linux x86_64): Executed 306 of 306 (1 FAILED) (3.194 secs / 3.138 secs)
2023-11-20T03:26:13.2115614Z Firefox 119.0 (Ubuntu 0.0.0): Executed 68 of 306 SUCCESS (0 secs / 0.332 secs)
2023-11-20T03:26:13.2117620Z [1A[2K[1A[2KChrome Headless 118.0.5993.117 (Linux x86_64): Executed 306 of 306 (1 FAILED) (3.194 secs / 3.138 secs)
2023-11-20T03:26:13.2119276Z Firefox 119.0 (Ubuntu 0.0.0): Executed 69 of 306 SUCCESS (0 secs / 0.332 secs)
2023-11-20T03:26:13.2121331Z [1A[2K[1A[2KChrome Headless 118.0.5993.117 (Linux x86_64): Executed 306 of 306 (1 FAILED) (3.194 secs / 3.138 secs)
2023-11-20T03:26:13.2123031Z Firefox 119.0 (Ubuntu 0.0.0): Executed 70 of 306 SUCCESS (0 secs / 0.332 secs)
2023-11-20T03:26:13.2125085Z [1A[2K[1A[2KChrome Headless 118.0.5993.117 (Linux x86_64): Executed 306 of 306 (1 FAILED) (3.194 secs / 3.138 secs)
2023-11-20T03:26:13.2127073Z Firefox 119.0 (Ubuntu 0.0.0): Executed 71 of 306 SUCCESS (0 secs / 0.333 secs)
2023-11-20T03:26:13.2129158Z [1A[2K[1A[2KChrome Headless 118.0.5993.117 (Linux x86_64): Executed 306 of 306 (1 FAILED) (3.194 secs / 3.138 secs)
2023-11-20T03:26:13.2131288Z Firefox 119.0 (Ubuntu 0.0.0): Executed 72 of 306 SUCCESS (0 secs / 0.333 secs)
2023-11-20T03:26:13.2135791Z [1A[2K[1A[2KChrome Headless 118.0.5993.117 (Linux x86_64): Executed 306 of 306 (1 FAILED) (3.194 secs / 3.138 secs)
2023-11-20T03:26:13.2137612Z Firefox 119.0 (Ubuntu 0.0.0): Executed 73 of 306 SUCCESS (0 secs / 0.333 secs)
2023-11-20T03:26:13.2139997Z [1A[2K[1A[2KChrome Headless 118.0.5993.117 (Linux x86_64): Executed 306 of 306 (1 FAILED) (3.194 secs / 3.138 secs)
2023-11-20T03:26:13.2141794Z Firefox 119.0 (Ubuntu 0.0.0): Executed 74 of 306 SUCCESS (0 secs / 0.333 secs)
2023-11-20T03:26:13.2143788Z [1A[2K[1A[2KChrome Headless 118.0.5993.117 (Linux x86_64): Executed 306 of 306 (1 FAILED) (3.194 secs / 3.138 secs)
2023-11-20T03:26:13.2145942Z Firefox 119.0 (Ubuntu 0.0.0): Executed 75 of 306 SUCCESS (0 secs / 0.334 secs)
2023-11-20T03:26:13.2148028Z [1A[2K[1A[2KChrome Headless 118.0.5993.117 (Linux x86_64): Executed 306 of 306 (1 FAILED) (3.194 secs / 3.138 secs)
2023-11-20T03:26:13.2149862Z Firefox 119.0 (Ubuntu 0.0.0): Executed 76 of 306 SUCCESS (0 secs / 0.334 secs)
2023-11-20T03:26:13.2152250Z [1A[2K[1A[2KChrome Headless 118.0.5993.117 (Linux x86_64): Executed 306 of 306 (1 FAILED) (3.194 secs / 3.138 secs)
2023-11-20T03:26:13.2154051Z Firefox 119.0 (Ubuntu 0.0.0): Executed 77 of 306 SUCCESS (0 secs / 0.334 secs)
2023-11-20T03:26:13.2156223Z [1A[2K[1A[2KChrome Headless 118.0.5993.117 (Linux x86_64): Executed 306 of 306 (1 FAILED) (3.194 secs / 3.138 secs)
2023-11-20T03:26:13.2158151Z Firefox 119.0 (Ubuntu 0.0.0): Executed 78 of 306 SUCCESS (0 secs / 0.335 secs)
2023-11-20T03:26:13.2160269Z [1A[2K[1A[2KChrome Headless 118.0.5993.117 (Linux x86_64): Executed 306 of 306 (1 FAILED) (3.194 secs / 3.138 secs)
2023-11-20T03:26:13.2162043Z Firefox 119.0 (Ubuntu 0.0.0): Executed 79 of 306 SUCCESS (0 secs / 0.336 secs)
2023-11-20T03:26:13.2164340Z [1A[2K[1A[2KChrome Headless 118.0.5993.117 (Linux x86_64): Executed 306 of 306 (1 FAILED) (3.194 secs / 3.138 secs)
2023-11-20T03:26:13.2166211Z Firefox 119.0 (Ubuntu 0.0.0): Executed 80 of 306 SUCCESS (0 secs / 0.336 secs)
2023-11-20T03:26:13.2168286Z [1A[2K[1A[2KChrome Headless 118.0.5993.117 (Linux x86_64): Executed 306 of 306 (1 FAILED) (3.194 secs / 3.138 secs)
2023-11-20T03:26:13.2170273Z Firefox 119.0 (Ubuntu 0.0.0): Executed 81 of 306 SUCCESS (0 secs / 0.336 secs)
2023-11-20T03:26:13.2172247Z [1A[2K[1A[2KChrome Headless 118.0.5993.117 (Linux x86_64): Executed 306 of 306 (1 FAILED) (3.194 secs / 3.138 secs)
2023-11-20T03:26:13.2173973Z Firefox 119.0 (Ubuntu 0.0.0): Executed 82 of 306 SUCCESS (0 secs / 0.336 secs)
2023-11-20T03:26:13.2176152Z [1A[2K[1A[2KChrome Headless 118.0.5993.117 (Linux x86_64): Executed 306 of 306 (1 FAILED) (3.194 secs / 3.138 secs)
2023-11-20T03:26:13.2177986Z Firefox 119.0 (Ubuntu 0.0.0): Executed 83 of 306 SUCCESS (0 secs / 0.337 secs)
2023-11-20T03:26:13.2180559Z [1A[2K[1A[2KChrome Headless 118.0.5993.117 (Linux x86_64): Executed 306 of 306 (1 FAILED) (3.194 secs / 3.138 secs)
2023-11-20T03:26:13.2182367Z Firefox 119.0 (Ubuntu 0.0.0): Executed 84 of 306 SUCCESS (0 secs / 0.337 secs)
2023-11-20T03:26:13.2184395Z [1A[2K[1A[2KChrome Headless 118.0.5993.117 (Linux x86_64): Executed 306 of 306 (1 FAILED) (3.194 secs / 3.138 secs)
2023-11-20T03:26:13.2186408Z Firefox 119.0 (Ubuntu 0.0.0): Executed 85 of 306 SUCCESS (0 secs / 0.337 secs)
2023-11-20T03:26:13.2188566Z [1A[2K[1A[2KChrome Headless 118.0.5993.117 (Linux x86_64): Executed 306 of 306 (1 FAILED) (3.194 secs / 3.138 secs)
2023-11-20T03:26:13.2190379Z Firefox 119.0 (Ubuntu 0.0.0): Executed 86 of 306 SUCCESS (0 secs / 0.337 secs)
2023-11-20T03:26:13.2192953Z [1A[2K[1A[2KChrome Headless 118.0.5993.117 (Linux x86_64): Executed 306 of 306 (1 FAILED) (3.194 secs / 3.138 secs)
2023-11-20T03:26:13.2194840Z Firefox 119.0 (Ubuntu 0.0.0): Executed 87 of 306 SUCCESS (0 secs / 0.338 secs)
2023-11-20T03:26:13.2196937Z [1A[2K[1A[2KChrome Headless 118.0.5993.117 (Linux x86_64): Executed 306 of 306 (1 FAILED) (3.194 secs / 3.138 secs)
2023-11-20T03:26:13.2199258Z Firefox 119.0 (Ubuntu 0.0.0): Executed 88 of 306 SUCCESS (0 secs / 0.338 secs)
2023-11-20T03:26:13.2201291Z [1A[2K[1A[2KChrome Headless 118.0.5993.117 (Linux x86_64): Executed 306 of 306 (1 FAILED) (3.194 secs / 3.138 secs)
2023-11-20T03:26:13.2203017Z Firefox 119.0 (Ubuntu 0.0.0): Executed 89 of 306 SUCCESS (0 secs / 0.338 secs)
2023-11-20T03:26:13.2205313Z [1A[2K[1A[2KChrome Headless 118.0.5993.117 (Linux x86_64): Executed 306 of 306 (1 FAILED) (3.194 secs / 3.138 secs)
2023-11-20T03:26:13.2207174Z Firefox 119.0 (Ubuntu 0.0.0): Executed 90 of 306 SUCCESS (0 secs / 0.338 secs)
2023-11-20T03:26:13.2209855Z [1A[2K[1A[2KChrome Headless 118.0.5993.117 (Linux x86_64): Executed 306 of 306 (1 FAILED) (3.194 secs / 3.138 secs)
2023-11-20T03:26:13.2211827Z Firefox 119.0 (Ubuntu 0.0.0): Executed 91 of 306 SUCCESS (0 secs / 0.339 secs)
2023-11-20T03:26:13.2213935Z [1A[2K[1A[2KChrome Headless 118.0.5993.117 (Linux x86_64): Executed 306 of 306 (1 FAILED) (3.194 secs / 3.138 secs)
2023-11-20T03:26:13.2215813Z Firefox 119.0 (Ubuntu 0.0.0): Executed 92 of 306 SUCCESS (0 secs / 0.339 secs)
2023-11-20T03:26:13.2218069Z [1A[2K[1A[2KChrome Headless 118.0.5993.117 (Linux x86_64): Executed 306 of 306 (1 FAILED) (3.194 secs / 3.138 secs)
2023-11-20T03:26:13.2219867Z Firefox 119.0 (Ubuntu 0.0.0): Executed 93 of 306 SUCCESS (0 secs / 0.339 secs)
2023-11-20T03:26:13.2221974Z [1A[2K[1A[2KChrome Headless 118.0.5993.117 (Linux x86_64): Executed 306 of 306 (1 FAILED) (3.194 secs / 3.138 secs)
2023-11-20T03:26:13.2223997Z Firefox 119.0 (Ubuntu 0.0.0): Executed 94 of 306 SUCCESS (0 secs / 0.339 secs)
2023-11-20T03:26:13.2226128Z [1A[2K[1A[2KChrome Headless 118.0.5993.117 (Linux x86_64): Executed 306 of 306 (1 FAILED) (3.194 secs / 3.138 secs)
2023-11-20T03:26:13.2228071Z Firefox 119.0 (Ubuntu 0.0.0): Executed 95 of 306 SUCCESS (0 secs / 0.34 secs)
2023-11-20T03:26:13.2230113Z [1A[2K[1A[2KChrome Headless 118.0.5993.117 (Linux x86_64): Executed 306 of 306 (1 FAILED) (3.194 secs / 3.138 secs)
2023-11-20T03:26:13.2232243Z Firefox 119.0 (Ubuntu 0.0.0): Executed 96 of 306 SUCCESS (0 secs / 0.34 secs)
2023-11-20T03:26:13.2584059Z [1A[2K[1A[2KChrome Headless 118.0.5993.117 (Linux x86_64): Executed 306 of 306 (1 FAILED) (3.194 secs / 3.138 secs)
2023-11-20T03:26:13.2585973Z Firefox 119.0 (Ubuntu 0.0.0): Executed 97 of 306 SUCCESS (0 secs / 0.342 secs)
2023-11-20T03:26:13.2588072Z [1A[2K[1A[2KChrome Headless 118.0.5993.117 (Linux x86_64): Executed 306 of 306 (1 FAILED) (3.194 secs / 3.138 secs)
2023-11-20T03:26:13.2589735Z Firefox 119.0 (Ubuntu 0.0.0): Executed 98 of 306 SUCCESS (0 secs / 0.342 secs)
2023-11-20T03:26:13.2592006Z [1A[2K[1A[2KChrome Headless 118.0.5993.117 (Linux x86_64): Executed 306 of 306 (1 FAILED) (3.194 secs / 3.138 secs)
2023-11-20T03:26:13.2593653Z Firefox 119.0 (Ubuntu 0.0.0): Executed 99 of 306 SUCCESS (0 secs / 0.342 secs)
2023-11-20T03:26:13.2595752Z [1A[2K[1A[2KChrome Headless 118.0.5993.117 (Linux x86_64): Executed 306 of 306 (1 FAILED) (3.194 secs / 3.138 secs)
2023-11-20T03:26:13.2598748Z Firefox 119.0 (Ubuntu 0.0.0): Executed 100 of 306 SUCCESS (0 secs / 0.342 secs)
2023-11-20T03:26:13.2600612Z [1A[2K[1A[2KChrome Headless 118.0.5993.117 (Linux x86_64): Executed 306 of 306 (1 FAILED) (3.194 secs / 3.138 secs)
2023-11-20T03:26:13.2601670Z Firefox 119.0 (Ubuntu 0.0.0): Executed 101 of 306 SUCCESS (0 secs / 0.342 secs)
2023-11-20T03:26:13.2602792Z [1A[2K[1A[2KChrome Headless 118.0.5993.117 (Linux x86_64): Executed 306 of 306 (1 FAILED) (3.194 secs / 3.138 secs)
2023-11-20T03:26:13.2603878Z Firefox 119.0 (Ubuntu 0.0.0): Executed 102 of 306 SUCCESS (0 secs / 0.342 secs)
2023-11-20T03:26:13.2605014Z [1A[2K[1A[2KChrome Headless 118.0.5993.117 (Linux x86_64): Executed 306 of 306 (1 FAILED) (3.194 secs / 3.138 secs)
2023-11-20T03:26:13.2605957Z Firefox 119.0 (Ubuntu 0.0.0): Executed 103 of 306 SUCCESS (0 secs / 0.343 secs)
2023-11-20T03:26:13.2607160Z [1A[2K[1A[2KChrome Headless 118.0.5993.117 (Linux x86_64): Executed 306 of 306 (1 FAILED) (3.194 secs / 3.138 secs)
2023-11-20T03:26:13.2608473Z Firefox 119.0 (Ubuntu 0.0.0): Executed 104 of 306 SUCCESS (0 secs / 0.343 secs)
2023-11-20T03:26:13.2609604Z [1A[2K[1A[2KChrome Headless 118.0.5993.117 (Linux x86_64): Executed 306 of 306 (1 FAILED) (3.194 secs / 3.138 secs)
2023-11-20T03:26:13.2610640Z Firefox 119.0 (Ubuntu 0.0.0): Executed 105 of 306 SUCCESS (0 secs / 0.343 secs)
2023-11-20T03:26:13.2611716Z [1A[2K[1A[2KChrome Headless 118.0.5993.117 (Linux x86_64): Executed 306 of 306 (1 FAILED) (3.194 secs / 3.138 secs)
2023-11-20T03:26:13.2612697Z Firefox 119.0 (Ubuntu 0.0.0): Executed 106 of 306 SUCCESS (0 secs / 0.343 secs)
2023-11-20T03:26:13.2614067Z [1A[2K[1A[2KChrome Headless 118.0.5993.117 (Linux x86_64): Executed 306 of 306 (1 FAILED) (3.194 secs / 3.138 secs)
2023-11-20T03:26:13.2615063Z Firefox 119.0 (Ubuntu 0.0.0): Executed 107 of 306 SUCCESS (0 secs / 0.344 secs)
2023-11-20T03:26:13.2616104Z [1A[2K[1A[2KChrome Headless 118.0.5993.117 (Linux x86_64): Executed 306 of 306 (1 FAILED) (3.194 secs / 3.138 secs)
2023-11-20T03:26:13.2617158Z Firefox 119.0 (Ubuntu 0.0.0): Executed 108 of 306 SUCCESS (0 secs / 0.344 secs)
2023-11-20T03:26:13.2618253Z [1A[2K[1A[2KChrome Headless 118.0.5993.117 (Linux x86_64): Executed 306 of 306 (1 FAILED) (3.194 secs / 3.138 secs)
2023-11-20T03:26:13.2619277Z Firefox 119.0 (Ubuntu 0.0.0): Executed 109 of 306 SUCCESS (0 secs / 0.344 secs)
2023-11-20T03:26:13.2620316Z [1A[2K[1A[2KChrome Headless 118.0.5993.117 (Linux x86_64): Executed 306 of 306 (1 FAILED) (3.194 secs / 3.138 secs)
2023-11-20T03:26:13.2621469Z Firefox 119.0 (Ubuntu 0.0.0): Executed 110 of 306 SUCCESS (0 secs / 0.346 secs)
2023-11-20T03:26:13.2622669Z [1A[2K[1A[2KChrome Headless 118.0.5993.117 (Linux x86_64): Executed 306 of 306 (1 FAILED) (3.194 secs / 3.138 secs)
2023-11-20T03:26:13.2623638Z Firefox 119.0 (Ubuntu 0.0.0): Executed 111 of 306 SUCCESS (0 secs / 0.347 secs)
2023-11-20T03:26:13.2624731Z [1A[2K[1A[2KChrome Headless 118.0.5993.117 (Linux x86_64): Executed 306 of 306 (1 FAILED) (3.194 secs / 3.138 secs)
2023-11-20T03:26:13.2625717Z Firefox 119.0 (Ubuntu 0.0.0): Executed 112 of 306 SUCCESS (0 secs / 0.348 secs)
2023-11-20T03:26:13.2626816Z [1A[2K[1A[2KChrome Headless 118.0.5993.117 (Linux x86_64): Executed 306 of 306 (1 FAILED) (3.194 secs / 3.138 secs)
2023-11-20T03:26:13.2627878Z Firefox 119.0 (Ubuntu 0.0.0): Executed 113 of 306 SUCCESS (0 secs / 0.349 secs)
2023-11-20T03:26:13.2629059Z [1A[2K[1A[2KChrome Headless 118.0.5993.117 (Linux x86_64): Executed 306 of 306 (1 FAILED) (3.194 secs / 3.138 secs)
2023-11-20T03:26:13.2630032Z Firefox 119.0 (Ubuntu 0.0.0): Executed 114 of 306 SUCCESS (0 secs / 0.349 secs)
2023-11-20T03:26:13.2631530Z [1A[2K[1A[2KChrome Headless 118.0.5993.117 (Linux x86_64): Executed 306 of 306 (1 FAILED) (3.194 secs / 3.138 secs)
2023-11-20T03:26:13.2632659Z Firefox 119.0 (Ubuntu 0.0.0): Executed 115 of 306 SUCCESS (0 secs / 0.35 secs)
2023-11-20T03:26:13.2633805Z [1A[2K[1A[2KChrome Headless 118.0.5993.117 (Linux x86_64): Executed 306 of 306 (1 FAILED) (3.194 secs / 3.138 secs)
2023-11-20T03:26:13.2634771Z Firefox 119.0 (Ubuntu 0.0.0): Executed 116 of 306 SUCCESS (0 secs / 0.35 secs)
2023-11-20T03:26:13.2635896Z [1A[2K[1A[2KChrome Headless 118.0.5993.117 (Linux x86_64): Executed 306 of 306 (1 FAILED) (3.194 secs / 3.138 secs)
2023-11-20T03:26:13.2636868Z Firefox 119.0 (Ubuntu 0.0.0): Executed 117 of 306 SUCCESS (0 secs / 0.351 secs)
2023-11-20T03:26:13.5761254Z [1A[2K[1A[2KChrome Headless 118.0.5993.117 (Linux x86_64): Executed 306 of 306 (1 FAILED) (3.194 secs / 3.138 secs)
2023-11-20T03:26:13.5763179Z Firefox 119.0 (Ubuntu 0.0.0): Executed 118 of 306 SUCCESS (0 secs / 0.701 secs)
2023-11-20T03:26:13.5781232Z [1A[2K[1A[2KChrome Headless 118.0.5993.117 (Linux x86_64): Executed 306 of 306 (1 FAILED) (3.194 secs / 3.138 secs)
2023-11-20T03:26:13.5783994Z Firefox 119.0 (Ubuntu 0.0.0): Executed 119 of 306 SUCCESS (0 secs / 0.702 secs)
2023-11-20T03:26:13.5792554Z [1A[2K[1A[2KChrome Headless 118.0.5993.117 (Linux x86_64): Executed 306 of 306 (1 FAILED) (3.194 secs / 3.138 secs)
2023-11-20T03:26:13.5794473Z Firefox 119.0 (Ubuntu 0.0.0): Executed 120 of 306 SUCCESS (0 secs / 0.703 secs)
2023-11-20T03:26:13.5825284Z [1A[2K[1A[2KChrome Headless 118.0.5993.117 (Linux x86_64): Executed 306 of 306 (1 FAILED) (3.194 secs / 3.138 secs)
2023-11-20T03:26:13.5827480Z Firefox 119.0 (Ubuntu 0.0.0): Executed 121 of 306 SUCCESS (0 secs / 0.704 secs)
2023-11-20T03:26:13.5836084Z [1A[2K[1A[2KChrome Headless 118.0.5993.117 (Linux x86_64): Executed 306 of 306 (1 FAILED) (3.194 secs / 3.138 secs)
2023-11-20T03:26:13.5838153Z Firefox 119.0 (Ubuntu 0.0.0): Executed 122 of 306 SUCCESS (0 secs / 0.705 secs)
2023-11-20T03:26:13.5847159Z [1A[2K[1A[2KChrome Headless 118.0.5993.117 (Linux x86_64): Executed 306 of 306 (1 FAILED) (3.194 secs / 3.138 secs)
2023-11-20T03:26:13.5849099Z Firefox 119.0 (Ubuntu 0.0.0): Executed 123 of 306 SUCCESS (0 secs / 0.706 secs)
2023-11-20T03:26:13.5864229Z [1A[2K[1A[2KChrome Headless 118.0.5993.117 (Linux x86_64): Executed 306 of 306 (1 FAILED) (3.194 secs / 3.138 secs)
2023-11-20T03:26:13.5866136Z Firefox 119.0 (Ubuntu 0.0.0): Executed 124 of 306 SUCCESS (0 secs / 0.706 secs)
2023-11-20T03:26:13.5874731Z [1A[2K[1A[2KChrome Headless 118.0.5993.117 (Linux x86_64): Executed 306 of 306 (1 FAILED) (3.194 secs / 3.138 secs)
2023-11-20T03:26:13.5876895Z Firefox 119.0 (Ubuntu 0.0.0): Executed 125 of 306 SUCCESS (0 secs / 0.708 secs)
2023-11-20T03:26:13.5885165Z [1A[2K[1A[2KChrome Headless 118.0.5993.117 (Linux x86_64): Executed 306 of 306 (1 FAILED) (3.194 secs / 3.138 secs)
2023-11-20T03:26:13.5887110Z Firefox 119.0 (Ubuntu 0.0.0): Executed 126 of 306 SUCCESS (0 secs / 0.709 secs)
2023-11-20T03:26:13.5907670Z [1A[2K[1A[2KChrome Headless 118.0.5993.117 (Linux x86_64): Executed 306 of 306 (1 FAILED) (3.194 secs / 3.138 secs)
2023-11-20T03:26:13.5909873Z Firefox 119.0 (Ubuntu 0.0.0): Executed 127 of 306 SUCCESS (0 secs / 0.71 secs)
2023-11-20T03:26:13.5912501Z [1A[2K[1A[2KChrome Headless 118.0.5993.117 (Linux x86_64): Executed 306 of 306 (1 FAILED) (3.194 secs / 3.138 secs)
2023-11-20T03:26:13.5915074Z Firefox 119.0 (Ubuntu 0.0.0): Executed 128 of 306 SUCCESS (0 secs / 0.71 secs)
2023-11-20T03:26:13.5917353Z [1A[2K[1A[2KChrome Headless 118.0.5993.117 (Linux x86_64): Executed 306 of 306 (1 FAILED) (3.194 secs / 3.138 secs)
2023-11-20T03:26:13.5919332Z Firefox 119.0 (Ubuntu 0.0.0): Executed 129 of 306 SUCCESS (0 secs / 0.71 secs)
2023-11-20T03:26:13.5932753Z [1A[2K[1A[2KChrome Headless 118.0.5993.117 (Linux x86_64): Executed 306 of 306 (1 FAILED) (3.194 secs / 3.138 secs)
2023-11-20T03:26:13.5935118Z Firefox 119.0 (Ubuntu 0.0.0): Executed 130 of 306 SUCCESS (0 secs / 0.71 secs)
2023-11-20T03:26:13.5937721Z [1A[2K[1A[2KChrome Headless 118.0.5993.117 (Linux x86_64): Executed 306 of 306 (1 FAILED) (3.194 secs / 3.138 secs)
2023-11-20T03:26:13.5940127Z Firefox 119.0 (Ubuntu 0.0.0): Executed 131 of 306 SUCCESS (0 secs / 0.71 secs)
2023-11-20T03:26:13.5942263Z [1A[2K[1A[2KChrome Headless 118.0.5993.117 (Linux x86_64): Executed 306 of 306 (1 FAILED) (3.194 secs / 3.138 secs)
2023-11-20T03:26:13.5944724Z Firefox 119.0 (Ubuntu 0.0.0): Executed 132 of 306 SUCCESS (0 secs / 0.711 secs)
2023-11-20T03:26:13.5946930Z [1A[2K[1A[2KChrome Headless 118.0.5993.117 (Linux x86_64): Executed 306 of 306 (1 FAILED) (3.194 secs / 3.138 secs)
2023-11-20T03:26:13.5949580Z Firefox 119.0 (Ubuntu 0.0.0): Executed 133 of 306 SUCCESS (0 secs / 0.711 secs)
2023-11-20T03:26:13.5955374Z [1A[2K[1A[2KChrome Headless 118.0.5993.117 (Linux x86_64): Executed 306 of 306 (1 FAILED) (3.194 secs / 3.138 secs)
2023-11-20T03:26:13.5959329Z Firefox 119.0 (Ubuntu 0.0.0): Executed 134 of 306 SUCCESS (0 secs / 0.711 secs)
2023-11-20T03:26:13.5961630Z [1A[2K[1A[2KChrome Headless 118.0.5993.117 (Linux x86_64): Executed 306 of 306 (1 FAILED) (3.194 secs / 3.138 secs)
2023-11-20T03:26:13.5963387Z Firefox 119.0 (Ubuntu 0.0.0): Executed 135 of 306 SUCCESS (0 secs / 0.711 secs)
2023-11-20T03:26:13.5964896Z [1A[2K[1A[2KChrome Headless 118.0.5993.117 (Linux x86_64): Executed 306 of 306 (1 FAILED) (3.194 secs / 3.138 secs)
2023-11-20T03:26:13.5965876Z Firefox 119.0 (Ubuntu 0.0.0): Executed 136 of 306 SUCCESS (0 secs / 0.711 secs)
2023-11-20T03:26:13.5971554Z [1A[2K[1A[2KChrome Headless 118.0.5993.117 (Linux x86_64): Executed 306 of 306 (1 FAILED) (3.194 secs / 3.138 secs)
2023-11-20T03:26:13.5973941Z Firefox 119.0 (Ubuntu 0.0.0): Executed 137 of 306 SUCCESS (0 secs / 0.711 secs)
2023-11-20T03:26:13.5976392Z [1A[2K[1A[2KChrome Headless 118.0.5993.117 (Linux x86_64): Executed 306 of 306 (1 FAILED) (3.194 secs / 3.138 secs)
2023-11-20T03:26:13.5978579Z Firefox 119.0 (Ubuntu 0.0.0): Executed 138 of 306 SUCCESS (0 secs / 0.711 secs)
2023-11-20T03:26:13.6001322Z [1A[2K[1A[2KChrome Headless 118.0.5993.117 (Linux x86_64): Executed 306 of 306 (1 FAILED) (3.194 secs / 3.138 secs)
2023-11-20T03:26:13.6003876Z Firefox 119.0 (Ubuntu 0.0.0): Executed 139 of 306 SUCCESS (0 secs / 0.712 secs)
2023-11-20T03:26:13.6009317Z [1A[2K[1A[2KChrome Headless 118.0.5993.117 (Linux x86_64): Executed 306 of 306 (1 FAILED) (3.194 secs / 3.138 secs)
2023-11-20T03:26:13.6012738Z Firefox 119.0 (Ubuntu 0.0.0): Executed 140 of 306 SUCCESS (0 secs / 0.712 secs)
2023-11-20T03:26:13.6015576Z [1A[2K[1A[2KChrome Headless 118.0.5993.117 (Linux x86_64): Executed 306 of 306 (1 FAILED) (3.194 secs / 3.138 secs)
2023-11-20T03:26:13.6019074Z Firefox 119.0 (Ubuntu 0.0.0): Executed 141 of 306 SUCCESS (0 secs / 0.712 secs)
2023-11-20T03:26:13.6021457Z [1A[2K[1A[2KChrome Headless 118.0.5993.117 (Linux x86_64): Executed 306 of 306 (1 FAILED) (3.194 secs / 3.138 secs)
2023-11-20T03:26:13.6023787Z Firefox 119.0 (Ubuntu 0.0.0): Executed 142 of 306 SUCCESS (0 secs / 0.713 secs)
2023-11-20T03:26:13.6025916Z [1A[2K[1A[2KChrome Headless 118.0.5993.117 (Linux x86_64): Executed 306 of 306 (1 FAILED) (3.194 secs / 3.138 secs)
2023-11-20T03:26:13.6027962Z Firefox 119.0 (Ubuntu 0.0.0): Executed 143 of 306 SUCCESS (0 secs / 0.714 secs)
2023-11-20T03:26:13.6030043Z [1A[2K[1A[2KChrome Headless 118.0.5993.117 (Linux x86_64): Executed 306 of 306 (1 FAILED) (3.194 secs / 3.138 secs)
2023-11-20T03:26:13.6032271Z Firefox 119.0 (Ubuntu 0.0.0): Executed 144 of 306 SUCCESS (0 secs / 0.714 secs)
2023-11-20T03:26:13.6034547Z [1A[2K[1A[2KChrome Headless 118.0.5993.117 (Linux x86_64): Executed 306 of 306 (1 FAILED) (3.194 secs / 3.138 secs)
2023-11-20T03:26:13.6036245Z Firefox 119.0 (Ubuntu 0.0.0): Executed 145 of 306 SUCCESS (0 secs / 0.714 secs)
2023-11-20T03:26:13.6038228Z [1A[2K[1A[2KChrome Headless 118.0.5993.117 (Linux x86_64): Executed 306 of 306 (1 FAILED) (3.194 secs / 3.138 secs)
2023-11-20T03:26:13.6040140Z Firefox 119.0 (Ubuntu 0.0.0): Executed 146 of 306 SUCCESS (0 secs / 0.715 secs)
2023-11-20T03:26:13.6042236Z [1A[2K[1A[2KChrome Headless 118.0.5993.117 (Linux x86_64): Executed 306 of 306 (1 FAILED) (3.194 secs / 3.138 secs)
2023-11-20T03:26:13.6043995Z Firefox 119.0 (Ubuntu 0.0.0): Executed 147 of 306 SUCCESS (0 secs / 0.715 secs)
2023-11-20T03:26:13.6046083Z [1A[2K[1A[2KChrome Headless 118.0.5993.117 (Linux x86_64): Executed 306 of 306 (1 FAILED) (3.194 secs / 3.138 secs)
2023-11-20T03:26:13.6047787Z Firefox 119.0 (Ubuntu 0.0.0): Executed 148 of 306 SUCCESS (0 secs / 0.715 secs)
2023-11-20T03:26:13.6049961Z [1A[2K[1A[2KChrome Headless 118.0.5993.117 (Linux x86_64): Executed 306 of 306 (1 FAILED) (3.194 secs / 3.138 secs)
2023-11-20T03:26:13.6053419Z Firefox 119.0 (Ubuntu 0.0.0): Executed 149 of 306 SUCCESS (0 secs / 0.716 secs)
2023-11-20T03:26:13.6055894Z [1A[2K[1A[2KChrome Headless 118.0.5993.117 (Linux x86_64): Executed 306 of 306 (1 FAILED) (3.194 secs / 3.138 secs)
2023-11-20T03:26:13.6057910Z Firefox 119.0 (Ubuntu 0.0.0): Executed 150 of 306 SUCCESS (0 secs / 0.716 secs)
2023-11-20T03:26:13.6059815Z [1A[2K[1A[2KChrome Headless 118.0.5993.117 (Linux x86_64): Executed 306 of 306 (1 FAILED) (3.194 secs / 3.138 secs)
2023-11-20T03:26:13.6061396Z Firefox 119.0 (Ubuntu 0.0.0): Executed 151 of 306 SUCCESS (0 secs / 0.717 secs)
2023-11-20T03:26:13.6065022Z [1A[2K[1A[2KChrome Headless 118.0.5993.117 (Linux x86_64): Executed 306 of 306 (1 FAILED) (3.194 secs / 3.138 secs)
2023-11-20T03:26:13.6067851Z Firefox 119.0 (Ubuntu 0.0.0): Executed 152 of 306 SUCCESS (0 secs / 0.718 secs)
2023-11-20T03:26:13.6069800Z [1A[2K[1A[2KChrome Headless 118.0.5993.117 (Linux x86_64): Executed 306 of 306 (1 FAILED) (3.194 secs / 3.138 secs)
2023-11-20T03:26:13.6072034Z Firefox 119.0 (Ubuntu 0.0.0): Executed 153 of 306 SUCCESS (0 secs / 0.718 secs)
2023-11-20T03:26:13.6073960Z [1A[2K[1A[2KChrome Headless 118.0.5993.117 (Linux x86_64): Executed 306 of 306 (1 FAILED) (3.194 secs / 3.138 secs)
2023-11-20T03:26:13.6075676Z Firefox 119.0 (Ubuntu 0.0.0): Executed 154 of 306 SUCCESS (0 secs / 0.718 secs)
2023-11-20T03:26:13.6078031Z [1A[2K[1A[2KChrome Headless 118.0.5993.117 (Linux x86_64): Executed 306 of 306 (1 FAILED) (3.194 secs / 3.138 secs)
2023-11-20T03:26:13.6079797Z Firefox 119.0 (Ubuntu 0.0.0): Executed 155 of 306 SUCCESS (0 secs / 0.718 secs)
2023-11-20T03:26:13.6081731Z [1A[2K[1A[2KChrome Headless 118.0.5993.117 (Linux x86_64): Executed 306 of 306 (1 FAILED) (3.194 secs / 3.138 secs)
2023-11-20T03:26:13.6083590Z Firefox 119.0 (Ubuntu 0.0.0): Executed 156 of 306 SUCCESS (0 secs / 0.718 secs)
2023-11-20T03:26:13.6085391Z [1A[2K[1A[2KChrome Headless 118.0.5993.117 (Linux x86_64): Executed 306 of 306 (1 FAILED) (3.194 secs / 3.138 secs)
2023-11-20T03:26:13.6086542Z Firefox 119.0 (Ubuntu 0.0.0): Executed 157 of 306 SUCCESS (0 secs / 0.719 secs)
2023-11-20T03:26:13.6088322Z [1A[2K[1A[2KChrome Headless 118.0.5993.117 (Linux x86_64): Executed 306 of 306 (1 FAILED) (3.194 secs / 3.138 secs)
2023-11-20T03:26:13.6090347Z Firefox 119.0 (Ubuntu 0.0.0): Executed 158 of 306 SUCCESS (0 secs / 0.719 secs)
2023-11-20T03:26:13.6092345Z [1A[2K[1A[2KChrome Headless 118.0.5993.117 (Linux x86_64): Executed 306 of 306 (1 FAILED) (3.194 secs / 3.138 secs)
2023-11-20T03:26:13.6093990Z Firefox 119.0 (Ubuntu 0.0.0): Executed 159 of 306 SUCCESS (0 secs / 0.719 secs)
2023-11-20T03:26:13.6096024Z [1A[2K[1A[2KChrome Headless 118.0.5993.117 (Linux x86_64): Executed 306 of 306 (1 FAILED) (3.194 secs / 3.138 secs)
2023-11-20T03:26:13.6098113Z Firefox 119.0 (Ubuntu 0.0.0): Executed 160 of 306 SUCCESS (0 secs / 0.719 secs)
2023-11-20T03:26:13.6100363Z [1A[2K[1A[2KChrome Headless 118.0.5993.117 (Linux x86_64): Executed 306 of 306 (1 FAILED) (3.194 secs / 3.138 secs)
2023-11-20T03:26:13.6101994Z Firefox 119.0 (Ubuntu 0.0.0): Executed 161 of 306 SUCCESS (0 secs / 0.719 secs)
2023-11-20T03:26:13.6103696Z [1A[2K[1A[2KChrome Headless 118.0.5993.117 (Linux x86_64): Executed 306 of 306 (1 FAILED) (3.194 secs / 3.138 secs)
2023-11-20T03:26:13.6104682Z Firefox 119.0 (Ubuntu 0.0.0): Executed 162 of 306 SUCCESS (0 secs / 0.719 secs)
2023-11-20T03:26:13.6105755Z [1A[2K[1A[2KChrome Headless 118.0.5993.117 (Linux x86_64): Executed 306 of 306 (1 FAILED) (3.194 secs / 3.138 secs)
2023-11-20T03:26:13.6108032Z Firefox 119.0 (Ubuntu 0.0.0): Executed 163 of 306 SUCCESS (0 secs / 0.719 secs)
2023-11-20T03:26:13.6110025Z [1A[2K[1A[2KChrome Headless 118.0.5993.117 (Linux x86_64): Executed 306 of 306 (1 FAILED) (3.194 secs / 3.138 secs)
2023-11-20T03:26:13.6112073Z Firefox 119.0 (Ubuntu 0.0.0): Executed 164 of 306 SUCCESS (0 secs / 0.719 secs)
2023-11-20T03:26:13.6114133Z [1A[2K[1A[2KChrome Headless 118.0.5993.117 (Linux x86_64): Executed 306 of 306 (1 FAILED) (3.194 secs / 3.138 secs)
2023-11-20T03:26:13.6115862Z Firefox 119.0 (Ubuntu 0.0.0): Executed 165 of 306 SUCCESS (0 secs / 0.72 secs)
2023-11-20T03:26:13.6117143Z [1A[2K[1A[2KChrome Headless 118.0.5993.117 (Linux x86_64): Executed 306 of 306 (1 FAILED) (3.194 secs / 3.138 secs)
2023-11-20T03:26:13.6119201Z Firefox 119.0 (Ubuntu 0.0.0): Executed 166 of 306 SUCCESS (0 secs / 0.72 secs)
2023-11-20T03:26:13.6121291Z [1A[2K[1A[2KChrome Headless 118.0.5993.117 (Linux x86_64): Executed 306 of 306 (1 FAILED) (3.194 secs / 3.138 secs)
2023-11-20T03:26:13.6123687Z Firefox 119.0 (Ubuntu 0.0.0): Executed 167 of 306 SUCCESS (0 secs / 0.721 secs)
2023-11-20T03:26:13.6126819Z [1A[2K[1A[2KChrome Headless 118.0.5993.117 (Linux x86_64): Executed 306 of 306 (1 FAILED) (3.194 secs / 3.138 secs)
2023-11-20T03:26:13.6129839Z Firefox 119.0 (Ubuntu 0.0.0): Executed 168 of 306 SUCCESS (0 secs / 0.722 secs)
2023-11-20T03:26:13.6132032Z [1A[2K[1A[2KChrome Headless 118.0.5993.117 (Linux x86_64): Executed 306 of 306 (1 FAILED) (3.194 secs / 3.138 secs)
2023-11-20T03:26:13.6135369Z Firefox 119.0 (Ubuntu 0.0.0): Executed 169 of 306 SUCCESS (0 secs / 0.722 secs)
2023-11-20T03:26:13.6149677Z [1A[2K[1A[2KChrome Headless 118.0.5993.117 (Linux x86_64): Executed 306 of 306 (1 FAILED) (3.194 secs / 3.138 secs)
2023-11-20T03:26:13.6151435Z Firefox 119.0 (Ubuntu 0.0.0): Executed 170 of 306 SUCCESS (0 secs / 0.722 secs)
2023-11-20T03:26:13.6152684Z [1A[2K[1A[2KChrome Headless 118.0.5993.117 (Linux x86_64): Executed 306 of 306 (1 FAILED) (3.194 secs / 3.138 secs)
2023-11-20T03:26:13.6153745Z Firefox 119.0 (Ubuntu 0.0.0): Executed 171 of 306 SUCCESS (0 secs / 0.722 secs)
2023-11-20T03:26:13.6154933Z [1A[2K[1A[2KChrome Headless 118.0.5993.117 (Linux x86_64): Executed 306 of 306 (1 FAILED) (3.194 secs / 3.138 secs)
2023-11-20T03:26:13.6155911Z Firefox 119.0 (Ubuntu 0.0.0): Executed 172 of 306 SUCCESS (0 secs / 0.722 secs)
2023-11-20T03:26:13.6157074Z [1A[2K[1A[2KChrome Headless 118.0.5993.117 (Linux x86_64): Executed 306 of 306 (1 FAILED) (3.194 secs / 3.138 secs)
2023-11-20T03:26:13.6158337Z Firefox 119.0 (Ubuntu 0.0.0): Executed 173 of 306 SUCCESS (0 secs / 0.722 secs)
2023-11-20T03:26:13.6159505Z [1A[2K[1A[2KChrome Headless 118.0.5993.117 (Linux x86_64): Executed 306 of 306 (1 FAILED) (3.194 secs / 3.138 secs)
2023-11-20T03:26:13.6160457Z Firefox 119.0 (Ubuntu 0.0.0): Executed 174 of 306 SUCCESS (0 secs / 0.722 secs)
2023-11-20T03:26:13.6161771Z [1A[2K[1A[2KChrome Headless 118.0.5993.117 (Linux x86_64): Executed 306 of 306 (1 FAILED) (3.194 secs / 3.138 secs)
2023-11-20T03:26:13.6162888Z Firefox 119.0 (Ubuntu 0.0.0): Executed 175 of 306 SUCCESS (0 secs / 0.722 secs)
2023-11-20T03:26:13.6164124Z [1A[2K[1A[2KChrome Headless 118.0.5993.117 (Linux x86_64): Executed 306 of 306 (1 FAILED) (3.194 secs / 3.138 secs)
2023-11-20T03:26:13.6165271Z Firefox 119.0 (Ubuntu 0.0.0): Executed 176 of 306 SUCCESS (0 secs / 0.723 secs)
2023-11-20T03:26:13.6166526Z [1A[2K[1A[2KChrome Headless 118.0.5993.117 (Linux x86_64): Executed 306 of 306 (1 FAILED) (3.194 secs / 3.138 secs)
2023-11-20T03:26:13.6167513Z Firefox 119.0 (Ubuntu 0.0.0): Executed 177 of 306 SUCCESS (0 secs / 0.723 secs)
2023-11-20T03:26:13.6168757Z [1A[2K[1A[2KChrome Headless 118.0.5993.117 (Linux x86_64): Executed 306 of 306 (1 FAILED) (3.194 secs / 3.138 secs)
2023-11-20T03:26:13.6169723Z Firefox 119.0 (Ubuntu 0.0.0): Executed 178 of 306 SUCCESS (0 secs / 0.723 secs)
2023-11-20T03:26:13.6170892Z [1A[2K[1A[2KChrome Headless 118.0.5993.117 (Linux x86_64): Executed 306 of 306 (1 FAILED) (3.194 secs / 3.138 secs)
2023-11-20T03:26:13.6171884Z Firefox 119.0 (Ubuntu 0.0.0): Executed 179 of 306 SUCCESS (0 secs / 0.724 secs)
2023-11-20T03:26:13.6173720Z [1A[2K[1A[2KChrome Headless 118.0.5993.117 (Linux x86_64): Executed 306 of 306 (1 FAILED) (3.194 secs / 3.138 secs)
2023-11-20T03:26:13.6175457Z Firefox 119.0 (Ubuntu 0.0.0): Executed 180 of 306 SUCCESS (0 secs / 0.725 secs)
2023-11-20T03:26:13.6177345Z [1A[2K[1A[2KChrome Headless 118.0.5993.117 (Linux x86_64): Executed 306 of 306 (1 FAILED) (3.194 secs / 3.138 secs)
2023-11-20T03:26:13.6178982Z Firefox 119.0 (Ubuntu 0.0.0): Executed 181 of 306 SUCCESS (0 secs / 0.726 secs)
2023-11-20T03:26:13.6181135Z [1A[2K[1A[2KChrome Headless 118.0.5993.117 (Linux x86_64): Executed 306 of 306 (1 FAILED) (3.194 secs / 3.138 secs)
2023-11-20T03:26:13.6183049Z Firefox 119.0 (Ubuntu 0.0.0): Executed 182 of 306 SUCCESS (0 secs / 0.726 secs)
2023-11-20T03:26:13.6185196Z [1A[2K[1A[2KChrome Headless 118.0.5993.117 (Linux x86_64): Executed 306 of 306 (1 FAILED) (3.194 secs / 3.138 secs)
2023-11-20T03:26:13.6187690Z Firefox 119.0 (Ubuntu 0.0.0): Executed 183 of 306 SUCCESS (0 secs / 0.727 secs)
2023-11-20T03:26:13.7130730Z [1A[2K[1A[2KChrome Headless 118.0.5993.117 (Linux x86_64): Executed 306 of 306 (1 FAILED) (3.194 secs / 3.138 secs)
2023-11-20T03:26:13.7132621Z Firefox 119.0 (Ubuntu 0.0.0): Executed 184 of 306 SUCCESS (0 secs / 0.828 secs)
2023-11-20T03:26:13.7142166Z [1A[2K[1A[2KChrome Headless 118.0.5993.117 (Linux x86_64): Executed 306 of 306 (1 FAILED) (3.194 secs / 3.138 secs)
2023-11-20T03:26:13.7144200Z Firefox 119.0 (Ubuntu 0.0.0): Executed 185 of 306 SUCCESS (0 secs / 0.829 secs)
2023-11-20T03:26:13.7160397Z [1A[2K[1A[2KChrome Headless 118.0.5993.117 (Linux x86_64): Executed 306 of 306 (1 FAILED) (3.194 secs / 3.138 secs)
2023-11-20T03:26:13.7163065Z Firefox 119.0 (Ubuntu 0.0.0): Executed 186 of 306 SUCCESS (0 secs / 0.83 secs)
2023-11-20T03:26:13.7164796Z [1A[2K[1A[2KChrome Headless 118.0.5993.117 (Linux x86_64): Executed 306 of 306 (1 FAILED) (3.194 secs / 3.138 secs)
2023-11-20T03:26:13.7166136Z Firefox 119.0 (Ubuntu 0.0.0): Executed 187 of 306 SUCCESS (0 secs / 0.83 secs)
2023-11-20T03:26:13.7167568Z [1A[2K[1A[2KChrome Headless 118.0.5993.117 (Linux x86_64): Executed 306 of 306 (1 FAILED) (3.194 secs / 3.138 secs)
2023-11-20T03:26:13.7168665Z Firefox 119.0 (Ubuntu 0.0.0): Executed 188 of 306 SUCCESS (0 secs / 0.831 secs)
2023-11-20T03:26:13.7176675Z [1A[2K[1A[2KChrome Headless 118.0.5993.117 (Linux x86_64): Executed 306 of 306 (1 FAILED) (3.194 secs / 3.138 secs)
2023-11-20T03:26:13.7178660Z Firefox 119.0 (Ubuntu 0.0.0): Executed 189 of 306 SUCCESS (0 secs / 0.832 secs)
2023-11-20T03:26:13.7190472Z [1A[2K[1A[2KChrome Headless 118.0.5993.117 (Linux x86_64): Executed 306 of 306 (1 FAILED) (3.194 secs / 3.138 secs)
2023-11-20T03:26:13.7192801Z Firefox 119.0 (Ubuntu 0.0.0): Executed 190 of 306 SUCCESS (0 secs / 0.833 secs)
2023-11-20T03:26:13.7194911Z [1A[2K[1A[2KChrome Headless 118.0.5993.117 (Linux x86_64): Executed 306 of 306 (1 FAILED) (3.194 secs / 3.138 secs)
2023-11-20T03:26:13.7196709Z Firefox 119.0 (Ubuntu 0.0.0): Executed 191 of 306 SUCCESS (0 secs / 0.833 secs)
2023-11-20T03:26:13.7198892Z [1A[2K[1A[2KChrome Headless 118.0.5993.117 (Linux x86_64): Executed 306 of 306 (1 FAILED) (3.194 secs / 3.138 secs)
2023-11-20T03:26:13.7200630Z Firefox 119.0 (Ubuntu 0.0.0): Executed 192 of 306 SUCCESS (0 secs / 0.834 secs)
2023-11-20T03:26:13.7202843Z [1A[2K[1A[2KChrome Headless 118.0.5993.117 (Linux x86_64): Executed 306 of 306 (1 FAILED) (3.194 secs / 3.138 secs)
2023-11-20T03:26:13.7204902Z Firefox 119.0 (Ubuntu 0.0.0): Executed 193 of 306 SUCCESS (0 secs / 0.834 secs)
2023-11-20T03:26:13.7218180Z [1A[2K[1A[2KChrome Headless 118.0.5993.117 (Linux x86_64): Executed 306 of 306 (1 FAILED) (3.194 secs / 3.138 secs)
2023-11-20T03:26:13.7220432Z Firefox 119.0 (Ubuntu 0.0.0): Executed 194 of 306 SUCCESS (0 secs / 0.835 secs)
2023-11-20T03:26:13.7222679Z [1A[2K[1A[2KChrome Headless 118.0.5993.117 (Linux x86_64): Executed 306 of 306 (1 FAILED) (3.194 secs / 3.138 secs)
2023-11-20T03:26:13.7225480Z Firefox 119.0 (Ubuntu 0.0.0): Executed 195 of 306 SUCCESS (0 secs / 0.836 secs)
2023-11-20T03:26:13.7228158Z [1A[2K[1A[2KChrome Headless 118.0.5993.117 (Linux x86_64): Executed 306 of 306 (1 FAILED) (3.194 secs / 3.138 secs)
2023-11-20T03:26:13.7229204Z Firefox 119.0 (Ubuntu 0.0.0): Executed 196 of 306 SUCCESS (0 secs / 0.837 secs)
2023-11-20T03:26:13.8740030Z [1A[2K[1A[2KChrome Headless 118.0.5993.117 (Linux x86_64): Executed 306 of 306 (1 FAILED) (3.194 secs / 3.138 secs)
2023-11-20T03:26:13.8741425Z Firefox 119.0 (Ubuntu 0.0.0): Executed 197 of 306 SUCCESS (0 secs / 0.988 secs)
2023-11-20T03:26:13.8749327Z [1A[2K[1A[2KChrome Headless 118.0.5993.117 (Linux x86_64): Executed 306 of 306 (1 FAILED) (3.194 secs / 3.138 secs)
2023-11-20T03:26:13.8751335Z Firefox 119.0 (Ubuntu 0.0.0): Executed 198 of 306 SUCCESS (0 secs / 0.989 secs)
2023-11-20T03:26:13.9764909Z [1A[2K[1A[2KChrome Headless 118.0.5993.117 (Linux x86_64): Executed 306 of 306 (1 FAILED) (3.194 secs / 3.138 secs)
2023-11-20T03:26:13.9766487Z Firefox 119.0 (Ubuntu 0.0.0): Executed 199 of 306 SUCCESS (0 secs / 1.09 secs)
2023-11-20T03:26:14.0783750Z [1A[2K[1A[2KChrome Headless 118.0.5993.117 (Linux x86_64): Executed 306 of 306 (1 FAILED) (3.194 secs / 3.138 secs)
2023-11-20T03:26:14.0785205Z Firefox 119.0 (Ubuntu 0.0.0): Executed 200 of 306 SUCCESS (0 secs / 1.191 secs)
2023-11-20T03:26:14.1801053Z [1A[2K[1A[2KChrome Headless 118.0.5993.117 (Linux x86_64): Executed 306 of 306 (1 FAILED) (3.194 secs / 3.138 secs)
2023-11-20T03:26:14.1803086Z Firefox 119.0 (Ubuntu 0.0.0): Executed 201 of 306 SUCCESS (0 secs / 1.293 secs)
2023-11-20T03:26:14.2816729Z [1A[2K[1A[2KChrome Headless 118.0.5993.117 (Linux x86_64): Executed 306 of 306 (1 FAILED) (3.194 secs / 3.138 secs)
2023-11-20T03:26:14.2818086Z Firefox 119.0 (Ubuntu 0.0.0): Executed 202 of 306 SUCCESS (0 secs / 1.395 secs)
2023-11-20T03:26:14.3834526Z [1A[2K[1A[2KChrome Headless 118.0.5993.117 (Linux x86_64): Executed 306 of 306 (1 FAILED) (3.194 secs / 3.138 secs)
2023-11-20T03:26:14.3838540Z Firefox 119.0 (Ubuntu 0.0.0): Executed 203 of 306 SUCCESS (0 secs / 1.496 secs)
2023-11-20T03:26:14.4853752Z [1A[2K[1A[2KChrome Headless 118.0.5993.117 (Linux x86_64): Executed 306 of 306 (1 FAILED) (3.194 secs / 3.138 secs)
2023-11-20T03:26:14.4854935Z Firefox 119.0 (Ubuntu 0.0.0): Executed 204 of 306 SUCCESS (0 secs / 1.598 secs)
2023-11-20T03:26:14.5872064Z [1A[2K[1A[2KChrome Headless 118.0.5993.117 (Linux x86_64): Executed 306 of 306 (1 FAILED) (3.194 secs / 3.138 secs)
2023-11-20T03:26:14.5873750Z Firefox 119.0 (Ubuntu 0.0.0): Executed 205 of 306 SUCCESS (0 secs / 1.7 secs)
2023-11-20T03:26:14.6891723Z [1A[2K[1A[2KChrome Headless 118.0.5993.117 (Linux x86_64): Executed 306 of 306 (1 FAILED) (3.194 secs / 3.138 secs)
2023-11-20T03:26:14.6893773Z Firefox 119.0 (Ubuntu 0.0.0): Executed 206 of 306 SUCCESS (0 secs / 1.802 secs)
2023-11-20T03:26:14.7911511Z [1A[2K[1A[2KChrome Headless 118.0.5993.117 (Linux x86_64): Executed 306 of 306 (1 FAILED) (3.194 secs / 3.138 secs)
2023-11-20T03:26:14.7913369Z Firefox 119.0 (Ubuntu 0.0.0): Executed 207 of 306 SUCCESS (0 secs / 1.903 secs)
2023-11-20T03:26:14.8928779Z [1A[2K[1A[2KChrome Headless 118.0.5993.117 (Linux x86_64): Executed 306 of 306 (1 FAILED) (3.194 secs / 3.138 secs)
2023-11-20T03:26:14.8930588Z Firefox 119.0 (Ubuntu 0.0.0): Executed 208 of 306 SUCCESS (0 secs / 2.004 secs)
2023-11-20T03:26:14.9946283Z [1A[2K[1A[2KChrome Headless 118.0.5993.117 (Linux x86_64): Executed 306 of 306 (1 FAILED) (3.194 secs / 3.138 secs)
2023-11-20T03:26:14.9948009Z Firefox 119.0 (Ubuntu 0.0.0): Executed 209 of 306 SUCCESS (0 secs / 2.106 secs)
2023-11-20T03:26:15.0964213Z [1A[2K[1A[2KChrome Headless 118.0.5993.117 (Linux x86_64): Executed 306 of 306 (1 FAILED) (3.194 secs / 3.138 secs)
2023-11-20T03:26:15.0966093Z Firefox 119.0 (Ubuntu 0.0.0): Executed 210 of 306 SUCCESS (0 secs / 2.206 secs)
2023-11-20T03:26:15.0972228Z [1A[2K[1A[2KChrome Headless 118.0.5993.117 (Linux x86_64): Executed 306 of 306 (1 FAILED) (3.194 secs / 3.138 secs)
2023-11-20T03:26:15.0974786Z Firefox 119.0 (Ubuntu 0.0.0): Executed 211 of 306 SUCCESS (0 secs / 2.207 secs)
2023-11-20T03:26:15.0995964Z [1A[2K[1A[2KChrome Headless 118.0.5993.117 (Linux x86_64): Executed 306 of 306 (1 FAILED) (3.194 secs / 3.138 secs)
2023-11-20T03:26:15.0997907Z Firefox 119.0 (Ubuntu 0.0.0): Executed 212 of 306 SUCCESS (0 secs / 2.208 secs)
2023-11-20T03:26:15.1001696Z [1A[2K[1A[2KChrome Headless 118.0.5993.117 (Linux x86_64): Executed 306 of 306 (1 FAILED) (3.194 secs / 3.138 secs)
2023-11-20T03:26:15.1003935Z Firefox 119.0 (Ubuntu 0.0.0): Executed 213 of 306 SUCCESS (0 secs / 2.208 secs)
2023-11-20T03:26:15.1006101Z [1A[2K[1A[2KChrome Headless 118.0.5993.117 (Linux x86_64): Executed 306 of 306 (1 FAILED) (3.194 secs / 3.138 secs)
2023-11-20T03:26:15.1008116Z Firefox 119.0 (Ubuntu 0.0.0): Executed 214 of 306 SUCCESS (0 secs / 2.208 secs)
2023-11-20T03:26:15.1010885Z [1A[2K[1A[2KChrome Headless 118.0.5993.117 (Linux x86_64): Executed 306 of 306 (1 FAILED) (3.194 secs / 3.138 secs)
2023-11-20T03:26:15.1014568Z Firefox 119.0 (Ubuntu 0.0.0): Executed 215 of 306 SUCCESS (0 secs / 2.208 secs)
2023-11-20T03:26:15.1017002Z [1A[2K[1A[2KChrome Headless 118.0.5993.117 (Linux x86_64): Executed 306 of 306 (1 FAILED) (3.194 secs / 3.138 secs)
2023-11-20T03:26:15.1019305Z Firefox 119.0 (Ubuntu 0.0.0): Executed 216 of 306 SUCCESS (0 secs / 2.208 secs)
2023-11-20T03:26:15.1021998Z [1A[2K[1A[2KChrome Headless 118.0.5993.117 (Linux x86_64): Executed 306 of 306 (1 FAILED) (3.194 secs / 3.138 secs)
2023-11-20T03:26:15.1024085Z Firefox 119.0 (Ubuntu 0.0.0): Executed 217 of 306 SUCCESS (0 secs / 2.21 secs)
2023-11-20T03:26:15.1027108Z [1A[2K[1A[2KChrome Headless 118.0.5993.117 (Linux x86_64): Executed 306 of 306 (1 FAILED) (3.194 secs / 3.138 secs)
2023-11-20T03:26:15.1029663Z Firefox 119.0 (Ubuntu 0.0.0): Executed 218 of 306 SUCCESS (0 secs / 2.211 secs)
2023-11-20T03:26:15.1033954Z [1A[2K[1A[2KChrome Headless 118.0.5993.117 (Linux x86_64): Executed 306 of 306 (1 FAILED) (3.194 secs / 3.138 secs)
2023-11-20T03:26:15.1035834Z Firefox 119.0 (Ubuntu 0.0.0): Executed 219 of 306 SUCCESS (0 secs / 2.211 secs)
2023-11-20T03:26:15.1039995Z [1A[2K[1A[2KChrome Headless 118.0.5993.117 (Linux x86_64): Executed 306 of 306 (1 FAILED) (3.194 secs / 3.138 secs)
2023-11-20T03:26:15.1042000Z Firefox 119.0 (Ubuntu 0.0.0): Executed 220 of 306 SUCCESS (0 secs / 2.212 secs)
2023-11-20T03:26:15.1044574Z [1A[2K[1A[2KChrome Headless 118.0.5993.117 (Linux x86_64): Executed 306 of 306 (1 FAILED) (3.194 secs / 3.138 secs)
2023-11-20T03:26:15.1046855Z Firefox 119.0 (Ubuntu 0.0.0): Executed 221 of 306 SUCCESS (0 secs / 2.212 secs)
2023-11-20T03:26:15.1049165Z [1A[2K[1A[2KChrome Headless 118.0.5993.117 (Linux x86_64): Executed 306 of 306 (1 FAILED) (3.194 secs / 3.138 secs)
2023-11-20T03:26:15.1051006Z Firefox 119.0 (Ubuntu 0.0.0): Executed 222 of 306 SUCCESS (0 secs / 2.212 secs)
2023-11-20T03:26:15.1053288Z [1A[2K[1A[2KChrome Headless 118.0.5993.117 (Linux x86_64): Executed 306 of 306 (1 FAILED) (3.194 secs / 3.138 secs)
2023-11-20T03:26:15.1055197Z Firefox 119.0 (Ubuntu 0.0.0): Executed 223 of 306 SUCCESS (0 secs / 2.213 secs)
2023-11-20T03:26:15.1059665Z [1A[2K[1A[2KChrome Headless 118.0.5993.117 (Linux x86_64): Executed 306 of 306 (1 FAILED) (3.194 secs / 3.138 secs)
2023-11-20T03:26:15.1061949Z Firefox 119.0 (Ubuntu 0.0.0): Executed 224 of 306 SUCCESS (0 secs / 2.213 secs)
2023-11-20T03:26:15.1064121Z [1A[2K[1A[2KChrome Headless 118.0.5993.117 (Linux x86_64): Executed 306 of 306 (1 FAILED) (3.194 secs / 3.138 secs)
2023-11-20T03:26:15.1066162Z Firefox 119.0 (Ubuntu 0.0.0): Executed 225 of 306 SUCCESS (0 secs / 2.214 secs)
2023-11-20T03:26:15.1070473Z [1A[2K[1A[2KChrome Headless 118.0.5993.117 (Linux x86_64): Executed 306 of 306 (1 FAILED) (3.194 secs / 3.138 secs)
2023-11-20T03:26:15.1072713Z Firefox 119.0 (Ubuntu 0.0.0): Executed 226 of 306 SUCCESS (0 secs / 2.215 secs)
2023-11-20T03:26:15.1076919Z [1A[2K[1A[2KChrome Headless 118.0.5993.117 (Linux x86_64): Executed 306 of 306 (1 FAILED) (3.194 secs / 3.138 secs)
2023-11-20T03:26:15.1078805Z Firefox 119.0 (Ubuntu 0.0.0): Executed 227 of 306 SUCCESS (0 secs / 2.215 secs)
2023-11-20T03:26:15.1081722Z [1A[2K[1A[2KChrome Headless 118.0.5993.117 (Linux x86_64): Executed 306 of 306 (1 FAILED) (3.194 secs / 3.138 secs)
2023-11-20T03:26:15.1083789Z Firefox 119.0 (Ubuntu 0.0.0): Executed 228 of 306 SUCCESS (0 secs / 2.216 secs)
2023-11-20T03:26:15.1088705Z [1A[2K[1A[2KChrome Headless 118.0.5993.117 (Linux x86_64): Executed 306 of 306 (1 FAILED) (3.194 secs / 3.138 secs)
2023-11-20T03:26:15.1089795Z Firefox 119.0 (Ubuntu 0.0.0): Executed 229 of 306 SUCCESS (0 secs / 2.217 secs)
2023-11-20T03:26:15.2102177Z [1A[2K[1A[2KChrome Headless 118.0.5993.117 (Linux x86_64): Executed 306 of 306 (1 FAILED) (3.194 secs / 3.138 secs)
2023-11-20T03:26:15.2103967Z Firefox 119.0 (Ubuntu 0.0.0): Executed 230 of 306 SUCCESS (0 secs / 2.317 secs)
2023-11-20T03:26:15.3115033Z [1A[2K[1A[2KChrome Headless 118.0.5993.117 (Linux x86_64): Executed 306 of 306 (1 FAILED) (3.194 secs / 3.138 secs)
2023-11-20T03:26:15.3118585Z Firefox 119.0 (Ubuntu 0.0.0): Executed 231 of 306 SUCCESS (0 secs / 2.417 secs)
2023-11-20T03:26:15.4115771Z [1A[2K[1A[2KChrome Headless 118.0.5993.117 (Linux x86_64): Executed 306 of 306 (1 FAILED) (3.194 secs / 3.138 secs)
2023-11-20T03:26:15.4117735Z Firefox 119.0 (Ubuntu 0.0.0): Executed 232 of 306 SUCCESS (0 secs / 2.517 secs)
2023-11-20T03:26:15.4127309Z [1A[2K[1A[2KChrome Headless 118.0.5993.117 (Linux x86_64): Executed 306 of 306 (1 FAILED) (3.194 secs / 3.138 secs)
2023-11-20T03:26:15.4128978Z Firefox 119.0 (Ubuntu 0.0.0): Executed 233 of 306 SUCCESS (0 secs / 2.517 secs)
2023-11-20T03:26:15.4134773Z [1A[2K[1A[2KChrome Headless 118.0.5993.117 (Linux x86_64): Executed 306 of 306 (1 FAILED) (3.194 secs / 3.138 secs)
2023-11-20T03:26:15.4136238Z Firefox 119.0 (Ubuntu 0.0.0): Executed 234 of 306 SUCCESS (0 secs / 2.518 secs)
2023-11-20T03:26:15.4137677Z [1A[2K[1A[2KChrome Headless 118.0.5993.117 (Linux x86_64): Executed 306 of 306 (1 FAILED) (3.194 secs / 3.138 secs)
2023-11-20T03:26:15.4139355Z Firefox 119.0 (Ubuntu 0.0.0): Executed 235 of 306 SUCCESS (0 secs / 2.519 secs)
2023-11-20T03:26:15.4143715Z [1A[2K[1A[2KChrome Headless 118.0.5993.117 (Linux x86_64): Executed 306 of 306 (1 FAILED) (3.194 secs / 3.138 secs)
2023-11-20T03:26:15.4145843Z Firefox 119.0 (Ubuntu 0.0.0): Executed 236 of 306 SUCCESS (0 secs / 2.519 secs)
2023-11-20T03:26:15.4147860Z [1A[2K[1A[2KChrome Headless 118.0.5993.117 (Linux x86_64): Executed 306 of 306 (1 FAILED) (3.194 secs / 3.138 secs)
2023-11-20T03:26:15.4149409Z Firefox 119.0 (Ubuntu 0.0.0): Executed 237 of 306 SUCCESS (0 secs / 2.519 secs)
2023-11-20T03:26:15.4153346Z [1A[2K[1A[2KChrome Headless 118.0.5993.117 (Linux x86_64): Executed 306 of 306 (1 FAILED) (3.194 secs / 3.138 secs)
2023-11-20T03:26:15.4155107Z Firefox 119.0 (Ubuntu 0.0.0): Executed 238 of 306 SUCCESS (0 secs / 2.52 secs)
2023-11-20T03:26:15.4159528Z [1A[2K[1A[2KChrome Headless 118.0.5993.117 (Linux x86_64): Executed 306 of 306 (1 FAILED) (3.194 secs / 3.138 secs)
2023-11-20T03:26:15.4161172Z Firefox 119.0 (Ubuntu 0.0.0): Executed 239 of 306 SUCCESS (0 secs / 2.52 secs)
2023-11-20T03:26:15.4491890Z [1A[2K[1A[2KChrome Headless 118.0.5993.117 (Linux x86_64): Executed 306 of 306 (1 FAILED) (3.194 secs / 3.138 secs)
2023-11-20T03:26:15.4493398Z Firefox 119.0 (Ubuntu 0.0.0): Executed 240 of 306 SUCCESS (0 secs / 2.554 secs)
2023-11-20T03:26:15.4502313Z [1A[2K[1A[2KChrome Headless 118.0.5993.117 (Linux x86_64): Executed 306 of 306 (1 FAILED) (3.194 secs / 3.138 secs)
2023-11-20T03:26:15.4503411Z Firefox 119.0 (Ubuntu 0.0.0): Executed 241 of 306 SUCCESS (0 secs / 2.555 secs)
2023-11-20T03:26:15.4509939Z [1A[2K[1A[2KChrome Headless 118.0.5993.117 (Linux x86_64): Executed 306 of 306 (1 FAILED) (3.194 secs / 3.138 secs)
2023-11-20T03:26:15.4512646Z Firefox 119.0 (Ubuntu 0.0.0): Executed 242 of 306 SUCCESS (0 secs / 2.556 secs)
2023-11-20T03:26:15.4515319Z [1A[2K[1A[2KChrome Headless 118.0.5993.117 (Linux x86_64): Executed 306 of 306 (1 FAILED) (3.194 secs / 3.138 secs)
2023-11-20T03:26:15.4517275Z Firefox 119.0 (Ubuntu 0.0.0): Executed 243 of 306 SUCCESS (0 secs / 2.556 secs)
2023-11-20T03:26:15.4520310Z [1A[2K[1A[2KChrome Headless 118.0.5993.117 (Linux x86_64): Executed 306 of 306 (1 FAILED) (3.194 secs / 3.138 secs)
2023-11-20T03:26:15.4522245Z Firefox 119.0 (Ubuntu 0.0.0): Executed 244 of 306 SUCCESS (0 secs / 2.557 secs)
2023-11-20T03:26:15.4526092Z [1A[2K[1A[2KChrome Headless 118.0.5993.117 (Linux x86_64): Executed 306 of 306 (1 FAILED) (3.194 secs / 3.138 secs)
2023-11-20T03:26:15.4528130Z Firefox 119.0 (Ubuntu 0.0.0): Executed 245 of 306 SUCCESS (0 secs / 2.557 secs)
2023-11-20T03:26:15.4531420Z [1A[2K[1A[2KChrome Headless 118.0.5993.117 (Linux x86_64): Executed 306 of 306 (1 FAILED) (3.194 secs / 3.138 secs)
2023-11-20T03:26:15.4532646Z Firefox 119.0 (Ubuntu 0.0.0): Executed 246 of 306 SUCCESS (0 secs / 2.558 secs)
2023-11-20T03:26:15.5544865Z [1A[2K[1A[2KChrome Headless 118.0.5993.117 (Linux x86_64): Executed 306 of 306 (1 FAILED) (3.194 secs / 3.138 secs)
2023-11-20T03:26:15.5547183Z Firefox 119.0 (Ubuntu 0.0.0): Executed 247 of 306 SUCCESS (0 secs / 2.659 secs)
2023-11-20T03:26:15.6562615Z [1A[2K[1A[2KChrome Headless 118.0.5993.117 (Linux x86_64): Executed 306 of 306 (1 FAILED) (3.194 secs / 3.138 secs)
2023-11-20T03:26:15.6564487Z Firefox 119.0 (Ubuntu 0.0.0): Executed 248 of 306 SUCCESS (0 secs / 2.76 secs)
2023-11-20T03:26:15.7580097Z [1A[2K[1A[2KChrome Headless 118.0.5993.117 (Linux x86_64): Executed 306 of 306 (1 FAILED) (3.194 secs / 3.138 secs)
2023-11-20T03:26:15.7581556Z Firefox 119.0 (Ubuntu 0.0.0): Executed 249 of 306 SUCCESS (0 secs / 2.862 secs)
2023-11-20T03:26:15.8598718Z [1A[2K[1A[2KChrome Headless 118.0.5993.117 (Linux x86_64): Executed 306 of 306 (1 FAILED) (3.194 secs / 3.138 secs)
2023-11-20T03:26:15.8600837Z Firefox 119.0 (Ubuntu 0.0.0): Executed 250 of 306 SUCCESS (0 secs / 2.964 secs)
2023-11-20T03:26:15.8605990Z [1A[2K[1A[2KChrome Headless 118.0.5993.117 (Linux x86_64): Executed 306 of 306 (1 FAILED) (3.194 secs / 3.138 secs)
2023-11-20T03:26:15.8608024Z Firefox 119.0 (Ubuntu 0.0.0): Executed 251 of 306 SUCCESS (0 secs / 2.965 secs)
2023-11-20T03:26:15.8617023Z [1A[2K[1A[2KChrome Headless 118.0.5993.117 (Linux x86_64): Executed 306 of 306 (1 FAILED) (3.194 secs / 3.138 secs)
2023-11-20T03:26:15.8618358Z Firefox 119.0 (Ubuntu 0.0.0): Executed 252 of 306 SUCCESS (0 secs / 2.965 secs)
2023-11-20T03:26:15.8622467Z [1A[2K[1A[2KChrome Headless 118.0.5993.117 (Linux x86_64): Executed 306 of 306 (1 FAILED) (3.194 secs / 3.138 secs)
2023-11-20T03:26:15.8623504Z Firefox 119.0 (Ubuntu 0.0.0): Executed 253 of 306 SUCCESS (0 secs / 2.965 secs)
2023-11-20T03:26:15.9637391Z [1A[2K[1A[2KChrome Headless 118.0.5993.117 (Linux x86_64): Executed 306 of 306 (1 FAILED) (3.194 secs / 3.138 secs)
2023-11-20T03:26:15.9639042Z Firefox 119.0 (Ubuntu 0.0.0): Executed 254 of 306 SUCCESS (0 secs / 3.066 secs)
2023-11-20T03:26:15.9646189Z [1A[2K[1A[2KChrome Headless 118.0.5993.117 (Linux x86_64): Executed 306 of 306 (1 FAILED) (3.194 secs / 3.138 secs)
2023-11-20T03:26:15.9647586Z Firefox 119.0 (Ubuntu 0.0.0): Executed 255 of 306 SUCCESS (0 secs / 3.067 secs)
2023-11-20T03:26:15.9652043Z [1A[2K[1A[2KChrome Headless 118.0.5993.117 (Linux x86_64): Executed 306 of 306 (1 FAILED) (3.194 secs / 3.138 secs)
2023-11-20T03:26:15.9653895Z Firefox 119.0 (Ubuntu 0.0.0): Executed 256 of 306 SUCCESS (0 secs / 3.068 secs)
2023-11-20T03:26:15.9655916Z [1A[2K[1A[2KChrome Headless 118.0.5993.117 (Linux x86_64): Executed 306 of 306 (1 FAILED) (3.194 secs / 3.138 secs)
2023-11-20T03:26:15.9658016Z Firefox 119.0 (Ubuntu 0.0.0): Executed 257 of 306 SUCCESS (0 secs / 3.068 secs)
2023-11-20T03:26:15.9660731Z [1A[2K[1A[2KChrome Headless 118.0.5993.117 (Linux x86_64): Executed 306 of 306 (1 FAILED) (3.194 secs / 3.138 secs)
2023-11-20T03:26:15.9662581Z Firefox 119.0 (Ubuntu 0.0.0): Executed 258 of 306 SUCCESS (0 secs / 3.069 secs)
2023-11-20T03:26:15.9666062Z [1A[2K[1A[2KChrome Headless 118.0.5993.117 (Linux x86_64): Executed 306 of 306 (1 FAILED) (3.194 secs / 3.138 secs)
2023-11-20T03:26:15.9667321Z Firefox 119.0 (Ubuntu 0.0.0): Executed 259 of 306 SUCCESS (0 secs / 3.069 secs)
2023-11-20T03:26:16.0680843Z [1A[2K[1A[2KChrome Headless 118.0.5993.117 (Linux x86_64): Executed 306 of 306 (1 FAILED) (3.194 secs / 3.138 secs)
2023-11-20T03:26:16.0682798Z Firefox 119.0 (Ubuntu 0.0.0): Executed 260 of 306 SUCCESS (0 secs / 3.17 secs)
2023-11-20T03:26:16.1699661Z [1A[2K[1A[2KChrome Headless 118.0.5993.117 (Linux x86_64): Executed 306 of 306 (1 FAILED) (3.194 secs / 3.138 secs)
2023-11-20T03:26:16.1701044Z Firefox 119.0 (Ubuntu 0.0.0): Executed 261 of 306 SUCCESS (0 secs / 3.272 secs)
2023-11-20T03:26:16.2718447Z [1A[2K[1A[2KChrome Headless 118.0.5993.117 (Linux x86_64): Executed 306 of 306 (1 FAILED) (3.194 secs / 3.138 secs)
2023-11-20T03:26:16.2719848Z Firefox 119.0 (Ubuntu 0.0.0): Executed 262 of 306 SUCCESS (0 secs / 3.374 secs)
2023-11-20T03:26:16.3737150Z [1A[2K[1A[2KChrome Headless 118.0.5993.117 (Linux x86_64): Executed 306 of 306 (1 FAILED) (3.194 secs / 3.138 secs)
2023-11-20T03:26:16.3739492Z Firefox 119.0 (Ubuntu 0.0.0): Executed 263 of 306 SUCCESS (0 secs / 3.476 secs)
2023-11-20T03:26:16.3746217Z [1A[2K[1A[2KChrome Headless 118.0.5993.117 (Linux x86_64): Executed 306 of 306 (1 FAILED) (3.194 secs / 3.138 secs)
2023-11-20T03:26:16.3747287Z Firefox 119.0 (Ubuntu 0.0.0): Executed 264 of 306 SUCCESS (0 secs / 3.477 secs)
2023-11-20T03:26:16.3753019Z [1A[2K[1A[2KChrome Headless 118.0.5993.117 (Linux x86_64): Executed 306 of 306 (1 FAILED) (3.194 secs / 3.138 secs)
2023-11-20T03:26:16.3754090Z Firefox 119.0 (Ubuntu 0.0.0): Executed 265 of 306 SUCCESS (0 secs / 3.478 secs)
2023-11-20T03:26:16.3759084Z [1A[2K[1A[2KChrome Headless 118.0.5993.117 (Linux x86_64): Executed 306 of 306 (1 FAILED) (3.194 secs / 3.138 secs)
2023-11-20T03:26:16.3761009Z Firefox 119.0 (Ubuntu 0.0.0): Executed 266 of 306 SUCCESS (0 secs / 3.478 secs)
2023-11-20T03:26:16.3768163Z [1A[2K[1A[2KChrome Headless 118.0.5993.117 (Linux x86_64): Executed 306 of 306 (1 FAILED) (3.194 secs / 3.138 secs)
2023-11-20T03:26:16.3770083Z Firefox 119.0 (Ubuntu 0.0.0): Executed 267 of 306 SUCCESS (0 secs / 3.479 secs)
2023-11-20T03:26:16.3781186Z [1A[2K[1A[2KChrome Headless 118.0.5993.117 (Linux x86_64): Executed 306 of 306 (1 FAILED) (3.194 secs / 3.138 secs)
2023-11-20T03:26:16.3782479Z Firefox 119.0 (Ubuntu 0.0.0): Executed 268 of 306 SUCCESS (0 secs / 3.479 secs)
2023-11-20T03:26:16.3783752Z [1A[2K[1A[2KChrome Headless 118.0.5993.117 (Linux x86_64): Executed 306 of 306 (1 FAILED) (3.194 secs / 3.138 secs)
2023-11-20T03:26:16.3784819Z Firefox 119.0 (Ubuntu 0.0.0): Executed 269 of 306 SUCCESS (0 secs / 3.479 secs)
2023-11-20T03:26:16.3786763Z [1A[2K[1A[2KChrome Headless 118.0.5993.117 (Linux x86_64): Executed 306 of 306 (1 FAILED) (3.194 secs / 3.138 secs)
2023-11-20T03:26:16.3788581Z Firefox 119.0 (Ubuntu 0.0.0): Executed 270 of 306 SUCCESS (0 secs / 3.48 secs)
2023-11-20T03:26:16.3790478Z [1A[2K[1A[2KChrome Headless 118.0.5993.117 (Linux x86_64): Executed 306 of 306 (1 FAILED) (3.194 secs / 3.138 secs)
2023-11-20T03:26:16.3792432Z Firefox 119.0 (Ubuntu 0.0.0): Executed 271 of 306 SUCCESS (0 secs / 3.48 secs)
2023-11-20T03:26:16.3794603Z [1A[2K[1A[2KChrome Headless 118.0.5993.117 (Linux x86_64): Executed 306 of 306 (1 FAILED) (3.194 secs / 3.138 secs)
2023-11-20T03:26:16.3796371Z Firefox 119.0 (Ubuntu 0.0.0): Executed 272 of 306 SUCCESS (0 secs / 3.48 secs)
2023-11-20T03:26:16.3798270Z [1A[2K[1A[2KChrome Headless 118.0.5993.117 (Linux x86_64): Executed 306 of 306 (1 FAILED) (3.194 secs / 3.138 secs)
2023-11-20T03:26:16.3800188Z Firefox 119.0 (Ubuntu 0.0.0): Executed 273 of 306 SUCCESS (0 secs / 3.481 secs)
2023-11-20T03:26:16.3802208Z [1A[2K[1A[2KChrome Headless 118.0.5993.117 (Linux x86_64): Executed 306 of 306 (1 FAILED) (3.194 secs / 3.138 secs)
2023-11-20T03:26:16.3803760Z Firefox 119.0 (Ubuntu 0.0.0): Executed 274 of 306 SUCCESS (0 secs / 3.481 secs)
2023-11-20T03:26:16.3805909Z [1A[2K[1A[2KChrome Headless 118.0.5993.117 (Linux x86_64): Executed 306 of 306 (1 FAILED) (3.194 secs / 3.138 secs)
2023-11-20T03:26:16.3807549Z Firefox 119.0 (Ubuntu 0.0.0): Executed 275 of 306 SUCCESS (0 secs / 3.482 secs)
2023-11-20T03:26:16.3809535Z [1A[2K[1A[2KChrome Headless 118.0.5993.117 (Linux x86_64): Executed 306 of 306 (1 FAILED) (3.194 secs / 3.138 secs)
2023-11-20T03:26:16.3811359Z Firefox 119.0 (Ubuntu 0.0.0): Executed 276 of 306 SUCCESS (0 secs / 3.482 secs)
2023-11-20T03:26:16.3813263Z [1A[2K[1A[2KChrome Headless 118.0.5993.117 (Linux x86_64): Executed 306 of 306 (1 FAILED) (3.194 secs / 3.138 secs)
2023-11-20T03:26:16.3816743Z Firefox 119.0 (Ubuntu 0.0.0): Executed 277 of 306 SUCCESS (0 secs / 3.482 secs)
2023-11-20T03:26:16.3818678Z [1A[2K[1A[2KChrome Headless 118.0.5993.117 (Linux x86_64): Executed 306 of 306 (1 FAILED) (3.194 secs / 3.138 secs)
2023-11-20T03:26:16.3819714Z Firefox 119.0 (Ubuntu 0.0.0): Executed 278 of 306 SUCCESS (0 secs / 3.482 secs)
2023-11-20T03:26:16.3821610Z [1A[2K[1A[2KChrome Headless 118.0.5993.117 (Linux x86_64): Executed 306 of 306 (1 FAILED) (3.194 secs / 3.138 secs)
2023-11-20T03:26:16.3823244Z Firefox 119.0 (Ubuntu 0.0.0): Executed 279 of 306 SUCCESS (0 secs / 3.482 secs)
2023-11-20T03:26:16.3825125Z [1A[2K[1A[2KChrome Headless 118.0.5993.117 (Linux x86_64): Executed 306 of 306 (1 FAILED) (3.194 secs / 3.138 secs)
2023-11-20T03:26:16.3826256Z Firefox 119.0 (Ubuntu 0.0.0): Executed 280 of 306 SUCCESS (0 secs / 3.482 secs)
2023-11-20T03:26:16.3827877Z [1A[2K[1A[2KChrome Headless 118.0.5993.117 (Linux x86_64): Executed 306 of 306 (1 FAILED) (3.194 secs / 3.138 secs)
2023-11-20T03:26:16.3828836Z Firefox 119.0 (Ubuntu 0.0.0): Executed 281 of 306 SUCCESS (0 secs / 3.482 secs)
2023-11-20T03:26:16.3830435Z [1A[2K[1A[2KChrome Headless 118.0.5993.117 (Linux x86_64): Executed 306 of 306 (1 FAILED) (3.194 secs / 3.138 secs)
2023-11-20T03:26:16.3832230Z Firefox 119.0 (Ubuntu 0.0.0): Executed 282 of 306 SUCCESS (0 secs / 3.482 secs)
2023-11-20T03:26:16.3834001Z [1A[2K[1A[2KChrome Headless 118.0.5993.117 (Linux x86_64): Executed 306 of 306 (1 FAILED) (3.194 secs / 3.138 secs)
2023-11-20T03:26:16.3835387Z Firefox 119.0 (Ubuntu 0.0.0): Executed 283 of 306 SUCCESS (0 secs / 3.482 secs)
2023-11-20T03:26:16.3836690Z [1A[2K[1A[2KChrome Headless 118.0.5993.117 (Linux x86_64): Executed 306 of 306 (1 FAILED) (3.194 secs / 3.138 secs)
2023-11-20T03:26:16.3837759Z Firefox 119.0 (Ubuntu 0.0.0): Executed 284 of 306 SUCCESS (0 secs / 3.482 secs)
2023-11-20T03:26:16.3838963Z [1A[2K[1A[2KChrome Headless 118.0.5993.117 (Linux x86_64): Executed 306 of 306 (1 FAILED) (3.194 secs / 3.138 secs)
2023-11-20T03:26:16.3839923Z Firefox 119.0 (Ubuntu 0.0.0): Executed 285 of 306 SUCCESS (0 secs / 3.482 secs)
2023-11-20T03:26:16.3841316Z [1A[2K[1A[2KChrome Headless 118.0.5993.117 (Linux x86_64): Executed 306 of 306 (1 FAILED) (3.194 secs / 3.138 secs)
2023-11-20T03:26:16.3843158Z Firefox 119.0 (Ubuntu 0.0.0): Executed 286 of 306 SUCCESS (0 secs / 3.483 secs)
2023-11-20T03:26:16.3844942Z [1A[2K[1A[2KChrome Headless 118.0.5993.117 (Linux x86_64): Executed 306 of 306 (1 FAILED) (3.194 secs / 3.138 secs)
2023-11-20T03:26:16.3846289Z Firefox 119.0 (Ubuntu 0.0.0): Executed 287 of 306 SUCCESS (0 secs / 3.484 secs)
2023-11-20T03:26:16.3848067Z [1A[2K[1A[2KChrome Headless 118.0.5993.117 (Linux x86_64): Executed 306 of 306 (1 FAILED) (3.194 secs / 3.138 secs)
2023-11-20T03:26:16.3849604Z Firefox 119.0 (Ubuntu 0.0.0): Executed 288 of 306 SUCCESS (0 secs / 3.484 secs)
2023-11-20T03:26:16.3851166Z [1A[2K[1A[2KChrome Headless 118.0.5993.117 (Linux x86_64): Executed 306 of 306 (1 FAILED) (3.194 secs / 3.138 secs)
2023-11-20T03:26:16.3852247Z Firefox 119.0 (Ubuntu 0.0.0): Executed 289 of 306 SUCCESS (0 secs / 3.485 secs)
2023-11-20T03:26:16.3853865Z [1A[2K[1A[2KChrome Headless 118.0.5993.117 (Linux x86_64): Executed 306 of 306 (1 FAILED) (3.194 secs / 3.138 secs)
2023-11-20T03:26:16.3854938Z Firefox 119.0 (Ubuntu 0.0.0): Executed 290 of 306 SUCCESS (0 secs / 3.485 secs)
2023-11-20T03:26:16.3856027Z [1A[2K[1A[2KChrome Headless 118.0.5993.117 (Linux x86_64): Executed 306 of 306 (1 FAILED) (3.194 secs / 3.138 secs)
2023-11-20T03:26:16.3857012Z Firefox 119.0 (Ubuntu 0.0.0): Executed 291 of 306 SUCCESS (0 secs / 3.485 secs)
2023-11-20T03:26:16.3862055Z [1A[2K[1A[2KChrome Headless 118.0.5993.117 (Linux x86_64): Executed 306 of 306 (1 FAILED) (3.194 secs / 3.138 secs)
2023-11-20T03:26:16.3863499Z Firefox 119.0 (Ubuntu 0.0.0): Executed 292 of 306 SUCCESS (0 secs / 3.486 secs)
2023-11-20T03:26:16.3865055Z [1A[2K[1A[2KChrome Headless 118.0.5993.117 (Linux x86_64): Executed 306 of 306 (1 FAILED) (3.194 secs / 3.138 secs)
2023-11-20T03:26:16.3866381Z Firefox 119.0 (Ubuntu 0.0.0): Executed 293 of 306 SUCCESS (0 secs / 3.486 secs)
2023-11-20T03:26:16.3871101Z [1A[2K[1A[2KChrome Headless 118.0.5993.117 (Linux x86_64): Executed 306 of 306 (1 FAILED) (3.194 secs / 3.138 secs)
2023-11-20T03:26:16.3872452Z Firefox 119.0 (Ubuntu 0.0.0): Executed 294 of 306 SUCCESS (0 secs / 3.486 secs)
2023-11-20T03:26:16.3874009Z [1A[2K[1A[2KChrome Headless 118.0.5993.117 (Linux x86_64): Executed 306 of 306 (1 FAILED) (3.194 secs / 3.138 secs)
2023-11-20T03:26:16.3875131Z Firefox 119.0 (Ubuntu 0.0.0): Executed 295 of 306 SUCCESS (0 secs / 3.487 secs)
2023-11-20T03:26:16.3880702Z [1A[2K[1A[2KChrome Headless 118.0.5993.117 (Linux x86_64): Executed 306 of 306 (1 FAILED) (3.194 secs / 3.138 secs)
2023-11-20T03:26:16.3882301Z Firefox 119.0 (Ubuntu 0.0.0): Executed 296 of 306 SUCCESS (0 secs / 3.487 secs)
2023-11-20T03:26:16.3890502Z [1A[2K[1A[2KChrome Headless 118.0.5993.117 (Linux x86_64): Executed 306 of 306 (1 FAILED) (3.194 secs / 3.138 secs)
2023-11-20T03:26:16.3892324Z Firefox 119.0 (Ubuntu 0.0.0): Executed 297 of 306 SUCCESS (0 secs / 3.488 secs)
2023-11-20T03:26:16.3906667Z [1A[2K[1A[2KChrome Headless 118.0.5993.117 (Linux x86_64): Executed 306 of 306 (1 FAILED) (3.194 secs / 3.138 secs)
2023-11-20T03:26:16.3908816Z Firefox 119.0 (Ubuntu 0.0.0): Executed 298 of 306 SUCCESS (0 secs / 3.488 secs)
2023-11-20T03:26:16.3911220Z [1A[2K[1A[2KChrome Headless 118.0.5993.117 (Linux x86_64): Executed 306 of 306 (1 FAILED) (3.194 secs / 3.138 secs)
2023-11-20T03:26:16.3913025Z Firefox 119.0 (Ubuntu 0.0.0): Executed 299 of 306 SUCCESS (0 secs / 3.488 secs)
2023-11-20T03:26:16.3915071Z [1A[2K[1A[2KChrome Headless 118.0.5993.117 (Linux x86_64): Executed 306 of 306 (1 FAILED) (3.194 secs / 3.138 secs)
2023-11-20T03:26:16.3917003Z Firefox 119.0 (Ubuntu 0.0.0): Executed 300 of 306 SUCCESS (0 secs / 3.488 secs)
2023-11-20T03:26:16.3919109Z [1A[2K[1A[2KChrome Headless 118.0.5993.117 (Linux x86_64): Executed 306 of 306 (1 FAILED) (3.194 secs / 3.138 secs)
2023-11-20T03:26:16.3921297Z Firefox 119.0 (Ubuntu 0.0.0): Executed 301 of 306 SUCCESS (0 secs / 3.488 secs)
2023-11-20T03:26:16.3939643Z [1A[2K[1A[2KChrome Headless 118.0.5993.117 (Linux x86_64): Executed 306 of 306 (1 FAILED) (3.194 secs / 3.138 secs)
2023-11-20T03:26:16.3941500Z Firefox 119.0 (Ubuntu 0.0.0): Executed 302 of 306 SUCCESS (0 secs / 3.489 secs)
2023-11-20T03:26:16.3943782Z [1A[2K[1A[2KChrome Headless 118.0.5993.117 (Linux x86_64): Executed 306 of 306 (1 FAILED) (3.194 secs / 3.138 secs)
2023-11-20T03:26:16.3945523Z Firefox 119.0 (Ubuntu 0.0.0): Executed 303 of 306 SUCCESS (0 secs / 3.49 secs)
2023-11-20T03:26:16.3947396Z [1A[2K[1A[2KChrome Headless 118.0.5993.117 (Linux x86_64): Executed 306 of 306 (1 FAILED) (3.194 secs / 3.138 secs)
2023-11-20T03:26:16.3949319Z Firefox 119.0 (Ubuntu 0.0.0): Executed 304 of 306 SUCCESS (0 secs / 3.491 secs)
2023-11-20T03:26:16.3951476Z [1A[2K[1A[2KChrome Headless 118.0.5993.117 (Linux x86_64): Executed 306 of 306 (1 FAILED) (3.194 secs / 3.138 secs)
2023-11-20T03:26:16.3953227Z Firefox 119.0 (Ubuntu 0.0.0): Executed 305 of 306 SUCCESS (0 secs / 3.491 secs)
2023-11-20T03:26:16.3955907Z [1A[2K[1A[2KFirefox 119.0 (Ubuntu 0.0.0) xsrf should set xsrf header for cross origin when using withCredentials FAILED
2023-11-20T03:26:16.3957450Z 	Expected undefined to equal '12345'.
2023-11-20T03:26:16.3958544Z 	@test/specs/xsrf.spec.js:78:69 <- test/specs/xsrf.spec.js:1279:71
2023-11-20T03:26:16.3960193Z Chrome Headless 118.0.5993.117 (Linux x86_64): Executed 306 of 306 (1 FAILED) (3.194 secs / 3.138 secs)
2023-11-20T03:26:16.3961662Z Firefox 119.0 (Ubuntu 0.0.0): Executed 306 of 306 (1 FAILED) (0 secs / 3.493 secs)
2023-11-20T03:26:16.3969426Z [1A[2K[1A[2KChrome Headless 118.0.5993.117 (Linux x86_64): Executed 306 of 306 (1 FAILED) (3.194 secs / 3.138 secs)
2023-11-20T03:26:16.3973506Z Firefox 119.0 (Ubuntu 0.0.0): Executed 306 of 306 (1 FAILED) (3.527 secs / 3.493 secs)
2023-11-20T03:26:16.3980228Z TOTAL: 2 FAILED, 610 SUCCESS
2023-11-20T03:26:16.5067037Z ##[error]The operation was canceled.
2023-11-20T03:26:16.5156732Z Post job cleanup.
2023-11-20T03:26:16.6027225Z [command]/usr/bin/git version
2023-11-20T03:26:16.6075122Z git version 2.42.0
2023-11-20T03:26:16.6116797Z Temporarily overriding HOME='/home/runner/work/_temp/c180a64a-bb2b-433e-a2a1-83dadefdf1d3' before making global git config changes
2023-11-20T03:26:16.6118715Z Adding repository directory to the temporary git global config as a safe directory
2023-11-20T03:26:16.6123368Z [command]/usr/bin/git config --global --add safe.directory /home/runner/work/axios-microprint-example/axios-microprint-example
2023-11-20T03:26:16.6166165Z [command]/usr/bin/git config --local --name-only --get-regexp core\.sshCommand
2023-11-20T03:26:16.6205849Z [command]/usr/bin/git submodule foreach --recursive sh -c "git config --local --name-only --get-regexp 'core\.sshCommand' && git config --local --unset-all 'core.sshCommand' || :"
2023-11-20T03:26:16.6462123Z [command]/usr/bin/git config --local --name-only --get-regexp http\.https\:\/\/github\.com\/\.extraheader
2023-11-20T03:26:16.6512436Z [command]/usr/bin/git submodule foreach --recursive sh -c "git config --local --name-only --get-regexp 'http\.https\:\/\/github\.com\/\.extraheader' && git config --local --unset-all 'http.https://github.com/.extraheader' || :"
2023-11-20T03:26:16.7027888Z Cleaning up orphan processes
